Configurations:

general:
  device: cuda
  seed: 100
  conv_mode: patches
  deterministic: false
  double_fp: false
  loss_reduction_func: sum
  sparse_alpha: true
  save_adv_example: false
  precompile_jit: false
  complete_verifier: bab
  enable_incomplete_verification: true
  csv_name: oval21_instances.csv
  results_file: out.txt
  root_path: ../../vnncomp2021/benchmarks/oval21
model:
  name: null
  path: null
  onnx_path: null
  onnx_path_prefix: ''
  cache_onnx_conversion: false
  onnx_quirks: null
  input_shape: null
  onnx_loader: default_onnx_and_vnnlib_loader
  onnx_optimization_flags: none
data:
  start: 16
  end: 17
  select_instance: null
  num_outputs: 10
  mean: 0.0
  std: 1.0
  pkl_path: null
  dataset: null
  data_filter_path: null
  data_idx_file: null
specification:
  type: lp
  robustness_type: verified-acc
  norm: .inf
  epsilon: null
  vnnlib_path: null
  vnnlib_path_prefix: ''
solver:
  batch_size: 200
  min_batch_size_ratio: 0.1
  use_float64_in_last_iteration: false
  early_stop_patience: 10
  start_save_best: 0.5
  bound_prop_method: alpha-crown
  init_bound_prop_method: same
  prune_after_crown: false
  crown:
    batch_size: 1000000000
    max_crown_size: 1000000000
  alpha-crown:
    alpha: true
    lr_alpha: 0.1
    iteration: 100
    share_slopes: false
    no_joint_opt: false
    lr_decay: 0.98
    full_conv_alpha: true
  beta-crown:
    lr_alpha: 0.01
    lr_beta: 0.01
    lr_decay: 0.98
    optimizer: adam
    iteration: 50
    beta: true
    beta_warmup: true
    enable_opt_interm_bounds: false
    all_node_split_LP: false
  forward:
    refine: false
    dynamic: false
    max_dim: 10000
  intermediate_refinement:
    enabled: false
    batch_size: 10
    opt_coeffs: false
    opt_bias: false
    lr: 0.05
    layers: [-1]
    max_domains: 1000
  multi_class:
    label_batch_size: 32
    skip_with_refined_bound: true
  mip:
    parallel_solvers: null
    solver_threads: 1
    refine_neuron_timeout: 15
    refine_neuron_time_percentage: 0.8
    early_stop: true
    adv_warmup: true
    mip_solver: gurobi
bab:
  initial_max_domains: 1
  max_domains: .inf
  decision_thresh: 0
  timeout: 360
  timeout_scale: 0.25
  override_timeout: null
  get_upper_bound: false
  dfs_percent: 0.0
  pruning_in_iteration: true
  pruning_in_iteration_ratio: 0.2
  sort_targets: false
  batched_domain_list: true
  optimized_intermediate_layers: ''
  interm_transfer: true
  cut:
    enabled: false
    bab_cut: false
    lp_cut: false
    method: null
    lr: 0.01
    lr_decay: 1.0
    iteration: 100
    bab_iteration: -1
    early_stop_patience: -1
    lr_beta: 0.02
    number_cuts: 50
    topk_cuts_in_filter: 100
    batch_size_primal: 100
    max_num: 1000000000
    patches_cut: false
    cplex_cuts: false
    cplex_cuts_wait: 0
    cplex_cuts_revpickup: true
    cut_reference_bounds: true
    fix_intermediate_bounds: false
    _tmp_cuts: null
    fixed_cuts: false
    add_implied_cuts: false
    add_input_cuts: false
  branching:
    method: kfsb
    candidates: 10
    reduceop: max
    sb_coeff_thresh: 0.001
    branching_input_and_activation: false
    branching_input_and_activation_order: [input, relu]
    branching_input_iterations: 30
    branching_relu_iterations: 50
    sort_domain_interval: -1
    input_split:
      enable: false
      enhanced_bound_prop_method: alpha-crown
      enhanced_branching_method: naive
      enhanced_bound_patience: 100000000.0
      attack_patience: 100000000.0
      adv_check: 0
  attack:
    enabled: false
    beam_candidates: 8
    beam_depth: 7
    max_dive_fix_ratio: 0.8
    min_local_free_ratio: 0.2
    mip_start_iteration: 5
    mip_timeout: 30.0
    adv_pool_threshold: null
    refined_mip_attacker: false
    refined_batch_size: null
attack:
  pgd_order: skip
  pgd_steps: 100
  pgd_restarts: 30
  pgd_early_stop: true
  pgd_lr_decay: 0.99
  pgd_alpha: auto
  pgd_loss_mode: null
  enable_mip_attack: false
  cex_path: ./test_cex.txt
  attack_mode: PGD
  gama_lambda: 10.0
  gama_decay: 0.9
  check_clean: false
  input_split:
    pgd_steps: 100
    pgd_restarts: 30
    pgd_alpha: auto
  input_split_enhanced:
    pgd_steps: 200
    pgd_restarts: 5000000
    pgd_alpha: auto
  input_split_check_adv:
    pgd_steps: 5
    pgd_restarts: 5
    pgd_alpha: auto
debug:
  lp_test: null

Experiments at Sun Jan 15 23:05:09 2023 on diablo.cs.ucla.edu
customized start/end sample from instance 16 to 17 in oval21_instances.csv
Internal results will be saved to a-b-crown_[oval21_instances]_start=16_end=17_iter=50_b=200_timeout=360_branching=kfsb-max-10_lra-init=0.1_lra=0.01_lrb=0.01_PGD=skip_cplex_cuts=False_initial_max_domains=1.npz.

 %%%%%%%%%%%%%%%%%%%%%%%%%%%%%%%%%%% idx: 0, vnnlib ID: 16 %%%%%%%%%%%%%%%%%%%%%%%%%%%%%%%%%%%%%%%%
Using onnx nets/cifar_wide_kw.onnx
Using vnnlib vnnlib/cifar_wide_kw-img4386-eps0.00026143790849673205.vnnlib
Precompiled vnnlib file found at ../../vnncomp2021/benchmarks/oval21/vnnlib/cifar_wide_kw-img4386-eps0.00026143790849673205.vnnlib.compiled
Loading onnx ../../vnncomp2021/benchmarks/oval21/nets/cifar_wide_kw.onnx wih quirks {}
Scaling timeout: 720.0 -> 180.0
Model prediction is: tensor([[ 0.72363418, -1.38981497,  1.05893373,  0.04494134,  0.84828919,
          0.33909735,  1.63898826,  1.63785350, -2.57657623, -2.32528353]],
       device='cuda:0')
layer /18 using sparse-features alpha with shape [14]; unstable size 14; total size 4096 (torch.Size([1, 16, 16, 16]))
layer /18 start_node /input.4 using sparse-spec alpha with unstable size 6 total_size 2048 output_shape (32, 8, 8)
layer /18 start_node /input.8 using sparse-spec alpha with unstable size 0 total_size 100 output_shape torch.Size([100])
layer /18 start_node /24 using full alpha with unstable size None total_size 9 output_shape 9
layer /20 using sparse-features alpha with shape [6]; unstable size 6; total size 2048 (torch.Size([1, 32, 8, 8]))
layer /20 start_node /input.8 using sparse-spec alpha with unstable size 0 total_size 100 output_shape torch.Size([100])
layer /20 start_node /24 using full alpha with unstable size None total_size 9 output_shape 9
layer /23 using sparse-features alpha with shape [0]; unstable size 0; total size 100 (torch.Size([1, 100]))
layer /23 start_node /24 using full alpha with unstable size None total_size 9 output_shape 9
Optimizable variables initialized.
initial CROWN bounds: tensor([[ 0.89216161,  3.00383520,  0.56782758,  1.58107519,  0.77746308,
          1.28756690, -0.01887536,  4.19072056,  3.94272089]], device='cuda:0') None
best_l after optimization: 16.224655151367188 with beta sum per layer: []
alpha/beta optimization time: 2.941269874572754
initial alpha-CROWN bounds: tensor([[ 0.89219975,  3.00385332,  0.56784064,  1.58107638,  0.77748001,
          1.28757656, -0.01886868,  4.19076014,  3.94273806]], device='cuda:0')
Worst class: (+ rhs) -0.018868684768676758
Total VNNLIB file length: 9, max property batch size: 1, total number of batches: 9
lA shape: [torch.Size([1, 9, 16, 16, 16]), torch.Size([1, 9, 32, 8, 8]), torch.Size([1, 9, 100])]

Properties batch 0, size 1
Remaining timeout: 172.462797164917
##### Instance 0 first 10 spec matrices: [[[-1.  0.  0.  0.  0.  0.  1.  0.  0.  0.]]]
thresholds: [0.] ######
Initial alpha-CROWN verified for spec index [0] with bound 0.8921997547149658.

Properties batch 1, size 1
Remaining timeout: 172.34305787086487
##### Instance 0 first 10 spec matrices: [[[ 0. -1.  0.  0.  0.  0.  1.  0.  0.  0.]]]
thresholds: [0.] ######
Initial alpha-CROWN verified for spec index [0] with bound 3.0038533210754395.

Properties batch 2, size 1
Remaining timeout: 172.28511786460876
##### Instance 0 first 10 spec matrices: [[[ 0.  0. -1.  0.  0.  0.  1.  0.  0.  0.]]]
thresholds: [0.] ######
Initial alpha-CROWN verified for spec index [0] with bound 0.5678406357765198.

Properties batch 3, size 1
Remaining timeout: 172.2013759613037
##### Instance 0 first 10 spec matrices: [[[ 0.  0.  0. -1.  0.  0.  1.  0.  0.  0.]]]
thresholds: [0.] ######
Initial alpha-CROWN verified for spec index [0] with bound 1.5810763835906982.

Properties batch 4, size 1
Remaining timeout: 172.12547945976257
##### Instance 0 first 10 spec matrices: [[[ 0.  0.  0.  0. -1.  0.  1.  0.  0.  0.]]]
thresholds: [0.] ######
Initial alpha-CROWN verified for spec index [0] with bound 0.7774800062179565.

Properties batch 5, size 1
Remaining timeout: 172.04924297332764
##### Instance 0 first 10 spec matrices: [[[ 0.  0.  0.  0.  0. -1.  1.  0.  0.  0.]]]
thresholds: [0.] ######
Initial alpha-CROWN verified for spec index [0] with bound 1.2875765562057495.

Properties batch 6, size 1
Remaining timeout: 171.9730658531189
##### Instance 0 first 10 spec matrices: [[[ 0.  0.  0.  0.  0.  0.  1. -1.  0.  0.]]]
thresholds: [0.] ######
Remaining spec index [0] with bounds tensor([[-0.01886868]], device='cuda:0') need to verify.
Model prediction is: tensor([ 0.72363418, -1.38981497,  1.05893373,  0.04494134,  0.84828919,
         0.33909735,  1.63898826,  1.63785350, -2.57657623, -2.32528353],
       device='cuda:0')
build_the_model_with_refined_bounds batch [0/1]
setting alpha for layer /18 start_node /24 with alignment adjustment
setting alpha for layer /20 start_node /24 with alignment adjustment
setting alpha for layer /23 start_node /24 with alignment adjustment
all slope initialized
directly get lb and ub from refined bounds
lA shapes: [torch.Size([1, 1, 16, 16, 16]), torch.Size([1, 1, 32, 8, 8]), torch.Size([1, 1, 100])]
c shape: torch.Size([1, 1, 10])
alpha-CROWN with fixed intermediate bounds: tensor([[-0.01886868]], device='cuda:0') tensor([[inf]], device='cuda:0')
Keeping slopes for these layers: ['/24']
Keeping slopes for these layers: ['/24']
layer 0 name BoundConv(name="/input") size torch.Size([4096]) unstable 14
layer 1 name BoundConv(name="/input.4") size torch.Size([2048]) unstable 6
layer 2 name BoundLinear(name="/input.8") size torch.Size([100]) unstable 0
-----------------
# of unstable neurons: 20
-----------------

batch:  torch.Size([1, 16, 16, 16]) pre split depth:  4
post split depth:  4
splitting decisions: 
split level 0: [1, 1204] 
split level 1: [1, 531] 
split level 2: [1, 62] 
split level 3: [0, 2626] 
pruning_in_iteration open status: False
ratio of positive domain = 0 / 16 = 0.0
pruning-in-iteration extra time: 0.0001685619354248047
Time: prepare 0.0053    beta_bound 0.9949    bound 0.9950    transfer 0.0003    finalize 0.0024    func 1.0030    
Accumulated time: func 1.0030    prepare 0.0132    bound 0.9950    beta_bound 0.9949    transfer 0.0003    finalize 0.0024    
batch bounding time:  1.003115177154541
Current worst splitting domains lb-rhs (depth):
-0.01879 (4), -0.01877 (4), -0.01869 (4), -0.01867 (4), -0.01862 (4), -0.01861 (4), -0.01852 (4), -0.01851 (4), -0.01834 (4), -0.01833 (4), -0.01824 (4), -0.01823 (4), -0.01816 (4), -0.01815 (4), -0.01806 (4), -0.01804 (4), 
length of domains: 16
Time: pickout 0.0013    decision 0.2718    solve 1.0050    add 0.0061    
Accumulated time: pickout 0.0013    decision 0.2718    solve 1.0050    add 0.0061    
Current (lb-rhs): -0.018787384033203125
16 domains visited
Cumulative time: 1.3325562477111816

batch:  torch.Size([16, 16, 16, 16]) pre split depth:  1
post split depth:  1
splitting decisions: 
split level 0: [0, 2150] [0, 2150] [0, 2150] [0, 2150] [0, 2150] [0, 2150] [0, 2150] [0, 2150] [0, 2150] [0, 2150] 
pruning_in_iteration open status: False
ratio of positive domain = 0 / 32 = 0.0
pruning-in-iteration extra time: 0.00017142295837402344
Time: prepare 0.0067    beta_bound 0.5701    bound 0.5702    transfer 0.0003    finalize 0.0041    func 0.5814    
Accumulated time: func 1.5845    prepare 0.0298    bound 1.5652    beta_bound 1.5650    transfer 0.0006    finalize 0.0065    
batch bounding time:  0.5815231800079346
Current worst splitting domains lb-rhs (depth):
-0.01878 (5), -0.01877 (5), -0.01870 (5), -0.01868 (5), -0.01868 (5), -0.01867 (5), -0.01862 (5), -0.01860 (5), -0.01860 (5), -0.01858 (5), -0.01854 (5), -0.01852 (5), -0.01852 (5), -0.01850 (5), -0.01844 (5), -0.01842 (5), -0.01828 (5), -0.01827 (5), -0.01820 (5), -0.01818 (5), 
length of domains: 32
Time: pickout 0.0014    decision 0.0787    solve 0.5816    add 0.0068    
Accumulated time: pickout 0.0027    decision 0.3505    solve 1.5866    add 0.0129    
Current (lb-rhs): -0.018781185150146484
48 domains visited
Cumulative time: 2.0016379356384277

batch:  torch.Size([32, 16, 16, 16]) pre split depth:  1
post split depth:  1
splitting decisions: 
split level 0: [0, 710] [0, 710] [0, 710] [0, 710] [0, 710] [0, 710] [0, 710] [0, 710] [0, 710] [0, 710] 
pruning_in_iteration open status: False
ratio of positive domain = 0 / 64 = 0.0
pruning-in-iteration extra time: 0.00013637542724609375
Time: prepare 0.0110    beta_bound 0.5550    bound 0.5551    transfer 0.0005    finalize 0.0076    func 0.5743    
Accumulated time: func 2.1588    prepare 0.0508    bound 2.1203    beta_bound 2.1201    transfer 0.0011    finalize 0.0141    
batch bounding time:  0.574547290802002
Current worst splitting domains lb-rhs (depth):
-0.01877 (6), -0.01876 (6), -0.01872 (6), -0.01871 (6), -0.01869 (6), -0.01868 (6), -0.01867 (6), -0.01866 (6), -0.01864 (6), -0.01862 (6), -0.01862 (6), -0.01861 (6), -0.01860 (6), -0.01860 (6), -0.01859 (6), -0.01857 (6), -0.01855 (6), -0.01854 (6), -0.01854 (6), -0.01853 (6), 
length of domains: 64
Time: pickout 0.0014    decision 0.0823    solve 0.5746    add 0.0054    
Accumulated time: pickout 0.0041    decision 0.4328    solve 2.1612    add 0.0183    
Current (lb-rhs): -0.018772363662719727
112 domains visited
Cumulative time: 2.665963649749756

batch:  torch.Size([64, 16, 16, 16]) pre split depth:  1
post split depth:  1
splitting decisions: 
split level 0: [1, 306] [1, 306] [1, 1054] [1, 1054] [1, 306] [1, 306] [1, 1054] [1, 1054] [1, 306] [1, 306] 
pruning_in_iteration open status: False
ratio of positive domain = 0 / 128 = 0.0
pruning-in-iteration extra time: 0.0001857280731201172
Time: prepare 0.0213    beta_bound 0.5382    bound 0.5383    transfer 0.0014    finalize 0.0171    func 0.5782    
Accumulated time: func 2.7370    prepare 0.0829    bound 2.6586    beta_bound 2.6582    transfer 0.0026    finalize 0.0312    
batch bounding time:  0.578359842300415
Current worst splitting domains lb-rhs (depth):
-0.01875 (7), -0.01875 (7), -0.01873 (7), -0.01873 (7), -0.01869 (7), -0.01869 (7), -0.01868 (7), -0.01868 (7), -0.01867 (7), -0.01867 (7), -0.01867 (7), -0.01865 (7), -0.01865 (7), -0.01863 (7), -0.01863 (7), -0.01862 (7), -0.01861 (7), -0.01861 (7), -0.01859 (7), -0.01859 (7), 
length of domains: 128
Time: pickout 0.0014    decision 0.0890    solve 0.5784    add 0.0071    
Accumulated time: pickout 0.0055    decision 0.5219    solve 2.7396    add 0.0254    
Current (lb-rhs): -0.01874685287475586
240 domains visited
Cumulative time: 3.34259033203125

batch:  torch.Size([128, 16, 16, 16]) pre split depth:  1
post split depth:  1
splitting decisions: 
split level 0: [1, 1054] [1, 1054] [0, 2133] [0, 2133] [1, 1054] [1, 1054] [0, 2133] [0, 2133] [1, 1054] [1, 1054] 
pruning_in_iteration open status: False
ratio of positive domain = 0 / 256 = 0.0
pruning-in-iteration extra time: 0.0001537799835205078
Time: prepare 0.0365    beta_bound 0.5373    bound 0.5374    transfer 0.0009    finalize 0.0354    func 0.6103    
Accumulated time: func 3.3473    prepare 0.1318    bound 3.1960    beta_bound 3.1955    transfer 0.0035    finalize 0.0666    
batch bounding time:  0.6104457378387451
Current worst splitting domains lb-rhs (depth):
-0.01874 (8), -0.01874 (8), -0.01873 (8), -0.01873 (8), -0.01869 (8), -0.01869 (8), -0.01868 (8), -0.01867 (8), -0.01867 (8), -0.01867 (8), -0.01866 (8), -0.01866 (8), -0.01865 (8), -0.01865 (8), -0.01864 (8), -0.01864 (8), -0.01864 (8), -0.01863 (8), -0.01863 (8), -0.01861 (8), 
length of domains: 256
Time: pickout 0.0016    decision 0.1081    solve 0.6105    add 0.0082    
Accumulated time: pickout 0.0071    decision 0.6300    solve 3.3502    add 0.0336    
Current (lb-rhs): -0.01874375343322754
496 domains visited
Cumulative time: 4.072045564651489

batch:  torch.Size([200, 16, 16, 16]) pre split depth:  1
post split depth:  1
splitting decisions: 
split level 0: [1, 1018] [1, 1018] [1, 306] [1, 306] [1, 1018] [1, 1018] [1, 306] [1, 306] [1, 1018] [1, 1018] 
pruning_in_iteration open status: False
ratio of positive domain = 0 / 400 = 0.0
pruning-in-iteration extra time: 0.0001232624053955078
Time: prepare 0.0547    beta_bound 0.5400    bound 0.5401    transfer 0.0022    finalize 0.0362    func 0.6334    
Accumulated time: func 3.9807    prepare 0.2009    bound 3.7361    beta_bound 3.7355    transfer 0.0056    finalize 0.1027    
batch bounding time:  0.6336033344268799
Current worst splitting domains lb-rhs (depth):
-0.01874 (8), -0.01874 (9), -0.01872 (9), -0.01872 (9), -0.01869 (8), -0.01868 (9), -0.01867 (9), -0.01867 (9), -0.01867 (8), -0.01866 (9), -0.01865 (9), -0.01865 (9), -0.01865 (9), -0.01864 (8), -0.01864 (9), -0.01864 (9), -0.01864 (9), -0.01864 (9), -0.01864 (9), -0.01862 (9), 
length of domains: 456
Time: pickout 0.0015    decision 0.1304    solve 0.6337    add 0.0099    
Accumulated time: pickout 0.0085    decision 0.7604    solve 3.9838    add 0.0435    
Current (lb-rhs): -0.018743515014648438
896 domains visited
Cumulative time: 4.848695516586304

batch:  torch.Size([200, 16, 16, 16]) pre split depth:  1
post split depth:  1
splitting decisions: 
split level 0: [0, 1576] [0, 1576] [1, 1018] [1, 1018] [0, 1576] [0, 1576] [1, 1018] [1, 1018] [0, 2133] [0, 2133] 
pruning_in_iteration open status: False
ratio of positive domain = 0 / 400 = 0.0
pruning-in-iteration extra time: 0.0001251697540283203
Time: prepare 0.0351    beta_bound 0.5133    bound 0.5135    transfer 0.0020    finalize 0.0319    func 0.5828    
Accumulated time: func 4.5635    prepare 0.2480    bound 4.2495    beta_bound 4.2488    transfer 0.0076    finalize 0.1347    
batch bounding time:  0.5830268859863281
Current worst splitting domains lb-rhs (depth):
-0.01874 (8), -0.01873 (10), -0.01872 (10), -0.01872 (10), -0.01869 (8), -0.01868 (10), -0.01868 (10), -0.01868 (10), -0.01867 (10), -0.01867 (10), -0.01867 (8), -0.01866 (10), -0.01865 (9), -0.01865 (10), -0.01865 (10), -0.01864 (8), -0.01864 (10), -0.01864 (10), -0.01864 (9), -0.01864 (10), 
length of domains: 656
Time: pickout 0.0012    decision 0.1040    solve 0.5831    add 0.0095    
Accumulated time: pickout 0.0097    decision 0.8644    solve 4.5670    add 0.0531    
Current (lb-rhs): -0.018743515014648438
1296 domains visited
Cumulative time: 5.547919511795044

batch:  torch.Size([200, 16, 16, 16]) pre split depth:  1
post split depth:  1
splitting decisions: 
split level 0: [0, 2434] [0, 2434] [0, 1576] [0, 1576] [0, 2434] [0, 2434] [0, 1576] [0, 1576] [0, 1576] [0, 1576] 
pruning_in_iteration open status: False
ratio of positive domain = 0 / 400 = 0.0
pruning-in-iteration extra time: 0.00011563301086425781
Time: prepare 0.0348    beta_bound 0.5113    bound 0.5114    transfer 0.0020    finalize 0.0325    func 0.5809    
Accumulated time: func 5.1444    prepare 0.2949    bound 4.7609    beta_bound 4.7602    transfer 0.0096    finalize 0.1671    
batch bounding time:  0.5810539722442627
Current worst splitting domains lb-rhs (depth):
-0.01874 (8), -0.01873 (11), -0.01872 (10), -0.01872 (10), -0.01869 (11), -0.01869 (8), -0.01868 (11), -0.01868 (11), -0.01868 (11), -0.01867 (10), -0.01867 (10), -0.01867 (8), -0.01865 (11), -0.01865 (9), -0.01865 (11), -0.01865 (11), -0.01864 (8), -0.01864 (10), -0.01864 (10), -0.01864 (9), 
length of domains: 856
Time: pickout 0.0012    decision 0.1076    solve 0.5811    add 0.0086    
Accumulated time: pickout 0.0109    decision 0.9720    solve 5.1481    add 0.0617    
Current (lb-rhs): -0.018743515014648438
1696 domains visited
Cumulative time: 6.247888803482056

batch:  torch.Size([200, 16, 16, 16]) pre split depth:  1
post split depth:  1
splitting decisions: 
split level 0: [0, 3442] [0, 3442] [0, 2434] [0, 2434] [0, 3442] [0, 3442] [0, 2434] [0, 2434] [0, 2434] [0, 2434] 
pruning_in_iteration open status: False
ratio of positive domain = 0 / 400 = 0.0
pruning-in-iteration extra time: 0.00014591217041015625
Time: prepare 0.0343    beta_bound 0.5282    bound 0.5283    transfer 0.0041    finalize 0.0353    func 0.6023    
Accumulated time: func 5.7467    prepare 0.3411    bound 5.2892    beta_bound 5.2883    transfer 0.0138    finalize 0.2024    
batch bounding time:  0.6025025844573975
Current worst splitting domains lb-rhs (depth):
-0.01874 (8), -0.01873 (11), -0.01872 (10), -0.01872 (10), -0.01869 (12), -0.01869 (8), -0.01868 (12), -0.01868 (11), -0.01868 (12), -0.01868 (11), -0.01867 (10), -0.01867 (10), -0.01867 (8), -0.01865 (11), -0.01865 (9), -0.01865 (11), -0.01865 (11), -0.01864 (8), -0.01864 (10), -0.01864 (10), 
length of domains: 1056
Time: pickout 0.0012    decision 0.1089    solve 0.6026    add 0.0646    
Accumulated time: pickout 0.0121    decision 1.0810    solve 5.7507    add 0.1262    
Current (lb-rhs): -0.018743515014648438
2096 domains visited
Cumulative time: 7.026818513870239

batch:  torch.Size([200, 16, 16, 16]) pre split depth:  1
post split depth:  1
splitting decisions: 
split level 0: [0, 2345] [0, 2345] [0, 3406] [0, 3442] [0, 2345] [0, 2345] [0, 3406] [0, 3442] [0, 3406] [0, 3442] 
pruning_in_iteration open status: False
ratio of positive domain = 0 / 400 = 0.0
pruning-in-iteration extra time: 0.0001575946807861328
Time: prepare 0.0350    beta_bound 0.5299    bound 0.5300    transfer 0.0020    finalize 0.0319    func 0.5992    
Accumulated time: func 6.3458    prepare 0.3907    bound 5.8192    beta_bound 5.8182    transfer 0.0157    finalize 0.2343    
batch bounding time:  0.5993506908416748
Current worst splitting domains lb-rhs (depth):
-0.01874 (8), -0.01873 (11), -0.01872 (10), -0.01872 (10), -0.01869 (12), -0.01869 (8), -0.01868 (12), -0.01868 (13), -0.01868 (11), -0.01868 (11), -0.01867 (10), -0.01867 (10), -0.01867 (8), -0.01865 (11), -0.01865 (9), -0.01865 (11), -0.01865 (11), -0.01864 (8), -0.01864 (10), -0.01864 (10), 
length of domains: 1256
Time: pickout 0.0014    decision 0.1111    solve 0.5994    add 0.0096    
Accumulated time: pickout 0.0135    decision 1.1921    solve 6.3501    add 0.1359    
Current (lb-rhs): -0.018743515014648438
2496 domains visited
Cumulative time: 7.74998664855957

batch:  torch.Size([200, 16, 16, 16]) pre split depth:  1
post split depth:  1
splitting decisions: 
split level 0: [0, 596] [0, 596] [0, 3442] [0, 69] [0, 596] [0, 596] [0, 3442] [0, 69] [0, 3442] [0, 2345] 
pruning_in_iteration open status: False
ratio of positive domain = 0 / 400 = 0.0
pruning-in-iteration extra time: 0.00011491775512695312
Time: prepare 0.0352    beta_bound 0.5371    bound 0.5372    transfer 0.0020    finalize 0.0324    func 0.6071    
Accumulated time: func 6.9529    prepare 0.4386    bound 6.3564    beta_bound 6.3553    transfer 0.0177    finalize 0.2668    
batch bounding time:  0.607302188873291
Current worst splitting domains lb-rhs (depth):
-0.01874 (8), -0.01873 (11), -0.01872 (10), -0.01872 (10), -0.01869 (12), -0.01869 (8), -0.01868 (12), -0.01868 (11), -0.01868 (14), -0.01868 (11), -0.01867 (10), -0.01867 (10), -0.01867 (8), -0.01865 (11), -0.01865 (9), -0.01865 (11), -0.01865 (11), -0.01864 (8), -0.01864 (10), -0.01864 (10), 
length of domains: 1456
Time: pickout 0.0014    decision 0.1137    solve 0.6074    add 0.0096    
Accumulated time: pickout 0.0149    decision 1.3058    solve 6.9575    add 0.1455    
Current (lb-rhs): -0.018743515014648438
2896 domains visited
Cumulative time: 8.483634948730469

batch:  torch.Size([200, 16, 16, 16]) pre split depth:  1
post split depth:  1
splitting decisions: 
split level 0: [0, 2893] [0, 2893] [0, 69] [0, 2345] [0, 2893] [0, 2893] [0, 69] [0, 3406] [0, 2345] [0, 69] 
pruning_in_iteration open status: False
ratio of positive domain = 0 / 400 = 0.0
pruning-in-iteration extra time: 0.0001895427703857422
Time: prepare 0.0360    beta_bound 0.5461    bound 0.5462    transfer 0.0118    finalize 0.0441    func 0.6384    
Accumulated time: func 7.5914    prepare 0.4875    bound 6.9026    beta_bound 6.9014    transfer 0.0295    finalize 0.3108    
batch bounding time:  0.6386511325836182
Current worst splitting domains lb-rhs (depth):
-0.01874 (8), -0.01873 (11), -0.01872 (10), -0.01872 (10), -0.01869 (12), -0.01869 (8), -0.01868 (12), -0.01868 (15), -0.01868 (11), -0.01868 (11), -0.01867 (10), -0.01867 (10), -0.01867 (15), -0.01867 (8), -0.01865 (11), -0.01865 (9), -0.01865 (11), -0.01865 (11), -0.01864 (8), -0.01864 (10), 
length of domains: 1656
Time: pickout 0.0013/home/zhouxingshi/onnx2pytorch/onnx2pytorch/convert/layer.py:30: UserWarning: The given NumPy array is not writable, and PyTorch does not support non-writable tensors. This means writing to this tensor will result in undefined behavior. You may want to copy the array to protect its data or make it writable before converting it to a tensor. This type of warning will be suppressed for the rest of this program. (Triggered internally at  /opt/conda/conda-bld/pytorch_1646755953518/work/torch/csrc/utils/tensor_numpy.cpp:178.)
  layer.weight.data = torch.from_numpy(numpy_helper.to_array(weight))
/home/zhouxingshi/onnx2pytorch/onnx2pytorch/convert/model.py:154: UserWarning: Using experimental implementation that allows 'batch_size > 1'.Batchnorm layers could potentially produce false outputs.
  "Using experimental implementation that allows 'batch_size > 1'."
    decision 0.1127    solve 0.6388    add 0.0115    
Accumulated time: pickout 0.0163    decision 1.4185    solve 7.5963    add 0.1570    
Current (lb-rhs): -0.018743515014648438
3296 domains visited
Cumulative time: 9.249788522720337

batch:  torch.Size([200, 16, 16, 16]) pre split depth:  1
post split depth:  1
splitting decisions: 
split level 0: [0, 69] [0, 3406] [0, 2345] [0, 596] [0, 3406] [0, 69] [0, 2345] [0, 2345] [0, 69] [0, 596] 
pruning_in_iteration open status: False
ratio of positive domain = 0 / 400 = 0.0
pruning-in-iteration extra time: 0.00011515617370605469
Time: prepare 0.0353    beta_bound 0.5324    bound 0.5325    transfer 0.0019    finalize 0.0322    func 0.6021    
Accumulated time: func 8.1935    prepare 0.5368    bound 7.4351    beta_bound 7.4338    transfer 0.0314    finalize 0.3430    
batch bounding time:  0.6023139953613281
Current worst splitting domains lb-rhs (depth):
-0.01874 (8), -0.01873 (11), -0.01872 (10), -0.01872 (10), -0.01869 (12), -0.01869 (8), -0.01868 (12), -0.01868 (16), -0.01868 (11), -0.01868 (11), -0.01867 (10), -0.01867 (10), -0.01867 (15), -0.01867 (8), -0.01866 (16), -0.01865 (11), -0.01865 (9), -0.01865 (11), -0.01865 (11), -0.01864 (8), 
length of domains: 1856
Time: pickout 0.0016    decision 0.1894    solve 0.6024    add 0.0089    
Accumulated time: pickout 0.0178    decision 1.6078    solve 8.1987    add 0.1659    
Current (lb-rhs): -0.018743515014648438
3696 domains visited
Cumulative time: 10.053507328033447

batch:  torch.Size([200, 16, 16, 16]) pre split depth:  1
post split depth:  1
splitting decisions: 
split level 0: [0, 3406] [0, 69] [0, 596] [0, 2893] [0, 69] [0, 3406] [0, 596] [0, 596] [0, 596] [0, 2893] 
pruning_in_iteration open status: False
ratio of positive domain = 0 / 400 = 0.0
pruning-in-iteration extra time: 0.00015854835510253906
Time: prepare 0.0368    beta_bound 0.5276    bound 0.5277    transfer 0.0039    finalize 0.0354    func 0.6041    
Accumulated time: func 8.7976    prepare 0.5857    bound 7.9628    beta_bound 7.9615    transfer 0.0353    finalize 0.3784    
batch bounding time:  0.6043164730072021
Current worst splitting domains lb-rhs (depth):
-0.01874 (8), -0.01873 (11), -0.01872 (10), -0.01872 (10), -0.01869 (12), -0.01869 (8), -0.01868 (12), -0.01868 (11), -0.01868 (16), -0.01868 (11), -0.01867 (10), -0.01867 (10), -0.01867 (15), -0.01867 (8), -0.01866 (17), -0.01866 (17), -0.01865 (11), -0.01865 (9), -0.01865 (11), -0.01865 (11), 
length of domains: 2056
Time: pickout 0.0013    decision 0.1084    solve 0.6044    add 0.1228    
Accumulated time: pickout 0.0191    decision 1.7162    solve 8.8031    add 0.2886    
Current (lb-rhs): -0.018743515014648438
4096 domains visited
Cumulative time: 10.892223834991455

batch:  torch.Size([200, 16, 16, 16]) pre split depth:  1
post split depth:  1
splitting decisions: 
split level 0: [0, 1601] [0, 1601] [0, 2893] [0, 3406] [0, 1601] [0, 1601] [0, 2893] [0, 2893] [0, 2893] [0, 3406] 
pruning_in_iteration open status: False
ratio of positive domain = 0 / 400 = 0.0
pruning-in-iteration extra time: 0.00014901161193847656
Time: prepare 0.0416    beta_bound 0.5782    bound 0.5783    transfer 0.0012    finalize 0.0459    func 0.6674    
Accumulated time: func 9.4650    prepare 0.6395    bound 8.5411    beta_bound 8.5397    transfer 0.0365    finalize 0.4243    
batch bounding time:  0.6676506996154785
Current worst splitting domains lb-rhs (depth):
-0.01874 (8), -0.01873 (11), -0.01872 (10), -0.01872 (10), -0.01869 (12), -0.01869 (8), -0.01868 (12), -0.01868 (16), -0.01868 (11), -0.01868 (11), -0.01867 (10), -0.01867 (10), -0.01867 (15), -0.01867 (8), -0.01866 (17), -0.01866 (18), -0.01866 (18), -0.01865 (11), -0.01865 (9), -0.01865 (11), 
length of domains: 2256
Time: pickout 0.0017    decision 0.1086    solve 0.6677    add 0.0139    
Accumulated time: pickout 0.0208    decision 1.8249    solve 9.4709    add 0.3025    
Current (lb-rhs): -0.018743515014648438
4496 domains visited
Cumulative time: 11.686096429824829

batch:  torch.Size([200, 16, 16, 16]) pre split depth:  1
post split depth:  1
splitting decisions: 
split level 0: [0, 2133] [0, 2133] [0, 1601] [0, 1601] [0, 2133] [0, 2133] [0, 1601] [0, 1601] [0, 1601] [0, 1601] 
pruning_in_iteration open status: False
ratio of positive domain = 0 / 400 = 0.0
pruning-in-iteration extra time: 0.0001418590545654297
Time: prepare 0.0567    beta_bound 0.5641    bound 0.5642    transfer 0.0013    finalize 0.0449    func 0.6682    
Accumulated time: func 10.1332    prepare 0.7107    bound 9.1054    beta_bound 9.1038    transfer 0.0377    finalize 0.4693    
batch bounding time:  0.66841721534729
Current worst splitting domains lb-rhs (depth):
-0.01874 (8), -0.01873 (11), -0.01872 (10), -0.01872 (10), -0.01869 (12), -0.01869 (8), -0.01868 (12), -0.01868 (11), -0.01868 (16), -0.01868 (11), -0.01867 (10), -0.01867 (10), -0.01867 (15), -0.01867 (8), -0.01866 (17), -0.01866 (19), -0.01866 (18), -0.01865 (11), -0.01865 (9), -0.01865 (11), 
length of domains: 2456
Time: pickout 0.0016    decision 0.1377    solve 0.6686    add 0.0105    
Accumulated time: pickout 0.0224    decision 1.9625    solve 10.1394    add 0.3131    
Current (lb-rhs): -0.018743515014648438
4896 domains visited
Cumulative time: 12.506313800811768

batch:  torch.Size([200, 16, 16, 16]) pre split depth:  1
post split depth:  1
splitting decisions: 
split level 0: [0, 3708] [0, 3708] [0, 3708] [0, 3708] [0, 3708] [0, 3708] [0, 3708] [0, 3708] [0, 3708] [0, 3708] 
pruning_in_iteration open status: False
ratio of positive domain = 0 / 400 = 0.0
pruning-in-iteration extra time: 0.00013017654418945312
Time: prepare 0.0529    beta_bound 0.5164    bound 0.5165    transfer 0.0037    finalize 0.0353    func 0.6088    
Accumulated time: func 10.7420    prepare 0.7776    bound 9.6218    beta_bound 9.6202    transfer 0.0414    finalize 0.5046    
batch bounding time:  0.609154462814331
Current worst splitting domains lb-rhs (depth):
-0.01874 (8), -0.01873 (11), -0.01872 (10), -0.01872 (10), -0.01869 (12), -0.01869 (8), -0.01868 (12), -0.01868 (16), -0.01868 (11), -0.01868 (11), -0.01867 (10), -0.01867 (10), -0.01867 (15), -0.01867 (8), -0.01866 (17), -0.01866 (18), -0.01866 (19), -0.01865 (11), -0.01865 (9), -0.01865 (11), 
length of domains: 2656
Time: pickout 0.0016    decision 0.1579    solve 0.6093    add 0.0095    
Accumulated time: pickout 0.0240    decision 2.1204    solve 10.7487    add 0.3225    
Current (lb-rhs): -0.018743515014648438
5296 domains visited
Cumulative time: 13.286294937133789

batch:  torch.Size([200, 16, 16, 16]) pre split depth:  1
post split depth:  0
all nodes are split!!
5296 domains visited
length of domains: 2456
Time: pickout 0.0018    decision 0.1579    solve 0.6093    add 0.0095    
Accumulated time: pickout 0.0258    decision 2.1204    solve 10.7487    add 0.3225    
Current (lb-rhs): -0.018743515014648438
5296 domains visited
Result: unknown in 21.4934 seconds
############# Summary #############
Final verified acc: 0.0% (total 1 examples)
Problem instances count: 1 , total verified (safe/unsat): 0 , total falsified (unsafe/sat): 0 , timeout: 1
mean time for ALL instances (total 1):21.493183496128292, max time: 21.493398427963257
unknown (total 1), index: [0]
