Configurations:

general:
  device: cuda
  seed: 100
  conv_mode: patches
  deterministic: false
  double_fp: false
  loss_reduction_func: sum
  sparse_alpha: true
  save_adv_example: false
  precompile_jit: false
  complete_verifier: bab
  enable_incomplete_verification: false
  csv_name: marabou-cifar10_instances.csv
  results_file: out.txt
  root_path: ../../vnncomp2021/benchmarks/marabou-cifar10
model:
  name: null
  path: null
  onnx_path: null
  onnx_path_prefix: ''
  cache_onnx_conversion: false
  onnx_quirks: null
  input_shape: null
  onnx_loader: 'Customized("custom_model_loader", "customized_Marabou_loader")'
  onnx_optimization_flags: none
data:
  start: 2
  end: 3
  select_instance: null
  num_outputs: 10
  mean: 0.0
  std: 1.0
  pkl_path: null
  dataset: null
  data_filter_path: null
  data_idx_file: null
specification:
  type: lp
  robustness_type: verified-acc
  norm: .inf
  epsilon: null
  epsilon_min: 0.0
  vnnlib_path: null
  vnnlib_path_prefix: ''
solver:
  batch_size: 512
  min_batch_size_ratio: 0.1
  use_float64_in_last_iteration: false
  early_stop_patience: 10
  start_save_best: 0.5
  bound_prop_method: alpha-crown
  init_bound_prop_method: same
  prune_after_crown: false
  crown:
    batch_size: 1000000000
    max_crown_size: 1000000000
  alpha-crown:
    alpha: true
    lr_alpha: 0.1
    iteration: 100
    share_slopes: false
    no_joint_opt: false
    lr_decay: 0.98
    full_conv_alpha: true
  beta-crown:
    lr_alpha: 0.01
    lr_beta: 0.5
    lr_decay: 0.98
    optimizer: adam
    iteration: 50
    beta: true
    beta_warmup: true
    enable_opt_interm_bounds: false
    all_node_split_LP: false
  forward:
    refine: false
    dynamic: false
    max_dim: 10000
  intermediate_refinement:
    enabled: false
    batch_size: 10
    opt_coeffs: false
    opt_bias: false
    lr: 0.05
    layers: [-1]
    max_domains: 1000
  multi_class:
    label_batch_size: 32
    skip_with_refined_bound: true
  mip:
    parallel_solvers: null
    solver_threads: 1
    refine_neuron_timeout: 15
    refine_neuron_time_percentage: 0.8
    early_stop: true
    adv_warmup: true
    mip_solver: gurobi
bab:
  initial_max_domains: 1
  max_domains: .inf
  decision_thresh: 0
  timeout: 360
  timeout_scale: 0.25
  override_timeout: null
  get_upper_bound: false
  dfs_percent: 0.0
  pruning_in_iteration: true
  pruning_in_iteration_ratio: 0.2
  sort_targets: false
  batched_domain_list: true
  optimized_intermediate_layers: ''
  interm_transfer: true
  cut:
    enabled: false
    implication: false
    bab_cut: false
    lp_cut: false
    method: null
    lr: 0.01
    lr_decay: 1.0
    iteration: 100
    bab_iteration: -1
    early_stop_patience: -1
    lr_beta: 0.02
    number_cuts: 50
    topk_cuts_in_filter: 1000
    batch_size_primal: 100
    max_num: 1000000000
    patches_cut: false
    cplex_cuts: false
    cplex_cuts_wait: 0
    cplex_cuts_revpickup: true
    cut_reference_bounds: true
    fix_intermediate_bounds: false
    _tmp_cuts: null
    fixed_cuts: false
    add_implied_cuts: false
    add_input_cuts: false
  branching:
    method: kfsb
    candidates: 5
    reduceop: min
    sb_coeff_thresh: 0.001
    enable_intermediate_bound_opt: false
    branching_input_and_activation: false
    branching_input_and_activation_order: [input, relu]
    branching_input_iterations: 30
    branching_relu_iterations: 50
    sort_domain_interval: -1
    nonlinear_split:
      method: babsr_like
      branching_point_method: middle
      num_branches: 2
      branching_point_refinement: false
      naive_branching_score: false
      filter: false
      prioritize_mul: false
    input_split:
      enable: false
      enhanced_bound_prop_method: alpha-crown
      enhanced_branching_method: naive
      enhanced_bound_patience: 100000000.0
      attack_patience: 100000000.0
      adv_check: 0
  attack:
    enabled: false
    beam_candidates: 8
    beam_depth: 7
    max_dive_fix_ratio: 0.8
    min_local_free_ratio: 0.2
    mip_start_iteration: 5
    mip_timeout: 30.0
    adv_pool_threshold: null
    refined_mip_attacker: false
    refined_batch_size: null
attack:
  pgd_order: skip
  pgd_steps: 100
  pgd_restarts: 30
  pgd_early_stop: true
  pgd_lr_decay: 0.99
  pgd_alpha: auto
  pgd_loss_mode: null
  enable_mip_attack: false
  cex_path: ./test_cex.txt
  attack_mode: PGD
  gama_lambda: 10.0
  gama_decay: 0.9
  check_clean: false
  input_split:
    pgd_steps: 100
    pgd_restarts: 30
    pgd_alpha: auto
  input_split_enhanced:
    pgd_steps: 200
    pgd_restarts: 5000000
    pgd_alpha: auto
  input_split_check_adv:
    pgd_steps: 5
    pgd_restarts: 5
    pgd_alpha: auto
debug:
  lp_test: null

Experiments at Tue Mar 28 14:12:56 2023 on zeratul
customized start/end sample from instance 2 to 3 in marabou-cifar10_instances.csv
Internal results will be saved to a-b-crown_[marabou-cifar10_instances]_start=2_end=3_iter=50_b=512_timeout=360_branching=kfsb-min-5_lra-init=0.1_lra=0.01_lrb=0.5_PGD=skip_cplex_cuts=False_initial_max_domains=1.npz.

 %%%%%%%%%%%%%%%%%%%%%%%%%%%%%%%%%%% idx: 0, vnnlib ID: 2 %%%%%%%%%%%%%%%%%%%%%%%%%%%%%%%%%%%%%%%%
Using onnx ./nets/cifar10_large.onnx
Using vnnlib ./specs/networkcifar10_large_index4089_eps0.012_target6_orig5.vnnlib
Loading onnx ../../vnncomp2021/benchmarks/marabou-cifar10/./nets/cifar10_large.onnx wih quirks {}
Precompiled vnnlib file found at ../../vnncomp2021/benchmarks/marabou-cifar10/./specs/networkcifar10_large_index4089_eps0.012_target6_orig5.vnnlib.compiled
Model converted to NCHW format: Sequential(
  (0): Conv2d(3, 32, kernel_size=(4, 4), stride=(2, 2))
  (1): ReLU(inplace=True)
  (2): Conv2d(32, 64, kernel_size=(4, 4), stride=(2, 2))
  (3): ReLU(inplace=True)
  (4): Transpose()
  (5): Flatten(start_dim=1, end_dim=-1)
  (6): Linear(in_features=2304, out_features=128, bias=True)
  (7): ReLU(inplace=True)
  (8): Linear(in_features=128, out_features=64, bias=True)
  (9): ReLU(inplace=True)
  (10): Linear(in_features=64, out_features=10, bias=True)
)
Scaling timeout: 300.0 -> 75.0
Total VNNLIB file length: 1, max property batch size: 1, total number of batches: 1

Properties batch 0, size 1
Remaining timeout: 69.88572359085083
##### Instance 0 first 10 spec matrices: 
tensor([[[ 1.,  0.,  0.,  0.,  0.,  0., -1.,  0.,  0.,  0.],
         [ 0.,  1.,  0.,  0.,  0.,  0., -1.,  0.,  0.,  0.],
         [ 0.,  0.,  1.,  0.,  0.,  0., -1.,  0.,  0.,  0.],
         [ 0.,  0.,  0.,  1.,  0.,  0., -1.,  0.,  0.,  0.],
         [ 0.,  0.,  0.,  0.,  1.,  0., -1.,  0.,  0.,  0.],
         [ 0.,  0.,  0.,  0.,  0.,  1., -1.,  0.,  0.,  0.],
         [ 0.,  0.,  0.,  0.,  0.,  0., -1.,  1.,  0.,  0.],
         [ 0.,  0.,  0.,  0.,  0.,  0., -1.,  0.,  1.,  0.],
         [ 0.,  0.,  0.,  0.,  0.,  0., -1.,  0.,  0.,  1.]]],
       dtype=torch.float64)
thresholds: [0. 0. 0. 0. 0. 0. 0. 0. 0.] ######
Model: BoundedModule(
  (/input.1): BoundInput(name=/input.1, inputs=[])
  (/1): BoundParams(name=/1, inputs=[])
  (/2): BoundParams(name=/2, inputs=[])
  (/3): BoundParams(name=/3, inputs=[])
  (/4): BoundParams(name=/4, inputs=[])
  (/5): BoundParams(name=/5, inputs=[])
  (/6): BoundParams(name=/6, inputs=[])
  (/7): BoundParams(name=/7, inputs=[])
  (/8): BoundParams(name=/8, inputs=[])
  (/9): BoundParams(name=/9, inputs=[])
  (/10): BoundParams(name=/10, inputs=[])
  (/input): BoundConv(name=/input, inputs=[/input.1, /1, /2])
  (/12): BoundRelu(name=/12, inputs=[/input])
  (/input.4): BoundConv(name=/input.4, inputs=[/12, /3, /4])
  (/14): BoundRelu(name=/14, inputs=[/input.4])
  (/15): BoundTranspose(name=/15, inputs=[/14])
  (/16): BoundFlatten(name=/16, inputs=[/15])
  (/input.8): BoundLinear(name=/input.8, inputs=[/16, /5, /6])
  (/18): BoundRelu(name=/18, inputs=[/input.8])
  (/input.12): BoundLinear(name=/input.12, inputs=[/18, /7, /8])
  (/20): BoundRelu(name=/20, inputs=[/input.12])
  (/21): BoundLinear(name=/21, inputs=[/20, /9, /10])
)
Model prediction is: tensor([-2.01929116, -3.69777083,  0.15410918,  1.10254192, -2.51202703,
         1.30258965, -1.70436454, -0.80027276,  0.34066001, -1.22107208],
       device='cuda:0')
layer /12 using sparse-features alpha with shape [1932]; unstable size 1932; total size 7200 (torch.Size([1, 32, 15, 15]))
layer /12 start_node /input.4 using full alpha with unstable size 64 total_size 64 output_shape 64
layer /12 start_node /input.8 using full alpha with unstable size 128 total_size 128 output_shape torch.Size([128])
layer /12 start_node /input.12 using full alpha with unstable size 64 total_size 64 output_shape torch.Size([64])
layer /12 start_node /21 using full alpha with unstable size None total_size 9 output_shape 9
layer /14 using sparse-features alpha with shape [1194]; unstable size 1194; total size 2304 (torch.Size([1, 64, 6, 6]))
layer /14 start_node /input.8 using full alpha with unstable size 128 total_size 128 output_shape torch.Size([128])
layer /14 start_node /input.12 using full alpha with unstable size 64 total_size 64 output_shape torch.Size([64])
layer /14 start_node /21 using full alpha with unstable size None total_size 9 output_shape 9
layer /18 using full alpha with shape torch.Size([128]); unstable size 128; total size 128 (torch.Size([1, 128]))
layer /18 start_node /input.12 using full alpha with unstable size 64 total_size 64 output_shape torch.Size([64])
layer /18 start_node /21 using full alpha with unstable size None total_size 9 output_shape 9
layer /20 using full alpha with shape torch.Size([64]); unstable size 64; total size 64 (torch.Size([1, 64]))
layer /20 start_node /21 using full alpha with unstable size None total_size 9 output_shape 9
Optimizable variables initialized.
initial CROWN bounds: tensor([[-151.55068970, -139.71725464, -120.21424866, -114.70451355,
         -142.69949341, -128.19577026, -160.28182983, -167.54513550,
         -151.54034424]], device='cuda:0') None
best_l after optimization: -879.6402587890625
alpha/beta optimization time: 13.523091316223145
initial alpha-CROWN bounds: tensor([[-106.52704620, -103.33229065,  -78.35409546,  -73.73455811,
          -97.42874908,  -87.48648071, -105.90903473, -118.99954224,
         -107.86847687]], device='cuda:0')
Worst class: (+ rhs) -118.99954223632812
Split layers:
  BoundConv(name=/input, inputs=[/input.1, /1, /2]): [(BoundRelu(name=/12, inputs=[/input]), 0)]
  BoundLinear(name=/input.8, inputs=[/16, /5, /6]): [(BoundRelu(name=/18, inputs=[/input.8]), 0)]
  BoundConv(name=/input.4, inputs=[/12, /3, /4]): [(BoundRelu(name=/14, inputs=[/input.4]), 0)]
  BoundLinear(name=/input.12, inputs=[/18, /7, /8]): [(BoundRelu(name=/20, inputs=[/input.12]), 0)]
Keeping slopes for these layers: ['/21']
Node /12 input 0: size torch.Size([32, 15, 15]) unstable 1932
Node /14 input 0: size torch.Size([64, 6, 6]) unstable 1153
Node /18 input 0: size torch.Size([128]) unstable 128
Node /20 input 0: size torch.Size([64]) unstable 64
-----------------
# of unstable neurons: 3277
-----------------

BaB round 1
batch: 1
Average branched neurons at iteration 1:  1.0000
splitting decisions: 
split level 0: [/input.12, 3] 
split level 1: [/input.12, 52] 
split level 2: [/input.12, 26] 
split level 3: [/input.12, 24] 
split level 4: [/input.12, 25] 
best_l after optimization: -22215.60546875
beta sum per layer: [0.0, 0.0, 0.0, 19.237110137939453]
alpha/beta optimization time: 1.8795015811920166
pruning_in_iteration open status: False
ratio of positive domain = 0 / 32 = 0.0
pruning-in-iteration extra time: 0.00022602081298828125
Time: prepare 0.0045    beta_bound 1.8804    bound 1.8805    transfer 0.0068    finalize 0.0068    func 1.8987    
Accumulated time: func 1.8987    prepare 0.0056    bound 1.8805    beta_bound 1.8804    transfer 0.0068    finalize 0.0068    
batch bounding time:  1.898796558380127
Current worst splitting domains lb-rhs (depth):
-66.96796 (5), -66.70385 (5), -66.44422 (5), -66.29198 (5), -65.02327 (5), -64.75324 (5), -64.43366 (5), -63.48919 (5), -63.10312 (5), -63.04320 (5), -62.95575 (5), -62.66653 (5), -62.60839 (5), -62.54625 (5), -62.49913 (5), -62.47079 (5), -62.41398 (5), -62.27548 (5), -62.23771 (5), -62.00763 (5), 
length of domains: 32
Time: pickout 0.0020    decision 0.0553    set_bounds 0.0024    solve 1.8988    add 0.0183    
Accumulated time: pickout 0.0020    decision 0.0553    set_bounds 0.0024    solve 1.8988    add 0.0183    
Current (lb-rhs): -66.96795654296875
32 domains visited
Cumulative time: 20.321567058563232

BaB round 2
batch: 32
Average branched neurons at iteration 2:  1.0000
splitting decisions: 
split level 0: [/input.12, 43] [/input.12, 43] [/input.12, 4] [/input.12, 4] [/input.12, 43] [/input.12, 43] [/input.12, 4] [/input.12, 4] [/input.12, 43] [/input.12, 43] 
best_l after optimization: -42790.875
beta sum per layer: [0.0, 0.0, 0.0, 44.437461853027344]
alpha/beta optimization time: 1.0181550979614258
pruning_in_iteration open status: False
ratio of positive domain = 0 / 64 = 0.0
pruning-in-iteration extra time: 0.0003521442413330078
Time: prepare 0.0085    beta_bound 1.0190    bound 1.0192    transfer 0.0177    finalize 0.0119    func 1.0574    
Accumulated time: func 2.9561    prepare 0.0153    bound 2.8997    beta_bound 2.8994    transfer 0.0245    finalize 0.0186    
batch bounding time:  1.0575904846191406
Current worst splitting domains lb-rhs (depth):
-64.14823 (6), -64.11574 (6), -64.02069 (6), -63.27188 (6), -63.07246 (6), -62.61625 (6), -62.53111 (6), -62.24341 (6), -62.08105 (6), -61.75316 (6), -61.57501 (6), -60.84609 (6), -60.59631 (6), -60.48232 (6), -60.42101 (6), -60.41847 (6), -60.34644 (6), -60.29581 (6), -60.27901 (6), -60.26427 (6), 
length of domains: 64
Time: pickout 0.0054    decision 0.0773    set_bounds 0.0017    solve 1.0576    add 0.0359    
Accumulated time: pickout 0.0073    decision 0.1327    set_bounds 0.0041    solve 2.9565    add 0.0542    
Current (lb-rhs): -64.14823150634766
96 domains visited
Cumulative time: 21.500086307525635

BaB round 3
batch: 64
Average branched neurons at iteration 3:  1.0000
splitting decisions: 
split level 0: [/input.12, 4] [/input.12, 4] [/input.12, 43] [/input.12, 43] [/input.12, 4] [/input.12, 4] [/input.12, 10] [/input.12, 10] [/input.12, 4] [/input.12, 4] 
best_l after optimization: -82377.765625
beta sum per layer: [0.0, 0.0, 0.0, 104.54281616210938]
alpha/beta optimization time: 1.1021976470947266
pruning_in_iteration open status: False
ratio of positive domain = 0 / 128 = 0.0
pruning-in-iteration extra time: 0.0001506805419921875
Time: prepare 0.0177    beta_bound 1.1030    bound 1.1031    transfer 0.0103    finalize 0.0258    func 1.1570    
Accumulated time: func 4.1130    prepare 0.0343    bound 4.0028    beta_bound 4.0024    transfer 0.0347    finalize 0.0445    
batch bounding time:  1.1572766304016113
Current worst splitting domains lb-rhs (depth):
-61.83840 (7), -61.65329 (7), -61.31723 (7), -60.71843 (7), -60.60305 (7), -60.44315 (7), -60.05027 (7), -60.01469 (7), -59.95862 (7), -59.49968 (7), -59.15146 (7), -59.03983 (7), -58.97472 (7), -58.68595 (7), -58.48712 (7), -58.40828 (7), -58.33136 (7), -58.28458 (7), -58.24664 (7), -58.10429 (7), 
length of domains: 128
Time: pickout 0.0097    decision 0.1282    set_bounds 0.0032    solve 1.1573    add 0.0711    
Accumulated time: pickout 0.0170    decision 0.2609    set_bounds 0.0073    solve 4.1138    add 0.1253    
Current (lb-rhs): -61.838401794433594
224 domains visited
Cumulative time: 22.870354890823364

BaB round 4
batch: 128
Average branched neurons at iteration 4:  1.0000
splitting decisions: 
split level 0: [/input.12, 53] [/input.12, 53] [/input.12, 53] [/input.12, 53] [/input.12, 53] [/input.12, 53] [/input.12, 43] [/input.12, 43] [/input.12, 53] [/input.12, 53] 
best_l after optimization: -157294.9375
beta sum per layer: [0.0, 0.0, 0.0, 261.49578857421875]
alpha/beta optimization time: 1.435880184173584
pruning_in_iteration open status: False
ratio of positive domain = 0 / 256 = 0.0
pruning-in-iteration extra time: 0.0001575946807861328
Time: prepare 0.0323    beta_bound 1.4367    bound 1.4368    transfer 0.0603    finalize 0.0271    func 1.5567    
Accumulated time: func 5.6697    prepare 0.0680    bound 5.4396    beta_bound 5.4391    transfer 0.0950    finalize 0.0715    
batch bounding time:  1.5569813251495361
Current worst splitting domains lb-rhs (depth):
-59.99287 (8), -59.93100 (8), -59.77901 (8), -59.51324 (8), -59.03247 (8), -58.88762 (8), -58.72203 (8), -58.31865 (8), -58.29906 (8), -58.21757 (8), -58.18062 (8), -58.05945 (8), -57.91577 (8), -57.47913 (8), -57.45213 (8), -57.32716 (8), -57.23064 (8), -56.89114 (8), -56.76189 (8), -56.72340 (8), 
length of domains: 256
Time: pickout 0.0150    decision 0.1697    set_bounds 0.0037    solve 1.5570    add 0.1429    
Accumulated time: pickout 0.0320    decision 0.4306    set_bounds 0.0110    solve 5.6708    add 0.2682    
Current (lb-rhs): -59.99287033081055
480 domains visited
Cumulative time: 24.772559642791748

BaB round 5
batch: 256
Average branched neurons at iteration 5:  1.0000
splitting decisions: 
split level 0: [/input.12, 48] [/input.12, 48] [/input.12, 48] [/input.12, 48] [/input.12, 48] [/input.12, 48] [/input.12, 48] [/input.12, 48] [/input.12, 48] [/input.12, 48] 
best_l after optimization: -303641.875
beta sum per layer: [0.0, 0.0, 0.0, 565.5926513671875]
alpha/beta optimization time: 2.5295639038085938
pruning_in_iteration open status: False
ratio of positive domain = 0 / 512 = 0.0
pruning-in-iteration extra time: 0.00018024444580078125
Time: prepare 0.0691    beta_bound 2.5304    bound 2.5306    transfer 0.1425    finalize 0.0928    func 2.8352    
Accumulated time: func 8.5049    prepare 0.1383    bound 7.9702    beta_bound 7.9695    transfer 0.2375    finalize 0.1643    
batch bounding time:  2.836902379989624
Current worst splitting domains lb-rhs (depth):
-57.81965 (9), -57.46936 (9), -57.44207 (9), -57.40565 (9), -57.29294 (9), -57.23686 (9), -57.19905 (9), -57.02605 (9), -56.91134 (9), -56.66151 (9), -56.35034 (9), -56.31455 (9), -56.25498 (9), -56.19056 (9), -56.10355 (9), -56.02611 (9), -55.85036 (9), -55.84786 (9), -55.81526 (9), -55.80880 (9), 
length of domains: 512
Time: pickout 0.0571    decision 0.3079    set_bounds 0.0066    solve 2.8369    add 0.3136    
Accumulated time: pickout 0.0891    decision 0.7386    set_bounds 0.0176    solve 8.5077    add 0.5819    
Current (lb-rhs): -57.81965255737305
992 domains visited
Cumulative time: 28.31399154663086

BaB round 6
batch: 512
Average branched neurons at iteration 6:  1.0000
splitting decisions: 
split level 0: [/input.12, 46] [/input.12, 46] [/input.12, 46] [/input.12, 46] [/input.12, 46] [/input.12, 46] [/input.12, 46] [/input.12, 46] [/input.12, 46] [/input.12, 46] 
best_l after optimization: -584092.125
beta sum per layer: [0.0, 0.0, 0.0, 1343.2117919921875]
alpha/beta optimization time: 4.84558629989624
pruning_in_iteration open status: False
ratio of positive domain = 0 / 1024 = 0.0
pruning-in-iteration extra time: 0.00023555755615234375
Time: prepare 0.1268    beta_bound 4.8463    bound 4.8464    transfer 0.3075    finalize 0.1842    func 5.4654    
Accumulated time: func 13.9703    prepare 0.2665    bound 12.8165    beta_bound 12.8158    transfer 0.5450    finalize 0.3485    
batch bounding time:  5.466322422027588
Current worst splitting domains lb-rhs (depth):
-56.10640 (10), -55.96863 (10), -55.54758 (10), -55.44226 (10), -55.42656 (10), -55.42170 (10), -55.31934 (10), -55.26427 (10), -55.14817 (10), -55.05632 (10), -54.83046 (10), -54.69791 (10), -54.49073 (10), -54.37157 (10), -54.35446 (10), -54.33061 (10), -54.21690 (10), -54.19582 (10), -54.18859 (10), -53.94004 (10), 
length of domains: 1024
Time: pickout 0.1203    decision 0.6080    set_bounds 0.0159    solve 5.4664    add 0.6081    
Accumulated time: pickout 0.2094    decision 1.3465    set_bounds 0.0335    solve 13.9741    add 1.1900    
Current (lb-rhs): -56.10639572143555
2016 domains visited
Cumulative time: 35.163774490356445

BaB round 7
batch: 512
Average branched neurons at iteration 7:  1.0000
splitting decisions: 
split level 0: [/input.12, 10] [/input.12, 10] [/input.12, 10] [/input.12, 10] [/input.12, 10] [/input.12, 10] [/input.12, 35] [/input.12, 35] [/input.12, 10] [/input.12, 10] 
best_l after optimization: -550843.9375
beta sum per layer: [0.0, 0.0, 0.0, 1650.630615234375]
alpha/beta optimization time: 4.857377767562866
pruning_in_iteration open status: False
ratio of positive domain = 0 / 1024 = 0.0
pruning-in-iteration extra time: 0.0001380443572998047
Time: prepare 0.1334    beta_bound 4.8581    bound 4.8582    transfer 0.2751    finalize 0.3275    func 5.5946    
Accumulated time: func 19.5649    prepare 0.4010    bound 17.6748    beta_bound 17.6739    transfer 0.8201    finalize 0.6761    
batch bounding time:  5.595150470733643
Current worst splitting domains lb-rhs (depth):
-56.10640 (10), -55.54758 (10), -55.44226 (10), -55.42656 (10), -55.42170 (10), -55.31934 (10), -55.26427 (10), -55.14817 (10), -55.05632 (10), -54.83046 (10), -54.69791 (10), -54.49073 (10), -54.37157 (10), -54.35446 (10), -54.33061 (10), -54.26357 (11), -54.21690 (10), -54.19582 (10), -54.18859 (10), -53.94004 (10), 
length of domains: 1536
Time: pickout 0.0973    decision 0.6067    set_bounds 0.0129    solve 5.5952    add 1.5286    
Accumulated time: pickout 0.3067    decision 1.9532    set_bounds 0.0463    solve 19.5692    add 2.7187    
Current (lb-rhs): -56.10639572143555
3040 domains visited
Cumulative time: 43.0298113822937

BaB round 8
batch: 512
Average branched neurons at iteration 8:  1.0000
splitting decisions: 
split level 0: [/input.12, 0] [/input.12, 0] [/input.12, 0] [/input.12, 0] [/input.12, 0] [/input.12, 0] [/input.12, 0] [/input.12, 0] [/input.12, 0] [/input.12, 0] 
best_l after optimization: -520938.46875
beta sum per layer: [0.0, 0.0, 0.0, 1890.0238037109375]
alpha/beta optimization time: 4.85191011428833
pruning_in_iteration open status: False
ratio of positive domain = 0 / 1024 = 0.0
pruning-in-iteration extra time: 0.00022339820861816406
Time: prepare 0.1276    beta_bound 4.8526    bound 4.8527    transfer 0.2603    finalize 0.1794    func 5.4204    
Accumulated time: func 24.9853    prepare 0.5297    bound 22.5275    beta_bound 22.5265    transfer 1.0804    finalize 0.8555    
batch bounding time:  5.422217845916748
Current worst splitting domains lb-rhs (depth):
-56.10640 (10), -55.54758 (10), -55.44226 (10), -55.42656 (10), -55.42170 (10), -55.31934 (10), -55.26427 (10), -55.14817 (10), -55.05632 (10), -54.83046 (10), -54.69791 (10), -54.49073 (10), -54.37157 (10), -54.35446 (10), -54.33061 (10), -54.26357 (11), -54.21690 (10), -54.19582 (10), -54.18859 (10), -53.94004 (10), 
length of domains: 2048
Time: pickout 0.0590    decision 0.6207    set_bounds 0.0157    solve 5.4223    add 0.6410    
Accumulated time: pickout 0.3657    decision 2.5739    set_bounds 0.0621    solve 24.9915    add 3.3596    
Current (lb-rhs): -56.10639572143555
4064 domains visited
Cumulative time: 49.81866431236267

BaB round 9
batch: 512
Average branched neurons at iteration 9:  1.0000
splitting decisions: 
split level 0: [/input.12, 35] [/input.12, 35] [/input.12, 49] [/input.12, 35] [/input.12, 35] [/input.12, 35] [/input.12, 49] [/input.12, 49] [/input.12, 49] [/input.12, 35] 
best_l after optimization: -491632.375
beta sum per layer: [0.0, 0.0, 0.0, 2155.26171875]
alpha/beta optimization time: 4.851004600524902
pruning_in_iteration open status: False
ratio of positive domain = 0 / 1024 = 0.0
pruning-in-iteration extra time: 0.00013446807861328125
Time: prepare 0.1329    beta_bound 4.8515    bound 4.8516    transfer 0.2519    finalize 0.1555    func 5.3924    
Accumulated time: func 30.3777    prepare 0.6639    bound 27.3791    beta_bound 27.3781    transfer 1.3323    finalize 1.0110    
batch bounding time:  5.393412828445435
Current worst splitting domains lb-rhs (depth):
-56.10640 (10), -55.54758 (10), -55.44226 (10), -55.42656 (10), -55.42170 (10), -55.31934 (10), -55.26427 (10), -55.14817 (10), -55.05632 (10), -54.83046 (10), -54.69791 (10), -54.49073 (10), -54.37157 (10), -54.35446 (10), -54.33061 (10), -54.26357 (11), -54.21690 (10), -54.19582 (10), -54.18859 (10), -53.94004 (10), 
length of domains: 2560
Time: pickout 0.0594    decision 0.6111    set_bounds 0.0108    solve 5.3935    add 2.2640    
Accumulated time: pickout 0.4250    decision 3.1850    set_bounds 0.0729    solve 30.3850    add 5.6236    
Current (lb-rhs): -56.10639572143555
5088 domains visited
Cumulative time: 58.1891348361969

BaB round 10
batch: 512
Average branched neurons at iteration 10:  1.0000
splitting decisions: 
split level 0/home/zhouxingshi/miniconda3/envs/alpha-beta-crown/lib/python3.7/site-packages/onnx2pytorch/convert/layer.py:30: UserWarning: The given NumPy array is not writable, and PyTorch does not support non-writable tensors. This means writing to this tensor will result in undefined behavior. You may want to copy the array to protect its data or make it writable before converting it to a tensor. This type of warning will be suppressed for the rest of this program. (Triggered internally at  /opt/conda/conda-bld/pytorch_1646755953518/work/torch/csrc/utils/tensor_numpy.cpp:178.)
  layer.weight.data = torch.from_numpy(numpy_helper.to_array(weight))
/home/zhouxingshi/miniconda3/envs/alpha-beta-crown/lib/python3.7/site-packages/onnx2pytorch/convert/model.py:154: UserWarning: Using experimental implementation that allows 'batch_size > 1'.Batchnorm layers could potentially produce false outputs.
  "Using experimental implementation that allows 'batch_size > 1'."
: [/input.12, 34] [/input.12, 34] [/input.12, 34] [/input.12, 34] [/input.12, 34] [/input.12, 34] [/input.12, 34] [/input.12, 34] [/input.12, 34] [/input.12, 34] 
best_l after optimization: -468096.1875
beta sum per layer: [0.0, 0.0, 0.0, 2266.598388671875]
alpha/beta optimization time: 4.869338750839233
pruning_in_iteration open status: False
ratio of positive domain = 0 / 1024 = 0.0
pruning-in-iteration extra time: 0.00026297569274902344
Time: prepare 0.1315    beta_bound 4.8703    bound 4.8704    transfer 0.2499    finalize 0.1476    func 5.4895    
Accumulated time: func 35.8672    prepare 0.7968    bound 32.2495    beta_bound 32.2483    transfer 1.5822    finalize 1.1586    
batch bounding time:  5.490229368209839
Current worst splitting domains lb-rhs (depth):
-56.10640 (10), -55.54758 (10), -55.44226 (10), -55.42656 (10), -55.42170 (10), -55.31934 (10), -55.26427 (10), -55.14817 (10), -55.05632 (10), -54.83046 (10), -54.69791 (10), -54.49073 (10), -54.37157 (10), -54.35446 (10), -54.33061 (10), -54.26357 (11), -54.21690 (10), -54.19582 (10), -54.18859 (10), -53.94004 (10), 
length of domains: 3072
Time: pickout 0.0582    decision 0.6245    set_bounds 0.0140    solve 5.4903    add 0.5873    
Accumulated time: pickout 0.4832    decision 3.8095    set_bounds 0.0869    solve 35.8752    add 6.2109    
Current (lb-rhs): -56.10639572143555
6112 domains visited
Cumulative time: 64.98448204994202

BaB round 11
batch: 512
Average branched neurons at iteration 11:  1.0000
splitting decisions: 
split level 0: [/input.12, 49] [/input.12, 49] [/input.12, 35] [/input.12, 49] [/input.12, 49] [/input.12, 49] [/input.12, 53] [/input.12, 53] [/input.12, 35] [/input.12, 49] 
best_l after optimization: -438200.71875
beta sum per layer: [0.0, 0.0, 0.0, 2620.97509765625]
alpha/beta optimization time: 4.8636298179626465
pruning_in_iteration open status: False
ratio of positive domain = 0 / 1024 = 0.0
pruning-in-iteration extra time: 0.0001614093780517578
Time: prepare 0.1271    beta_bound 4.8643    bound 4.8644    transfer 0.2698    finalize 0.1162    func 5.3778    
Accumulated time: func 41.2449    prepare 0.9250    bound 37.1140    beta_bound 37.1127    transfer 1.8520    finalize 1.2748    
batch bounding time:  5.379377603530884
Current worst splitting domains lb-rhs (depth):
-56.10640 (10), -55.54758 (10), -55.44226 (10), -55.42656 (10), -55.42170 (10), -55.31934 (10), -55.26427 (10), -55.14817 (10), -55.05632 (10), -54.83046 (10), -54.69791 (10), -54.49073 (10), -54.37157 (10), -54.35446 (10), -54.33061 (10), -54.26357 (11), -54.21690 (10), -54.19582 (10), -54.18859 (10), -53.94004 (10), 
length of domains: 3584
Time: pickout 0.0555    decision 0.6057    set_bounds 0.0137    solve 5.3794    add 0.5073    
Accumulated time: pickout 0.5387    decision 4.4152    set_bounds 0.1005    solve 41.2546    add 6.7182    
Current (lb-rhs): -56.10639572143555
7136 domains visited
Time out!!!!!!!!
Result: unknown in 78.2818 seconds
############# Summary #############
Final verified acc: 0.0% (total 1 examples)
Problem instances count: 1 , total verified (safe/unsat): 0 , total falsified (unsafe/sat): 0 , timeout: 1
mean time for ALL instances (total 1):78.28103248012624, max time: 78.28181529045105
unknown (total 1), index: [0]
