Configurations:

general:
  device: cuda
  seed: 100
  conv_mode: patches
  deterministic: false
  double_fp: false
  loss_reduction_func: sum
  sparse_alpha: true
  save_adv_example: false
  precompile_jit: false
  complete_verifier: bab
  enable_incomplete_verification: true
  csv_name: cifar2020_instances.csv
  results_file: out.txt
  root_path: ../../vnncomp2021/benchmarks/cifar2020
model:
  name: null
  path: null
  onnx_path: null
  onnx_path_prefix: ''
  cache_onnx_conversion: false
  onnx_quirks: null
  input_shape: null
  onnx_loader: default_onnx_and_vnnlib_loader
  onnx_optimization_flags: none
data:
  start: 44
  end: 45
  select_instance: null
  num_outputs: 10
  mean: 0.0
  std: 1.0
  pkl_path: null
  dataset: null
  data_filter_path: null
  data_idx_file: null
specification:
  type: lp
  robustness_type: verified-acc
  norm: .inf
  epsilon: null
  vnnlib_path: null
  vnnlib_path_prefix: ''
solver:
  batch_size: 200
  min_batch_size_ratio: 0.1
  use_float64_in_last_iteration: false
  early_stop_patience: 10
  start_save_best: 0.5
  bound_prop_method: alpha-crown
  init_bound_prop_method: same
  prune_after_crown: false
  crown:
    batch_size: 1000000000
    max_crown_size: 1000000000
  alpha-crown:
    alpha: true
    lr_alpha: 0.1
    iteration: 100
    share_slopes: false
    no_joint_opt: false
    lr_decay: 0.98
    full_conv_alpha: true
  beta-crown:
    lr_alpha: 0.01
    lr_beta: 0.01
    lr_decay: 0.98
    optimizer: adam
    iteration: 50
    beta: true
    beta_warmup: true
    enable_opt_interm_bounds: false
    all_node_split_LP: false
  forward:
    refine: false
    dynamic: false
    max_dim: 10000
  intermediate_refinement:
    enabled: false
    batch_size: 10
    opt_coeffs: false
    opt_bias: false
    lr: 0.05
    layers: [-1]
    max_domains: 1000
  multi_class:
    label_batch_size: 32
    skip_with_refined_bound: true
  mip:
    parallel_solvers: null
    solver_threads: 1
    refine_neuron_timeout: 15
    refine_neuron_time_percentage: 0.8
    early_stop: true
    adv_warmup: true
    mip_solver: gurobi
bab:
  initial_max_domains: 1
  max_domains: .inf
  decision_thresh: 0
  timeout: 360
  timeout_scale: 1
  override_timeout: null
  get_upper_bound: false
  dfs_percent: 0.0
  pruning_in_iteration: true
  pruning_in_iteration_ratio: 0.2
  sort_targets: false
  batched_domain_list: true
  optimized_intermediate_layers: ''
  interm_transfer: true
  cut:
    enabled: false
    bab_cut: false
    lp_cut: false
    method: null
    lr: 0.01
    lr_decay: 1.0
    iteration: 100
    bab_iteration: -1
    early_stop_patience: -1
    lr_beta: 0.02
    number_cuts: 50
    topk_cuts_in_filter: 100
    batch_size_primal: 100
    max_num: 1000000000
    patches_cut: false
    cplex_cuts: false
    cplex_cuts_wait: 0
    cplex_cuts_revpickup: true
    cut_reference_bounds: true
    fix_intermediate_bounds: false
    _tmp_cuts: null
    fixed_cuts: false
    add_implied_cuts: false
    add_input_cuts: false
  branching:
    method: kfsb
    candidates: 10
    reduceop: max
    sb_coeff_thresh: 0.001
    branching_input_and_activation: false
    branching_input_and_activation_order: [input, relu]
    branching_input_iterations: 30
    branching_relu_iterations: 50
    sort_domain_interval: -1
    input_split:
      enable: false
      enhanced_bound_prop_method: alpha-crown
      enhanced_branching_method: naive
      enhanced_bound_patience: 100000000.0
      attack_patience: 100000000.0
      adv_check: 0
  attack:
    enabled: false
    beam_candidates: 8
    beam_depth: 7
    max_dive_fix_ratio: 0.8
    min_local_free_ratio: 0.2
    mip_start_iteration: 5
    mip_timeout: 30.0
    adv_pool_threshold: null
    refined_mip_attacker: false
    refined_batch_size: null
attack:
  pgd_order: before
  pgd_steps: 100
  pgd_restarts: 30
  pgd_early_stop: true
  pgd_lr_decay: 0.99
  pgd_alpha: auto
  pgd_loss_mode: null
  enable_mip_attack: false
  cex_path: ./test_cex.txt
  attack_mode: PGD
  gama_lambda: 10.0
  gama_decay: 0.9
  check_clean: false
  input_split:
    pgd_steps: 100
    pgd_restarts: 30
    pgd_alpha: auto
  input_split_enhanced:
    pgd_steps: 200
    pgd_restarts: 5000000
    pgd_alpha: auto
  input_split_check_adv:
    pgd_steps: 5
    pgd_restarts: 5
    pgd_alpha: auto
debug:
  lp_test: null

Experiments at Sun Jan 15 22:21:55 2023 on diablo.cs.ucla.edu
customized start/end sample from instance 44 to 45 in cifar2020_instances.csv
Internal results will be saved to a-b-crown_[cifar2020_instances]_start=44_end=45_iter=50_b=200_timeout=360_branching=kfsb-max-10_lra-init=0.1_lra=0.01_lrb=0.01_PGD=before_cplex_cuts=False_initial_max_domains=1.npz.

 %%%%%%%%%%%%%%%%%%%%%%%%%%%%%%%%%%% idx: 0, vnnlib ID: 44 %%%%%%%%%%%%%%%%%%%%%%%%%%%%%%%%%%%%%%%%
Using onnx nets/cifar10_2_255_simplified.onnx
Using vnnlib specs/cifar10/cifar10_spec_idx_50_eps_0.00784_n1.vnnlib
Precompiled vnnlib file found at ../../vnncomp2021/benchmarks/cifar2020/specs/cifar10/cifar10_spec_idx_50_eps_0.00784_n1.vnnlib.compiled
Loading onnx ../../vnncomp2021/benchmarks/cifar2020/nets/cifar10_2_255_simplified.onnx wih quirks {}
Attack parameters: initialization=uniform, steps=100, restarts=30, alpha=0.0098334401845932, initialization=uniform, GAMA=False
Model output of first 5 examples:
 tensor([[ 4.92940760e+00,  3.54281187e-01,  2.69697642e+00, -1.00646305e+00,
         -2.62816310e+00, -2.09809160e+00, -8.11948776e-01,  2.31551361e+00,
         -5.09226322e-03,  6.18634796e+00]], device='cuda:0')
Adv example prediction (first 2 examples and 2 restarts):
 tensor([[[ 5.49045944,  0.26369607,  2.75428057, -1.02343345, -2.47399330,
          -2.16443658, -0.86885715,  2.34531093,  0.14412168,  5.81869984],
         [ 5.49045944,  0.26369607,  2.75428057, -1.02343345, -2.47399330,
          -2.16443658, -0.86885715,  2.34531093,  0.14412168,  5.81869984]]],
       device='cuda:0')
PGD attack margin (first 2 examles and 10 specs):
 tensor([[[0.32824039, 5.55500364, 3.06441927, 6.84213352, 8.29269314,
          7.98313618, 6.68755722, 3.47338891, 5.67457819]]], device='cuda:0')
number of violation:  0
Attack finished in 2.2965 seconds.
PGD attack failed
Model prediction is: tensor([[ 4.92940760e+00,  3.54281187e-01,  2.69697642e+00, -1.00646305e+00,
         -2.62816310e+00, -2.09809160e+00, -8.11948776e-01,  2.31551361e+00,
         -5.09226322e-03,  6.18634796e+00]], device='cuda:0')
layer /22 using sparse-features alpha with shape [1269]; unstable size 1269; total size 32768 (torch.Size([1, 32, 32, 32]))
layer /22 start_node /input.4 using full alpha with unstable size 32 total_size 32 output_shape 32
layer /22 start_node /input.8 using sparse-spec alpha with unstable size 501 total_size 8192 output_shape (128, 8, 8)
layer /22 start_node /input.12 using sparse-spec alpha with unstable size 36 total_size 250 output_shape torch.Size([250])
layer /22 start_node /30 using full alpha with unstable size None total_size 9 output_shape 9
layer /24 using sparse-features alpha with shape [639]; unstable size 639; total size 8192 (torch.Size([1, 32, 16, 16]))
layer /24 start_node /input.8 using sparse-spec alpha with unstable size 501 total_size 8192 output_shape (128, 8, 8)
layer /24 start_node /input.12 using sparse-spec alpha with unstable size 36 total_size 250 output_shape torch.Size([250])
layer /24 start_node /30 using full alpha with unstable size None total_size 9 output_shape 9
layer /26 using sparse-features alpha with shape [501]; unstable size 501; total size 8192 (torch.Size([1, 128, 8, 8]))
layer /26 start_node /input.12 using sparse-spec alpha with unstable size 36 total_size 250 output_shape torch.Size([250])
layer /26 start_node /30 using full alpha with unstable size None total_size 9 output_shape 9
layer /29 using sparse-features alpha with shape [36]; unstable size 36; total size 250 (torch.Size([1, 250]))
layer /29 start_node /30 using full alpha with unstable size None total_size 9 output_shape 9
Optimizable variables initialized.
initial CROWN bounds: tensor([[-0.37368274,  4.09452295,  1.36431217,  5.32944489,  6.44588423,
          6.39589691,  5.10150814,  1.88856626,  4.13766718]], device='cuda:0') None
best_l after optimization: 35.78290557861328 with beta sum per layer: []
alpha/beta optimization time: 12.01636290550232
initial alpha-CROWN bounds: tensor([[-0.24524045,  4.21309519,  1.53900123,  5.49561644,  6.63596439,
          6.55884933,  5.25345612,  2.02685404,  4.30531073]], device='cuda:0')
Worst class: (+ rhs) -0.2452404499053955
Total VNNLIB file length: 9, max property batch size: 1, total number of batches: 9
lA shape: [torch.Size([1, 9, 32, 32, 32]), torch.Size([1, 9, 32, 16, 16]), torch.Size([1, 9, 128, 8, 8]), torch.Size([1, 9, 250])]

Properties batch 0, size 1
Remaining timeout: 281.7352774143219
##### Instance 0 first 10 spec matrices: [[[-1.  0.  0.  0.  0.  0.  0.  0.  0.  1.]]]
thresholds: [0.] ######
Remaining spec index [0] with bounds tensor([[-0.24524045]], device='cuda:0') need to verify.
Model prediction is: tensor([ 4.92940760e+00,  3.54281187e-01,  2.69697642e+00, -1.00646305e+00,
        -2.62816310e+00, -2.09809160e+00, -8.11948776e-01,  2.31551361e+00,
        -5.09226322e-03,  6.18634796e+00], device='cuda:0')
build_the_model_with_refined_bounds batch [0/1]
setting alpha for layer /22 start_node /30 with alignment adjustment
setting alpha for layer /24 start_node /30 with alignment adjustment
setting alpha for layer /26 start_node /30 with alignment adjustment
setting alpha for layer /29 start_node /30 with alignment adjustment
all slope initialized
directly get lb and ub from refined bounds
lA shapes: [torch.Size([1, 1, 32, 32, 32]), torch.Size([1, 1, 32, 16, 16]), torch.Size([1, 1, 128, 8, 8]), torch.Size([1, 1, 250])]
c shape: torch.Size([1, 1, 10])
alpha-CROWN with fixed intermediate bounds: tensor([[-0.24524045]], device='cuda:0') tensor([[inf]], device='cuda:0')
Keeping slopes for these layers: ['/30']
Keeping slopes for these layers: ['/30']
layer 0 name BoundConv(name="/input") size torch.Size([32768]) unstable 1269
layer 1 name BoundConv(name="/input.4") size torch.Size([8192]) unstable 630
layer 2 name BoundConv(name="/input.8") size torch.Size([8192]) unstable 487
layer 3 name BoundLinear(name="/input.12") size torch.Size([250]) unstable 34
-----------------
# of unstable neurons: 2420
-----------------

batch:  torch.Size([1, 32, 32, 32]) pre split depth:  4
post split depth:  4
splitting decisions: 
split level 0: [3, 78] 
split level 1: [3, 184] 
split level 2: [3, 112] 
split level 3: [3, 24] 
pruning_in_iteration open status: True
ratio of positive domain = 13 / 16 = 0.8125
pruning-in-iteration extra time: 0.033566951751708984
Time: prepare 0.0036    beta_bound 1.0814    bound 1.0815    transfer 0.0011    finalize 0.0029    func 1.0891    
Accumulated time: func 1.0891    prepare 0.0111    bound 1.0815    beta_bound 1.0814    transfer 0.0011    finalize 0.0029    
batch bounding time:  1.0891876220703125
Current worst splitting domains lb-rhs (depth):
-0.19035 (4), -0.09887 (4), -0.00107 (4), 
length of domains: 3
Time: pickout 0.0013    decision 0.4671    solve 1.0913    add 0.0039    
Accumulated time: pickout 0.0013    decision 0.4671    solve 1.0913    add 0.0039    
Current (lb-rhs): -0.19035053253173828
3 domains visited
Cumulative time: 1.8546948432922363

batch:  torch.Size([3, 32, 32, 32]) pre split depth:  2
post split depth:  2
splitting decisions: 
split level 0: [3, 81] [3, 81] [3, 81] 
split level 1: [3, 17] [3, 17] [3, 17] 
pruning_in_iteration open status: True
ratio of positive domain = 10 / 12 = 0.8333333333333334
pruning-in-iteration extra time: 0.033481597900390625
Time: prepare 0.0033    beta_bound 0.6847    bound 0.6848    transfer 0.0034    finalize 0.0059    func 0.6974    
Accumulated time: func 1.7865    prepare 0.0226    bound 1.7663    beta_bound 1.7661    transfer 0.0045    finalize 0.0089    
batch bounding time:  0.6974809169769287
Current worst splitting domains lb-rhs (depth):
-0.14273 (6), -0.03235 (6), 
length of domains: 2
Time: pickout 0.0013    decision 0.0711    solve 0.6988    add 0.0034    
Accumulated time: pickout 0.0026    decision 0.5382    solve 1.7901    add 0.0073    
Current (lb-rhs): -0.14272522926330566
5 domains visited
Cumulative time: 2.629694938659668

batch:  torch.Size([2, 32, 32, 32]) pre split depth:  3
post split depth:  3
splitting decisions: 
split level 0: [3, 97] [3, 97] 
split level 1: [3, 115] [3, 115] 
split level 2: [2, 5994] [2, 5994] 
pruning_in_iteration open status: True
ratio of positive domain = 12 / 16 = 0.75
pruning-in-iteration extra time: 0.03451347351074219
Time: prepare 0.0038    beta_bound 0.7022    bound 0.7022    transfer 0.0014    finalize 0.0033    func 0.7108    
Accumulated time: func 2.4973    prepare 0.0343    bound 2.4685    beta_bound 2.4683    transfer 0.0059    finalize 0.0122    
batch bounding time:  0.710888147354126
Current worst splitting domains lb-rhs (depth):
-0.08593 (9), -0.05314 (9), -0.04593 (9), -0.01361 (9), 
length of domains: 4
Time: pickout 0.0014    decision 0.0708    solve 0.7128    add 0.0036    
Accumulated time: pickout 0.0039    decision 0.6090    solve 2.5029    add 0.0109    
Current (lb-rhs): -0.08592796325683594
9 domains visited
Cumulative time: 3.4187676906585693

batch:  torch.Size([4, 32, 32, 32]) pre split depth:  2
post split depth:  2
splitting decisions: 
split level 0: [2, 7462] [2, 5993] [2, 7462] [3, 15] 
split level 1: [2, 5993] [3, 15] [2, 5993] [2, 5993] 
pruning_in_iteration open status: True
ratio of positive domain = 10 / 16 = 0.625
pruning-in-iteration extra time: 0.03228330612182617
Time: prepare 0.0040    beta_bound 0.6999    bound 0.6999    transfer 0.0011    finalize 0.0031    func 0.7082    
Accumulated time: func 3.2055    prepare 0.0464    bound 3.1684    beta_bound 3.1681    transfer 0.0070    finalize 0.0153    
batch bounding time:  0.7082271575927734
Current worst splitting domains lb-rhs (depth):
-0.05551 (11), -0.05487 (11), -0.03933 (11), -0.03155 (11), -0.03068 (11), -0.01727 (11), 
length of domains: 6
Time: pickout 0.0015    decision 0.0740    solve 0.7097    add 0.0042    
Accumulated time: pickout 0.0055    decision 0.6830    solve 3.2126    add 0.0152    
Current (lb-rhs): -0.05550861358642578
15 domains visited
Cumulative time: 4.208692312240601

batch:  torch.Size([6, 32, 32, 32]) pre split depth:  1
post split depth:  1
splitting decisions: 
split level 0: [3, 15] [2, 787] [2, 787] [3, 15] [2, 787] [2, 787] 
pruning_in_iteration open status: True
ratio of positive domain = 4 / 12 = 0.33333333333333337
pruning-in-iteration extra time: 0.028787612915039062
Time: prepare 0.0035    beta_bound 0.6886    bound 0.6887    transfer 0.0009    finalize 0.0025    func 0.6956    
Accumulated time: func 3.9011    prepare 0.0581    bound 3.8571    beta_bound 3.8568    transfer 0.0079    finalize 0.0178    
batch bounding time:  0.6956288814544678
Current worst splitting domains lb-rhs (depth):
-0.05392 (12), -0.05311 (12), -0.02643 (12), -0.02542 (12), -0.01642 (12), -0.01468 (12), -0.00901 (12), -0.00789 (12), 
length of domains: 8
Time: pickout 0.0015    decision 0.0740    solve 0.6957    add 0.0043    
Accumulated time: pickout 0.0069    decision 0.7570    solve 3.9083    add 0.0195    
Current (lb-rhs): -0.05391550064086914
23 domains visited
Cumulative time: 4.984604835510254

batch:  torch.Size([8, 32, 32, 32]) pre split depth:  1
post split depth:  1
splitting decisions: 
split level 0: [3, 52] [3, 52] [3, 52] [2, 7462] [2, 7462] [2, 7461] [3, 52] [2, 7462] 
pruning_in_iteration open status: True
ratio of positive domain = 8 / 16 = 0.5
pruning-in-iteration extra time: 0.03343772888183594
Time: prepare 0.0039    beta_bound 0.7039    bound 0.7040    transfer 0.0022    finalize 0.0036    func 0.7138    
Accumulated time: func 4.6149    prepare 0.0705    bound 4.5611    beta_bound 4.5607    transfer 0.0101    finalize 0.0214    
batch bounding time:  0.7138559818267822
Current worst splitting domains lb-rhs (depth):
-0.05218 (13), -0.03456 (13), -0.02888 (13), -0.02437 (13), -0.01324 (13), -0.00858 (13), -0.00611 (13), -0.00234 (13), 
length of domains: 8
Time: pickout 0.0013    decision 0.0760    solve 0.7139    add 0.0045    
Accumulated time: pickout 0.0083    decision 0.8330    solve 4.6222    add 0.0240    
Current (lb-rhs): -0.052182912826538086
31 domains visited
Cumulative time: 5.781028509140015

batch:  torch.Size([8, 32, 32, 32]) pre split depth:  1
post split depth:  1
splitting decisions: 
split level 0: [2, 7461] [2, 7461] [2, 7461] [2, 7461] [2, 7461] [2, 7461] [2, 7461] [2, 787] 
pruning_in_iteration open status: True
ratio of positive domain = 6 / 16 = 0.375
pruning-in-iteration extra time: 0.03379464149475098
Time: prepare 0.0038    beta_bound 0.7070    bound 0.7070    transfer 0.0011    finalize 0.0056    func 0.7176    
Accumulated time: func 5.3325    prepare 0.0829    bound 5.2681    beta_bound 5.2676    transfer 0.0112    finalize 0.0270    
batch bounding time:  0.7177040576934814
Current worst splitting domains lb-rhs (depth):
-0.04729 (14), -0.03001 (14), -0.02478 (14), -0.02422 (14), -0.01918 (14), -0.00691 (14), -0.00677 (14), -0.00164 (14), -0.00133 (14), -0.00085 (14), 
length of domains: 10
Time: pickout 0.0014    decision 0.0719    solve 0.7178    add 0.0051    
Accumulated time: pickout 0.0097    decision 0.9050    solve 5.3400    add 0.0291    
Current (lb-rhs): -0.04728817939758301
41 domains visited
Cumulative time: 6.577702283859253

batch:  torch.Size([10, 32, 32, 32]) pre split depth:  1
post split depth:  1
splitting decisions: 
split level 0: [3, 134] [3, 52] [3, 134] [3, 52] [3, 134] [3, 52] [3, 52] [3, 134] [2, 7462] [3, 52] 
pruning_in_iteration open status: True
ratio of positive domain = 14 / 20 = 0.7
pruning-in-iteration extra time: 0.03349184989929199
Time: prepare 0.0044    beta_bound 0.7015    bound 0.7016    transfer 0.0012    finalize 0.0039    func 0.7111    
Accumulated time: func 6.0436    prepare 0.0957    bound 5.9697    beta_bound 5.9691    transfer 0.0124    finalize 0.0309    
batch bounding time:  0.7111606597900391
Current worst splitting domains lb-rhs (depth):
-0.02828 (15), -0.02407 (15), -0.02359 (15), -0.01767 (15), -0.00439 (15), -0.00113 (15), 
length of domains: 6
Time: pickout 0.0016    decision 0.0745    solve 0.7112    add 0.0042    
Accumulated time: pickout 0.0112    decision 0.9795    solve 6.0512    add 0.0333    
Current (lb-rhs): -0.028284072875976562
47 domains visited
Cumulative time: 7.369658708572388

batch:  torch.Size([6, 32, 32, 32]) pre split depth:  1
post split depth:  1
splitting decisions: 
split level 0: [3, 134] [3, 134] [3, 134] [2, 369] [3, 134] [2, 369] 
pruning_in_iteration open status: True
ratio of positive domain = 7 / 12 = 0.5833333333333333
pruning-in-iteration extra time: 0.03354930877685547
Time: prepare 0.0035    beta_bound 0.7070    bound 0.7070    transfer 0.0009    finalize 0.0025    func 0.7140    
Accumulated time: func 6.7576    prepare 0.1074    bound 6.6767    beta_bound 6.6761    transfer 0.0134    finalize 0.0334    
batch bounding time:  0.7140402793884277
Current worst splitting domains lb-rhs (depth):
-0.02190 (16), -0.01929 (16), -0.01747 (16), -0.01317 (16), -0.00006 (16), 
length of domains: 5
Time: pickout 0.0013    decision 0.0712    solve 0.7141    add 0.0039    
Accumulated time: pickout 0.0126    decision 1.0507    solve 6.7653    add 0.0372    
Current (lb-rhs): -0.021903038024902344
52 domains visited
Cumulative time: 8.160683155059814

batch:  torch.Size([5, 32, 32, 32]) pre split depth:  2
post split depth:  2
splitting decisions: 
split level 0: [2, 7462] [2, 369] [2, 7462] [2, 369] [2, 7462] 
split level 1: [2, 5389] [2, 5355] [2, 5355] [2, 5355] [2, 5355] 
pruning_in_iteration open status: True
ratio of positive domain = 16 / 20 = 0.8
pruning-in-iteration extra time: 0.03341484069824219
Time: prepare 0.0042    beta_bound 0.6999    bound 0.7000    transfer 0.0012    finalize 0.0037    func 0.7092    
Accumulated time: func 7.4667    prepare 0.1196    bound 7.3767    beta_bound 7.3760    transfer 0.0146    finalize 0.0371    
batch bounding time:  0.7092151641845703
Current worst splitting domains lb-rhs (depth):
-0.01644 (18), -0.01642 (18), -0.01165 (18), -0.01017 (18), 
length of domains: 4
Time: pickout 0.0013    decision 0.0712    solve 0.7109    add 0.0033    
Accumulated time: pickout 0.0139    decision 1.1219    solve 7.4762    add 0.0405    
Current (lb-rhs): -0.016438007354736328
56 domains visited
Cumulative time: 8.947867393493652

batch:  torch.Size([4, 32, 32, 32]) pre split depth:  2
post split depth:  2
splitting decisions: 
split level 0: [2, 5389] [2, 5389] [2, 5389] [2, 5389] 
split level 1: [2, 3594] [2, 3594] [2, 3594] [2, 3594] 
pruning_in_iteration open status: True
ratio of positive domain = 10 / 16 = 0.625
pruning-in-iteration extra time: 0.034610748291015625
Time: prepare 0.0038    beta_bound 0.7056    bound 0.7056    transfer 0.0017    finalize 0.0036    func 0.7148    
Accumulated time: func 8.1815    prepare 0.1314    bound 8.0824    beta_bound 8.0816    transfer 0.0163    finalize 0.0407    
batch bounding time:  0.7148435115814209
Current worst splitting domains lb-rhs (depth):
-0.00813 (20), -0.00784 (20), -0.00493 (20), -0.00477 (20), -0.00254 (20), -0.00132 (20), 
length of domains: 6
Time: pickout 0.0013    decision 0.0710    solve 0.7163    add 0.0048    
Accumulated time: pickout 0.0152    decision 1.1929    solve 8.1926    add 0.0453    
Current (lb-rhs): -0.008134126663208008
62 domains visited
Cumulative time: 9.741824626922607

batch:  torch.Size([6, 32, 32, 32]) pre split depth:  1
post split depth:  1
splitting decisions: 
split level 0: [2, 5986] [2, 5986] [2, 5986] [2, 5986] [2, 5986] [2, 5986] 
pruning_in_iteration open status: True
ratio of positive domain = 8 / 12 = 0.6666666666666667
pruning-in-iteration extra time: 0.03362464904785156
Time: prepare 0.0034    beta_bound 0.7020    bound 0.7021    transfer 0.0010    finalize 0.0025    func 0.7091    
Accumulated time: func 8.8905    prepare 0.1429    bound 8.7845    beta_bound 8.7836    transfer 0.0173    finalize 0.0432    
batch bounding time:  0.7091219425201416
Current worst splitting domains lb-rhs (depth):
-0.00374 (21), -0.00346 (21), -0.00071 (21), -0.00053 (21), 
length of domains: 4
Time: pickout 0.0014    decision 0.0714    solve 0.7092    add 0.0033    
Accumulated time: pickout 0.0166    decision 1.2643    solve 8.9017    add 0.0486    
Current (lb-rhs): -0.0037412643432617188
66 domains visited
Cumulative time: 10.5274658203125

batch:  torch.Size([4, 32, 32, 32]) pre split depth:  2
post split depth:  2
splitting decisions: 
split level 0: [2, 5932] [2, 5932] [2, 5932] [2, 5932] 
split level 1: [2, 2793] [2, 2793] [2, 7331] [2, 7331] 

all verified at 0th iter
pruning_in_iteration open status: False
ratio of positive domain = 16 / 16 = 1.0
pruning-in-iteration extra time: 0.00010609626770019531
Time: prepare 0.0038    beta_bound 0.0079    bound 0.0079    transfer 0.0008    finalize 0.0031    func 0.0157    
Accumulated time: func 8.9063    prepare 0.1546    bound 8.7924    beta_bound 8.7915    transfer 0.0181    finalize 0.0463    
batch bounding time:  0.01576089859008789
length of domains: 0
Time: pickout 0.0014    decision 0.0712    solve 0.0173    add 0.0015    
Accumulated time: pickout 0.0180    decision 1.3355    solve 8.9190    add 0.0501    
No domains left, verification finished!
Current (lb-rhs): 1.0000000116860974e-07
66 domains visited
Cumulative time: 10.619239807128906


Properties batch 1, size 1
Remaining timeout: 270.83125615119934
##### Instance 0 first 10 spec matrices: [[[ 0. -1.  0.  0.  0.  0.  0.  0.  0.  1.]]]
thresholds: [0.] ######
Initial alpha-CROWN verified for spec index [0] with bound 4.213095188140869.

Properties batch 2, size 1
Remaining timeout: 270.7552115917206
##### Instance 0 first 10 spec matrices: [[[ 0.  0. -1.  0.  0.  0.  0.  0.  0.  1.]]]
thresholds: [0.] ######
Initial alpha-CROWN verified for spec index [0] with bound 1.539001226425171.

Properties batch 3, size 1
Remaining timeout: 270.712997674942
##### Instance 0 first 10 spec matrices: [[[ 0.  0.  0. -1.  0.  0.  0.  0.  0.  1.]]]
thresholds: [0.] ######
Initial alpha-CROWN verified for spec index [0] with bound 5.495616436004639.

Properties batch 4, size 1
Remaining timeout: 270.66386580467224
##### Instance 0 first 10 spec matrices: [[[ 0.  0.  0.  0. -1.  0.  0.  0.  0.  1.]]]
thresholds: [0.] ######
Initial alpha-CROWN verified for spec index [0] with bound 6.635964393615723./home/zhouxingshi/onnx2pytorch/onnx2pytorch/convert/layer.py:30: UserWarning: The given NumPy array is not writable, and PyTorch does not support non-writable tensors. This means writing to this tensor will result in undefined behavior. You may want to copy the array to protect its data or make it writable before converting it to a tensor. This type of warning will be suppressed for the rest of this program. (Triggered internally at  /opt/conda/conda-bld/pytorch_1646755953518/work/torch/csrc/utils/tensor_numpy.cpp:178.)
  layer.weight.data = torch.from_numpy(numpy_helper.to_array(weight))
/home/zhouxingshi/onnx2pytorch/onnx2pytorch/convert/model.py:154: UserWarning: Using experimental implementation that allows 'batch_size > 1'.Batchnorm layers could potentially produce false outputs.
  "Using experimental implementation that allows 'batch_size > 1'."


Properties batch 5, size 1
Remaining timeout: 270.6217484474182
##### Instance 0 first 10 spec matrices: [[[ 0.  0.  0.  0.  0. -1.  0.  0.  0.  1.]]]
thresholds: [0.] ######
Initial alpha-CROWN verified for spec index [0] with bound 6.558849334716797.

Properties batch 6, size 1
Remaining timeout: 270.579297542572
##### Instance 0 first 10 spec matrices: [[[ 0.  0.  0.  0.  0.  0. -1.  0.  0.  1.]]]
thresholds: [0.] ######
Initial alpha-CROWN verified for spec index [0] with bound 5.253456115722656.

Properties batch 7, size 1
Remaining timeout: 270.53742599487305
##### Instance 0 first 10 spec matrices: [[[ 0.  0.  0.  0.  0.  0.  0. -1.  0.  1.]]]
thresholds: [0.] ######
Initial alpha-CROWN verified for spec index [0] with bound 2.0268540382385254.

Properties batch 8, size 1
Remaining timeout: 270.4956851005554
##### Instance 0 first 10 spec matrices: [[[ 0.  0.  0.  0.  0.  0.  0.  0. -1.  1.]]]
thresholds: [0.] ######
Initial alpha-CROWN verified for spec index [0] with bound 4.3053107261657715.
Result: safe in 29.5462 seconds
############# Summary #############
Final verified acc: 100.0% (total 1 examples)
Problem instances count: 1 , total verified (safe/unsat): 1 , total falsified (unsafe/sat): 0 , timeout: 0
mean time for ALL instances (total 1):29.54594034038602, max time: 29.54623579978943
mean time for verified SAFE instances(total 1): 29.54623579978943, max time: 29.54623579978943
safe (total 1), index: [0]
