Configurations:

general:
  device: cuda
  seed: 100
  conv_mode: patches
  deterministic: false
  double_fp: false
  loss_reduction_func: sum
  sparse_alpha: true
  save_adv_example: false
  precompile_jit: false
  complete_verifier: bab
  enable_incomplete_verification: true
  csv_name: null
  results_file: out.txt
  root_path: ''
model:
  name: cnn_4layer_adv4
  path: cifar_cnn_a_adv4.model
  onnx_path: null
  onnx_path_prefix: ''
  cache_onnx_conversion: false
  onnx_quirks: null
  input_shape: null
  onnx_loader: default_onnx_and_vnnlib_loader
  onnx_optimization_flags: none
data:
  start: 132
  end: 133
  select_instance: null
  num_outputs: 10
  mean: 0.0
  std: 1.0
  pkl_path: null
  dataset: CIFAR_SDP
  data_filter_path: null
  data_idx_file: null
specification:
  type: lp
  robustness_type: verified-acc
  norm: .inf
  epsilon: 0.00784313725
  epsilon_min: 0.0
  vnnlib_path: null
  vnnlib_path_prefix: ''
solver:
  batch_size: 4096
  min_batch_size_ratio: 0.1
  use_float64_in_last_iteration: false
  early_stop_patience: 10
  start_save_best: 0.5
  bound_prop_method: alpha-crown
  init_bound_prop_method: same
  prune_after_crown: false
  crown:
    batch_size: 1000000000
    max_crown_size: 1000000000
  alpha-crown:
    alpha: true
    lr_alpha: 0.1
    iteration: 100
    share_slopes: false
    no_joint_opt: false
    lr_decay: 0.98
    full_conv_alpha: true
  beta-crown:
    lr_alpha: 0.01
    lr_beta: 0.05
    lr_decay: 0.98
    optimizer: adam
    iteration: 20
    beta: true
    beta_warmup: true
    enable_opt_interm_bounds: false
    all_node_split_LP: false
  forward:
    refine: false
    dynamic: false
    max_dim: 10000
  intermediate_refinement:
    enabled: false
    batch_size: 10
    opt_coeffs: false
    opt_bias: false
    lr: 0.05
    layers: [-1]
    max_domains: 1000
  multi_class:
    label_batch_size: 32
    skip_with_refined_bound: true
  mip:
    parallel_solvers: null
    solver_threads: 1
    refine_neuron_timeout: 15
    refine_neuron_time_percentage: 0.8
    early_stop: true
    adv_warmup: true
    mip_solver: gurobi
bab:
  initial_max_domains: 1
  max_domains: .inf
  decision_thresh: 0
  timeout: 30
  timeout_scale: 1
  override_timeout: null
  get_upper_bound: false
  dfs_percent: 0.0
  pruning_in_iteration: true
  pruning_in_iteration_ratio: 0.2
  sort_targets: false
  batched_domain_list: true
  optimized_intermediate_layers: ''
  interm_transfer: true
  cut:
    enabled: false
    implication: false
    bab_cut: false
    lp_cut: false
    method: null
    lr: 0.01
    lr_decay: 1.0
    iteration: 100
    bab_iteration: -1
    early_stop_patience: -1
    lr_beta: 0.02
    number_cuts: 50
    topk_cuts_in_filter: 1000
    batch_size_primal: 100
    max_num: 1000000000
    patches_cut: false
    cplex_cuts: false
    cplex_cuts_wait: 0
    cplex_cuts_revpickup: true
    cut_reference_bounds: true
    fix_intermediate_bounds: false
    _tmp_cuts: null
    fixed_cuts: false
    add_implied_cuts: false
    add_input_cuts: false
  branching:
    method: kfsb
    candidates: 3
    reduceop: min
    sb_coeff_thresh: 0.001
    enable_intermediate_bound_opt: false
    branching_input_and_activation: false
    branching_input_and_activation_order: [input, relu]
    branching_input_iterations: 30
    branching_relu_iterations: 50
    sort_domain_interval: -1
    nonlinear_split:
      method: babsr_like
      branching_point_method: middle
      num_branches: 2
      branching_point_refinement: false
      naive_branching_score: false
      filter: false
      prioritize_mul: false
    input_split:
      enable: false
      enhanced_bound_prop_method: alpha-crown
      enhanced_branching_method: naive
      enhanced_bound_patience: 100000000.0
      attack_patience: 100000000.0
      adv_check: 0
  attack:
    enabled: false
    beam_candidates: 8
    beam_depth: 7
    max_dive_fix_ratio: 0.8
    min_local_free_ratio: 0.2
    mip_start_iteration: 5
    mip_timeout: 30.0
    adv_pool_threshold: null
    refined_mip_attacker: false
    refined_batch_size: null
attack:
  pgd_order: skip
  pgd_steps: 100
  pgd_restarts: 50
  pgd_early_stop: true
  pgd_lr_decay: 0.99
  pgd_alpha: auto
  pgd_loss_mode: null
  enable_mip_attack: false
  cex_path: ./test_cex.txt
  attack_mode: PGD
  gama_lambda: 10.0
  gama_decay: 0.9
  check_clean: false
  input_split:
    pgd_steps: 100
    pgd_restarts: 30
    pgd_alpha: auto
  input_split_enhanced:
    pgd_steps: 200
    pgd_restarts: 5000000
    pgd_alpha: auto
  input_split_check_adv:
    pgd_steps: 5
    pgd_restarts: 5
    pgd_alpha: auto
debug:
  lp_test: null

Experiments at Tue Mar 28 13:30:05 2023 on zeratul
Sequential(
  (0): Conv2d(3, 16, kernel_size=(4, 4), stride=(2, 2), padding=(1, 1))
  (1): ReLU()
  (2): Conv2d(16, 32, kernel_size=(4, 4), stride=(2, 2), padding=(1, 1))
  (3): ReLU()
  (4): Flatten()
  (5): Linear(in_features=2048, out_features=100, bias=True)
  (6): ReLU()
  (7): Linear(in_features=100, out_features=10, bias=True)
)
############################
Sampled data loaded. Data already preprocessed!
Shape: torch.Size([200, 3, 32, 32]) torch.Size([200]) torch.Size([200])
X range: tensor(2.12560368) tensor(-1.98888886) tensor(-0.01308714)
############################
Internal results will be saved to Verified_ret_[cnn_4layer_adv4]_start=132_end=133_iter=20_b=4096_timeout=30_branching=kfsb-min-3_lra-init=0.1_lra=0.01_lrb=0.05_PGD=skip_cplex_cuts=False.npy.

 %%%%%%%%%%%%%%%%%%%%%%%%%%%%%%%%%%% idx: 0, vnnlib ID: 132 %%%%%%%%%%%%%%%%%%%%%%%%%%%%%%%%%%%%%%%%
Model: BoundedModule(
  (/input.1): BoundInput(name=/input.1, inputs=[])
  (/1): BoundParams(name=/1, inputs=[])
  (/2): BoundParams(name=/2, inputs=[])
  (/3): BoundParams(name=/3, inputs=[])
  (/4): BoundParams(name=/4, inputs=[])
  (/5): BoundParams(name=/5, inputs=[])
  (/6): BoundParams(name=/6, inputs=[])
  (/7): BoundParams(name=/7, inputs=[])
  (/8): BoundParams(name=/8, inputs=[])
  (/input): BoundConv(name=/input, inputs=[/input.1, /1, /2])
  (/input.4): BoundRelu(name=/input.4, inputs=[/input])
  (/input.8): BoundConv(name=/input.8, inputs=[/input.4, /3, /4])
  (/12): BoundRelu(name=/12, inputs=[/input.8])
  (/13): BoundShape(name=/13, inputs=[/12])
  (/14): BoundConstant(name=/14, inputs=[])
  (/15): BoundGather(name=/15, inputs=[/13, /14])
  (/16): BoundConstant(name=/16, inputs=[])
  (/17): BoundUnsqueeze(name=/17, inputs=[/15])
  (/18): BoundUnsqueeze(name=/18, inputs=[/16])
  (/19): BoundConcat(name=/19, inputs=[/17, /18])
  (/20): BoundReshape(name=/20, inputs=[/12, /19])
  (/input.12): BoundLinear(name=/input.12, inputs=[/20, /5, /6])
  (/22): BoundRelu(name=/22, inputs=[/input.12])
  (/23): BoundLinear(name=/23, inputs=[/22, /7, /8])
)
Model prediction is: tensor([[-16.95324135, -15.74180412, -20.80966187, -22.22572899, -21.19065666,
         -22.59030914, -22.29429817, -21.67894745, -16.55251884, -15.91639042]],
       device='cuda:0')
layer /input.4 using sparse-features alpha with shape [432]; unstable size 432; total size 4096 (torch.Size([1, 16, 16, 16]))
layer /input.4 start_node /input.8 using sparse-spec alpha with unstable size 131 total_size 2048 output_shape (32, 8, 8)
layer /input.4 start_node /input.12 using sparse-spec alpha with unstable size 2 total_size 100 output_shape torch.Size([100])
layer /input.4 start_node /23 using full alpha with unstable size None total_size 9 output_shape 9
layer /12 using sparse-features alpha with shape [131]; unstable size 131; total size 2048 (torch.Size([1, 32, 8, 8]))
layer /12 start_node /input.12 using sparse-spec alpha with unstable size 2 total_size 100 output_shape torch.Size([100])
layer /12 start_node /23 using full alpha with unstable size None total_size 9 output_shape 9
layer /22 using sparse-features alpha with shape [2]; unstable size 2; total size 100 (torch.Size([1, 100]))
layer /22 start_node /23 using full alpha with unstable size None total_size 9 output_shape 9
Optimizable variables initialized.
initial CROWN bounds: tensor([[ 0.68451166,  4.31257534,  5.69330406,  4.56155396,  6.04201508,
          5.73533535,  5.05597782,  0.24247456, -0.06809068]], device='cuda:0') None
best_l after optimization: 32.3928108215332
alpha/beta optimization time: 7.232015371322632
initial alpha-CROWN bounds: tensor([[ 0.69410324,  4.32739592,  5.71205139,  4.58095217,  6.06094646,
          5.75458622,  5.07054901,  0.25388432, -0.06165731]], device='cuda:0')
Worst class: (+ rhs) -0.06165730953216553
Split layers:
  BoundConv(name=/input, inputs=[/input.1, /1, /2]): [(BoundRelu(name=/input.4, inputs=[/input]), 0)]
  BoundConv(name=/input.8, inputs=[/input.4, /3, /4]): [(BoundRelu(name=/12, inputs=[/input.8]), 0)]
  BoundLinear(name=/input.12, inputs=[/20, /5, /6]): [(BoundRelu(name=/22, inputs=[/input.12]), 0)]
Total VNNLIB file length: 9, max property batch size: 1, total number of batches: 9
lA shape: [torch.Size([1, 9, 16, 16, 16]), torch.Size([1, 9, 32, 8, 8]), torch.Size([1, 9, 100])]

Properties batch 0, size 1
Remaining timeout: 12.063885688781738
##### Instance 0 first 10 spec matrices: 
tensor([[[-1.,  1.,  0.,  0.,  0.,  0.,  0.,  0.,  0.,  0.]]])
thresholds: [0] ######
Initial alpha-CROWN verified for spec index [0] with bound 0.6941032409667969.

Properties batch 1, size 1
Remaining timeout: 11.867120742797852
##### Instance 0 first 10 spec matrices: 
tensor([[[ 0.,  1., -1.,  0.,  0.,  0.,  0.,  0.,  0.,  0.]]])
thresholds: [0] ######
Initial alpha-CROWN verified for spec index [0] with bound 4.327395915985107.

Properties batch 2, size 1
Remaining timeout: 11.802817344665527
##### Instance 0 first 10 spec matrices: 
tensor([[[ 0.,  1.,  0., -1.,  0.,  0.,  0.,  0.,  0.,  0.]]])
thresholds: [0] ######
Initial alpha-CROWN verified for spec index [0] with bound 5.7120513916015625.

Properties batch 3, size 1
Remaining timeout: 11.737868309020996
##### Instance 0 first 10 spec matrices: 
tensor([[[ 0.,  1.,  0.,  0., -1.,  0.,  0.,  0.,  0.,  0.]]])
thresholds: [0] ######
Initial alpha-CROWN verified for spec index [0] with bound 4.580952167510986.

Properties batch 4, size 1
Remaining timeout: 11.675455093383789
##### Instance 0 first 10 spec matrices: 
tensor([[[ 0.,  1.,  0.,  0.,  0., -1.,  0.,  0.,  0.,  0.]]])
thresholds: [0] ######
Initial alpha-CROWN verified for spec index [0] with bound 6.060946464538574.

Properties batch 5, size 1
Remaining timeout: 11.614280223846436
##### Instance 0 first 10 spec matrices: 
tensor([[[ 0.,  1.,  0.,  0.,  0.,  0., -1.,  0.,  0.,  0.]]])
thresholds: [0] ######
Initial alpha-CROWN verified for spec index [0] with bound 5.754586219787598.

Properties batch 6, size 1
Remaining timeout: 11.544783115386963
##### Instance 0 first 10 spec matrices: 
tensor([[[ 0.,  1.,  0.,  0.,  0.,  0.,  0., -1.,  0.,  0.]]])
thresholds: [0] ######
Initial alpha-CROWN verified for spec index [0] with bound 5.070549011230469.

Properties batch 7, size 1
Remaining timeout: 11.479020118713379
##### Instance 0 first 10 spec matrices: 
tensor([[[ 0.,  1.,  0.,  0.,  0.,  0.,  0.,  0., -1.,  0.]]])
thresholds: [0] ######
Initial alpha-CROWN verified for spec index [0] with bound 0.25388431549072266.

Properties batch 8, size 1
Remaining timeout: 11.409824848175049
##### Instance 0 first 10 spec matrices: 
tensor([[[ 0.,  1.,  0.,  0.,  0.,  0.,  0.,  0.,  0., -1.]]])
thresholds: [0] ######
Remaining spec index [0] with bounds tensor([[-0.06165731]], device='cuda:0') need to verify.
Model: BoundedModule(
  (/input.1): BoundInput(name=/input.1, inputs=[])
  (/1): BoundParams(name=/1, inputs=[])
  (/2): BoundParams(name=/2, inputs=[])
  (/3): BoundParams(name=/3, inputs=[])
  (/4): BoundParams(name=/4, inputs=[])
  (/5): BoundParams(name=/5, inputs=[])
  (/6): BoundParams(name=/6, inputs=[])
  (/7): BoundParams(name=/7, inputs=[])
  (/8): BoundParams(name=/8, inputs=[])
  (/input): BoundConv(name=/input, inputs=[/input.1, /1, /2])
  (/input.4): BoundRelu(name=/input.4, inputs=[/input])
  (/input.8): BoundConv(name=/input.8, inputs=[/input.4, /3, /4])
  (/12): BoundRelu(name=/12, inputs=[/input.8])
  (/13): BoundShape(name=/13, inputs=[/12])
  (/14): BoundConstant(name=/14, inputs=[])
  (/15): BoundGather(name=/15, inputs=[/13, /14])
  (/16): BoundConstant(name=/16, inputs=[])
  (/17): BoundUnsqueeze(name=/17, inputs=[/15])
  (/18): BoundUnsqueeze(name=/18, inputs=[/16])
  (/19): BoundConcat(name=/19, inputs=[/17, /18])
  (/20): BoundReshape(name=/20, inputs=[/12, /19])
  (/input.12): BoundLinear(name=/input.12, inputs=[/20, /5, /6])
  (/22): BoundRelu(name=/22, inputs=[/input.12])
  (/23): BoundLinear(name=/23, inputs=[/22, /7, /8])
)
Model prediction is: tensor([-16.95324135, -15.74180412, -20.80966187, -22.22572899, -21.19065666,
        -22.59030914, -22.29429817, -21.67894745, -16.55251884, -15.91639042],
       device='cuda:0')
build_with_refined_bounds batch [0/1]
setting alpha for layer /input.4 start_node /23 with alignment adjustment
setting alpha for layer /12 start_node /23 with alignment adjustment
setting alpha for layer /22 start_node /23 with alignment adjustment
all slope initialized
directly get lb and ub from refined bounds
lA shapes: [torch.Size([1, 1, 16, 16, 16]), torch.Size([1, 1, 32, 8, 8]), torch.Size([1, 1, 100])]
c shape: torch.Size([1, 1, 10])
alpha-CROWN with fixed intermediate bounds: tensor([[-0.06165731]], device='cuda:0') tensor([[inf]], device='cuda:0')
Intermediate layers: /input,/input.8,/input.12,/23
Split layers:
  BoundConv(name=/input.8, inputs=[/input.4, /3, /4]): [(BoundRelu(name=/12, inputs=[/input.8]), 0)]
  BoundConv(name=/input, inputs=[/input.1, /1, /2]): [(BoundRelu(name=/input.4, inputs=[/input]), 0)]
  BoundLinear(name=/input.12, inputs=[/20, /5, /6]): [(BoundRelu(name=/22, inputs=[/input.12]), 0)]
Keeping slopes for these layers: ['/23']
Keeping slopes for these layers: ['/23']
Node /input.4 input 0: size torch.Size([16, 16, 16]) unstable 432
Node /12 input 0: size torch.Size([32, 8, 8]) unstable 131
Node /22 input 0: size torch.Size([100]) unstable 2
-----------------
# of unstable neurons: 565
-----------------

BaB round 1
batch: 1
Average branched neurons at iteration 1:  1.0000
splitting decisions: 
split level 0: [/input.8, 1252] 
split level 1: [/input.8, 1570] 
split level 2: [/input.8, 1436] 
split level 3: [/input.8, 1699] 
split level 4: [/input.8, 915] 
split level 5: [/input.8, 1446] 
split level 6: [/input.8, 1428] 
split level 7: [/input.8, 1106] 
pruning_in_iteration open status: False
ratio of positive domain = 0 / 256 = 0.0
pruning-in-iteration extra time: 0.00020694732666015625
Time: prepare 0.0179    beta_bound 0.9252    bound 0.9253    transfer 0.0032    finalize 0.0244    func 0.9708    
Accumulated time: func 0.9708    prepare 0.0191    bound 0.9253    beta_bound 0.9252    transfer 0.0032    finalize 0.0244    
batch bounding time:  0.9710984230041504
Current worst splitting domains lb-rhs (depth):
-0.04454 (8), -0.04447 (8), -0.04408 (8), -0.04401 (8), -0.04364 (8), -0.04359 (8), -0.04356 (8), -0.04350 (8), -0.04316 (8), -0.04314 (8), -0.04310 (8), -0.04309 (8), -0.04306 (8), -0.04300 (8), -0.04256 (8), -0.04256 (8), -0.04249 (8), -0.04248 (8), -0.04239 (8), -0.04233 (8), 
length of domains: 256
Time: pickout 0.0009    decision 0.5177    set_bounds 0.0129    solve 0.9711    add 0.0125    
Accumulated time: pickout 0.0009    decision 0.5177    set_bounds 0.0129    solve 0.9711    add 0.0125    
Current (lb-rhs): -0.04453730583190918
256 domains visited
Cumulative time: 1.6039371490478516

BaB round 2
batch: 256
Average branched neurons at iteration 2:  1.0000
splitting decisions: 
split level 0: [/input.8, 38] [/input.8, 38] [/input.8, 38] [/input.8, 38] [/input, 1160] [/input, 1160] [/input.8, 1771] [/input.8, 1771] [/input.8, 38] [/input.8, 38] 
pruning_in_iteration open status: False
ratio of positive domain = 0 / 512 = 0.0
pruning-in-iteration extra time: 0.00025916099548339844
Time: prepare 0.0427    beta_bound 0.3674    bound 0.3675    transfer 0.0037    finalize 0.0435    func 0.4578    
Accumulated time: func 1.4286    prepare 0.0626    bound 1.2928    beta_bound 1.2925    transfer 0.0069    finalize 0.0679    
batch bounding time:  0.45833420753479004
Current worst splitting domains lb-rhs (depth):
-0.04308 (9), -0.04302 (9), -0.04300 (9), -0.04294 (9), -0.04261 (9), -0.04256 (9), -0.04247 (9), -0.04241 (9), -0.04215 (9), -0.04211 (9), -0.04210 (9), -0.04205 (9), -0.04204 (9), -0.04198 (9), -0.04197 (9), -0.04190 (9), -0.04170 (9), -0.04167 (9), -0.04163 (9), -0.04163 (9), 
length of domains: 512
Time: pickout 0.0017    decision 0.0998    set_bounds 0.0033    solve 0.4584    add 0.0255    
Accumulated time: pickout 0.0026    decision 0.6176    set_bounds 0.0162    solve 1.4295    add 0.0380    
Current (lb-rhs): -0.043077707290649414
768 domains visited
Cumulative time: 2.194143533706665

BaB round 3
batch: 512
Average branched neurons at iteration 3:  1.0000
splitting decisions: 
split level 0: [/input.8, 1698] [/input.8, 1698] [/input.8, 1771] [/input.8, 1771] [/input.8, 38] [/input.8, 38] [/input.8, 38] [/input.8, 38] [/input.8, 1698] [/input.8, 1698] 
pruning_in_iteration open status: False
ratio of positive domain = 0 / 1024 = 0.0
pruning-in-iteration extra time: 0.0001506805419921875
Time: prepare 0.0785    beta_bound 0.3592    bound 0.3593    transfer 0.0070    finalize 0.0856    func 0.5308    
Accumulated time: func 1.9595    prepare 0.1417    bound 1.6520    beta_bound 1.6517    transfer 0.0140    finalize 0.1535    
batch bounding time:  0.5332920551300049
Current worst splitting domains lb-rhs (depth):
-0.04184 (10), -0.04179 (10), -0.04177 (10), -0.04172 (10), -0.04138 (10), -0.04134 (10), -0.04125 (10), -0.04120 (10), -0.04091 (10), -0.04090 (10), -0.04088 (10), -0.04085 (10), -0.04084 (10), -0.04081 (10), -0.04081 (10), -0.04073 (10), -0.04047 (10), -0.04042 (10), -0.04041 (10), -0.04041 (10), 
length of domains: 1024
Time: pickout 0.0020    decision 0.1382    set_bounds 0.0069    solve 0.5333    add 0.0479    
Accumulated time: pickout 0.0047    decision 0.7558    set_bounds 0.0232    solve 1.9628    add 0.0859    
Current (lb-rhs): -0.04184228181838989
1792 domains visited
Cumulative time: 2.924630641937256

BaB round 4
batch: 1024
Average branched neurons at iteration 4:  1.0000
splitting decisions: 
split level 0: [/input.8, 1771] [/input.8, 1771] [/input.8, 1698] [/input.8, 1698] [/input.8, 1698] [/input.8, 1698] [/input.8, 1698] [/input.8, 1698] [/input.8, 1771] [/input.8, 1771] 
pruning_in_iteration open status: False
ratio of positive domain = 0 / 2048 = 0.0
pruning-in-iteration extra time: 0.0001404285430908203
Time: prepare 0.2176    beta_bound 0.4123    bound 0.4125    transfer 0.0130    finalize 0.1648    func 0.8086    
Accumulated time: func 2.7681    prepare 0.3600    bound 2.0645    beta_bound 2.0640    transfer 0.0269    finalize 0.3183    
batch bounding time:  0.8095591068267822
Current worst splitting domains lb-rhs (depth):
-0.04081 (11), -0.04073 (11), -0.04049 (11), -0.04041 (11), -0.04026 (11), -0.04026 (11), -0.04018 (11), -0.04013 (11), -0.04003 (11), -0.03989 (11), -0.03988 (11), -0.03987 (11), -0.03983 (11), -0.03982 (11), -0.03979 (11), -0.03967 (11), -0.03966 (11), -0.03959 (11), -0.03957 (11), -0.03950 (11), 
length of domains: 2048
Time: pickout 0.0017    decision 0.2319    set_bounds 0.0213    solve 0.8096    add 0.1863    
Accumulated time: pickout 0.0064    decision 0.9878    set_bounds 0.0444    solve 2.7724    add 0.2722    
Current (lb-rhs): -0.04080760478973389
3840 domains visited
Cumulative time: 4.181422233581543

BaB round 5
batch: 2048
Average branched neurons at iteration 5:  1.0000
splitting decisions: 
split level 0: [/input, 1160] [/input.8, 1117] [/input, 1160] [/input.8, 1117] [/input.8, 1771] [/input.8, 1771] [/input, 1160] [/input, 1160] [/input.8, 1117] [/input.8, 1117] 
pruning_in_iteration open status: False
ratio of positive domain = 0 / 4096 = 0.0
pruning-in-iteration extra time: 0.00012063980102539062
Time: prepare 0.3829    beta_bound 0.5572    bound 0.5573    transfer 0.0630    finalize 0.3640    func 1.4774    
Accumulated time: func 4.2455    prepare 0.7437    bound 2.6218    beta_bound 2.6212    transfer 0.0900    finalize 0.6823    
batch bounding time:  1.4807689189910889
Current worst splitting domains lb-rhs (depth):
-0.03981 (12), -0.03974 (12), -0.03950 (12), -0.03942 (12), -0.03926 (12), -0.03923 (12), -0.03918 (12), -0.03910 (12), -0.03897 (12), -0.03897 (12), -0.03895 (12), -0.03890 (12), -0.03890 (12), -0.03881 (12), -0.03871 (12), -0.03865 (12), -0.03857 (12), -0.03857 (12), -0.03847 (12), -0.03842 (12), 
length of domains: 4096
Time: pickout 0.0011    decision 0.4526    set_bounds 0.0405    solve 1.4808    add 0.4414    
Accumulated time: pickout 0.0075    decision 1.4404    set_bounds 0.0849    solve 4.2532    add 0.7136    
Current (lb-rhs): -0.039812445640563965
7936 domains visited
Cumulative time: 6.613671064376831

BaB round 6
batch: 4096
Average branched neurons at iteration 6:  1.0000
splitting decisions: 
split level 0: [/input.8, 867] [/input, 651] [/input.8, 867] [/input, 651] [/input.8, 1117] [/input.8, 1117] [/input.8, 1117] [/input.8, 1117] [/input.8, 867] [/input, 651] 
pruning_in_iteration open status: False
ratio of positive domain = 76 / 8192 = 0.00927734375
pruning-in-iteration extra time: 0.00014829635620117188
Time: prepare 0.8096    beta_bound 1.0310    bound 1.0311    transfer 0.1602    finalize 0.8361    func 2.8391    
Accumulated time: func 7.0846    prepare 1.5541    bound 3.6528    beta_bound 3.6522    transfer 0.2502    finalize 1.5184    
batch bounding time:  2.84395432472229
Current worst splitting domains lb-rhs (depth):
-0.03864 (13), -0.03857 (13), -0.03854 (13), -0.03851 (13), -0.03846 (13), -0.03843 (13), -0.03827 (13), -0.03819 (13), -0.03806 (13), -0.03795 (13), -0.03794 (13), -0.03793 (13), -0.03792 (13), -0.03787 (13), -0.03785 (13), -0.03782 (13), -0.03780 (13), -0.03779 (13), -0.03778 (13), -0.03773 (13), 
length of domains: 8114
Time: pickout 0.0016    decision 0.5945    set_bounds 0.1692    solve 2.8440    add 1.0391    
Accumulated time: pickout 0.0091    decision 2.0349    set_bounds 0.2541    solve 7.0972    add 1.7527    
Current (lb-rhs): -0.038644492626190186
16050 domains visited
Cumulative time: 11.320771932601929

BaB round 7
batch: 4096
Average branched neurons at iteration 7:  1.0000
splitting decisions: 
split level 0: [/input.8, 1117] [/input.8, 867] [/input.8, 1117] [/input.8, 867] [/input.8, 867] [/input.8, 867] [/input.8, 867] [/input.8, 867] [/input, 1160] [/input.8, 867] 
pruning_in_iteration open status: False
ratio of positive domain = 11 / 8192 = 0.0013427734375
pruning-in-iteration extra time: 0.00019240379333496094
Time: prepare 0.7597    beta_bound 1.0350    bound 1.0351    transfer 0.1769    finalize 0.8173    func 2.7913    
Accumulated time: func 9.8759    prepare 2.3145    bound 4.6879    beta_bound 4.6871    transfer 0.4272    finalize 2.3357    
batch bounding time:  2.7954795360565186
Current worst splitting domains lb-rhs (depth):
-0.03864 (13), -0.03857 (13), -0.03806 (13), -0.03794 (13), -0.03793 (13), -0.03787 (13), -0.03780 (13), -0.03773 (13), -0.03763 (14), -0.03759 (14), -0.03755 (14), -0.03752 (14), -0.03747 (13), -0.03739 (13), -0.03735 (14), -0.03734 (13), -0.03728 (14), -0.03726 (13), -0.03718 (13), -0.03717 (13), 
length of domains: 12197
Time: pickout 0.0144    decision 0.6453    set_bounds 0.2210    solve 2.7955    add 1.2782    
Accumulated time: pickout 0.0235    decision 2.6802    set_bounds 0.4750    solve 9.8928    add 3.0309    
Current (lb-rhs): -0.038644492626190186
24229 domains visited
Time out!!!!!!!!
Result: unknown in 35.1764 seconds
############# Summary #############
Final verified acc: 0.0% (total 1 examples)
Problem instances count: 1 , total verified (safe/unsat): 0 , total falsified (unsafe/sat): 0 , timeout: 1
mean time for ALL instances (total 1):35.17605867604349, max time: 35.17641043663025
unknown (total 1), index: [0]
