Configurations:

general:
  device: cuda
  seed: 100
  conv_mode: matrix
  deterministic: false
  double_fp: false
  loss_reduction_func: sum
  sparse_alpha: true
  save_adv_example: false
  precompile_jit: false
  complete_verifier: bab
  enable_incomplete_verification: false
  csv_name: instances.csv
  results_file: out.txt
  root_path: ../../vnncomp2022_benchmarks/benchmarks/reach_prob_density/
model:
  name: null
  path: null
  onnx_path: null
  onnx_path_prefix: ''
  cache_onnx_conversion: false
  onnx_quirks: null
  input_shape: null
  onnx_loader: default_onnx_and_vnnlib_loader
  onnx_optimization_flags: none
data:
  start: 27
  end: 28
  select_instance: null
  num_outputs: 10
  mean: 0.0
  std: 1.0
  pkl_path: null
  dataset: null
  data_filter_path: null
  data_idx_file: null
specification:
  type: lp
  robustness_type: verified-acc
  norm: .inf
  epsilon: null
  epsilon_min: 0.0
  vnnlib_path: null
  vnnlib_path_prefix: ''
solver:
  batch_size: 8192
  min_batch_size_ratio: 0.1
  use_float64_in_last_iteration: false
  early_stop_patience: 10
  start_save_best: 0.5
  bound_prop_method: alpha-crown
  init_bound_prop_method: same
  prune_after_crown: false
  crown:
    batch_size: 1000000000
    max_crown_size: 1000000000
  alpha-crown:
    alpha: true
    lr_alpha: 0.1
    iteration: 100
    share_slopes: false
    no_joint_opt: false
    lr_decay: 0.98
    full_conv_alpha: true
  beta-crown:
    lr_alpha: 0.03
    lr_beta: 0.08
    lr_decay: 0.98
    optimizer: adam
    iteration: 100
    beta: true
    beta_warmup: true
    enable_opt_interm_bounds: false
    all_node_split_LP: true
  forward:
    refine: false
    dynamic: false
    max_dim: 10000
  intermediate_refinement:
    enabled: false
    batch_size: 10
    opt_coeffs: false
    opt_bias: false
    lr: 0.05
    layers: [-1]
    max_domains: 1000
  multi_class:
    label_batch_size: 32
    skip_with_refined_bound: true
  mip:
    parallel_solvers: null
    solver_threads: 1
    refine_neuron_timeout: 15
    refine_neuron_time_percentage: 0.8
    early_stop: true
    adv_warmup: true
    mip_solver: gurobi
bab:
  initial_max_domains: 1
  max_domains: .inf
  decision_thresh: 0
  timeout: 360
  timeout_scale: 1
  override_timeout: null
  get_upper_bound: false
  dfs_percent: 0.0
  pruning_in_iteration: true
  pruning_in_iteration_ratio: 0.2
  sort_targets: false
  batched_domain_list: true
  optimized_intermediate_layers: ''
  interm_transfer: true
  cut:
    enabled: false
    implication: false
    bab_cut: false
    lp_cut: false
    method: null
    lr: 0.01
    lr_decay: 1.0
    iteration: 100
    bab_iteration: -1
    early_stop_patience: -1
    lr_beta: 0.02
    number_cuts: 50
    topk_cuts_in_filter: 1000
    batch_size_primal: 100
    max_num: 1000000000
    patches_cut: false
    cplex_cuts: false
    cplex_cuts_wait: 0
    cplex_cuts_revpickup: true
    cut_reference_bounds: true
    fix_intermediate_bounds: false
    _tmp_cuts: null
    fixed_cuts: false
    add_implied_cuts: false
    add_input_cuts: false
  branching:
    method: kfsb
    candidates: 3
    reduceop: min
    sb_coeff_thresh: 0.001
    enable_intermediate_bound_opt: false
    branching_input_and_activation: false
    branching_input_and_activation_order: [input, relu]
    branching_input_iterations: 30
    branching_relu_iterations: 50
    sort_domain_interval: -1
    nonlinear_split:
      method: babsr_like
      branching_point_method: middle
      num_branches: 2
      branching_point_refinement: false
      naive_branching_score: false
      filter: false
      prioritize_mul: false
    input_split:
      enable: false
      enhanced_bound_prop_method: alpha-crown
      enhanced_branching_method: naive
      enhanced_bound_patience: 100000000.0
      attack_patience: 100000000.0
      adv_check: 0
  attack:
    enabled: false
    beam_candidates: 8
    beam_depth: 7
    max_dive_fix_ratio: 0.8
    min_local_free_ratio: 0.2
    mip_start_iteration: 5
    mip_timeout: 30.0
    adv_pool_threshold: null
    refined_mip_attacker: false
    refined_batch_size: null
attack:
  pgd_order: before
  pgd_steps: 100
  pgd_restarts: 30
  pgd_early_stop: true
  pgd_lr_decay: 0.99
  pgd_alpha: auto
  pgd_loss_mode: null
  enable_mip_attack: false
  cex_path: ./test_cex.txt
  attack_mode: PGD
  gama_lambda: 10.0
  gama_decay: 0.9
  check_clean: false
  input_split:
    pgd_steps: 100
    pgd_restarts: 30
    pgd_alpha: auto
  input_split_enhanced:
    pgd_steps: 200
    pgd_restarts: 5000000
    pgd_alpha: auto
  input_split_check_adv:
    pgd_steps: 5
    pgd_restarts: 5
    pgd_alpha: auto
debug:
  lp_test: null

Experiments at Tue Mar 28 13:39:52 2023 on zeratul
customized start/end sample from instance 27 to 28 in instances.csv
Internal results will be saved to a-b-crown_[instances]_start=27_end=28_iter=100_b=8192_timeout=360_branching=kfsb-min-3_lra-init=0.1_lra=0.03_lrb=0.08_PGD=before_cplex_cuts=False_initial_max_domains=1.npz.

 %%%%%%%%%%%%%%%%%%%%%%%%%%%%%%%%%%% idx: 0, vnnlib ID: 27 %%%%%%%%%%%%%%%%%%%%%%%%%%%%%%%%%%%%%%%%
Using onnx onnx/gcas.onnx
Using vnnlib vnnlib/gcas_3.vnnlib
Precompiled vnnlib file found at ../../vnncomp2022_benchmarks/benchmarks/reach_prob_density/vnnlib/gcas_3.vnnlib.compiled
Loading onnx ../../vnncomp2022_benchmarks/benchmarks/reach_prob_density/onnx/gcas.onnx wih quirks {}
Attack parameters: initialization=uniform, steps=100, restarts=30, alpha=0.8551223874092102, initialization=uniform, GAMA=False
Model output of first 5 examples:
 tensor([[ 0.25884616, -1.29152346,  0.83221835, -0.25051379, -1.25049591,
          1.19042337, -0.26158506, -0.23011562, -0.37181437, -0.72184801,
          0.52231967, -0.08015925,  0.96334743,  0.35379055]], device='cuda:0')
Adv example prediction (first 2 examples and 2 restarts):
 tensor([[[ 0.28061047,  0.23293243,  0.42544365,  0.17161620, -0.14736749,
           1.33588052,  0.51121306, -0.18002586, -0.01611786, -0.13562657,
           1.44448590,  0.68617654, -0.98067898,  0.84922409]]],
       device='cuda:0')
PGD attack margin (first 2 examles and 10 specs):
 tensor([[[ 1.30313230, -0.28061047]]], device='cuda:0')
number of violation:  1
Attack finished in 2.3785 seconds.
PGD attack failed
Total VNNLIB file length: 1, max property batch size: 1, total number of batches: 1

Properties batch 0, size 1
Remaining timeout: 592.3591637611389
##### Instance 0 first 10 spec matrices: 
tensor([[[ 0.,  0.,  0.,  0.,  0.,  0.,  0.,  0.,  0.,  0.,  0.,  0.,  1.,  0.],
         [-1.,  0.,  0.,  0.,  0.,  0.,  0.,  0.,  0.,  0.,  0.,  0.,  0.,  0.]]],
       dtype=torch.float64)
thresholds: [-2.2838114  0.       ] ######
Model: BoundedModule(
  (/0): BoundInput(name=/0, inputs=[])
  (/7): BoundParams(name=/7, inputs=[])
  (/8): BoundParams(name=/8, inputs=[])
  (/9): BoundParams(name=/9, inputs=[])
  (/10): BoundParams(name=/10, inputs=[])
  (/11): BoundParams(name=/11, inputs=[])
  (/12): BoundParams(name=/12, inputs=[])
  (/input): BoundLinear(name=/input, inputs=[/0, /7, /8])
  (/14): BoundRelu(name=/14, inputs=[/input])
  (/input.3): BoundLinear(name=/input.3, inputs=[/14, /9, /10])
  (/16): BoundRelu(name=/16, inputs=[/input.3])
  (/17): BoundLinear(name=/17, inputs=[/16, /11, /12])
)
Model prediction is: tensor([ 0.25884616, -1.29152346,  0.83221835, -0.25051379, -1.25049591,
         1.19042337, -0.26158506, -0.23011562, -0.37181437, -0.72184801,
         0.52231967, -0.08015925,  0.96334743,  0.35379055], device='cuda:0')
layer /14 using full alpha with shape torch.Size([32]); unstable size 32; total size 32 (torch.Size([1, 32]))
layer /14 start_node /input.3 using full alpha with unstable size 32 total_size 32 output_shape torch.Size([32])
layer /14 start_node /17 using full alpha with unstable size None total_size 2 output_shape 2
layer /16 using full alpha with shape torch.Size([32]); unstable size 32; total size 32 (torch.Size([1, 32]))
layer /16 start_node /17 using full alpha with unstable size None total_size 2 output_shape 2
Optimizable variables initialized.
initial CROWN bounds: tensor([[-6.71143723, -0.51940560]], device='cuda:0') None
best_l after optimization: -5.713210582733154
alpha/beta optimization time: 3.711780548095703
initial alpha-CROWN bounds: tensor([[-5.29675722, -0.41645321]], device='cuda:0')
Worst class: (+ rhs) -5.296757221221924
Split layers:
  BoundLinear(name=/input.3, inputs=[/14, /9, /10]): [(BoundRelu(name=/16, inputs=[/input.3]), 0)]
  BoundLinear(name=/input, inputs=[/0, /7, /8]): [(BoundRelu(name=/14, inputs=[/input]), 0)]
preset mip_multi_proc as default setting: 72
Set parameter Username
Academic license - for non-commercial use only - expires 2024-02-29
/home/zhouxingshi/miniconda3/envs/alpha-beta-crown/lib/python3.7/site-packages/onnx2pytorch/convert/layer.py:30: UserWarning: The given NumPy array is not writable, and PyTorch does not support non-writable tensors. This means writing to this tensor will result in undefined behavior. You may want to copy the array to protect its data or make it writable before converting it to a tensor. This type of warning will be suppressed for the rest of this program. (Triggered internally at  /opt/conda/conda-bld/pytorch_1646755953518/work/torch/csrc/utils/tensor_numpy.cpp:178.)
  layer.weight.data = torch.from_numpy(numpy_helper.to_array(weight))
/home/zhouxingshi/miniconda3/envs/alpha-beta-crown/lib/python3.7/site-packages/onnx2pytorch/convert/model.py:154: UserWarning: Using experimental implementation that allows 'batch_size > 1'.Batchnorm layers could potentially produce false outputs.
  "Using experimental implementation that allows 'batch_size > 1'."
mip_multi_proc: 72, mip_threads: 1, total threads used: 72
lp solver model built in 0.0451 seconds.
Keeping slopes for these layers: ['/17']
Node /14 input 0: size torch.Size([32]) unstable 32
Node /16 input 0: size torch.Size([32]) unstable 32
-----------------
# of unstable neurons: 64
-----------------

BaB round 1
batch: 1
Average branched neurons at iteration 1:  1.0000
splitting decisions: 
split level 0: [/input.3, 30] 
split level 1: [/input.3, 5] 
split level 2: [/input.3, 27] 
split level 3: [/input.3, 6] 
split level 4: [/input.3, 1] 
split level 5: [/input.3, 15] 
split level 6: [/input.3, 8] 
split level 7: [/input.3, 21] 
split level 8: [/input.3, 14] 
best_l after optimization: -832.1492309570312
beta sum per layer: [0.2818866968154907, 0.0]
alpha/beta optimization time: 1.2562217712402344
pruning_in_iteration open status: True
ratio of positive domain = 488 / 512 = 0.953125
pruning-in-iteration extra time: 0.08056211471557617
Time: prepare 0.0278    beta_bound 1.2570    bound 1.2572    transfer 0.0005    finalize 0.0170    func 1.3029    
Accumulated time: func 1.3029    prepare 0.0297    bound 1.2572    beta_bound 1.2570    transfer 0.0005    finalize 0.0170    
batch bounding time:  1.3034296035766602
Current worst splitting domains lb-rhs (depth):
-0.40459 (9), -0.40444 (9), -0.40069 (9), -0.40013 (9), -0.39919 (9), -0.39165 (9), -0.38330 (9), -0.37188 (9), -0.33963 (9), -0.24094 (9), -0.22188 (9), -0.20595 (9), -0.20416 (9), -0.19216 (9), -0.18327 (9), -0.17083 (9), -0.16459 (9), -0.12431 (9), -0.09403 (9), -0.06848 (9), 
length of domains: 24
Time: pickout 0.0010    decision 0.0513    set_bounds 0.0155    solve 1.3035    add 0.0178    
Accumulated time: pickout 0.0010    decision 0.0513    set_bounds 0.0155    solve 1.3035    add 0.0178    
Current (lb-rhs): -0.4045872986316681
24 domains visited
Cumulative time: 6.146708965301514

BaB round 2
batch: 24
Average branched neurons at iteration 2:  1.0000
splitting decisions: 
split level 0: [/input.3, 22] [/input.3, 22] [/input.3, 22] [/input.3, 22] [/input.3, 22] [/input.3, 22] [/input.3, 22] [/input.3, 22] [/input.3, 22] [/input.3, 22] 
split level 1: [/input.3, 3] [/input, 9] [/input.3, 3] [/input.3, 3] [/input.3, 3] [/input.3, 3] [/input.3, 3] [/input.3, 3] [/input.3, 3] [/input.3, 3] 
split level 2: [/input, 9] [/input.3, 3] [/input, 9] [/input, 31] [/input, 26] [/input, 26] [/input, 9] [/input, 9] [/input, 31] [/input, 9] 
split level 3: [/input, 25] [/input, 26] [/input, 26] [/input, 9] [/input, 9] [/input, 22] [/input, 26] [/input.3, 11] [/input, 26] [/input.3, 11] 
split level 4: [/input, 26] [/input, 31] [/input.3, 11] [/input, 26] [/input, 31] [/input, 31] [/input, 31] [/input, 26] [/input, 9] [/input, 26] 

all verified at 0th iter
best_l after optimization: -1075.751220703125
beta sum per layer: [9.020373344421387, 0.0]
alpha/beta optimization time: 0.010203361511230469
pruning_in_iteration open status: False
ratio of positive domain = 768 / 768 = 1.0
pruning-in-iteration extra time: 0.0002155303955078125
Time: prepare 0.0605    beta_bound 0.0108    bound 0.0110    transfer 0.0007    finalize 0.0329    func 0.1053    
Accumulated time: func 1.4081    prepare 0.0913    bound 1.2681    beta_bound 1.2679    transfer 0.0011    finalize 0.0499    
batch bounding time:  0.10573410987854004
length of domains: 0
Time: pickout 0.0011    decision 0.0501    set_bounds 0.0135    solve 0.1058    add 0.0287    
Accumulated time: pickout 0.0021    decision 0.1014    set_bounds 0.0291    solve 1.4092    add 0.0465    
No domains left, verification finished!
Current (lb-rhs): 1.0000000116860974e-07
24 domains visited
Cumulative time: 6.348194599151611

Result: safe in 14.1483 seconds
############# Summary #############
Final verified acc: 100.0% (total 1 examples)
Problem instances count: 1 , total verified (safe/unsat): 1 , total falsified (unsafe/sat): 0 , timeout: 0
mean time for ALL instances (total 1):14.148173232699435, max time: 14.148314714431763
mean time for verified SAFE instances(total 1): 14.148314714431763, max time: 14.148314714431763
safe (total 1), index: [0]
