Configurations:

general:
  device: cuda
  seed: 100
  conv_mode: patches
  deterministic: false
  double_fp: false
  loss_reduction_func: sum
  sparse_alpha: true
  save_adv_example: false
  precompile_jit: false
  complete_verifier: bab
  enable_incomplete_verification: true
  csv_name: null
  results_file: out.txt
  root_path: ''
model:
  name: cnn_4layer_mix4
  path: cifar_cnn_a_mix4.model
  onnx_path: null
  onnx_path_prefix: ''
  cache_onnx_conversion: false
  onnx_quirks: null
  input_shape: null
  onnx_loader: default_onnx_and_vnnlib_loader
  onnx_optimization_flags: none
data:
  start: 194
  end: 195
  select_instance: null
  num_outputs: 10
  mean: 0.0
  std: 1.0
  pkl_path: null
  dataset: CIFAR_SDP
  data_filter_path: null
  data_idx_file: null
specification:
  type: lp
  robustness_type: verified-acc
  norm: .inf
  epsilon: 0.00784313725
  epsilon_min: 0.0
  vnnlib_path: null
  vnnlib_path_prefix: ''
solver:
  batch_size: 4096
  min_batch_size_ratio: 0.1
  use_float64_in_last_iteration: false
  early_stop_patience: 10
  start_save_best: 0.5
  bound_prop_method: alpha-crown
  init_bound_prop_method: same
  prune_after_crown: false
  crown:
    batch_size: 1000000000
    max_crown_size: 1000000000
  alpha-crown:
    alpha: true
    lr_alpha: 0.1
    iteration: 100
    share_slopes: false
    no_joint_opt: false
    lr_decay: 0.98
    full_conv_alpha: true
  beta-crown:
    lr_alpha: 0.01
    lr_beta: 0.05
    lr_decay: 0.98
    optimizer: adam
    iteration: 20
    beta: true
    beta_warmup: true
    enable_opt_interm_bounds: false
    all_node_split_LP: false
  forward:
    refine: false
    dynamic: false
    max_dim: 10000
  intermediate_refinement:
    enabled: false
    batch_size: 10
    opt_coeffs: false
    opt_bias: false
    lr: 0.05
    layers: [-1]
    max_domains: 1000
  multi_class:
    label_batch_size: 32
    skip_with_refined_bound: true
  mip:
    parallel_solvers: null
    solver_threads: 1
    refine_neuron_timeout: 15
    refine_neuron_time_percentage: 0.8
    early_stop: true
    adv_warmup: true
    mip_solver: gurobi
bab:
  initial_max_domains: 1
  max_domains: .inf
  decision_thresh: 0
  timeout: 30
  timeout_scale: 1
  override_timeout: null
  get_upper_bound: false
  dfs_percent: 0.0
  pruning_in_iteration: true
  pruning_in_iteration_ratio: 0.2
  sort_targets: false
  batched_domain_list: true
  optimized_intermediate_layers: ''
  interm_transfer: true
  cut:
    enabled: false
    implication: false
    bab_cut: false
    lp_cut: false
    method: null
    lr: 0.01
    lr_decay: 1.0
    iteration: 100
    bab_iteration: -1
    early_stop_patience: -1
    lr_beta: 0.02
    number_cuts: 50
    topk_cuts_in_filter: 1000
    batch_size_primal: 100
    max_num: 1000000000
    patches_cut: false
    cplex_cuts: false
    cplex_cuts_wait: 0
    cplex_cuts_revpickup: true
    cut_reference_bounds: true
    fix_intermediate_bounds: false
    _tmp_cuts: null
    fixed_cuts: false
    add_implied_cuts: false
    add_input_cuts: false
  branching:
    method: kfsb
    candidates: 3
    reduceop: min
    sb_coeff_thresh: 0.001
    enable_intermediate_bound_opt: false
    branching_input_and_activation: false
    branching_input_and_activation_order: [input, relu]
    branching_input_iterations: 30
    branching_relu_iterations: 50
    sort_domain_interval: -1
    nonlinear_split:
      method: babsr_like
      branching_point_method: middle
      num_branches: 2
      branching_point_refinement: false
      naive_branching_score: false
      filter: false
      prioritize_mul: false
    input_split:
      enable: false
      enhanced_bound_prop_method: alpha-crown
      enhanced_branching_method: naive
      enhanced_bound_patience: 100000000.0
      attack_patience: 100000000.0
      adv_check: 0
  attack:
    enabled: false
    beam_candidates: 8
    beam_depth: 7
    max_dive_fix_ratio: 0.8
    min_local_free_ratio: 0.2
    mip_start_iteration: 5
    mip_timeout: 30.0
    adv_pool_threshold: null
    refined_mip_attacker: false
    refined_batch_size: null
attack:
  pgd_order: skip
  pgd_steps: 100
  pgd_restarts: 50
  pgd_early_stop: true
  pgd_lr_decay: 0.99
  pgd_alpha: auto
  pgd_loss_mode: null
  enable_mip_attack: false
  cex_path: ./test_cex.txt
  attack_mode: PGD
  gama_lambda: 10.0
  gama_decay: 0.9
  check_clean: false
  input_split:
    pgd_steps: 100
    pgd_restarts: 30
    pgd_alpha: auto
  input_split_enhanced:
    pgd_steps: 200
    pgd_restarts: 5000000
    pgd_alpha: auto
  input_split_check_adv:
    pgd_steps: 5
    pgd_restarts: 5
    pgd_alpha: auto
debug:
  lp_test: null

Experiments at Tue Mar 28 18:41:21 2023 on zeratul
Sequential(
  (0): Conv2d(3, 16, kernel_size=(4, 4), stride=(2, 2), padding=(1, 1))
  (1): ReLU()
  (2): Conv2d(16, 32, kernel_size=(4, 4), stride=(2, 2), padding=(1, 1))
  (3): ReLU()
  (4): Flatten()
  (5): Linear(in_features=2048, out_features=100, bias=True)
  (6): ReLU()
  (7): Linear(in_features=100, out_features=10, bias=True)
)
############################
Sampled data loaded. Data already preprocessed!
Shape: torch.Size([200, 3, 32, 32]) torch.Size([200]) torch.Size([200])
X range: tensor(2.12560368) tensor(-1.98888886) tensor(-0.01308714)
############################
Internal results will be saved to Verified_ret_[cnn_4layer_mix4]_start=194_end=195_iter=20_b=4096_timeout=30_branching=kfsb-min-3_lra-init=0.1_lra=0.01_lrb=0.05_PGD=skip_cplex_cuts=False.npy.

 %%%%%%%%%%%%%%%%%%%%%%%%%%%%%%%%%%% idx: 0, vnnlib ID: 194 %%%%%%%%%%%%%%%%%%%%%%%%%%%%%%%%%%%%%%%%
Model: BoundedModule(
  (/input.1): BoundInput(name=/input.1, inputs=[])
  (/1): BoundParams(name=/1, inputs=[])
  (/2): BoundParams(name=/2, inputs=[])
  (/3): BoundParams(name=/3, inputs=[])
  (/4): BoundParams(name=/4, inputs=[])
  (/5): BoundParams(name=/5, inputs=[])
  (/6): BoundParams(name=/6, inputs=[])
  (/7): BoundParams(name=/7, inputs=[])
  (/8): BoundParams(name=/8, inputs=[])
  (/input): BoundConv(name=/input, inputs=[/input.1, /1, /2])
  (/input.4): BoundRelu(name=/input.4, inputs=[/input])
  (/input.8): BoundConv(name=/input.8, inputs=[/input.4, /3, /4])
  (/12): BoundRelu(name=/12, inputs=[/input.8])
  (/13): BoundShape(name=/13, inputs=[/12])
  (/14): BoundConstant(name=/14, inputs=[])
  (/15): BoundGather(name=/15, inputs=[/13, /14])
  (/16): BoundConstant(name=/16, inputs=[])
  (/17): BoundUnsqueeze(name=/17, inputs=[/15])
  (/18): BoundUnsqueeze(name=/18, inputs=[/16])
  (/19): BoundConcat(name=/19, inputs=[/17, /18])
  (/20): BoundReshape(name=/20, inputs=[/12, /19])
  (/input.12): BoundLinear(name=/input.12, inputs=[/20, /5, /6])
  (/22): BoundRelu(name=/22, inputs=[/input.12])
  (/23): BoundLinear(name=/23, inputs=[/22, /7, /8])
)
Model prediction is: tensor([[-20.57879639, -25.87275887, -18.40335464, -22.53392792, -18.78349304,
         -22.35590935, -20.82909584, -22.13958740, -23.90252686, -25.55131531]],
       device='cuda:0')
layer /input.4 using sparse-features alpha with shape [942]; unstable size 942; total size 4096 (torch.Size([1, 16, 16, 16]))
layer /input.4 start_node /input.8 using sparse-spec alpha with unstable size 298 total_size 2048 output_shape (32, 8, 8)
layer /input.4 start_node /input.12 using sparse-spec alpha with unstable size 22 total_size 100 output_shape torch.Size([100])
layer /input.4 start_node /23 using full alpha with unstable size None total_size 9 output_shape 9
layer /12 using sparse-features alpha with shape [298]; unstable size 298; total size 2048 (torch.Size([1, 32, 8, 8]))
layer /12 start_node /input.12 using sparse-spec alpha with unstable size 22 total_size 100 output_shape torch.Size([100])
layer /12 start_node /23 using full alpha with unstable size None total_size 9 output_shape 9
layer /22 using sparse-features alpha with shape [22]; unstable size 22; total size 100 (torch.Size([1, 100]))
layer /22 start_node /23 using full alpha with unstable size None total_size 9 output_shape 9
Optimizable variables initialized.
initial CROWN bounds: tensor([[ 0.78787935,  5.47186279,  3.06105733, -0.50585985,  2.82687807,
          1.17288113,  2.26738715,  3.64541602,  5.32217360]], device='cuda:0') None
best_l after optimization: 24.71967315673828
alpha/beta optimization time: 7.116196155548096
initial alpha-CROWN bounds: tensor([[ 0.86355138,  5.58444786,  3.10567117, -0.45334297,  2.87721777,
          1.22832465,  2.34381104,  3.75302935,  5.41696119]], device='cuda:0')
Worst class: (+ rhs) -0.4533429741859436
Split layers:
  BoundLinear(name=/input.12, inputs=[/20, /5, /6]): [(BoundRelu(name=/22, inputs=[/input.12]), 0)]
  BoundConv(name=/input.8, inputs=[/input.4, /3, /4]): [(BoundRelu(name=/12, inputs=[/input.8]), 0)]
  BoundConv(name=/input, inputs=[/input.1, /1, /2]): [(BoundRelu(name=/input.4, inputs=[/input]), 0)]
Total VNNLIB file length: 9, max property batch size: 1, total number of batches: 9
lA shape: [torch.Size([1, 9, 16, 16, 16]), torch.Size([1, 9, 32, 8, 8]), torch.Size([1, 9, 100])]

Properties batch 0, size 1
Remaining timeout: 15.539134502410889
##### Instance 0 first 10 spec matrices: 
tensor([[[-1.,  0.,  1.,  0.,  0.,  0.,  0.,  0.,  0.,  0.]]])
thresholds: [0] ######
Initial alpha-CROWN verified for spec index [0] with bound 0.8635513782501221.

Properties batch 1, size 1
Remaining timeout: 15.392126083374023
##### Instance 0 first 10 spec matrices: 
tensor([[[ 0., -1.,  1.,  0.,  0.,  0.,  0.,  0.,  0.,  0.]]])
thresholds: [0] ######
Initial alpha-CROWN verified for spec index [0] with bound 5.584447860717773.

Properties batch 2, size 1
Remaining timeout: 15.32912015914917
##### Instance 0 first 10 spec matrices: 
tensor([[[ 0.,  0.,  1., -1.,  0.,  0.,  0.,  0.,  0.,  0.]]])
thresholds: [0] ######
Initial alpha-CROWN verified for spec index [0] with bound 3.1056711673736572.

Properties batch 3, size 1
Remaining timeout: 15.268640756607056
##### Instance 0 first 10 spec matrices: 
tensor([[[ 0.,  0.,  1.,  0., -1.,  0.,  0.,  0.,  0.,  0.]]])
thresholds: [0] ######
Remaining spec index [0] with bounds tensor([[-0.45334297]], device='cuda:0') need to verify.
Model: BoundedModule(
  (/input.1): BoundInput(name=/input.1, inputs=[])
  (/1): BoundParams(name=/1, inputs=[])
  (/2): BoundParams(name=/2, inputs=[])
  (/3): BoundParams(name=/3, inputs=[])
  (/4): BoundParams(name=/4, inputs=[])
  (/5): BoundParams(name=/5, inputs=[])
  (/6): BoundParams(name=/6, inputs=[])
  (/7): BoundParams(name=/7, inputs=[])
  (/8): BoundParams(name=/8, inputs=[])
  (/input): BoundConv(name=/input, inputs=[/input.1, /1, /2])
  (/input.4): BoundRelu(name=/input.4, inputs=[/input])
  (/input.8): BoundConv(name=/input.8, inputs=[/input.4, /3, /4])
  (/12): BoundRelu(name=/12, inputs=[/input.8])
  (/13): BoundShape(name=/13, inputs=[/12])
  (/14): BoundConstant(name=/14, inputs=[])
  (/15): BoundGather(name=/15, inputs=[/13, /14])
  (/16): BoundConstant(name=/16, inputs=[])
  (/17): BoundUnsqueeze(name=/17, inputs=[/15])
  (/18): BoundUnsqueeze(name=/18, inputs=[/16])
  (/19): BoundConcat(name=/19, inputs=[/17, /18])
  (/20): BoundReshape(name=/20, inputs=[/12, /19])
  (/input.12): BoundLinear(name=/input.12, inputs=[/20, /5, /6])
  (/22): BoundRelu(name=/22, inputs=[/input.12])
  (/23): BoundLinear(name=/23, inputs=[/22, /7, /8])
)
Model prediction is: tensor([-20.57879639, -25.87275887, -18.40335464, -22.53392792, -18.78349304,
        -22.35590935, -20.82909584, -22.13958740, -23.90252686, -25.55131531],
       device='cuda:0')
build_with_refined_bounds batch [0/1]
setting alpha for layer /input.4 start_node /23 with alignment adjustment
setting alpha for layer /12 start_node /23 with alignment adjustment
setting alpha for layer /22 start_node /23 with alignment adjustment
all slope initialized
directly get lb and ub from refined bounds
lA shapes: [torch.Size([1, 1, 16, 16, 16]), torch.Size([1, 1, 32, 8, 8]), torch.Size([1, 1, 100])]
c shape: torch.Size([1, 1, 10])
alpha-CROWN with fixed intermediate bounds: tensor([[-0.45334297]], device='cuda:0') tensor([[inf]], device='cuda:0')
Intermediate layers: /input.12,/input.8,/input,/23
Split layers:
  BoundConv(name=/input.8, inputs=[/input.4, /3, /4]): [(BoundRelu(name=/12, inputs=[/input.8]), 0)]
  BoundLinear(name=/input.12, inputs=[/20, /5, /6]): [(BoundRelu(name=/22, inputs=[/input.12]), 0)]
  BoundConv(name=/input, inputs=[/input.1, /1, /2]): [(BoundRelu(name=/input.4, inputs=[/input]), 0)]
Keeping slopes for these layers: ['/23']
Keeping slopes for these layers: ['/23']
Node /input.4 input 0: size torch.Size([16, 16, 16]) unstable 942
Node /12 input 0: size torch.Size([32, 8, 8]) unstable 292
Node /22 input 0: size torch.Size([100]) unstable 22
-----------------
# of unstable neurons: 1256
-----------------

BaB round 1
batch: 1
Average branched neurons at iteration 1:  1.0000
splitting decisions: 
split level 0: [/input.12, 58] 
split level 1: [/input.12, 97] 
split level 2: [/input.12, 90] 
split level 3: [/input.12, 67] 
split level 4: [/input.12, 2] 
split level 5: [/input.12, 79] 
split level 6: [/input.12, 86] 
split level 7: [/input.12, 56] 
pruning_in_iteration open status: True
ratio of positive domain = 227 / 256 = 0.88671875
pruning-in-iteration extra time: 0.04184985160827637
Time: prepare 0.0159    beta_bound 0.9228    bound 0.9229    transfer 0.0030    finalize 0.0204    func 0.9623    
Accumulated time: func 0.9623    prepare 0.0173    bound 0.9229    beta_bound 0.9228    transfer 0.0030    finalize 0.0204    
batch bounding time:  0.9625351428985596
Current worst splitting domains lb-rhs (depth):
-0.22263 (8), -0.19840 (8), -0.19637 (8), -0.17825 (8), -0.17364 (8), -0.15423 (8), -0.14625 (8), -0.12846 (8), -0.12528 (8), -0.12446 (8), -0.10533 (8), -0.10504 (8), -0.10225 (8), -0.07825 (8), -0.06121 (8), -0.06039 (8), -0.05229 (8), -0.04667 (8), -0.04667 (8), -0.03108 (8), 
length of domains: 29
Time: pickout 0.0008    decision 0.4868    set_bounds 0.0054    solve 0.9626    add 0.0024    
Accumulated time: pickout 0.0008    decision 0.4868    set_bounds 0.0054    solve 0.9626    add 0.0024    
Current (lb-rhs): -0.22263294458389282
29 domains visited
Cumulative time: 1.5315730571746826

BaB round 2
batch: 29
Average branched neurons at iteration 2:  1.0000
splitting decisions: 
split level 0: [/input.12, 83] [/input.12, 83] [/input.12, 83] [/input.12, 83] [/input.12, 83] [/input.12, 83] [/input.12, 83] [/input.8, 170] [/input.12, 83] [/input.12, 83] 
split level 1: [/input.12, 14] [/input.8, 170] [/input.8, 170] [/input.8, 170] [/input.12, 14] [/input.8, 170] [/input.8, 170] [/input.12, 83] [/input.8, 170] [/input.8, 170] 
split level 2: [/input.8, 170] [/input.12, 14] [/input.12, 14] [/input.12, 14] [/input.8, 170] [/input.12, 14] [/input.12, 14] [/input.12, 14] [/input.12, 14] [/input.12, 14] 
pruning_in_iteration open status: True
ratio of positive domain = 178 / 232 = 0.7672413793103449
pruning-in-iteration extra time: 0.024826526641845703
Time: prepare 0.0211    beta_bound 0.4366    bound 0.4367    transfer 0.0040    finalize 0.0227    func 0.4847    
Accumulated time: func 1.4470    prepare 0.0391    bound 1.3596    beta_bound 1.3595    transfer 0.0070    finalize 0.0431    
batch bounding time:  0.489992618560791
Current worst splitting domains lb-rhs (depth):
-0.20682 (11), -0.20154 (11), -0.18129 (11), -0.18084 (11), -0.17716 (11), -0.17491 (11), -0.16138 (11), -0.15691 (11), -0.15609 (11), -0.15195 (11), -0.13375 (11), -0.13133 (11), -0.12850 (11), -0.12483 (11), -0.11132 (11), -0.10668 (11), -0.10626 (11), -0.10389 (11), -0.10261 (11), -0.10189 (11), 
length of domains: 54
Time: pickout 0.0011    decision 0.0560    set_bounds 0.0030    solve 0.4901    add 0.0037    
Accumulated time: pickout 0.0019    decision 0.5428    set_bounds 0.0084    solve 1.4526    add 0.0061    
Current (lb-rhs): -0.2068193554878235
83 domains visited
Cumulative time: 2.0863990783691406

BaB round 3
batch: 54
Average branched neurons at iteration 3:  1.0000
splitting decisions: 
split level 0: [/input.8, 1113] [/input.8, 30] [/input.8, 1113] [/input.8, 1355] [/input.8, 1113] [/input.8, 1355] [/input.8, 1113] [/input.8, 1355] [/input.8, 1355] [/input.8, 1113] 
split level 1: [/input.8, 1363] [/input.8, 1363] [/input.8, 1354] [/input.8, 1363] [/input.8, 31] [/input.8, 1363] [/input.8, 1355] [/input.8, 1113] [/input.8, 1354] [/input.8, 30] 
pruning_in_iteration open status: True
ratio of positive domain = 44 / 216 = 0.20370370370370372
pruning-in-iteration extra time: 0.00027060508728027344
Time: prepare 0.0157    beta_bound 0.3478    bound 0.3478    transfer 0.0015    finalize 0.0148    func 0.3801    
Accumulated time: func 1.8271    prepare 0.0553    bound 1.7075    beta_bound 1.7072    transfer 0.0085    finalize 0.0580    
batch bounding time:  0.3803744316101074
Current worst splitting domains lb-rhs (depth):
-0.19918 (13), -0.19654 (13), -0.19559 (13), -0.19390 (13), -0.19294 (13), -0.19126 (13), -0.19060 (13), -0.18795 (13), -0.17448 (13), -0.17378 (13), -0.17149 (13), -0.17109 (13), -0.17100 (13), -0.16919 (13), -0.16815 (13), -0.16751 (13), -0.16743 (13), -0.16602 (13), -0.16557 (13), -0.16512 (13), 
length of domains: 172
Time: pickout 0.0014    decision 0.0329    set_bounds 0.0023    solve 0.3804    add 0.0071    
Accumulated time: pickout 0.0033    decision 0.5757    set_bounds 0.0107    solve 1.8330    add 0.0132    
Current (lb-rhs): -0.1991780549287796
255 domains visited
Cumulative time: 2.511127471923828

BaB round 4
batch: 172
Average branched neurons at iteration 4:  1.0000
splitting decisions: 
split level 0: [/input.8, 2000] [/input.8, 1355] [/input.8, 1354] [/input.8, 1355] [/input.8, 1113] [/input.8, 1354] [/input.8, 1356] [/input.8, 17] [/input.8, 17] [/input.8, 1113] 
pruning_in_iteration open status: False
ratio of positive domain = 23 / 344 = 0.06686046511627908
pruning-in-iteration extra time: 0.00011086463928222656
Time: prepare 0.0376    beta_bound 0.3261    bound 0.3262    transfer 0.0023    finalize 0.0284    func 0.3948    
Accumulated time: func 2.2219    prepare 0.0936    bound 2.0337    beta_bound 2.0333    transfer 0.0108    finalize 0.0864    
batch bounding time:  0.39527201652526855
Current worst splitting domains lb-rhs (depth):
-0.19627 (14), -0.19270 (14), -0.19268 (14), -0.19107 (14), -0.19034 (14), -0.18988 (14), -0.18913 (14), -0.18772 (14), -0.18747 (14), -0.18674 (14), -0.18631 (14), -0.18513 (14), -0.18467 (14), -0.18415 (14), -0.18179 (14), -0.18136 (14), -0.17106 (14), -0.17052 (14), -0.16886 (14), -0.16831 (14), 
length of domains: 320
Time: pickout 0.0016    decision 0.1104    set_bounds 0.0041    solve 0.3953    add 0.0133    
Accumulated time: pickout 0.0050    decision 0.6861    set_bounds 0.0148    solve 2.2283    add 0.0265    
Current (lb-rhs): -0.19627198576927185
575 domains visited
Cumulative time: 3.0370872020721436

BaB round 5
batch: 320
Average branched neurons at iteration 5:  1.0000
splitting decisions: 
split level 0: [/input.8, 1363] [/input.8, 1113] [/input.8, 2000] [/input.8, 1354] [/input.8, 1356] [/input.8, 1113] [/input.8, 1354] [/input.8, 30] [/input.8, 1363] [/input, 921] 
pruning_in_iteration open status: False
ratio of positive domain = 31 / 640 = 0.04843750000000002
pruning-in-iteration extra time: 0.00015425682067871094
Time: prepare 0.0497    beta_bound 0.3509    bound 0.3510    transfer 0.0044    finalize 0.0668    func 0.4724    
Accumulated time: func 2.6943    prepare 0.1439    bound 2.3847    beta_bound 2.3842    transfer 0.0152    finalize 0.1532    
batch bounding time:  0.47490715980529785
Current worst splitting domains lb-rhs (depth):
-0.19348 (15), -0.19183 (15), -0.19002 (15), -0.18995 (15), -0.18832 (15), -0.18829 (15), -0.18801 (15), -0.18749 (15), -0.18716 (15), -0.18667 (15), -0.18651 (15), -0.18580 (15), -0.18518 (15), -0.18499 (15), -0.18486 (15), -0.18447 (15), -0.18392 (15), -0.18361 (15), -0.18333 (15), -0.18284 (15), 
length of domains: 608
Time: pickout 0.0035    decision 0.1068    set_bounds 0.0053    solve 0.4750    add 0.0294    
Accumulated time: pickout 0.0085    decision 0.7928    set_bounds 0.0201    solve 2.7033    add 0.0559    
Current (lb-rhs): -0.19348332285881042
1183 domains visited
Cumulative time: 3.6581923961639404

BaB round 6
batch: 608
Average branched neurons at iteration 6:  1.0000
splitting decisions: 
split level 0: [/input.8, 1981] [/input.8, 1363] [/input.8, 2000] [/input.8, 1364] [/input, 921] [/input.8, 2000] [/input.8, 2000] [/input.8, 17] [/input.8, 17] [/input.8, 31] 
pruning_in_iteration open status: False
ratio of positive domain = 54 / 1216 = 0.044407894736842146
pruning-in-iteration extra time: 0.00013375282287597656
Time: prepare 0.1028    beta_bound 0.3581    bound 0.3581    transfer 0.0069    finalize 0.0969    func 0.5663    
Accumulated time: func 3.2606    prepare 0.2476    bound 2.7428    beta_bound 2.7423    transfer 0.0221    finalize 0.2502    
batch bounding time:  0.566979169845581
Current worst splitting domains lb-rhs (depth):
-0.19061 (16), -0.18986 (16), -0.18911 (16), -0.18828 (16), -0.18708 (16), -0.18673 (16), -0.18641 (16), -0.18634 (16), -0.18558 (16), -0.18542 (16), -0.18473 (16), -0.18468 (16), -0.18467 (16), -0.18458 (16), -0.18441 (16), -0.18409 (16), -0.18395 (16), -0.18393 (16), -0.18343 (16), -0.18320 (16), 
length of domains: 1160
Time: pickout 0.0042    decision 0.1951    set_bounds 0.0131    solve 0.5670    add 0.1272    
Accumulated time: pickout 0.0127    decision 0.9879    set_bounds 0.0332    solve 3.2703    add 0.1831    
Current (lb-rhs): -0.19060978293418884
2343 domains visited
Cumulative time: 4.567616939544678

BaB round 7
batch: 1160
Average branched neurons at iteration 7:  1.0000
splitting decisions: 
split level 0: [/input.8, 17] [/input.8, 27] [/input.8, 1995] [/input.8, 1363] [/input.8, 1364] [/input.8, 1363] [/input, 921] [/input.8, 166] [/input.8, 2000] [/input.8, 1997] 
pruning_in_iteration open status: False
ratio of positive domain = 127 / 2320 = 0.05474137931034484
pruning-in-iteration extra time: 0.0001633167266845703
Time: prepare 0.1999    beta_bound 0.3882    bound 0.3883    transfer 0.0280    finalize 0.2375    func 0.8591    
Accumulated time: func 4.1198    prepare 0.4481    bound 3.1311    beta_bound 3.1305    transfer 0.0501    finalize 0.4876    
batch bounding time:  0.8604905605316162
Current worst splitting domains lb-rhs (depth):
-0.18759 (17), -0.18691 (17), -0.18676 (17), -0.18632 (17), -0.18591 (17), -0.18563 (17), -0.18496 (17), -0.18478 (17), -0.18406 (17), -0.18375 (17), -0.18351 (17), -0.18338 (17), -0.18321 (17), -0.18289 (17), -0.18278 (17), -0.18248 (17), -0.18242 (17), -0.18238 (17), -0.18224 (17), -0.18209 (17), 
length of domains: 2185
Time: pickout 0.0066    decision 0.2410    set_bounds 0.1074    solve 0.8605    add 0.2874    
Accumulated time: pickout 0.0193    decision 1.2289    set_bounds 0.1406    solve 4.1308    add 0.4705    
Current (lb-rhs): -0.18759150803089142
4528 domains visited
Cumulative time: 6.082548141479492

BaB round 8
batch: 2185
Average branched neurons at iteration 8:  1.0000
splitting decisions: 
split level 0: [/input.8, 30] [/input.8, 1354] [/input.8, 1981] [/input.8, 2000] [/input.8, 2000] [/input.8, 31] [/input.8, 1363] [/input.8, 2000] [/input, 2950] [/input.8, 1364] 
pruning_in_iteration open status: False
ratio of positive domain = 271 / 4370 = 0.06201372997711674
pruning-in-iteration extra time: 0.0001239776611328125
Time: prepare 0.3539    beta_bound 0.6121    bound 0.6122    transfer 0.0532    finalize 0.4109    func 1.4312    
Accumulated time: func 5.5509    prepare 0.8028    bound 3.7433    beta_bound 3.7426    transfer 0.1033    finalize 0.8986    
batch bounding time:  1.4337146282196045
Current worst splitting domains lb-rhs (depth):
-0.18520 (18), -0.18453 (18), -0.18439 (18), -0.18395 (18), -0.18355 (18), -0.18324 (18), -0.18309 (18), -0.18260 (18), -0.18242 (18), -0.18241 (18), -0.18227 (18), -0.18183 (18), -0.18168 (18), -0.18143 (18), -0.18138 (18), -0.18113 (18), -0.18113 (18), -0.18101 (18), -0.18084 (18), -0.18053 (18), 
length of domains: 4075
Time: pickout 0.0138    decision 0.3623    set_bounds 0.1331    solve 1.4338    add 0.2401    
Accumulated time: pickout 0.0331    decision 1.5913    set_bounds 0.2737    solve 5.5646    add 0.7107    
Current (lb-rhs): -0.18520347774028778
8603 domains visited
Cumulative time: 8.29301142692566

BaB round 9
batch: 4075
Average branched neurons at iteration 9:  1.0000
splitting decisions: 
split level 0: [/input.8, 188] [/input.8, 16] [/input.8, 1356] [/input, 921] [/input.8, 1363] [/input.8, 1992] [/input.8, 166] [/input.8, 186] [/input.8, 1356] [/input.8, 2000] 
pruning_in_iteration open status: False
ratio of positive domain = 395 / 8150 = 0.04846625766871171
pruning-in-iteration extra time: 0.00018525123596191406
Time: prepare 0.6982    beta_bound 1.0718    bound 1.0719    transfer 0.1300    finalize 0.8224    func 2.7251    
Accumulated time: func 8.2760    prepare 1.5016    bound 4.8152    beta_bound 4.8144    transfer 0.2333    finalize 1.7209    
batch bounding time:  2.7309534549713135
Current worst splitting domains lb-rhs (depth):
-0.18260 (19), -0.18207 (19), -0.18194 (19), -0.18180 (19), -0.18141 (19), -0.18136 (19), -0.18127 (19), -0.18096 (19), -0.18083 (19), -0.18064 (19), -0.18046 (19), -0.18043 (19), -0.18011 (19), -0.18002 (19), -0.17993 (19), -0.17982 (19), -0.17980 (19), -0.17966 (19), -0.17949 (19), -0.17929 (19), 
length of domains: 7718
Time: pickout 0.0265    decision 0.7184    set_bounds 0.1792    solve 2.7310    add 0.8781    
Accumulated time: pickout 0.0596    decision 2.3097    set_bounds 0.4528    solve 8.2956    add 1.5887    
Current (lb-rhs): -0.18260350823402405
16321 domains visited
Cumulative time: 12.90093183517456

BaB round 10
batch: 4096
Average branched neurons at iteration 10:  1.0000
splitting decisions: 
split level 0: [/input.8, 1996] [/input.8, 1363] [/input.8, 166] [/input.8, 188] [/input.8, 27] [/input.8, 27] [/input.8, 166] [/input, 2950] [/input.8, 186] [/input, 2950] 
pruning_in_iteration open status: False
ratio of positive domain = 451 / 8192 = 0.0550537109375
pruning-in-iteration extra time: 0.0001404285430908203
Time: prepare 0.6680    beta_bound 1.0873    bound 1.0874    transfer 0.1585    finalize 0.8180    func 2.7344    
Accumulated time: func 11.0104    prepare 2.1704    bound 5.9026    beta_bound 5.9017    transfer 0.3918    finalize 2.5389    
batch bounding time:  2.7396512031555176
Current worst splitting domains lb-rhs (depth):
-0.18260 (19), -0.18194 (19), -0.18180 (19), -0.18136 (19), -0.18096 (19), -0.18064 (19), -0.18046 (19), -0.18002 (19), -0.17993 (20), -0.17982 (19), -0.17980 (19), -0.17966 (19), -0.17927 (20), -0.17923 (19), -0.17914 (20), -0.17908 (19), -0.17884 (19), -0.17879 (19), -0.17871 (20), -0.17854 (19), 
length of domains: 11310
Time: pickout 0.0225    decision 0.6986    set_bounds 0.1891    solve 2.7397    add 1.0937    
Accumulated time: pickout 0.0821    decision 3.0083    set_bounds 0.6420    solve 11.0353    add 2.6825    
Current (lb-rhs): -0.18260350823402405
24009 domains visited
Time out!!!!!!!!
Result: unknown in 32.6612 seconds
############# Summary #############
Final verified acc: 0.0% (total 1 examples)
Problem instances count: 1 , total verified (safe/unsat): 0 , total falsified (unsafe/sat): 0 , timeout: 1
mean time for ALL instances (total 1):32.660916114303824, max time: 32.661242723464966
unknown (total 1), index: [0]
