Configurations:

general:
  device: cuda
  seed: 100
  conv_mode: patches
  deterministic: false
  double_fp: false
  loss_reduction_func: sum
  sparse_alpha: true
  save_adv_example: false
  precompile_jit: false
  complete_verifier: bab-refine
  enable_incomplete_verification: true
  csv_name: mnistfc_instances.csv
  results_file: out.txt
  root_path: ../../vnncomp2021/benchmarks/mnistfc
model:
  name: null
  path: null
  onnx_path: null
  onnx_path_prefix: ''
  cache_onnx_conversion: false
  onnx_quirks: null
  input_shape: [-1, 1, 28, 28]
  onnx_loader: default_onnx_and_vnnlib_loader
  onnx_optimization_flags: none
data:
  start: 39
  end: 40
  select_instance: null
  num_outputs: 10
  mean: 0.0
  std: 1.0
  pkl_path: null
  dataset: null
  data_filter_path: null
  data_idx_file: null
specification:
  type: lp
  robustness_type: verified-acc
  norm: .inf
  epsilon: null
  epsilon_min: 0.0
  vnnlib_path: null
  vnnlib_path_prefix: ''
solver:
  batch_size: 500
  min_batch_size_ratio: 0.1
  use_float64_in_last_iteration: false
  early_stop_patience: 10
  start_save_best: 0.5
  bound_prop_method: alpha-crown
  init_bound_prop_method: same
  prune_after_crown: false
  crown:
    batch_size: 1000000000
    max_crown_size: 1000000000
  alpha-crown:
    alpha: true
    lr_alpha: 0.1
    iteration: 100
    share_slopes: false
    no_joint_opt: false
    lr_decay: 0.98
    full_conv_alpha: true
  beta-crown:
    lr_alpha: 0.01
    lr_beta: 0.03
    lr_decay: 0.98
    optimizer: adam
    iteration: 20
    beta: true
    beta_warmup: true
    enable_opt_interm_bounds: false
    all_node_split_LP: false
  forward:
    refine: false
    dynamic: false
    max_dim: 10000
  intermediate_refinement:
    enabled: false
    batch_size: 10
    opt_coeffs: false
    opt_bias: false
    lr: 0.05
    layers: [-1]
    max_domains: 1000
  multi_class:
    label_batch_size: 32
    skip_with_refined_bound: true
  mip:
    parallel_solvers: 16
    solver_threads: 1
    refine_neuron_timeout: 15
    refine_neuron_time_percentage: 0.8
    early_stop: true
    adv_warmup: true
    mip_solver: gurobi
bab:
  initial_max_domains: 1
  max_domains: .inf
  decision_thresh: 0
  timeout: 360
  timeout_scale: 1
  override_timeout: null
  get_upper_bound: false
  dfs_percent: 0.0
  pruning_in_iteration: true
  pruning_in_iteration_ratio: 0.2
  sort_targets: false
  batched_domain_list: true
  optimized_intermediate_layers: ''
  interm_transfer: true
  cut:
    enabled: false
    implication: false
    bab_cut: false
    lp_cut: false
    method: null
    lr: 0.01
    lr_decay: 1.0
    iteration: 100
    bab_iteration: -1
    early_stop_patience: -1
    lr_beta: 0.02
    number_cuts: 50
    topk_cuts_in_filter: 1000
    batch_size_primal: 100
    max_num: 1000000000
    patches_cut: false
    cplex_cuts: false
    cplex_cuts_wait: 0
    cplex_cuts_revpickup: true
    cut_reference_bounds: true
    fix_intermediate_bounds: false
    _tmp_cuts: null
    fixed_cuts: false
    add_implied_cuts: false
    add_input_cuts: false
  branching:
    method: kfsb
    candidates: 5
    reduceop: max
    sb_coeff_thresh: 0.001
    enable_intermediate_bound_opt: false
    branching_input_and_activation: false
    branching_input_and_activation_order: [input, relu]
    branching_input_iterations: 30
    branching_relu_iterations: 50
    sort_domain_interval: -1
    nonlinear_split:
      method: babsr_like
      branching_point_method: middle
      num_branches: 2
      branching_point_refinement: false
      naive_branching_score: false
      filter: false
      prioritize_mul: false
    input_split:
      enable: false
      enhanced_bound_prop_method: alpha-crown
      enhanced_branching_method: naive
      enhanced_bound_patience: 100000000.0
      attack_patience: 100000000.0
      adv_check: 0
  attack:
    enabled: false
    beam_candidates: 8
    beam_depth: 7
    max_dive_fix_ratio: 0.8
    min_local_free_ratio: 0.2
    mip_start_iteration: 5
    mip_timeout: 30.0
    adv_pool_threshold: null
    refined_mip_attacker: false
    refined_batch_size: null
attack:
  pgd_order: before
  pgd_steps: 100
  pgd_restarts: 30
  pgd_early_stop: true
  pgd_lr_decay: 0.99
  pgd_alpha: auto
  pgd_loss_mode: null
  enable_mip_attack: false
  cex_path: ./test_cex.txt
  attack_mode: PGD
  gama_lambda: 10.0
  gama_decay: 0.9
  check_clean: false
  input_split:
    pgd_steps: 100
    pgd_restarts: 30
    pgd_alpha: auto
  input_split_enhanced:
    pgd_steps: 200
    pgd_restarts: 5000000
    pgd_alpha: auto
  input_split_check_adv:
    pgd_steps: 5
    pgd_restarts: 5
    pgd_alpha: auto
debug:
  lp_test: null

Experiments at Tue Mar 28 14:02:40 2023 on zeratul
customized start/end sample from instance 39 to 40 in mnistfc_instances.csv
Internal results will be saved to a-b-crown_[mnistfc_instances]_start=39_end=40_iter=20_b=500_timeout=360_branching=kfsb-max-5_lra-init=0.1_lra=0.01_lrb=0.03_PGD=before_cplex_cuts=False_initial_max_domains=1.npz.

 %%%%%%%%%%%%%%%%%%%%%%%%%%%%%%%%%%% idx: 0, vnnlib ID: 39 %%%%%%%%%%%%%%%%%%%%%%%%%%%%%%%%%%%%%%%%
Using onnx mnist-net_256x4.onnx
Using vnnlib prop_9_0.03.vnnlib
Precompiled vnnlib file found at ../../vnncomp2021/benchmarks/mnistfc/prop_9_0.03.vnnlib.compiled
Loading onnx ../../vnncomp2021/benchmarks/mnistfc/mnist-net_256x4.onnx wih quirks {}

*************Error traceback*************
Traceback (most recent call last):
  File "/home/zhouxingshi/gputest/Verifier_Development/complete_verifier/load_model.py", line 134, in load_model_onnx
    output_onnx = inference_onnx(path, dummy.numpy())[0]
  File "/home/zhouxingshi/gputest/Verifier_Development/complete_verifier/load_model.py", line 76, in inference_onnx
    res = sess.run(None, inp)
  File "/home/zhouxingshi/miniconda3/envs/alpha-beta-crown/lib/python3.7/site-packages/onnxruntime/capi/onnxruntime_inference_collection.py", line 200, in run
    return self._sess.run(output_names, input_feed, run_options)
onnxruntime.capi.onnxruntime_pybind11_state.InvalidArgument: [ONNXRuntimeError] : 2 : INVALID_ARGUMENT : Invalid rank for input: 0 Got: 4 Expected: 3 Please fix either the inputs or the model.

*****************************************

Attack parameters: initialization=uniform, steps=100, restarts=30, alpha=0.007500000298023224, initialization=uniform, GAMA=False
Model output of first 5 examples:
 tensor([[ 0.00279531,  0.00172614,  0.01281442, -0.00142720, -0.00249191,
          0.00647156,  0.00337687, -0.00715575,  0.98417330, -0.00152078]],
       device='cuda:0')
Adv example prediction (first 2 examples and 2 restarts):
 tensor([[[-2.93105841e-04, -5.20274043e-05,  1.64179057e-02,  1.71867758e-03,
          -2.79434770e-03,  9.65371728e-03,  9.28986073e-03, -1.93565860e-02,
           9.68331933e-01,  6.96040690e-03],
         [-2.93105841e-04, -5.20274043e-05,  1.64179057e-02,  1.71867758e-03,
          -2.79434770e-03,  9.65371728e-03,  9.28986073e-03, -1.93565860e-02,
           9.68331933e-01,  6.96040690e-03]]], device='cuda:0')
PGD attack margin (first 2 examles and 10 specs):
 tensor([[[0.96862507, 0.96838397, 0.95191401, 0.96661323, 0.97112626,
          0.95867825, 0.95904207, 0.98768854, 0.96137154]]], device='cuda:0')
number of violation:  0
Attack finished in 2.4160 seconds.
PGD attack failed
Model: BoundedModule(
  (/0): BoundInput(name=/0, inputs=[])
  (/11): BoundParams(name=/11, inputs=[])
  (/12): BoundParams(name=/12, inputs=[])
  (/13): BoundParams(name=/13, inputs=[])
  (/14): BoundParams(name=/14, inputs=[])
  (/15): BoundParams(name=/15, inputs=[])
  (/16): BoundParams(name=/16, inputs=[])
  (/17): BoundParams(name=/17, inputs=[])
  (/18): BoundParams(name=/18, inputs=[])
  (/19): BoundParams(name=/19, inputs=[])
  (/20): BoundParams(name=/20, inputs=[])
  (/21): BoundFlatten(name=/21, inputs=[/0])
  (/input): BoundLinear(name=/input, inputs=[/21, /11, /12])
  (/23): BoundRelu(name=/23, inputs=[/input])
  (/input.3): BoundLinear(name=/input.3, inputs=[/23, /13, /14])
  (/25): BoundRelu(name=/25, inputs=[/input.3])
  (/input.7): BoundLinear(name=/input.7, inputs=[/25, /15, /16])
  (/27): BoundRelu(name=/27, inputs=[/input.7])
  (/input.11): BoundLinear(name=/input.11, inputs=[/27, /17, /18])
  (/29): BoundRelu(name=/29, inputs=[/input.11])
  (/30): BoundLinear(name=/30, inputs=[/29, /19, /20])
)
Model prediction is: tensor([[ 0.00279531,  0.00172614,  0.01281442, -0.00142720, -0.00249191,
          0.00647156,  0.00337687, -0.00715575,  0.98417330, -0.00152078]],
       device='cuda:0')
layer /23 using sparse-features alpha with shape [43]; unstable size 43; total size 256 (torch.Size([1, 256]))
layer /23 start_node /input.3 using sparse-spec alpha with unstable size 85 total_size 256 output_shape torch.Size([256])
layer /23 start_node /input.7 using sparse-spec alpha with unstable size 114 total_size 256 output_shape torch.Size([256])
layer /23 start_node /input.11 using full alpha with unstable size 256 total_size 256 output_shape torch.Size([256])
layer /23 start_node /30 using full alpha with unstable size None total_size 9 output_shape 9
layer /25 using sparse-features alpha with shape [85]; unstable size 85; total size 256 (torch.Size([1, 256]))
layer /25 start_node /input.7 using sparse-spec alpha with unstable size 114 total_size 256 output_shape torch.Size([256])
layer /25 start_node /input.11 using full alpha with unstable size 256 total_size 256 output_shape torch.Size([256])
layer /25 start_node /30 using full alpha with unstable size None total_size 9 output_shape 9
layer /27 using sparse-features alpha with shape [114]; unstable size 114; total size 256 (torch.Size([1, 256]))
layer /27 start_node /input.11 using full alpha with unstable size 256 total_size 256 output_shape torch.Size([256])
layer /27 start_node /30 using full alpha with unstable size None total_size 9 output_shape 9
layer /29 using full alpha with shape torch.Size([256]); unstable size 256; total size 256 (torch.Size([1, 256]))
layer /29 start_node /30 using full alpha with unstable size None total_size 9 output_shape 9
Optimizable variables initialized.
initial CROWN bounds: tensor([[-23.71783638, -23.90351486, -23.03585052, -20.72111702, -22.38746262,
         -24.09616852, -25.96799088, -25.51655388, -26.10803795]],
       device='cuda:0') None
best_l after optimization: -29.743614196777344
alpha/beta optimization time: 6.6554553508758545
initial alpha-CROWN bounds: tensor([[-3.45056105, -3.11092544, -3.36055541, -3.22916079, -2.97404242,
         -3.57380033, -3.58475924, -3.05368304, -3.40612650]], device='cuda:0')
Worst class: (+ rhs) -3.58475923538208
Split layers:
  BoundLinear(name=/input, inputs=[/21, /11, /12]): [(BoundRelu(name=/23, inputs=[/input]), 0)]
  BoundLinear(name=/input.3, inputs=[/23, /13, /14]): [(BoundRelu(name=/25, inputs=[/input.3]), 0)]
  BoundLinear(name=/input.7, inputs=[/25, /15, /16]): [(BoundRelu(name=/27, inputs=[/input.7]), 0)]
  BoundLinear(name=/input.11, inputs=[/27, /17, /18]): [(BoundRelu(name=/29, inputs=[/input.11]), 0)]
Start solving intermediate bounds with MIP...
layer /23 using sparse-features alpha with shape [43]; unstable size 43; total size 256 (torch.Size([1, 256]))
layer /23 start_node /input.3 using sparse-spec alpha with unstable size 85 total_size 256 output_shape torch.Size([256])
layer /23 start_node /input.7 using sparse-spec alpha with unstable size 114 total_size 256 output_shape torch.Size([256])
layer /23 start_node /input.11 using full alpha with unstable size 256 total_size 256 output_shape torch.Size([256])
layer /23 start_node /30 using full alpha with unstable size None total_size 9 output_shape 9
layer /25 using sparse-features alpha with shape [85]; unstable size 85; total size 256 (torch.Size([1, 256]))
layer /25 start_node /input.7 using sparse-spec alpha with unstable size 114 total_size 256 output_shape torch.Size([256])
layer /25 start_node /input.11 using full alpha with unstable size 256 total_size 256 output_shape torch.Size([256])
layer /25 start_node /30 using full alpha with unstable size None total_size 9 output_shape 9
layer /27 using sparse-features alpha with shape [114]; unstable size 114; total size 256 (torch.Size([1, 256]))
layer /27 start_node /input.11 using full alpha with unstable size 256 total_size 256 output_shape torch.Size([256])
layer /27 start_node /30 using full alpha with unstable size None total_size 9 output_shape 9
layer /29 using full alpha with shape torch.Size([256]); unstable size 256; total size 256 (torch.Size([1, 256]))
layer /29 start_node /30 using full alpha with unstable size None total_size 9 output_shape 9
Optimizable variables initialized.
Set parameter Username
Academic license - for non-commercial use only - expires 2024-02-29
mip_multi_proc: 16, mip_threads: 1,total threads used: 16, mip_perneuron_refine_timeout: 15
[total time budget for MIP: 240.0]

Linear(in_features=784, out_features=256, bias=True) 0 2 torch.Size([256])
Linear(in_features=256, out_features=256, bias=True) 1 4 torch.Size([256])
sorted candidates ['lay4_5', 'lay4_104', 'lay4_101', 'lay4_205', 'lay4_196', 'lay4_73', 'lay4_115', 'lay4_174', 'lay4_206', 'lay4_44', 'lay4_254', 'lay4_128', 'lay4_49', 'lay4_255', 'lay4_99', 'lay4_70', 'lay4_186', 'lay4_7', 'lay4_58', 'lay4_76', 'lay4_193', 'lay4_91', 'lay4_43', 'lay4_214', 'lay4_114', 'lay4_42', 'lay4_118', 'lay4_122', 'lay4_95', 'lay4_225', 'lay4_83', 'lay4_244', 'lay4_13', 'lay4_187', 'lay4_121', 'lay4_18', 'lay4_240', 'lay4_208', 'lay4_215', 'lay4_81', 'lay4_135', 'lay4_71', 'lay4_180', 'lay4_134', 'lay4_29', 'lay4_34', 'lay4_223', 'lay4_93', 'lay4_148', 'lay4_190', 'lay4_103', 'lay4_252', 'lay4_21', 'lay4_37', 'lay4_204', 'lay4_142', 'lay4_132', 'lay4_212', 'lay4_249', 'lay4_181', 'lay4_96', 'lay4_72', 'lay4_3', 'lay4_39', 'lay4_230', 'lay4_65', 'lay4_245', 'lay4_139', 'lay4_177', 'lay4_59', 'lay4_154', 'lay4_242', 'lay4_250', 'lay4_191', 'lay4_54', 'lay4_156', 'lay4_57', 'lay4_123', 'lay4_211'] filter: 1.0
PGD done for relu layer 1
/home/zhouxingshi/miniconda3/envs/alpha-beta-crown/lib/python3.7/site-packages/onnx2pytorch/convert/layer.py:30: UserWarning: The given NumPy array is not writable, and PyTorch does not support non-writable tensors. This means writing to this tensor will result in undefined behavior. You may want to copy the array to protect its data or make it writable before converting it to a tensor. This type of warning will be suppressed for the rest of this program. (Triggered internally at  /opt/conda/conda-bld/pytorch_1646755953518/work/torch/csrc/utils/tensor_numpy.cpp:178.)
  layer.weight.data = torch.from_numpy(numpy_helper.to_array(weight))
/home/zhouxingshi/miniconda3/envs/alpha-beta-crown/lib/python3.7/site-packages/onnx2pytorch/convert/model.py:154: UserWarning: Using experimental implementation that allows 'batch_size > 1'.Batchnorm layers could potentially produce false outputs.
  "Using experimental implementation that allows 'batch_size > 1'."
/home/zhouxingshi/gputest/Verifier_Development/complete_verifier/load_model.py:140: UserWarning: Not able to check model's conversion correctness
  warnings.warn('Not able to check model\'s conversion correctness')
Solving MIP for lay4_99, [-inf,inf]=>[-inf,-1e-05] (-1,-1; 15,-1), time: 0.6186s, #vars: 1383, #constrs: 641, improved: True
Solving MIP for lay4_255, [-inf,inf]=>[-inf,-1e-05] (-1,-1; 15,-1), time: 0.7146s, #vars: 1383, #constrs: 641, improved: True
Solving MIP for lay4_101, [-inf,inf]=>[-inf,-1e-05] (-1,-1; 15,-1), time: 0.7762s, #vars: 1383, #constrs: 641, improved: True
Solving MIP for lay4_73, [-inf,inf]=>[-inf,-1e-05] (-1,-1; 15,-1), time: 0.7979s, #vars: 1383, #constrs: 641, improved: True
Solving MIP for lay4_7, [-inf,inf]=>[-inf,-1e-05] (-1,-1; 15,-1), time: 0.4244s, #vars: 1383, #constrs: 641, improved: True
Solving MIP for lay4_128, [-inf,inf]=>[-inf,-1e-05] (-1,-1; 15,-1), time: 1.2172s, #vars: 1383, #constrs: 641, improved: True
Solving MIP for lay4_254, [-inf,inf]=>[-inf,-1e-05] (-1,-1; 15,-1), time: 1.3448s, #vars: 1383, #constrs: 641, improved: True
Solving MIP for lay4_5, [-inf,inf]=>[-inf,-1e-05] (-1,-1; 15,-1), time: 3.6887s, #vars: 1383, #constrs: 641, improved: True
Solving MIP for lay4_49, [-inf,inf]=>[-inf,-1e-05] (-1,-1; 15,-1), time: 3.8399s, #vars: 1383, #constrs: 641, improved: True
Solving MIP for lay4_114, [-inf,inf]=>[-inf,-1e-05] (-1,-1; 15,-1), time: 0.3935s, #vars: 1383, #constrs: 641, improved: True
Solving MIP for lay4_174, [-inf,inf]=>[-4.542035068383991,1.2437917832143763] (2,-1; 2,-1), time: 4.3929s, #vars: 1383, #constrs: 641, improved: True
Solving MIP for lay4_205, [-inf,inf]=>[-3.922948870300118,1.0697347711306342] (2,-1; 2,-1), time: 4.4370s, #vars: 1383, #constrs: 641, improved: True
Solving MIP for lay4_70, [-inf,inf]=>[-4.716818492964091,1.109936200929115] (2,-1; 2,-1), time: 4.6186s, #vars: 1383, #constrs: 641, improved: True
Solving MIP for lay4_206, [-inf,inf]=>[-3.2435361859114265,2.0472196147691886] (2,-1; 2,-1), time: 5.4939s, #vars: 1383, #constrs: 641, improved: True
Solving MIP for lay4_186, [-inf,inf]=>[-3.636207135521989,0.11361469349085307] (2,-1; 2,-1), time: 4.9636s, #vars: 1383, #constrs: 641, improved: True
Solving MIP for lay4_104, [-inf,inf]=>[-5.4213123988089285,0.12388312039405026] (2,-1; 2,-1), time: 5.6830s, #vars: 1383, #constrs: 641, improved: True
Solving MIP for lay4_91, [-inf,inf]=>[-5.817174258788811,0.24938550930864042] (2,-1; 2,-1), time: 4.4725s, #vars: 1383, #constrs: 641, improved: True
Solving MIP for lay4_44, [-inf,inf]=>[-4.93533048122817,0.8876607749031666] (2,-1; 2,-1), time: 5.7891s, #vars: 1383, #constrs: 641, improved: True
Solving MIP for lay4_244, [-inf,inf]=>[-inf,-1e-05] (-1,-1; 15,-1), time: 0.4237s, #vars: 1383, #constrs: 641, improved: True
Solving MIP for lay4_193, [-inf,inf]=>[-4.2127354213937895,1.1591867368640458] (2,-1; 2,-1), time: 4.9807s, #vars: 1383, #constrs: 641, improved: True
Solving MIP for lay4_187, [-inf,inf]=>[-inf,-1e-05] (-1,-1; 15,-1), time: 0.4638s, #vars: 1383, #constrs: 641, improved: True
Solving MIP for lay4_196, [-inf,inf]=>[1e-05,4.3443807364906135] (15,-1; 2,-1), time: 6.2778s, #vars: 1383, #constrs: 641, improved: True
Solving MIP for lay4_18, [-inf,inf]=>[-inf,-1e-05] (-1,-1; 15,-1), time: 0.4280s, #vars: 1383, #constrs: 641, improved: True
Solving MIP for lay4_76, [-inf,inf]=>[-3.3141594607335128,0.30212826609790333] (2,-1; 2,-1), time: 5.8840s, #vars: 1383, #constrs: 641, improved: True
Solving MIP for lay4_208, [-inf,inf]=>[-inf,-1e-05] (-1,-1; 15,-1), time: 0.4313s, #vars: 1383, #constrs: 641, improved: True
Solving MIP for lay4_58, [-inf,inf]=>[-4.171035420011515,0.7239769614867075] (2,-1; 2,-1), time: 5.9347s, #vars: 1383, #constrs: 641, improved: True
Solving MIP for lay4_115, [-inf,inf]=>[-1.6972741175782915,2.7312074840680753] (2,-1; 2,-1), time: 6.7365s, #vars: 1383, #constrs: 641, improved: True
Solving MIP for lay4_43, [-inf,inf]=>[-3.0895113929555356,1.6785505628183113] (2,-1; 2,-1), time: 6.4190s, #vars: 1383, #constrs: 641, improved: True
Solving MIP for lay4_121, [-inf,inf]=>[1e-05,6.545682300375956] (15,-1; 2,-1), time: 2.6564s, #vars: 1383, #constrs: 641, improved: True
Solving MIP for lay4_118, [-inf,inf]=>[-0.9515773672096642,2.449040343387457] (2,-1; 2,-1), time: 4.7271s, #vars: 1383, #constrs: 641, improved: True
Solving MIP for lay4_29, [-inf,inf]=>[-inf,-1e-05] (-1,-1; 15,-1), time: 0.4803s, #vars: 1383, #constrs: 641, improved: True
Solving MIP for lay4_42, [-inf,inf]=>[-2.355448938830203,2.803577420993543] (2,-1; 2,-1), time: 5.1619s, #vars: 1383, #constrs: 641, improved: True
Solving MIP for lay4_34, [-inf,inf]=>[-inf,-1e-05] (-1,-1; 15,-1), time: 0.4173s, #vars: 1383, #constrs: 641, improved: True
Solving MIP for lay4_122, [-inf,inf]=>[-3.1061337911881486,2.1727435669650843] (2,-1; 2,-1), time: 5.1699s, #vars: 1383, #constrs: 641, improved: True
Solving MIP for lay4_71, [-inf,inf]=>[1e-05,5.066694049635329] (15,-1; 2,-1), time: 3.4300s, #vars: 1383, #constrs: 641, improved: True
Solving MIP for lay4_148, [-inf,inf]=>[-inf,-1e-05] (-1,-1; 15,-1), time: 0.6362s, #vars: 1383, #constrs: 641, improved: True
Solving MIP for lay4_214, [-inf,inf]=>[-1.1938742343312843,2.132342124898442] (2,-1; 2,-1), time: 6.5493s, #vars: 1383, #constrs: 641, improved: True
Solving MIP for lay4_225, [-inf,inf]=>[-2.5811516213456804,1.8982372139338335] (2,-1; 2,-1), time: 5.5296s, #vars: 1383, #constrs: 641, improved: True
Solving MIP for lay4_95, [-inf,inf]=>[-3.3570303416068756,1.4133126664878275] (2,-1; 2,-1), time: 6.5733s, #vars: 1383, #constrs: 641, improved: True
Solving MIP for lay4_83, [-inf,inf]=>[-2.2264517446096126,2.8169852444644508] (2,-1; 2,-1), time: 5.7482s, #vars: 1383, #constrs: 641, improved: True
Solving MIP for lay4_37, [-inf,inf]=>[-inf,-1e-05] (-1,-1; 15,-1), time: 0.4652s, #vars: 1383, #constrs: 641, improved: True
Solving MIP for lay4_240, [-inf,inf]=>[-1.627790376824747,3.695101363426101] (2,-1; 2,-1), time: 5.4416s, #vars: 1383, #constrs: 641, improved: True
Solving MIP for lay4_13, [-inf,inf]=>[-4.214240617083899,0.656936677557168] (2,-1; 2,-1), time: 6.0673s, #vars: 1383, #constrs: 641, improved: True
Solving MIP for lay4_180, [-inf,inf]=>[-1.9343534528701334,2.2589786089399086] (2,-1; 2,-1), time: 5.4186s, #vars: 1383, #constrs: 641, improved: True
Solving MIP for lay4_81, [-inf,inf]=>[-0.8522231378888819,4.018946679180756] (2,-1; 2,-1), time: 5.5858s, #vars: 1383, #constrs: 641, improved: True
Solving MIP for lay4_249, [-inf,inf]=>[-inf,-1e-05] (-1,-1; 15,-1), time: 0.7108s, #vars: 1383, #constrs: 641, improved: True
Solving MIP for lay4_215, [-inf,inf]=>[-3.836044380758431,1.1575697185657452] (2,-1; 2,-1), time: 5.9287s, #vars: 1383, #constrs: 641, improved: True
Solving MIP for lay4_135, [-inf,inf]=>[-3.9811949245825735,1.1880408187567664] (2,-1; 2,-1), time: 5.8005s, #vars: 1383, #constrs: 641, improved: True
Solving MIP for lay4_3, [-inf,inf]=>[-inf,-1e-05] (-1,-1; 15,-1), time: 0.4106s, #vars: 1383, #constrs: 641, improved: True
Solving MIP for lay4_39, [-inf,inf]=>[-inf,-1e-05] (-1,-1; 15,-1), time: 0.4456s, #vars: 1383, #constrs: 641, improved: True
Solving MIP for lay4_134, [-inf,inf]=>[-3.9397800746256832,0.4726713609042475] (2,-1; 2,-1), time: 5.3059s, #vars: 1383, #constrs: 641, improved: True
Solving MIP for lay4_103, [-inf,inf]=>[-inf,-1e-05] (-1,-1; 15,-1), time: 3.8481s, #vars: 1383, #constrs: 641, improved: True
Solving MIP for lay4_223, [-inf,inf]=>[-3.5758413476443667,0.5937135825888111] (2,-1; 2,-1), time: 4.7944s, #vars: 1383, #constrs: 641, improved: True
Solving MIP for lay4_181, [-inf,inf]=>[-inf,-1e-05] (-1,-1; 15,-1), time: 2.0277s, #vars: 1383, #constrs: 641, improved: True
Solving MIP for lay4_190, [-inf,inf]=>[-2.43689577116821,2.579531794131954] (2,-1; 2,-1), time: 4.6375s, #vars: 1383, #constrs: 641, improved: True
Solving MIP for lay4_93, [-inf,inf]=>[-4.7450911874746495,0.10314718534847565] (2,-1; 2,-1), time: 5.0597s, #vars: 1383, #constrs: 641, improved: True
Solving MIP for lay4_177, [-inf,inf]=>[-inf,-1e-05] (-1,-1; 15,-1), time: 0.6712s, #vars: 1383, #constrs: 641, improved: True
Solving MIP for lay4_154, [-inf,inf]=>[1e-05,7.877753481182066] (15,-1; 2,-1), time: 1.1520s, #vars: 1383, #constrs: 641, improved: True
Solving MIP for lay4_65, [-inf,inf]=>[1e-05,8.379669189923522] (15,-1; 2,-1), time: 2.6895s, #vars: 1383, #constrs: 641, improved: True
Solving MIP for lay4_54, [-inf,inf]=>[-inf,-1e-05] (-1,-1; 15,-1), time: 0.3663s, #vars: 1383, #constrs: 641, improved: True
Solving MIP for lay4_252, [-inf,inf]=>[-3.50754036531054,0.16814733600061155] (2,-1; 2,-1), time: 6.0725s, #vars: 1383, #constrs: 641, improved: True
Solving MIP for lay4_142, [-inf,inf]=>[-3.0851053549264753,0.755843916234937] (2,-1; 2,-1), time: 5.0553s, #vars: 1383, #constrs: 641, improved: True
Solving MIP for lay4_204, [-inf,inf]=>[-3.5650830174542207,0.6071275662208427] (2,-1; 2,-1), time: 5.2390s, #vars: 1383, #constrs: 641, improved: True
Solving MIP for lay4_245, [-inf,inf]=>[1e-05,5.238544520358149] (15,-1; 2,-1), time: 3.6177s, #vars: 1383, #constrs: 641, improved: True
Solving MIP for lay4_230, [-inf,inf]=>[-6.197148275860349,0.6962921604982738] (2,-1; 2,-1), time: 3.8084s, #vars: 1383, #constrs: 641, improved: True
Solving MIP for lay4_211, [-inf,inf]=>[-inf,-0.1726329717808056] (-1,-1; 2,-1), time: 0.3448s, #vars: 1383, #constrs: 641, improved: True
Solving MIP for lay4_123, [-inf,inf]=>[-inf,-1e-05] (-1,-1; 15,-1), time: 0.4340s, #vars: 1383, #constrs: 641, improved: True
Solving MIP for lay4_132, [-inf,inf]=>[-1.1711246571964802,2.846099603481726] (2,-1; 2,-1), time: 5.7607s, #vars: 1383, #constrs: 641, improved: True
Solving MIP for lay4_212, [-inf,inf]=>[-3.087932107569683,1.8372171575798124] (2,-1; 2,-1), time: 5.7018s, #vars: 1383, #constrs: 641, improved: True
Solving MIP for lay4_72, [-inf,inf]=>[-1.4932050141910587,3.0903452329274588] (2,-1; 2,-1), time: 4.9790s, #vars: 1383, #constrs: 641, improved: True
Solving MIP for lay4_21, [-inf,inf]=>[-1.13487411792162,3.458064410121022] (2,-1; 2,-1), time: 7.8023s, #vars: 1383, #constrs: 641, improved: True
Solving MIP for lay4_59, [-inf,inf]=>[1e-05,5.759192421780558] (15,-1; 2,-1), time: 3.9215s, #vars: 1383, #constrs: 641, improved: True
Solving MIP for lay4_57, [-inf,inf]=>[-5.126962303501159,0.35760877323562945] (2,-1; 2,-1), time: 1.9322s, #vars: 1383, #constrs: 641, improved: True
Solving MIP for lay4_96, [-inf,inf]=>[-2.106460655799764,2.9411379795235413] (2,-1; 2,-1), time: 6.3804s, #vars: 1383, #constrs: 641, improved: True
Solving MIP for lay4_191, [-inf,inf]=>[1e-05,3.9343541027223115] (15,-1; 2,-1), time: 3.4732s, #vars: 1383, #constrs: 641, improved: True
Solving MIP for lay4_242, [-inf,inf]=>[-2.412965804131109,1.118044501015272] (2,-1; 2,-1), time: 5.1483s, #vars: 1383, #constrs: 641, improved: True
Solving MIP for lay4_250, [-inf,inf]=>[-2.0616035441136304,1.7283780529666255] (2,-1; 2,-1), time: 5.3611s, #vars: 1383, #constrs: 641, improved: True
Solving MIP for lay4_139, [-inf,inf]=>[1e-05,3.8919584346515212] (15,-1; 2,-1), time: 6.4657s, #vars: 1383, #constrs: 641, improved: True
Solving MIP for lay4_156, [-inf,inf]=>[-2.3136591809062463,1.4082927339131195] (2,-1; 2,-1), time: 5.3008s, #vars: 1383, #constrs: 641, improved: True
PGD done for relu layer 2
MIP improved 79 nodes out of 79 unstable nodes, lb improved 92.09610748291016, ub improved 89.8720703125, time 23.4022
maximum relu layer improved by MIP so far 1 last_relu_layer_refined: True
Linear(in_features=256, out_features=256, bias=True) 2 6 torch.Size([256])
sorted candidates ['lay6_107', 'lay6_66', 'lay6_195', 'lay6_192', 'lay6_205', 'lay6_211', 'lay6_121', 'lay6_183', 'lay6_27', 'lay6_105', 'lay6_146', 'lay6_203', 'lay6_35', 'lay6_157', 'lay6_194', 'lay6_178', 'lay6_46', 'lay6_74', 'lay6_112', 'lay6_191', 'lay6_60', 'lay6_21', 'lay6_200', 'lay6_16', 'lay6_149', 'lay6_254', 'lay6_133', 'lay6_172', 'lay6_65', 'lay6_143', 'lay6_187', 'lay6_71', 'lay6_44', 'lay6_219', 'lay6_84'] filter: 1.0
Solving MIP for lay6_183, [-inf,inf]=>[-inf,-1e-05] (-1,-1; 15,-1), time: 0.4140s, #vars: 1725, #constrs: 1026, improved: True
Solving MIP for lay6_146, [-inf,inf]=>[-inf,-1e-05] (-1,-1; 15,-1), time: 0.4069s, #vars: 1725, #constrs: 1026, improved: True
Solving MIP for lay6_194, [-inf,inf]=>[-inf,-1e-05] (-1,-1; 15,-1), time: 0.4294s, #vars: 1725, #constrs: 1026, improved: True
Solving MIP for lay6_121, [-inf,inf]=>[-inf,-1e-05] (-1,-1; 15,-1), time: 0.4842s, #vars: 1725, #constrs: 1026, improved: True
Solving MIP for lay6_203, [-inf,inf]=>[-inf,-1e-05] (-1,-1; 15,-1), time: 0.4531s, #vars: 1725, #constrs: 1026, improved: True
Solving MIP for lay6_195, [-inf,inf]=>[-inf,-1e-05] (-1,-1; 15,-1), time: 0.4998s, #vars: 1725, #constrs: 1026, improved: True
Solving MIP for lay6_178, [-inf,inf]=>[-inf,-1e-05] (-1,-1; 15,-1), time: 0.4786s, #vars: 1725, #constrs: 1026, improved: True
Solving MIP for lay6_157, [-inf,inf]=>[-inf,-1e-05] (-1,-1; 15,-1), time: 0.5075s, #vars: 1725, #constrs: 1026, improved: True
Solving MIP for lay6_46, [-inf,inf]=>[-inf,-1e-05] (-1,-1; 15,-1), time: 0.3992s, #vars: 1725, #constrs: 1026, improved: True
Solving MIP for lay6_112, [-inf,inf]=>[-inf,-1e-05] (-1,-1; 15,-1), time: 0.4119s, #vars: 1725, #constrs: 1026, improved: True
Solving MIP for lay6_191, [-inf,inf]=>[-inf,-1e-05] (-1,-1; 15,-1), time: 0.3911s, #vars: 1725, #constrs: 1026, improved: True
Solving MIP for lay6_60, [-inf,inf]=>[-inf,-1e-05] (-1,-1; 15,-1), time: 0.4137s, #vars: 1725, #constrs: 1026, improved: True
Solving MIP for lay6_21, [-inf,inf]=>[-inf,-1e-05] (-1,-1; 15,-1), time: 0.4717s, #vars: 1725, #constrs: 1026, improved: True
Solving MIP for lay6_16, [-inf,inf]=>[-inf,-1e-05] (-1,-1; 15,-1), time: 0.5527s, #vars: 1725, #constrs: 1026, improved: True
Solving MIP for lay6_172, [-inf,inf]=>[-inf,-1e-05] (-1,-1; 15,-1), time: 0.4489s, #vars: 1725, #constrs: 1026, improved: True
Solving MIP for lay6_149, [-inf,inf]=>[-inf,-1e-05] (-1,-1; 15,-1), time: 0.4815s, #vars: 1725, #constrs: 1026, improved: True
Solving MIP for lay6_133, [-inf,inf]=>[-inf,-1e-05] (-1,-1; 15,-1), time: 0.4874s, #vars: 1725, #constrs: 1026, improved: True
Solving MIP for lay6_254, [-inf,inf]=>[-inf,-1e-05] (-1,-1; 15,-1), time: 0.4829s, #vars: 1725, #constrs: 1026, improved: True
Solving MIP for lay6_192, [-inf,inf]=>[-inf,-1e-05] (-1,-1; 15,-1), time: 1.6709s, #vars: 1725, #constrs: 1026, improved: True
Solving MIP for lay6_143, [-inf,inf]=>[-inf,-1e-05] (-1,-1; 15,-1), time: 0.4087s, #vars: 1725, #constrs: 1026, improved: True
Solving MIP for lay6_200, [-inf,inf]=>[-inf,-1e-05] (-1,-1; 15,-1), time: 1.3657s, #vars: 1725, #constrs: 1026, improved: True
Solving MIP for lay6_187, [-inf,inf]=>[-inf,-1e-05] (-1,-1; 15,-1), time: 0.4367s, #vars: 1725, #constrs: 1026, improved: True
Solving MIP for lay6_219, [-inf,inf]=>[-inf,-1e-05] (-1,-1; 15,-1), time: 0.4463s, #vars: 1725, #constrs: 1026, improved: True
Solving MIP for lay6_71, [-inf,inf]=>[-inf,-1e-05] (-1,-1; 15,-1), time: 0.4828s, #vars: 1725, #constrs: 1026, improved: True
Solving MIP for lay6_44, [-inf,inf]=>[-inf,-1e-05] (-1,-1; 15,-1), time: 0.5002s, #vars: 1725, #constrs: 1026, improved: True
Solving MIP for lay6_66, [-inf,inf]=>[-inf,-1e-05] (-1,-1; 15,-1), time: 2.1188s, #vars: 1725, #constrs: 1026, improved: True
Solving MIP for lay6_65, [-inf,inf]=>[-inf,-1e-05] (-1,-1; 15,-1), time: 0.9050s, #vars: 1725, #constrs: 1026, improved: True
Solving MIP for lay6_84, [-inf,inf]=>[-inf,-1e-05] (-1,-1; 15,-1), time: 0.4988s, #vars: 1725, #constrs: 1026, improved: True
Solving MIP for lay6_74, [-inf,inf]=>[-inf,-1e-05] (-1,-1; 15,-1), time: 1.8672s, #vars: 1725, #constrs: 1026, improved: True
Solving MIP for lay6_35, [-inf,inf]=>[-inf,-1e-05] (-1,-1; 15,-1), time: 5.1090s, #vars: 1725, #constrs: 1026, improved: True
Solving MIP for lay6_211, [-inf,inf]=>[1e-05,15.519890085038174] (15,-1; 2,-1), time: 5.7250s, #vars: 1725, #constrs: 1026, improved: True
Solving MIP for lay6_27, [-inf,inf]=>[-inf,-1e-05] (-1,-1; 15,-1), time: 5.9173s, #vars: 1725, #constrs: 1026, improved: True
Solving MIP for lay6_105, [-inf,inf]=>[-inf,-1e-05] (-1,-1; 15,-1), time: 11.6816s, #vars: 1725, #constrs: 1026, improved: True
Solving MIP for lay6_107, [-inf,inf]=>[-5.557612336730375,0.8935890622896043] (9,-1; 9,-1), time: 30.0144s, #vars: 1725, #constrs: 1026, improved: True
Solving MIP for lay6_205, [-inf,inf]=>[-5.533220343178508,1.7547618215898746] (9,-1; 9,-1), time: 30.0317s, #vars: 1725, #constrs: 1026, improved: True
PGD done for relu layer 3
Run alpha-CROWN after refining layer 4 and relu idx 1
0 /input torch.Size([1, 256])
1 /input.3 torch.Size([1, 256])
2 /input.7 torch.Size([1, 256])
3 /input.11 torch.Size([1, 256])
relu layer: 1 has unstable to stable neurons: [(5, -1), (101, -1), (196, 1), (73, -1), (254, -1), (128, -1), (49, -1), (255, -1), (99, -1), (7, -1), (114, -1), (244, -1), (187, -1), (121, 1), (18, -1), (208, -1), (71, 1), (29, -1), (34, -1), (148, -1), (103, -1), (37, -1), (249, -1), (181, -1), (3, -1), (39, -1), (65, 1), (245, 1), (139, 1), (177, -1), (59, 1), (154, 1), (191, 1), (54, -1), (123, -1), (211, -1)]
best_l after optimization: -5.622147560119629
beta sum per layer: []
alpha/beta optimization time: 4.955502986907959
alpha-CROWN with intermediate bounds by MIP: tensor([[-0.65911782, -0.54389197, -0.54047883, -0.71942186, -0.49796048,
         -0.76655924, -0.76099753, -0.45259875, -0.68112087]], device='cuda:0') None
MIP improved 35 nodes out of 35 unstable nodes, lb improved 22.48611831665039, ub improved 46.18122482299805, time 31.3345
maximum relu layer improved by MIP so far 2
Linear(in_features=256, out_features=256, bias=True) 3 8 torch.Size([256])
sorted candidates ['lay8_69', 'lay8_169', 'lay8_74', 'lay8_196', 'lay8_183', 'lay8_25', 'lay8_36', 'lay8_106', 'lay8_86', 'lay8_76', 'lay8_2', 'lay8_46', 'lay8_235', 'lay8_239', 'lay8_53', 'lay8_197', 'lay8_226', 'lay8_38', 'lay8_142', 'lay8_144', 'lay8_93', 'lay8_107', 'lay8_37', 'lay8_143', 'lay8_90', 'lay8_241', 'lay8_75', 'lay8_24', 'lay8_21', 'lay8_150', 'lay8_191', 'lay8_157', 'lay8_135', 'lay8_55', 'lay8_89', 'lay8_14', 'lay8_217', 'lay8_248', 'lay8_43', 'lay8_198', 'lay8_124', 'lay8_120', 'lay8_81', 'lay8_204', 'lay8_201', 'lay8_9', 'lay8_189', 'lay8_73', 'lay8_147', 'lay8_57', 'lay8_129', 'lay8_181', 'lay8_209', 'lay8_112', 'lay8_0', 'lay8_153', 'lay8_243', 'lay8_225', 'lay8_216', 'lay8_71', 'lay8_111', 'lay8_214', 'lay8_91', 'lay8_238', 'lay8_40', 'lay8_250', 'lay8_148', 'lay8_49', 'lay8_174', 'lay8_254', 'lay8_122', 'lay8_79', 'lay8_166', 'lay8_138', 'lay8_31', 'lay8_3', 'lay8_23', 'lay8_68', 'lay8_130', 'lay8_82', 'lay8_60', 'lay8_172', 'lay8_139', 'lay8_63', 'lay8_171', 'lay8_213', 'lay8_62', 'lay8_193', 'lay8_88', 'lay8_128', 'lay8_30', 'lay8_83', 'lay8_190', 'lay8_149', 'lay8_66', 'lay8_41', 'lay8_167', 'lay8_11', 'lay8_26', 'lay8_7', 'lay8_173', 'lay8_127', 'lay8_202', 'lay8_34', 'lay8_67', 'lay8_64', 'lay8_114', 'lay8_103', 'lay8_80', 'lay8_18', 'lay8_131', 'lay8_42', 'lay8_156', 'lay8_160', 'lay8_203', 'lay8_28', 'lay8_211', 'lay8_61', 'lay8_56', 'lay8_47', 'lay8_194', 'lay8_208', 'lay8_176', 'lay8_168', 'lay8_154', 'lay8_70', 'lay8_236', 'lay8_192', 'lay8_141', 'lay8_251', 'lay8_97', 'lay8_99', 'lay8_4', 'lay8_178', 'lay8_98', 'lay8_52', 'lay8_108', 'lay8_35', 'lay8_94', 'lay8_44', 'lay8_212', 'lay8_205', 'lay8_136', 'lay8_39', 'lay8_27', 'lay8_206', 'lay8_16', 'lay8_175', 'lay8_137', 'lay8_179', 'lay8_223', 'lay8_240', 'lay8_10', 'lay8_115', 'lay8_33', 'lay8_54', 'lay8_123', 'lay8_185', 'lay8_199', 'lay8_92', 'lay8_159', 'lay8_252', 'lay8_237', 'lay8_51', 'lay8_246', 'lay8_104', 'lay8_32', 'lay8_95', 'lay8_101', 'lay8_22', 'lay8_158', 'lay8_78', 'lay8_102', 'lay8_84', 'lay8_132', 'lay8_195', 'lay8_59', 'lay8_232', 'lay8_19', 'lay8_45', 'lay8_210', 'lay8_17', 'lay8_231', 'lay8_77', 'lay8_163', 'lay8_207', 'lay8_87', 'lay8_233', 'lay8_50', 'lay8_116', 'lay8_134', 'lay8_118', 'lay8_188', 'lay8_58', 'lay8_117', 'lay8_249'] filter: 1.0
Run alpha-CROWN after refining layer 6 and relu idx 2
0 /input torch.Size([1, 256])
1 /input.3 torch.Size([1, 256])
2 /input.7 torch.Size([1, 256])
3 /input.11 torch.Size([1, 256])
relu layer: 2 has unstable to stable neurons: [(66, -1), (195, -1), (192, -1), (211, 1), (121, -1), (183, -1), (27, -1), (105, -1), (146, -1), (203, -1), (35, -1), (157, -1), (194, -1), (178, -1), (46, -1), (74, -1), (112, -1), (191, -1), (60, -1), (21, -1), (200, -1), (16, -1), (149, -1), (254, -1), (133, -1), (172, -1), (65, -1), (143, -1), (187, -1), (71, -1), (44, -1), (219, -1), (84, -1)]

all verified at 0th iter
best_l after optimization: 4.234621047973633
beta sum per layer: []
alpha/beta optimization time: 0.0425257682800293
alpha-CROWN with intermediate bounds by MIP: tensor([[0.43463549, 0.52301091, 0.47051588, 0.46603474, 0.53033686, 0.43908346,
         0.44139802, 0.52307034, 0.40653539]], device='cuda:0') None
min of alpha-CROWN bounds 0.40653538703918457>=0, verified!
MIP finished with 62.04212689399719s
Run final alpha-CROWN after MIP solving on layer 7 and relu idx 3
0 /input torch.Size([1, 256])
1 /input.3 torch.Size([1, 256])
2 /input.7 torch.Size([1, 256])
3 /input.11 torch.Size([1, 256])

all verified at 0th iter
best_l after optimization: 4.234621047973633
beta sum per layer: []
alpha/beta optimization time: 0.025409698486328125
alpha-CROWN with intermediate bounds improved by MIP: tensor([[0.43463549, 0.52301091, 0.47051588, 0.46603474, 0.53033686, 0.43908346,
         0.44139802, 0.52307034, 0.40653539]], device='cuda:0') None
Split layers:
  BoundLinear(name=/input, inputs=[/21, /11, /12]): [(BoundRelu(name=/23, inputs=[/input]), 0)]
  BoundLinear(name=/input.3, inputs=[/23, /13, /14]): [(BoundRelu(name=/25, inputs=[/input.3]), 0)]
  BoundLinear(name=/input.7, inputs=[/25, /15, /16]): [(BoundRelu(name=/27, inputs=[/input.7]), 0)]
  BoundLinear(name=/input.11, inputs=[/27, /17, /18]): [(BoundRelu(name=/29, inputs=[/input.11]), 0)]
refined global lb: tensor([[0.43463549],
        [0.52301091],
        [0.47051588],
        [0.46603474],
        [0.53033686],
        [0.43908346],
        [0.44139802],
        [0.52307034],
        [0.40653539]], device='cuda:0') min: tensor(0.40653539, device='cuda:0')
Verified safe using alpha-CROWN with MIP improved bounds!
Result: safe-incomplete-refine in 77.2680 seconds
############# Summary #############
Final verified acc: 100.0% (total 1 examples)
Problem instances count: 1 , total verified (safe/unsat): 1 , total falsified (unsafe/sat): 0 , timeout: 0
mean time for ALL instances (total 1):77.26723389084773, max time: 77.26800656318665
mean time for verified SAFE instances(total 1): 77.26800656318665, max time: 77.26800656318665
safe-incomplete-refine (total 1), index: [0]
