Configurations:

general:
  device: cuda
  seed: 100
  conv_mode: patches
  deterministic: false
  double_fp: false
  loss_reduction_func: max
  sparse_alpha: true
  save_adv_example: false
  precompile_jit: false
  complete_verifier: bab
  enable_incomplete_verification: false
  csv_name: acasxu_instances.csv
  results_file: out.txt
  root_path: ../../vnncomp2021/benchmarks/acasxu
model:
  name: null
  path: null
  onnx_path: null
  onnx_path_prefix: ''
  cache_onnx_conversion: false
  onnx_quirks: null
  input_shape: null
  onnx_loader: default_onnx_and_vnnlib_loader
  onnx_optimization_flags: none
data:
  start: 184
  end: 185
  select_instance: null
  num_outputs: 5
  mean: 0.0
  std: 1.0
  pkl_path: null
  dataset: null
  data_filter_path: null
  data_idx_file: null
specification:
  type: lp
  robustness_type: verified-acc
  norm: .inf
  epsilon: null
  epsilon_min: 0.0
  vnnlib_path: null
  vnnlib_path_prefix: ''
solver:
  batch_size: 1000
  min_batch_size_ratio: 0.1
  use_float64_in_last_iteration: false
  early_stop_patience: 10
  start_save_best: 0.5
  bound_prop_method: crown
  init_bound_prop_method: same
  prune_after_crown: false
  crown:
    batch_size: 1000000000
    max_crown_size: 1000000000
  alpha-crown:
    alpha: true
    lr_alpha: 0.1
    iteration: 10
    share_slopes: true
    no_joint_opt: false
    lr_decay: 0.98
    full_conv_alpha: true
  beta-crown:
    lr_alpha: 0.01
    lr_beta: 0.05
    lr_decay: 0.98
    optimizer: adam
    iteration: 10
    beta: true
    beta_warmup: true
    enable_opt_interm_bounds: false
    all_node_split_LP: false
  forward:
    refine: false
    dynamic: false
    max_dim: 10000
  intermediate_refinement:
    enabled: false
    batch_size: 10
    opt_coeffs: false
    opt_bias: false
    lr: 0.05
    layers: [-1]
    max_domains: 1000
  multi_class:
    label_batch_size: 32
    skip_with_refined_bound: true
  mip:
    parallel_solvers: null
    solver_threads: 1
    refine_neuron_timeout: 15
    refine_neuron_time_percentage: 0.8
    early_stop: true
    adv_warmup: true
    mip_solver: gurobi
bab:
  initial_max_domains: 1
  max_domains: .inf
  decision_thresh: 0
  timeout: 360
  timeout_scale: 1
  override_timeout: null
  get_upper_bound: false
  dfs_percent: 0.0
  pruning_in_iteration: true
  pruning_in_iteration_ratio: 0.2
  sort_targets: false
  batched_domain_list: true
  optimized_intermediate_layers: ''
  interm_transfer: true
  cut:
    enabled: false
    implication: false
    bab_cut: false
    lp_cut: false
    method: null
    lr: 0.01
    lr_decay: 1.0
    iteration: 100
    bab_iteration: -1
    early_stop_patience: -1
    lr_beta: 0.02
    number_cuts: 50
    topk_cuts_in_filter: 1000
    batch_size_primal: 100
    max_num: 1000000000
    patches_cut: false
    cplex_cuts: false
    cplex_cuts_wait: 0
    cplex_cuts_revpickup: true
    cut_reference_bounds: true
    fix_intermediate_bounds: false
    _tmp_cuts: null
    fixed_cuts: false
    add_implied_cuts: false
    add_input_cuts: false
  branching:
    method: naive
    candidates: 3
    reduceop: min
    sb_coeff_thresh: 0.01
    enable_intermediate_bound_opt: false
    branching_input_and_activation: false
    branching_input_and_activation_order: [input, relu]
    branching_input_iterations: 30
    branching_relu_iterations: 50
    sort_domain_interval: -1
    nonlinear_split:
      method: babsr_like
      branching_point_method: middle
      num_branches: 2
      branching_point_refinement: false
      naive_branching_score: false
      filter: false
      prioritize_mul: false
    input_split:
      enable: true
      enhanced_bound_prop_method: alpha-crown
      enhanced_branching_method: sb
      enhanced_bound_patience: 20
      attack_patience: 80
      adv_check: 0
  attack:
    enabled: false
    beam_candidates: 8
    beam_depth: 7
    max_dive_fix_ratio: 0.8
    min_local_free_ratio: 0.2
    mip_start_iteration: 5
    mip_timeout: 30.0
    adv_pool_threshold: null
    refined_mip_attacker: false
    refined_batch_size: null
attack:
  pgd_order: after
  pgd_steps: 100
  pgd_restarts: 30
  pgd_early_stop: true
  pgd_lr_decay: 0.99
  pgd_alpha: auto
  pgd_loss_mode: null
  enable_mip_attack: false
  cex_path: ./test_cex.txt
  attack_mode: PGD
  gama_lambda: 10.0
  gama_decay: 0.9
  check_clean: false
  input_split:
    pgd_steps: 100
    pgd_restarts: 30
    pgd_alpha: auto
  input_split_enhanced:
    pgd_steps: 200
    pgd_restarts: 5000000
    pgd_alpha: auto
  input_split_check_adv:
    pgd_steps: 5
    pgd_restarts: 5
    pgd_alpha: auto
debug:
  lp_test: null

Experiments at Tue Mar 28 13:35:51 2023 on zeratul
customized start/end sample from instance 184 to 185 in acasxu_instances.csv
Internal results will be saved to a-b-crown_[acasxu_instances]_start=184_end=185_iter=10_b=1000_timeout=360_branching=naive-min-3_lra-init=0.1_lra=0.01_lrb=0.05_PGD=after_cplex_cuts=False_initial_max_domains=1.npz.

 %%%%%%%%%%%%%%%%%%%%%%%%%%%%%%%%%%% idx: 0, vnnlib ID: 184 %%%%%%%%%%%%%%%%%%%%%%%%%%%%%%%%%%%%%%%%
Using onnx ACASXU_run2a_3_3_batch_2000.onnx
Using vnnlib prop_9.vnnlib
Precompiled vnnlib file found at ../../vnncomp2021/benchmarks/acasxu/prop_9.vnnlib.compiled
Loading onnx ../../vnncomp2021/benchmarks/acasxu/ACASXU_run2a_3_3_batch_2000.onnx wih quirks {}
Attack parameters: initialization=uniform, steps=100, restarts=30, alpha=0.015625, initialization=uniform, GAMA=False
Model output of first 5 examples:
 tensor([[0.23860429, 0.24305248, 0.25350052, 0.18614213, 0.27979666]],
       device='cuda:0')
Adv example prediction (first 2 examples and 2 restarts):
 tensor([[[0.03309734, 0.02799046, 0.02860896, 0.02604105, 0.03150152],
         [0.03309734, 0.02799046, 0.02860896, 0.02604105, 0.03150152]]],
       device='cuda:0')
PGD attack margin (first 2 examles and 10 specs):
 tensor([[[0.00705629, 0.00194941, 0.00256792, 0.00546048]]], device='cuda:0')
number of violation:  0
Attack finished in 2.1239 seconds.
PGD attack failed
Total VNNLIB file length: 4, max property batch size: 1, total number of batches: 4

Properties batch 0, size 1
Remaining timeout: 109.39727401733398
##### Instance 0 first 10 spec matrices: 
tensor([[[ 1.,  0.,  0., -1.,  0.]]], dtype=torch.float64)
thresholds: [0.] ######
Model: BoundedModule(
  (/0): BoundInput(name=/0, inputs=[])
  (/1): BoundBuffers(name=/1, inputs=[])
  (/16): BoundParams(name=/16, inputs=[])
  (/17): BoundParams(name=/17, inputs=[])
  (/18): BoundParams(name=/18, inputs=[])
  (/19): BoundParams(name=/19, inputs=[])
  (/20): BoundParams(name=/20, inputs=[])
  (/21): BoundParams(name=/21, inputs=[])
  (/22): BoundParams(name=/22, inputs=[])
  (/23): BoundParams(name=/23, inputs=[])
  (/24): BoundParams(name=/24, inputs=[])
  (/25): BoundParams(name=/25, inputs=[])
  (/26): BoundParams(name=/26, inputs=[])
  (/27): BoundParams(name=/27, inputs=[])
  (/28): BoundParams(name=/28, inputs=[])
  (/29): BoundParams(name=/29, inputs=[])
  (/30): BoundSub(name=/30, inputs=[/0, /1])
  (/31): BoundFlatten(name=/31, inputs=[/30])
  (/input): BoundLinear(name=/input, inputs=[/31, /16, /17])
  (/33): BoundRelu(name=/33, inputs=[/input])
  (/input.3): BoundLinear(name=/input.3, inputs=[/33, /18, /19])
  (/35): BoundRelu(name=/35, inputs=[/input.3])
  (/input.7): BoundLinear(name=/input.7, inputs=[/35, /20, /21])
  (/37): BoundRelu(name=/37, inputs=[/input.7])
  (/input.11): BoundLinear(name=/input.11, inputs=[/37, /22, /23])
  (/39): BoundRelu(name=/39, inputs=[/input.11])
  (/input.15): BoundLinear(name=/input.15, inputs=[/39, /24, /25])
  (/41): BoundRelu(name=/41, inputs=[/input.15])
  (/input.19): BoundLinear(name=/input.19, inputs=[/41, /26, /27])
  (/43): BoundRelu(name=/43, inputs=[/input.19])
  (/44): BoundLinear(name=/44, inputs=[/43, /28, /29])
)
Model prediction is: tensor([0.23860429, 0.24305248, 0.25350052, 0.18614213, 0.27979666],
       device='cuda:0')
initial crown bounds (first 10): tensor([-39.20408630], device='cuda:0')
Split layers:
  BoundLinear(name=/input.7, inputs=[/35, /20, /21]): [(BoundRelu(name=/37, inputs=[/input.7]), 0)]
  BoundLinear(name=/input.11, inputs=[/37, /22, /23]): [(BoundRelu(name=/39, inputs=[/input.11]), 0)]
  BoundLinear(name=/input, inputs=[/31, /16, /17]): [(BoundRelu(name=/33, inputs=[/input]), 0)]
  BoundLinear(name=/input.3, inputs=[/33, /18, /19]): [(BoundRelu(name=/35, inputs=[/input.3]), 0)]
  BoundLinear(name=/input.15, inputs=[/39, /24, /25]): [(BoundRelu(name=/41, inputs=[/input.15]), 0)]
  BoundLinear(name=/input.19, inputs=[/41, /26, /27]): [(BoundRelu(name=/43, inputs=[/input.19]), 0)]
Adv example prediction (first 2 examples and 2 restarts):
 tensor([[[0.03315539, 0.02802548, 0.02869548, 0.02609396, 0.03150118]]],
       device='cuda:0', grad_fn=<SliceBackward0>)
PGD attack margin (first 2 examles and 10 specs):
 tensor([[[0.00706143]]], device='cuda:0', grad_fn=<SliceBackward0>)
number of violation:  0
Total time: 1.1756  pickout: 0.0004  decision: 0.0020  bounding: 1.1727  add_domain: 0.0006
length of domains: 32
Current (lb-rhs): -12.658575057983398
32 branch and bound domains visited

Adv attack time: 0.0355s
Total time: 0.0402  pickout: 0.0002  decision: 0.0006  bounding: 0.0387  add_domain: 0.0005
length of domains: 64
Current (lb-rhs): -4.6644606590271
96 branch and bound domains visited

Adv attack time: 0.0392s
Total time: 0.0451  pickout: 0.0004  decision: 0.0009  bounding: 0.0432  add_domain: 0.0006
length of domains: 128
Current (lb-rhs): -2.7129969596862793
224 branch and bound domains visited

Adv attack time: 0.0285s
Total time: 0.0436  pickout: 0.0002  decision: 0.0006  bounding: 0.0422  add_domain: 0.0006
length of domains: 251
Current (lb-rhs): -1.4375852346420288
480 branch and bound domains visited

Adv attack time: 0.0318s
Total time: 0.0466  pickout: 0.0005  decision: 0.0010  bounding: 0.0443  add_domain: 0.0008
length of domains: 433
Current (lb-rhs): -0.9849793910980225
982 branch and bound domains visited

Adv attack time: 0.0312s
Total time: 0.0645  pickout: 0.0004  decision: 0.0008  bounding: 0.0627  add_domain: 0.0006
length of domains: 514
Current (lb-rhs): -0.5249204635620117
1848 branch and bound domains visited

Adv attack time: 0.0306s
Total time: 0.0450  pickout: 0.0003  decision: 0.0007  bounding: 0.0432  add_domain: 0.0009
length of domains: 285
Current (lb-rhs): -0.39991021156311035
2876 branch and bound domains visited

Adv attack time: 0.0367s
Total time: 0.0394  pickout: 0.0004  decision: 0.0010  bounding: 0.0374  add_domain: 0.0006
length of domains: 181
Current (lb-rhs): -0.1489173173904419
3446 branch and bound domains visited

Adv attack time: 0.0297s
Total time: 0.0347  pickout: 0.0003  decision: 0.0006  bounding: 0.0332  add_domain: 0.0006
length of domains: 235
Current (lb-rhs): -0.1381549835205078
3808 branch and bound domains visited

Adv attack time: 0.0269s
Total time: 0.0350  pickout: 0.0003  decision: 0.0006  bounding: 0.0335  add_domain: 0.0006
length of domains: 285
Current (lb-rhs): -0.1217803955078125
4278 branch and bound domains visited

Adv attack time: 0.0278s
Total time: 0.0360  pickout: 0.0003  decision: 0.0006  bounding: 0.0345  add_domain: 0.0006
length of domains: 71
Current (lb-rhs): -0.05438506603240967
4848 branch and bound domains visited

Adv attack time: 0.0315s
Total time: 0.0358  pickout: 0.0002  decision: 0.0006  bounding: 0.0344  add_domain: 0.0006
length of domains: 23
Current (lb-rhs): -0.035346683114767075
4990 branch and bound domains visited

Adv attack time: 0.0349s
Total time: 0.0359  pickout: 0.0005  decision: 0.0010  bounding: 0.0339  add_domain: 0.0006
length of domains: 27
Current (lb-rhs): -0.02038092166185379
5082 branch and bound domains visited

Adv attack time: 0.0261s
Total time: 0.0477  pickout: 0.0004  decision: 0.0009  bounding: 0.0453  add_domain: 0.0011
length of domains: 1
Current (lb-rhs): -0.005171611905097961
5136 branch and bound domains visited

Adv attack time: 0.0294s
Total time: 0.0355  pickout: 0.0004  decision: 0.0025  bounding: 0.0321  add_domain: 0.0004
length of domains: 0
No domains left, verification finished!
The lower bound of last batch is 0.02487833797931671

Properties batch 1, size 1
Remaining timeout: 104.96990776062012
##### Instance 0 first 10 spec matrices: 
tensor([[[ 0.,  1.,  0., -1.,  0.]]], dtype=torch.float64)
thresholds: [0.] ######
Model: BoundedModule(
  (/0): BoundInput(name=/0, inputs=[])
  (/1): BoundBuffers(name=/1, inputs=[])
  (/16): BoundParams(name=/16, inputs=[])
  (/17): BoundParams(name=/17, inputs=[])
  (/18): BoundParams(name=/18, inputs=[])
  (/19): BoundParams(name=/19, inputs=[])
  (/20): BoundParams(name=/20, inputs=[])
  (/21): BoundParams(name=/21, inputs=[])
  (/22): BoundParams(name=/22, inputs=[])
  (/23): BoundParams(name=/23, inputs=[])
  (/24): BoundParams(name=/24, inputs=[])
  (/25): BoundParams(name=/25, inputs=[])
  (/26): BoundParams(name=/26, inputs=[])
  (/27): BoundParams(name=/27, inputs=[])
  (/28): BoundParams(name=/28, inputs=[])
  (/29): BoundParams(name=/29, inputs=[])
  (/30): BoundSub(name=/30, inputs=[/0, /1])
  (/31): BoundFlatten(name=/31, inputs=[/30])
  (/input): BoundLinear(name=/input, inputs=[/31, /16, /17])
  (/33): BoundRelu(name=/33, inputs=[/input])
  (/input.3): BoundLinear(name=/input.3, inputs=[/33, /18, /19])
  (/35): BoundRelu(name=/35, inputs=[/input.3])
  (/input.7): BoundLinear(name=/input.7, inputs=[/35, /20, /21])
  (/37): BoundRelu(name=/37, inputs=[/input.7])
  (/input.11): BoundLinear(name=/input.11, inputs=[/37, /22, /23])
  (/39): BoundRelu(name=/39, inputs=[/input.11])
  (/input.15): BoundLinear(name=/input.15, inputs=[/39, /24, /25])
  (/41): BoundRelu(name=/41, inputs=[/input.15])
  (/input.19): BoundLinear(name=/input.19, inputs=[/41, /26, /27])
  (/43): BoundRelu(name=/43, inputs=[/input.19])
  (/44): BoundLinear(name=/44, inputs=[/43, /28, /29])
)
Model prediction is: tensor([0.23860429, 0.24305248, 0.25350052, 0.18614213, 0.27979666],
       device='cuda:0')
initial crown bounds (first 10): tensor([-7.27742434], device='cuda:0')
Split layers:
  BoundLinear(name=/input, inputs=[/31, /16, /17]): [(BoundRelu(name=/33, inputs=[/input]), 0)]
  BoundLinear(name=/input.7, inputs=[/35, /20, /21]): [(BoundRelu(name=/37, inputs=[/input.7]), 0)]
  BoundLinear(name=/input.15, inputs=[/39, /24, /25]): [(BoundRelu(name=/41, inputs=[/input.15]), 0)]
  BoundLinear(name=/input.19, inputs=[/41, /26, /27]): [(BoundRelu(name=/43, inputs=[/input.19]), 0)]
  BoundLinear(name=/input.11, inputs=[/37, /22, /23]): [(BoundRelu(name=/39, inputs=[/input.11]), 0)]
  BoundLinear(name=/input.3, inputs=[/33, /18, /19]): [(BoundRelu(name=/35, inputs=[/input.3]), 0)]
Adv example prediction (first 2 examples and 2 restarts):
 tensor([[[0.03488617, 0.02888836, 0.03132532, 0.02611749, 0.03493001]]],
       device='cuda:0', grad_fn=<SliceBackward0>)
PGD attack margin (first 2 examles and 10 specs):
 tensor([[[0.00277087]]], device='cuda:0', grad_fn=<SliceBackward0>)
number of violation:  0
Total time: 0.0602  pickout: 0.0003  decision: 0.0021  bounding: 0.0570  add_domain: 0.0007
length of domains: 32
Current (lb-rhs): -2.7148237228393555
32 branch and bound domains visited

Adv attack time: 0.0354s
Total time: 0.0413  pickout: 0.0002  decision: 0.0006  bounding: 0.0398  add_domain: 0.0006
length of domains: 64
Current (lb-rhs): -1.1704121828079224
96 branch and bound domains visited

Adv attack time: 0.0314s
Total time: 0.0474  pickout: 0.0004  decision: 0.0008  bounding: 0.0455  add_domain: 0.0006
length of domains: 128
Current (lb-rhs): -0.7973518371582031
224 branch and bound domains visited

Adv attack time: 0.0328s
Total time: 0.0438  pickout: 0.0002  decision: 0.0006  bounding: 0.0421  add_domain: 0.0008
length of domains: 219
Current (lb-rhs): -0.4267825484275818
480 branch and bound domains visited

Adv attack time: 0.0325s
Total time: 0.0377  pickout: 0.0004  decision: 0.0006  bounding: 0.0361  add_domain: 0.0006
length of domains: 319
Current (lb-rhs): -0.2831437885761261
918 branch and bound domains visited

Adv attack time: 0.0300s
Total time: 0.0411  pickout: 0.0005  decision: 0.0010  bounding: 0.0391  add_domain: 0.0006
length of domains: 274
Current (lb-rhs): -0.21397626399993896
1556 branch and bound domains visited

Adv attack time: 0.0327s
Total time: 0.0383  pickout: 0.0003  decision: 0.0006  bounding: 0.0365  add_domain: 0.0010
length of domains: 71
Current (lb-rhs): -0.15004761517047882
2104 branch and bound domains visited

Adv attack time: 0.0326s
Total time: 0.0398  pickout: 0.0004  decision: 0.0010  bounding: 0.0379  add_domain: 0.0006
length of domains: 42
Current (lb-rhs): -0.14009709656238556
2246 branch and bound domains visited

Adv attack time: 0.0299s
Total time: 0.0501  pickout: 0.0004  decision: 0.0010  bounding: 0.0481  add_domain: 0.0006
length of domains: 59
Current (lb-rhs): -0.11796629428863525
2330 branch and bound domains visited

Adv attack time: 0.0337s
Total time: 0.0423  pickout: 0.0003  decision: 0.0008  bounding: 0.0401  add_domain: 0.0011
length of domains: 12
Current (lb-rhs): -0.04882967472076416
2448 branch and bound domains visited

Adv attack time: 0.0316s
Total time: 0.0393  pickout: 0.0002  decision: 0.0009  bounding: 0.0376  add_domain: 0.0005
length of domains: 0
No domains left, verification finished!
The lower bound of last batch is 0.03201413154602051

Properties batch 2, size 1
Remaining timeout: 103.34805297851562
##### Instance 0 first 10 spec matrices: 
tensor([[[ 0.,  0.,  1., -1.,  0.]]], dtype=torch.float64)
thresholds: [0.] ######
Model: BoundedModule(
  (/0): BoundInput(name=/0, inputs=[])
  (/1): BoundBuffers(name=/1, inputs=[])
  (/16): BoundParams(name=/16, inputs=[])
  (/17): BoundParams(name=/17, inputs=[])
  (/18): BoundParams(name=/18, inputs=[])
  (/19): BoundParams(name=/19, inputs=[])
  (/20): BoundParams(name=/20, inputs=[])
  (/21): BoundParams(name=/21, inputs=[])
  (/22): BoundParams(name=/22, inputs=[])
  (/23): BoundParams(name=/23, inputs=[])
  (/24): BoundParams(name=/24, inputs=[])
  (/25): BoundParams(name=/25, inputs=[])
  (/26): BoundParams(name=/26, inputs=[])
  (/27): BoundParams(name=/27, inputs=[])
  (/28): BoundParams(name=/28, inputs=[])
  (/29): BoundParams(name=/29, inputs=[])
  (/30): BoundSub(name=/30, inputs=[/0, /1])
  (/31): BoundFlatten(name=/31, inputs=[/30])
  (/input): BoundLinear(name=/input, inputs=[/31, /16, /17])
  (/33): BoundRelu(name=/33, inputs=[/input])
  (/input.3): BoundLinear(name=/input.3, inputs=[/33, /18, /19])
  (/35): BoundRelu(name=/35, inputs=[/input.3])
  (/input.7): BoundLinear(name=/input.7, inputs=[/35, /20, /21])
  (/37): BoundRelu(name=/37, inputs=[/input.7])
  (/input.11): BoundLinear(name=/input.11, inputs=[/37, /22, /23])
  (/39): BoundRelu(name=/39, inputs=[/input.11])
  (/input.15): BoundLinear(name=/input.15, inputs=[/39, /24, /25])
  (/41): BoundRelu(name=/41, inputs=[/input.15])
  (/input.19): BoundLinear(name=/input.19, inputs=[/41, /26, /27])
  (/43): BoundRelu(name=/43, inputs=[/input.19])
  (/44): BoundLinear(name=/44, inputs=[/43, /28, /29])
)
Model prediction is: tensor([0.23860429, 0.24305248, 0.25350052, 0.18614213, 0.27979666],
       device='cuda:0')
initial crown bounds (first 10): tensor([-36.91603851], device='cuda:0')
Split layers:
  BoundLinear(name=/input.7, inputs=[/35, /20, /21]): [(BoundRelu(name=/37, inputs=[/input.7]), 0)]
  BoundLinear(name=/input.3, inputs=[/33, /18, /19]): [(BoundRelu(name=/35, inputs=[/input.3]), 0)]
  BoundLinear(name=/input.15, inputs=[/39, /24, /25]): [(BoundRelu(name=/41, inputs=[/input.15]), 0)]
  BoundLinear(name=/input.11, inputs=[/37, /22, /23]): [(BoundRelu(name=/39, inputs=[/input.11]), 0)]
  BoundLinear(name=/input.19, inputs=[/41, /26, /27]): [(BoundRelu(name=/43, inputs=[/input.19]), 0)]
  BoundLinear(name=/input, inputs=[/31, /16, /17]): [(BoundRelu(name=/33, inputs=[/input]), 0)]
Adv example prediction (first 2 examples and 2 restarts):
 tensor([[[0.03304219, 0.02934187, 0.02896725, 0.02473259, 0.03214257]]],
       device='cuda:0', grad_fn=<SliceBackward0>)
PGD attack margin (first 2 examles and 10 specs):
 tensor([[[0.00423466]]], device='cuda:0', grad_fn=<SliceBackward0>)
number of violation:  0
Total time: 0.0520  pickout: 0.0004  decision: 0.0024  bounding: 0.0486  add_domain: 0.0006
length of domains: 32
Current (lb-rhs): -12.9890718460083
32 branch and bound domains visited

Adv attack time: 0.0282s
Total time: 0.0488  pickout: 0.0004  decision: 0.0010  bounding: 0.0466  add_domain: 0.0008
length of domains: 64
Current (lb-rhs): -5.2860589027404785
96 branch and bound domains visited

Adv attack time: 0.0358s
Total time: 0.0527  pickout: 0.0003  decision: 0.0008  bounding: 0.0510  add_domain: 0.0007
length of domains: 128
Current (lb-rhs): -3.5963973999023438
224 branch and bound domains visited

Adv attack time: 0.0297s
Total time: 0.0420  pickout: 0.0004  decision: 0.0008  bounding: 0.0399  add_domain: 0.0009
length of domains: 256
Current (lb-rhs): -1.7691837549209595
480 branch and bound domains visited

Adv attack time: 0.0295s
Total time: 0.0443  pickout: 0.0003  decision: 0.0008  bounding: 0.0423  add_domain: 0.0008
length of domains: 505
Current (lb-rhs): -1.2297197580337524
992 branch and bound domains visited

Adv attack time: 0.0379s
Total time: 0.0593  pickout: 0.0003  decision: 0.0008  bounding: 0.0572  add_domain: 0.0009
length of domains: 728
Current (lb-rhs): -0.7412605285644531
2002 branch and bound domains visited

Adv attack time: 0.0339s
Total time: 0.0637  pickout: 0.0004  decision: 0.0009  bounding: 0.0611  add_domain: 0.0013
length of domains: 472
Current (lb-rhs): -0.5578762292861938
3458 branch and bound domains visited

Adv attack time: 0.0350s
Total time: 0.0446  pickout: 0.0003  decision: 0.0007  bounding: 0.0430  add_domain: 0.0006
length of domains: 304
Current (lb-rhs): -0.344368040561676
4402 branch and bound domains visited

Adv attack time: 0.0313s
Total time: 0.0421  pickout: 0.0004  decision: 0.0010  bounding: 0.0398  add_domain: 0.0009
length of domains: 328
Current (lb-rhs): -0.31270337104797363
5010 branch and bound domains visited

Adv attack time: 0.0337s
Total time: 0.0447  pickout: 0.0003  decision: 0.0007  bounding: 0.0430  add_domain: 0.0008
length of domains: 169
Current (lb-rhs): -0.13459420204162598
5666 branch and bound domains visited

Adv attack time: 0.0292s
Total time: 0.0402  pickout: 0.0003  decision: 0.0006  bounding: 0.0387  add_domain: 0.0006
length of domains: 34
Current (lb-rhs): -0.0345119833946228
6004 branch and bound domains visited

Adv attack time: 0.0335s
Total time: 0.0385  pickout: 0.0003  decision: 0.0007  bounding: 0.0369  add_domain: 0.0006
length of domains: 6
Current (lb-rhs): -0.014466077089309692
6072 branch and bound domains visited

Adv attack time: 0.0269s
Total time: 0.0464  pickout: 0.0003  decision: 0.0019  bounding: 0.0438  add_domain: 0.0003
length of domains: 0
No domains left, verification finished!
The lower bound of last batch is 0.006662487983703613

Properties batch 3, size 1
Remaining timeout: 101.43788242340088
##### Instance 0 first 10 spec matrices: 
tensor([[[ 0.,  0.,  0., -1.,  1.]]], dtype=torch.float64)
thresholds: [0.] ######
Model: BoundedModule(
  (/0): BoundInput(name=/0, inputs=[])
  (/1): BoundBuffers(name=/1, inputs=[])
  (/16): BoundParams(name=/16, inputs=[])
  (/17): BoundParams(name=/17, inputs=[])
  (/18): BoundParams(name=/18, inputs=[])
  (/19): BoundParams(name=/19, inputs=[])
  (/20): BoundParams(name=/20, inputs=[])
  (/21): BoundParams(name=/21, inputs=[])
  (/22): BoundParams(name=/22, inputs=[])
  (/23): BoundParams(name=/23, inputs=[])
  (/24): BoundParams(name=/24, inputs=[])
  (/25): BoundParams(name=/25, inputs=[])
  (/26): BoundParams(name=/26, inputs=[])
  (/27): BoundParams(name=/27, inputs=[])
  (/28): BoundParams(name=/28, inputs=[])
  (/29): BoundParams(name=/29, inputs=[])
  (/30): BoundSub(name=/30, inputs=[/0, /1])
  (/31): BoundFlatten(name=/31, inputs=[/30])
  (/input): BoundLinear(name=/input, inputs=[/31, /16, /17])
  (/33): BoundRelu(name=/33, inputs=[/input])
  (/input.3): BoundLinear(name=/input.3, inputs=[/33, /18, /19])
  (/35): BoundRelu(name=/35, inputs=[/input.3])
  (/input.7): BoundLinear(name=/input.7, inputs=[/35, /20, /21])
  (/37): BoundRelu(name=/37, inputs=[/input.7])
  (/input.11): BoundLinear(name=/input.11, inputs=[/37, /22, /23])
  (/39): BoundRelu(name=/39, inputs=[/input.11])
  (/input.15): BoundLinear(name=/input.15, inputs=[/39, /24, /25])
  (/41): BoundRelu(name=/41, inputs=[/input.15])
  (/input.19): BoundLinear(name=/input.19, inputs=[/41, /26, /27])
  (/43): BoundRelu(name=/43, inputs=[/input.19])
  (/44): BoundLinear(name=/44, inputs=[/43, /28, /29])
)/home/zhouxingshi/miniconda3/envs/alpha-beta-crown/lib/python3.7/site-packages/onnx2pytorch/convert/operations.py:154: UserWarning: The given NumPy array is not writable, and PyTorch does not support non-writable tensors. This means writing to this tensor will result in undefined behavior. You may want to copy the array to protect its data or make it writable before converting it to a tensor. This type of warning will be suppressed for the rest of this program. (Triggered internally at  /opt/conda/conda-bld/pytorch_1646755953518/work/torch/csrc/utils/tensor_numpy.cpp:178.)
  weight = torch.from_numpy(numpy_helper.to_array(params[0]))
/home/zhouxingshi/miniconda3/envs/alpha-beta-crown/lib/python3.7/site-packages/onnx2pytorch/convert/model.py:154: UserWarning: Using experimental implementation that allows 'batch_size > 1'.Batchnorm layers could potentially produce false outputs.
  "Using experimental implementation that allows 'batch_size > 1'."

Model prediction is: tensor([0.23860429, 0.24305248, 0.25350052, 0.18614213, 0.27979666],
       device='cuda:0')
initial crown bounds (first 10): tensor([-43.89530182], device='cuda:0')
Split layers:
  BoundLinear(name=/input.11, inputs=[/37, /22, /23]): [(BoundRelu(name=/39, inputs=[/input.11]), 0)]
  BoundLinear(name=/input.3, inputs=[/33, /18, /19]): [(BoundRelu(name=/35, inputs=[/input.3]), 0)]
  BoundLinear(name=/input.15, inputs=[/39, /24, /25]): [(BoundRelu(name=/41, inputs=[/input.15]), 0)]
  BoundLinear(name=/input, inputs=[/31, /16, /17]): [(BoundRelu(name=/33, inputs=[/input]), 0)]
  BoundLinear(name=/input.7, inputs=[/35, /20, /21]): [(BoundRelu(name=/37, inputs=[/input.7]), 0)]
  BoundLinear(name=/input.19, inputs=[/41, /26, /27]): [(BoundRelu(name=/43, inputs=[/input.19]), 0)]
Adv example prediction (first 2 examples and 2 restarts):
 tensor([[[0.03321084, 0.02805899, 0.02876504, 0.02613497, 0.03152735]]],
       device='cuda:0', grad_fn=<SliceBackward0>)
PGD attack margin (first 2 examles and 10 specs):
 tensor([[[0.00539238]]], device='cuda:0', grad_fn=<SliceBackward0>)
number of violation:  0
Total time: 0.0442  pickout: 0.0004  decision: 0.0021  bounding: 0.0411  add_domain: 0.0006
length of domains: 32
Current (lb-rhs): -14.548013687133789
32 branch and bound domains visited

Adv attack time: 0.0296s
Total time: 0.0495  pickout: 0.0003  decision: 0.0006  bounding: 0.0478  add_domain: 0.0008
length of domains: 64
Current (lb-rhs): -5.512808799743652
96 branch and bound domains visited

Adv attack time: 0.0339s
Total time: 0.0534  pickout: 0.0003  decision: 0.0008  bounding: 0.0516  add_domain: 0.0007
length of domains: 128
Current (lb-rhs): -3.8118321895599365
224 branch and bound domains visited

Adv attack time: 0.0361s
Total time: 0.0452  pickout: 0.0003  decision: 0.0008  bounding: 0.0431  add_domain: 0.0009
length of domains: 254
Current (lb-rhs): -1.911788821220398
480 branch and bound domains visited

Adv attack time: 0.0304s
Total time: 0.0492  pickout: 0.0003  decision: 0.0008  bounding: 0.0470  add_domain: 0.0010
length of domains: 477
Current (lb-rhs): -1.4296013116836548
988 branch and bound domains visited

Adv attack time: 0.0336s
Total time: 0.0586  pickout: 0.0004  decision: 0.0009  bounding: 0.0563  add_domain: 0.0010
length of domains: 609
Current (lb-rhs): -0.6651976108551025
1942 branch and bound domains visited

Adv attack time: 0.0345s
Total time: 0.0527  pickout: 0.0004  decision: 0.0009  bounding: 0.0505  add_domain: 0.0010
length of domains: 263
Current (lb-rhs): -0.5316613912582397
3160 branch and bound domains visited

Adv attack time: 0.0410s
Total time: 0.0468  pickout: 0.0004  decision: 0.0009  bounding: 0.0446  add_domain: 0.0009
length of domains: 114
Current (lb-rhs): -0.11711549758911133
3686 branch and bound domains visited

Adv attack time: 0.0325s
Total time: 0.0340  pickout: 0.0003  decision: 0.0007  bounding: 0.0323  add_domain: 0.0006
length of domains: 94
Current (lb-rhs): -0.07970333099365234
3914 branch and bound domains visited

Adv attack time: 0.0378s
Total time: 0.0378  pickout: 0.0003  decision: 0.0008  bounding: 0.0361  add_domain: 0.0006
length of domains: 42
Current (lb-rhs): -0.030187129974365234
4102 branch and bound domains visited

Adv attack time: 0.0283s
Total time: 0.0451  pickout: 0.0004  decision: 0.0007  bounding: 0.0433  add_domain: 0.0007
length of domains: 22
Current (lb-rhs): -0.02063426375389099
4186 branch and bound domains visited

Adv attack time: 0.0302s
Total time: 0.0444  pickout: 0.0004  decision: 0.0011  bounding: 0.0422  add_domain: 0.0008
length of domains: 13
Current (lb-rhs): -0.003915190696716309
4274 branch and bound domains visited

Adv attack time: 0.0330s
Total time: 0.0470  pickout: 0.0003  decision: 0.0013  bounding: 0.0448  add_domain: 0.0006
length of domains: 10
Current (lb-rhs): -0.0016421079635620117
4326 branch and bound domains visited

Adv attack time: 0.0330s
Total time: 0.0332  pickout: 0.0002  decision: 0.0010  bounding: 0.0314  add_domain: 0.0005
length of domains: 2
Current (lb-rhs): -7.56978988647461e-05
4406 branch and bound domains visited

Adv attack time: 0.0327s
Total time: 0.0327  pickout: 0.0004  decision: 0.0025  bounding: 0.0295  add_domain: 0.0003
length of domains: 0
No domains left, verification finished!
The lower bound of last batch is 0.002359628677368164
Result: safe in 16.5074 seconds
############# Summary #############
Final verified acc: 100.0% (total 1 examples)
Problem instances count: 1 , total verified (safe/unsat): 1 , total falsified (unsafe/sat): 0 , timeout: 0
mean time for ALL instances (total 1):16.507229718352228, max time: 16.507394790649414
mean time for verified SAFE instances(total 1): 16.507394790649414, max time: 16.507394790649414
safe (total 1), index: [0]
