Configurations:

general:
  device: cuda
  seed: 100
  conv_mode: patches
  deterministic: false
  double_fp: false
  loss_reduction_func: max
  sparse_alpha: true
  save_adv_example: false
  precompile_jit: false
  complete_verifier: bab
  enable_incomplete_verification: false
  csv_name: acasxu_instances.csv
  results_file: out.txt
  root_path: ../../vnncomp2021/benchmarks/acasxu
model:
  name: null
  path: null
  onnx_path: null
  onnx_path_prefix: ''
  cache_onnx_conversion: false
  onnx_quirks: null
  input_shape: null
  onnx_loader: default_onnx_and_vnnlib_loader
  onnx_optimization_flags: none
data:
  start: 135
  end: 136
  select_instance: null
  num_outputs: 5
  mean: 0.0
  std: 1.0
  pkl_path: null
  dataset: null
  data_filter_path: null
  data_idx_file: null
specification:
  type: lp
  robustness_type: verified-acc
  norm: .inf
  epsilon: null
  epsilon_min: 0.0
  vnnlib_path: null
  vnnlib_path_prefix: ''
solver:
  batch_size: 1000
  min_batch_size_ratio: 0.1
  use_float64_in_last_iteration: false
  early_stop_patience: 10
  start_save_best: 0.5
  bound_prop_method: crown
  init_bound_prop_method: same
  prune_after_crown: false
  crown:
    batch_size: 1000000000
    max_crown_size: 1000000000
  alpha-crown:
    alpha: true
    lr_alpha: 0.1
    iteration: 10
    share_slopes: true
    no_joint_opt: false
    lr_decay: 0.98
    full_conv_alpha: true
  beta-crown:
    lr_alpha: 0.01
    lr_beta: 0.05
    lr_decay: 0.98
    optimizer: adam
    iteration: 10
    beta: true
    beta_warmup: true
    enable_opt_interm_bounds: false
    all_node_split_LP: false
  forward:
    refine: false
    dynamic: false
    max_dim: 10000
  intermediate_refinement:
    enabled: false
    batch_size: 10
    opt_coeffs: false
    opt_bias: false
    lr: 0.05
    layers: [-1]
    max_domains: 1000
  multi_class:
    label_batch_size: 32
    skip_with_refined_bound: true
  mip:
    parallel_solvers: null
    solver_threads: 1
    refine_neuron_timeout: 15
    refine_neuron_time_percentage: 0.8
    early_stop: true
    adv_warmup: true
    mip_solver: gurobi
bab:
  initial_max_domains: 1
  max_domains: .inf
  decision_thresh: 0
  timeout: 360
  timeout_scale: 1
  override_timeout: null
  get_upper_bound: false
  dfs_percent: 0.0
  pruning_in_iteration: true
  pruning_in_iteration_ratio: 0.2
  sort_targets: false
  batched_domain_list: true
  optimized_intermediate_layers: ''
  interm_transfer: true
  cut:
    enabled: false
    implication: false
    bab_cut: false
    lp_cut: false
    method: null
    lr: 0.01
    lr_decay: 1.0
    iteration: 100
    bab_iteration: -1
    early_stop_patience: -1
    lr_beta: 0.02
    number_cuts: 50
    topk_cuts_in_filter: 1000
    batch_size_primal: 100
    max_num: 1000000000
    patches_cut: false
    cplex_cuts: false
    cplex_cuts_wait: 0
    cplex_cuts_revpickup: true
    cut_reference_bounds: true
    fix_intermediate_bounds: false
    _tmp_cuts: null
    fixed_cuts: false
    add_implied_cuts: false
    add_input_cuts: false
  branching:
    method: naive
    candidates: 3
    reduceop: min
    sb_coeff_thresh: 0.01
    enable_intermediate_bound_opt: false
    branching_input_and_activation: false
    branching_input_and_activation_order: [input, relu]
    branching_input_iterations: 30
    branching_relu_iterations: 50
    sort_domain_interval: -1
    nonlinear_split:
      method: babsr_like
      branching_point_method: middle
      num_branches: 2
      branching_point_refinement: false
      naive_branching_score: false
      filter: false
      prioritize_mul: false
    input_split:
      enable: true
      enhanced_bound_prop_method: alpha-crown
      enhanced_branching_method: sb
      enhanced_bound_patience: 20
      attack_patience: 80
      adv_check: 0
  attack:
    enabled: false
    beam_candidates: 8
    beam_depth: 7
    max_dive_fix_ratio: 0.8
    min_local_free_ratio: 0.2
    mip_start_iteration: 5
    mip_timeout: 30.0
    adv_pool_threshold: null
    refined_mip_attacker: false
    refined_batch_size: null
attack:
  pgd_order: after
  pgd_steps: 100
  pgd_restarts: 30
  pgd_early_stop: true
  pgd_lr_decay: 0.99
  pgd_alpha: auto
  pgd_loss_mode: null
  enable_mip_attack: false
  cex_path: ./test_cex.txt
  attack_mode: PGD
  gama_lambda: 10.0
  gama_decay: 0.9
  check_clean: false
  input_split:
    pgd_steps: 100
    pgd_restarts: 30
    pgd_alpha: auto
  input_split_enhanced:
    pgd_steps: 200
    pgd_restarts: 5000000
    pgd_alpha: auto
  input_split_check_adv:
    pgd_steps: 5
    pgd_restarts: 5
    pgd_alpha: auto
debug:
  lp_test: null

Experiments at Tue Mar 28 13:33:50 2023 on zeratul
customized start/end sample from instance 135 to 136 in acasxu_instances.csv
Internal results will be saved to a-b-crown_[acasxu_instances]_start=135_end=136_iter=10_b=1000_timeout=360_branching=naive-min-3_lra-init=0.1_lra=0.01_lrb=0.05_PGD=after_cplex_cuts=False_initial_max_domains=1.npz.

 %%%%%%%%%%%%%%%%%%%%%%%%%%%%%%%%%%% idx: 0, vnnlib ID: 135 %%%%%%%%%%%%%%%%%%%%%%%%%%%%%%%%%%%%%%%%
Using onnx ACASXU_run2a_1_1_batch_2000.onnx
Using vnnlib prop_4.vnnlib
Precompiled vnnlib file found at ../../vnncomp2021/benchmarks/acasxu/prop_4.vnnlib.compiled
Loading onnx ../../vnncomp2021/benchmarks/acasxu/ACASXU_run2a_1_1_batch_2000.onnx wih quirks {}
Attack parameters: initialization=uniform, steps=100, restarts=30, alpha=0.022727273404598236, initialization=uniform, GAMA=False
Model output of first 5 examples:
 tensor([[0.23531170, 0.24290280, 0.24965596, 0.19133572, 0.20957753]],
       device='cuda:0')
Adv example prediction (first 2 examples and 2 restarts):
 tensor([[[0.25515220, 0.26573017, 0.26431885, 0.22178440, 0.21752191]]],
       device='cuda:0')
PGD attack margin (first 2 examles and 10 specs):
 tensor([[[-0.01057798, -0.00916666,  0.03336780,  0.03763029]]],
       device='cuda:0')
number of violation:  2
Attack finished in 2.1859 seconds.
PGD attack failed
Total VNNLIB file length: 1, max property batch size: 1, total number of batches: 1

Properties batch 0, size 1
Remaining timeout: 109.11968851089478
##### Instance 0 first 10 spec matrices: 
tensor([[[ 1., -1.,  0.,  0.,  0.],
         [ 1.,  0., -1.,  0.,  0.],
         [ 1.,  0.,  0., -1.,  0.],
         [ 1.,  0.,  0.,  0., -1.]]], dtype=torch.float64)
thresholds: [0. 0. 0. 0.] ######
Model: BoundedModule(
  (/0): BoundInput(name=/0, inputs=[])
  (/1): BoundBuffers(name=/1, inputs=[])
  (/16): BoundParams(name=/16, inputs=[])
  (/17): BoundParams(name=/17, inputs=[])
  (/18): BoundParams(name=/18, inputs=[])
  (/19): BoundParams(name=/19, inputs=[])
  (/20): BoundParams(name=/20, inputs=[])
  (/21): BoundParams(name=/21, inputs=[])
  (/22): BoundParams(name=/22, inputs=[])
  (/23): BoundParams(name=/23, inputs=[])
  (/24): BoundParams(name=/24, inputs=[])
  (/25): BoundParams(name=/25, inputs=[])
  (/26): BoundParams(name=/26, inputs=[])
  (/27): BoundParams(name=/27, inputs=[])
  (/28): BoundParams(name=/28, inputs=[])
  (/29): BoundParams(name=/29, inputs=[])
  (/30): BoundSub(name=/30, inputs=[/0, /1])
  (/31): BoundFlatten(name=/31, inputs=[/30])
  (/input): BoundLinear(name=/input, inputs=[/31, /16, /17])
  (/33): BoundRelu(name=/33, inputs=[/input])
  (/input.3): BoundLinear(name=/input.3, inputs=[/33, /18, /19])
  (/35): BoundRelu(name=/35, inputs=[/input.3])
  (/input.7): BoundLinear(name=/input.7, inputs=[/35, /20, /21])
  (/37): BoundRelu(name=/37, inputs=[/input.7])
  (/input.11): BoundLinear(name=/input.11, inputs=[/37, /22, /23])
  (/39): BoundRelu(name=/39, inputs=[/input.11])
  (/input.15): BoundLinear(name=/input.15, inputs=[/39, /24, /25])
  (/41): BoundRelu(name=/41, inputs=[/input.15])
  (/input.19): BoundLinear(name=/input.19, inputs=[/41, /26, /27])
  (/43): BoundRelu(name=/43, inputs=[/input.19])
  (/44): BoundLinear(name=/44, inputs=[/43, /28, /29])
)
Model prediction is: tensor([0.23531170, 0.24290280, 0.24965596, 0.19133572, 0.20957753],
       device='cuda:0')
initial crown bounds (first 10): tensor([-0.19030444, -0.24956633, -0.37828660, -0.46994525], device='cuda:0')
Split layers:
  BoundLinear(name=/input, inputs=[/31, /16, /17]): [(BoundRelu(name=/33, inputs=[/input]), 0)]
  BoundLinear(name=/input.7, inputs=[/35, /20, /21]): [(BoundRelu(name=/37, inputs=[/input.7]), 0)]/home/zhouxingshi/miniconda3/envs/alpha-beta-crown/lib/python3.7/site-packages/onnx2pytorch/convert/operations.py:154: UserWarning: The given NumPy array is not writable, and PyTorch does not support non-writable tensors. This means writing to this tensor will result in undefined behavior. You may want to copy the array to protect its data or make it writable before converting it to a tensor. This type of warning will be suppressed for the rest of this program. (Triggered internally at  /opt/conda/conda-bld/pytorch_1646755953518/work/torch/csrc/utils/tensor_numpy.cpp:178.)
  weight = torch.from_numpy(numpy_helper.to_array(params[0]))
/home/zhouxingshi/miniconda3/envs/alpha-beta-crown/lib/python3.7/site-packages/onnx2pytorch/convert/model.py:154: UserWarning: Using experimental implementation that allows 'batch_size > 1'.Batchnorm layers could potentially produce false outputs.
  "Using experimental implementation that allows 'batch_size > 1'."

  BoundLinear(name=/input.3, inputs=[/33, /18, /19]): [(BoundRelu(name=/35, inputs=[/input.3]), 0)]
  BoundLinear(name=/input.11, inputs=[/37, /22, /23]): [(BoundRelu(name=/39, inputs=[/input.11]), 0)]
  BoundLinear(name=/input.15, inputs=[/39, /24, /25]): [(BoundRelu(name=/41, inputs=[/input.15]), 0)]
  BoundLinear(name=/input.19, inputs=[/41, /26, /27]): [(BoundRelu(name=/43, inputs=[/input.19]), 0)]
Adv example prediction (first 2 examples and 2 restarts):
 tensor([[[0.24393454, 0.25276595, 0.25733316, 0.20368253, 0.21483733]]],
       device='cuda:0', grad_fn=<SliceBackward0>)
PGD attack margin (first 2 examles and 10 specs):
 tensor([[[-0.00883141, -0.01339862,  0.04025201,  0.02909721]]],
       device='cuda:0', grad_fn=<SliceBackward0>)
number of violation:  2
Total time: 0.5174  pickout: 0.0002  decision: 0.0016  bounding: 0.5150  add_domain: 0.0006
length of domains: 32
Current (lb-rhs): -0.10368591547012329
32 branch and bound domains visited

Adv attack time: 0.0321s
Total time: 0.0379  pickout: 0.0003  decision: 0.0008  bounding: 0.0362  add_domain: 0.0006
length of domains: 64
Current (lb-rhs): -0.08393669128417969
96 branch and bound domains visited

Adv attack time: 0.0337s
Total time: 0.0360  pickout: 0.0005  decision: 0.0010  bounding: 0.0339  add_domain: 0.0006
length of domains: 124
Current (lb-rhs): -0.08546948432922363
224 branch and bound domains visited

Adv attack time: 0.0383s
Total time: 0.0399  pickout: 0.0003  decision: 0.0008  bounding: 0.0380  add_domain: 0.0008
length of domains: 194
Current (lb-rhs): -0.06677478551864624
472 branch and bound domains visited

Adv attack time: 0.0323s
Total time: 0.0488  pickout: 0.0002  decision: 0.0006  bounding: 0.0470  add_domain: 0.0010
length of domains: 356
Current (lb-rhs): -0.06522798538208008
860 branch and bound domains visited

Adv attack time: 0.0318s
Total time: 0.0511  pickout: 0.0003  decision: 0.0009  bounding: 0.0490  add_domain: 0.0009
length of domains: 614
Current (lb-rhs): -0.06662046909332275
1572 branch and bound domains visited

Adv attack time: 0.0329s
Total time: 0.0607  pickout: 0.0005  decision: 0.0011  bounding: 0.0571  add_domain: 0.0020
length of domains: 1182
Current (lb-rhs): -0.06603920459747314
2800 branch and bound domains visited

Adv attack time: 0.0350s
Total time: 0.0643  pickout: 0.0005  decision: 0.0010  bounding: 0.0616  add_domain: 0.0012
length of domains: 2037
Current (lb-rhs): -0.06480515003204346
4800 branch and bound domains visited

Adv attack time: 0.0340s
Total time: 0.0630  pickout: 0.0003  decision: 0.0006  bounding: 0.0613  add_domain: 0.0007
length of domains: 1520
Current (lb-rhs): -0.06038856506347656
6800 branch and bound domains visited

Adv attack time: 0.0311s
Total time: 0.0462  pickout: 0.0005  decision: 0.0010  bounding: 0.0433  add_domain: 0.0014
length of domains: 1713
Current (lb-rhs): -0.06038856506347656
8800 branch and bound domains visited

Adv attack time: 0.0382s
Total time: 0.0476  pickout: 0.0004  decision: 0.0010  bounding: 0.0446  add_domain: 0.0016
length of domains: 2538
Current (lb-rhs): -0.06038856506347656
10800 branch and bound domains visited

Adv attack time: 0.0341s
Total time: 0.0457  pickout: 0.0003  decision: 0.0009  bounding: 0.0436  add_domain: 0.0010
length of domains: 2018
Current (lb-rhs): -0.06038856506347656
12800 branch and bound domains visited

Adv attack time: 0.0334s
Total time: 0.0450  pickout: 0.0003  decision: 0.0006  bounding: 0.0431  add_domain: 0.0011
length of domains: 1816
Current (lb-rhs): -0.06038856506347656
14800 branch and bound domains visited

Adv attack time: 0.0344s
Total time: 0.0372  pickout: 0.0004  decision: 0.0010  bounding: 0.0349  add_domain: 0.0008
length of domains: 1723
Current (lb-rhs): -0.06038856506347656
16800 branch and bound domains visited

Adv attack time: 0.0362s
Total time: 0.0457  pickout: 0.0004  decision: 0.0010  bounding: 0.0429  add_domain: 0.0014
length of domains: 1396
Current (lb-rhs): -0.06038856506347656
18800 branch and bound domains visited

Adv attack time: 0.0316s
Total time: 0.0552  pickout: 0.0004  decision: 0.0008  bounding: 0.0528  add_domain: 0.0012
length of domains: 1127
Current (lb-rhs): -0.05508911609649658
20800 branch and bound domains visited

Adv attack time: 0.0305s
Total time: 0.0323  pickout: 0.0003  decision: 0.0006  bounding: 0.0306  add_domain: 0.0008
length of domains: 945
Current (lb-rhs): -0.055174291133880615
22800 branch and bound domains visited

Adv attack time: 0.0210s
Total time: 0.0318  pickout: 0.0003  decision: 0.0006  bounding: 0.0302  add_domain: 0.0007
length of domains: 997
Current (lb-rhs): -0.05850973725318909
24690 branch and bound domains visited

Adv attack time: 0.0207s
Total time: 0.0318  pickout: 0.0003  decision: 0.0006  bounding: 0.0302  add_domain: 0.0008
length of domains: 1145
Current (lb-rhs): -0.03323197364807129
26684 branch and bound domains visited

Adv attack time: 0.0214s
Total time: 0.0485  pickout: 0.0004  decision: 0.0008  bounding: 0.0460  add_domain: 0.0013
length of domains: 997
Current (lb-rhs): -0.03225827217102051
28684 branch and bound domains visited

Adv attack time: 0.0298s
Total time: 0.0350  pickout: 0.0003  decision: 0.0006  bounding: 0.0333  add_domain: 0.0008
length of domains: 905
Current (lb-rhs): -0.030312299728393555
30678 branch and bound domains visited

Adv attack time: 0.0292s
Total time: 0.0406  pickout: 0.0003  decision: 0.0006  bounding: 0.0391  add_domain: 0.0007
length of domains: 494
Current (lb-rhs): -0.02562880516052246
32488 branch and bound domains visited

Adv attack time: 0.0315s
Total time: 0.0381  pickout: 0.0003  decision: 0.0006  bounding: 0.0366  add_domain: 0.0006
length of domains: 346
Current (lb-rhs): -0.010544776916503906
33476 branch and bound domains visited

Adv attack time: 0.0368s
Total time: 0.0468  pickout: 0.0004  decision: 0.0011  bounding: 0.0443  add_domain: 0.0010
length of domains: 278
Current (lb-rhs): -0.009973764419555664
34168 branch and bound domains visited

Adv attack time: 0.0313s
Total time: 0.0445  pickout: 0.0003  decision: 0.0010  bounding: 0.0421  add_domain: 0.0011
length of domains: 62
Current (lb-rhs): -0.008452892303466797
34724 branch and bound domains visited

Adv attack time: 0.0296s
Total time: 0.0402  pickout: 0.0002  decision: 0.0006  bounding: 0.0388  add_domain: 0.0006
length of domains: 0
No domains left, verification finished!
The lower bound of last batch is -0.03022867441177368
Result: safe in 11.2398 seconds
############# Summary #############
Final verified acc: 100.0% (total 1 examples)
Problem instances count: 1 , total verified (safe/unsat): 1 , total falsified (unsafe/sat): 0 , timeout: 0
mean time for ALL instances (total 1):11.239679473322454, max time: 11.239791870117188
mean time for verified SAFE instances(total 1): 11.239791870117188, max time: 11.239791870117188
safe (total 1), index: [0]
