Configurations:

general:
  device: cuda
  seed: 100
  conv_mode: patches
  deterministic: false
  double_fp: false
  loss_reduction_func: sum
  sparse_alpha: true
  save_adv_example: false
  precompile_jit: false
  complete_verifier: mip
  enable_incomplete_verification: true
  csv_name: verivital_instances.csv
  results_file: out.txt
  root_path: ../../vnncomp2021/benchmarks/verivital
model:
  name: null
  path: null
  onnx_path: null
  onnx_path_prefix: ''
  cache_onnx_conversion: false
  onnx_quirks: null
  input_shape: null
  onnx_loader: default_onnx_and_vnnlib_loader
  onnx_optimization_flags: none
data:
  start: 54
  end: 55
  select_instance: null
  num_outputs: 10
  mean: 0.0
  std: 1.0
  pkl_path: null
  dataset: null
  data_filter_path: null
  data_idx_file: null
specification:
  type: lp
  robustness_type: verified-acc
  norm: .inf
  epsilon: null
  vnnlib_path: null
  vnnlib_path_prefix: ''
solver:
  batch_size: 64
  min_batch_size_ratio: 0.1
  use_float64_in_last_iteration: false
  early_stop_patience: 10
  start_save_best: 0.5
  bound_prop_method: alpha-crown
  init_bound_prop_method: same
  prune_after_crown: false
  crown:
    batch_size: 1000000000
    max_crown_size: 1000000000
  alpha-crown:
    alpha: true
    lr_alpha: 0.1
    iteration: 100
    share_slopes: false
    no_joint_opt: false
    lr_decay: 0.98
    full_conv_alpha: true
  beta-crown:
    lr_alpha: 0.01
    lr_beta: 0.05
    lr_decay: 0.98
    optimizer: adam
    iteration: 50
    beta: true
    beta_warmup: true
    enable_opt_interm_bounds: false
    all_node_split_LP: false
  forward:
    refine: false
    dynamic: false
    max_dim: 10000
  intermediate_refinement:
    enabled: false
    batch_size: 10
    opt_coeffs: false
    opt_bias: false
    lr: 0.05
    layers: [-1]
    max_domains: 1000
  multi_class:
    label_batch_size: 32
    skip_with_refined_bound: true
  mip:
    parallel_solvers: null
    solver_threads: 1
    refine_neuron_timeout: 15
    refine_neuron_time_percentage: 0.8
    early_stop: true
    adv_warmup: true
    mip_solver: gurobi
bab:
  initial_max_domains: 1
  max_domains: .inf
  decision_thresh: 0
  timeout: 360
  timeout_scale: 0.25
  override_timeout: null
  get_upper_bound: false
  dfs_percent: 0.0
  pruning_in_iteration: true
  pruning_in_iteration_ratio: 0.2
  sort_targets: false
  batched_domain_list: true
  optimized_intermediate_layers: ''
  interm_transfer: true
  cut:
    enabled: false
    bab_cut: false
    lp_cut: false
    method: null
    lr: 0.01
    lr_decay: 1.0
    iteration: 100
    bab_iteration: -1
    early_stop_patience: -1
    lr_beta: 0.02
    number_cuts: 50
    topk_cuts_in_filter: 100
    batch_size_primal: 100
    max_num: 1000000000
    patches_cut: false
    cplex_cuts: false
    cplex_cuts_wait: 0
    cplex_cuts_revpickup: true
    cut_reference_bounds: true
    fix_intermediate_bounds: false
    _tmp_cuts: null
    fixed_cuts: false
    add_implied_cuts: false
    add_input_cuts: false
  branching:
    method: kfsb
    candidates: 3
    reduceop: min
    sb_coeff_thresh: 0.001
    branching_input_and_activation: false
    branching_input_and_activation_order: [input, relu]
    branching_input_iterations: 30
    branching_relu_iterations: 50
    sort_domain_interval: -1
    input_split:
      enable: false
      enhanced_bound_prop_method: alpha-crown
      enhanced_branching_method: naive
      enhanced_bound_patience: 100000000.0
      attack_patience: 100000000.0
      adv_check: 0
  attack:
    enabled: false
    beam_candidates: 8
    beam_depth: 7
    max_dive_fix_ratio: 0.8
    min_local_free_ratio: 0.2
    mip_start_iteration: 5
    mip_timeout: 30.0
    adv_pool_threshold: null
    refined_mip_attacker: false
    refined_batch_size: null
attack:
  pgd_order: skip
  pgd_steps: 100
  pgd_restarts: 30
  pgd_early_stop: true
  pgd_lr_decay: 0.99
  pgd_alpha: auto
  pgd_loss_mode: null
  enable_mip_attack: false
  cex_path: ./test_cex.txt
  attack_mode: PGD
  gama_lambda: 10.0
  gama_decay: 0.9
  check_clean: false
  input_split:
    pgd_steps: 100
    pgd_restarts: 30
    pgd_alpha: auto
  input_split_enhanced:
    pgd_steps: 200
    pgd_restarts: 5000000
    pgd_alpha: auto
  input_split_check_adv:
    pgd_steps: 5
    pgd_restarts: 5
    pgd_alpha: auto
debug:
  lp_test: null

Experiments at Sun Jan 15 23:10:02 2023 on diablo.cs.ucla.edu
customized start/end sample from instance 54 to 55 in verivital_instances.csv
Internal results will be saved to a-b-crown_[verivital_instances]_start=54_end=55_iter=50_b=64_timeout=360_branching=kfsb-min-3_lra-init=0.1_lra=0.01_lrb=0.05_PGD=skip_cplex_cuts=False_initial_max_domains=1.npz.

 %%%%%%%%%%%%%%%%%%%%%%%%%%%%%%%%%%% idx: 0, vnnlib ID: 54 %%%%%%%%%%%%%%%%%%%%%%%%%%%%%%%%%%%%%%%%
Using onnx Convnet_maxpool.onnx
Using vnnlib ./specs/maxpool_specs/prop_14_0.004.vnnlib
Precompiled vnnlib file found at ../../vnncomp2021/benchmarks/verivital/./specs/maxpool_specs/prop_14_0.004.vnnlib.compiled
Loading onnx ../../vnncomp2021/benchmarks/verivital/Convnet_maxpool.onnx wih quirks {}
Scaling timeout: 420.0 -> 105.0
Model prediction is: tensor([[ -4.02151442, -10.21043682,  -0.19349205,   0.19564959,  -8.28068256,
           0.42444152,   4.21833611, -11.79212666,   5.56777000,  -7.27027941]],
       device='cuda:0')
layer /10 using sparse-features alpha with shape [556]; unstable size 556; total size 23328 (torch.Size([1, 32, 27, 27]))
layer /10 start_node /13 using full alpha with unstable size None total_size 9 output_shape 9
Optimizable variables initialized.
initial CROWN bounds: tensor([[ 7.57054901, 13.11834335,  3.71083832,  3.61986732, 11.54822540,
          3.31917000, -0.81823540, 15.01232529, 11.04538155]], device='cuda:0') None
best_l after optimization: 68.44798278808594 with beta sum per layer: []
alpha/beta optimization time: 1.2391290664672852
initial alpha-CROWN bounds: tensor([[ 7.60457611, 13.15158081,  3.75889015,  3.63937187, 11.58205414,
          3.35494614, -0.76543427, 15.04610062, 11.07589340]], device='cuda:0')
Worst class: (+ rhs) -0.7654342651367188
preset mip_multi_proc as default setting: 40
Set parameter Username
Academic license - for non-commercial use only - expires 2023-08-09
mip_multi_proc: 40, mip_threads: 1, total threads used: 40
mip solver model built in 3.4899 seconds.
lower bounds for all target labels: [7.604259490966797, 13.150943756103516, 3.7565345764160156, 3.6392173767089844, 11.558319091796875, 3.3548717498779297, -0.7655162811279297, 15.043159484863281, 11.075796127319336]
Starting MIP solver for these labels: [6]
PGD done for relu layer final
/home/zhouxingshi/onnx2pytorch/onnx2pytorch/convert/layer.py:30: UserWarning: The given NumPy array is not writable, and PyTorch does not support non-writable tensors. This means writing to this tensor will result in undefined behavior. You may want to copy the array to protect its data or make it writable before converting it to a tensor. This type of warning will be suppressed for the rest of this program. (Triggered internally at  /opt/conda/conda-bld/pytorch_1646755953518/work/torch/csrc/utils/tensor_numpy.cpp:178.)
  layer.weight.data = torch.from_numpy(numpy_helper.to_array(weight))
/home/zhouxingshi/onnx2pytorch/onnx2pytorch/convert/model.py:154: UserWarning: Using experimental implementation that allows 'batch_size > 1'.Batchnorm layers could potentially produce false outputs.
  "Using experimental implementation that allows 'batch_size > 1'."
/home/zhouxingshi/miniconda3/envs/alpha-beta-crown/lib/python3.7/site-packages/torch/nn/functional.py:749: UserWarning: Note that order of the arguments: ceil_mode and return_indices will changeto match the args list in nn.MaxPool2d in a future release.
  warnings.warn("Note that order of the arguments: ceil_mode and return_indices will change"
solving MIP for lay/13_6, status:15, [-0.7655162811279297, inf]=>[-0.7655162811279297, -0.547867667601281], time: 0.3147764205932617s
MIP solved lower bound: tensor([[ 7.60425949],
        [13.15094376],
        [ 3.75653458],
        [ 3.63921738],
        [11.55831909],
        [ 3.35487175],
        [-0.76551628],
        [15.04315948],
        [11.07579613]])
MIP solved upper bound: tensor([[        inf],
        [        inf],
        [        inf],
        [        inf],
        [        inf],
        [        inf],
        [-0.54786766],
        [        inf],
        [        inf]])
verified unsafe-mip with init mip!
Result: unsafe-mip in 10.7331 seconds
############# Summary #############
Final verified acc: 0.0% (total 1 examples)
Problem instances count: 1 , total verified (safe/unsat): 0 , total falsified (unsafe/sat): 1 , timeout: 0
mean time for ALL instances (total 1):10.73295207675975, max time: 10.733059406280518
mean time for verified UNSAFE instances (total 1): 10.733059406280518, max time: 10.733059406280518
unsafe-mip (total 1), index: [0]
