Configurations:

general:
  device: cuda
  seed: 100
  conv_mode: patches
  deterministic: false
  double_fp: false
  loss_reduction_func: sum
  sparse_alpha: true
  save_adv_example: false
  precompile_jit: false
  complete_verifier: bab
  enable_incomplete_verification: true
  csv_name: null
  results_file: out.txt
  root_path: ''
model:
  name: cnn_4layer_b4
  path: cifar_cnn_b_adv4.model
  onnx_path: null
  onnx_path_prefix: ''
  cache_onnx_conversion: false
  onnx_quirks: null
  input_shape: null
  onnx_loader: default_onnx_and_vnnlib_loader
  onnx_optimization_flags: none
data:
  start: 54
  end: 55
  select_instance: null
  num_outputs: 10
  mean: 0.0
  std: 1.0
  pkl_path: null
  dataset: CIFAR_SDP
  data_filter_path: null
  data_idx_file: null
specification:
  type: lp
  robustness_type: verified-acc
  norm: .inf
  epsilon: 0.00784313725
  epsilon_min: 0.0
  vnnlib_path: null
  vnnlib_path_prefix: ''
solver:
  batch_size: 256
  min_batch_size_ratio: 0.1
  use_float64_in_last_iteration: false
  early_stop_patience: 10
  start_save_best: 0.5
  bound_prop_method: alpha-crown
  init_bound_prop_method: same
  prune_after_crown: false
  crown:
    batch_size: 1000000000
    max_crown_size: 1000000000
  alpha-crown:
    alpha: true
    lr_alpha: 0.1
    iteration: 100
    share_slopes: false
    no_joint_opt: false
    lr_decay: 0.98
    full_conv_alpha: true
  beta-crown:
    lr_alpha: 0.01
    lr_beta: 0.05
    lr_decay: 0.98
    optimizer: adam
    iteration: 20
    beta: true
    beta_warmup: true
    enable_opt_interm_bounds: false
    all_node_split_LP: false
  forward:
    refine: false
    dynamic: false
    max_dim: 10000
  intermediate_refinement:
    enabled: false
    batch_size: 10
    opt_coeffs: false
    opt_bias: false
    lr: 0.05
    layers: [-1]
    max_domains: 1000
  multi_class:
    label_batch_size: 32
    skip_with_refined_bound: true
  mip:
    parallel_solvers: null
    solver_threads: 1
    refine_neuron_timeout: 15
    refine_neuron_time_percentage: 0.8
    early_stop: true
    adv_warmup: true
    mip_solver: gurobi
bab:
  initial_max_domains: 1
  max_domains: .inf
  decision_thresh: 0
  timeout: 60
  timeout_scale: 1
  override_timeout: null
  get_upper_bound: false
  dfs_percent: 0.0
  pruning_in_iteration: true
  pruning_in_iteration_ratio: 0.2
  sort_targets: false
  batched_domain_list: true
  optimized_intermediate_layers: ''
  interm_transfer: true
  cut:
    enabled: false
    implication: false
    bab_cut: false
    lp_cut: false
    method: null
    lr: 0.01
    lr_decay: 1.0
    iteration: 100
    bab_iteration: -1
    early_stop_patience: -1
    lr_beta: 0.02
    number_cuts: 50
    topk_cuts_in_filter: 1000
    batch_size_primal: 100
    max_num: 1000000000
    patches_cut: false
    cplex_cuts: false
    cplex_cuts_wait: 0
    cplex_cuts_revpickup: true
    cut_reference_bounds: true
    fix_intermediate_bounds: false
    _tmp_cuts: null
    fixed_cuts: false
    add_implied_cuts: false
    add_input_cuts: false
  branching:
    method: kfsb
    candidates: 3
    reduceop: min
    sb_coeff_thresh: 0.001
    enable_intermediate_bound_opt: false
    branching_input_and_activation: false
    branching_input_and_activation_order: [input, relu]
    branching_input_iterations: 30
    branching_relu_iterations: 50
    sort_domain_interval: -1
    nonlinear_split:
      method: babsr_like
      branching_point_method: middle
      num_branches: 2
      branching_point_refinement: false
      naive_branching_score: false
      filter: false
      prioritize_mul: false
    input_split:
      enable: false
      enhanced_bound_prop_method: alpha-crown
      enhanced_branching_method: naive
      enhanced_bound_patience: 100000000.0
      attack_patience: 100000000.0
      adv_check: 0
  attack:
    enabled: false
    beam_candidates: 8
    beam_depth: 7
    max_dive_fix_ratio: 0.8
    min_local_free_ratio: 0.2
    mip_start_iteration: 5
    mip_timeout: 30.0
    adv_pool_threshold: null
    refined_mip_attacker: false
    refined_batch_size: null
attack:
  pgd_order: before
  pgd_steps: 100
  pgd_restarts: 50
  pgd_early_stop: true
  pgd_lr_decay: 0.99
  pgd_alpha: auto
  pgd_loss_mode: null
  enable_mip_attack: false
  cex_path: ./test_cex.txt
  attack_mode: PGD
  gama_lambda: 10.0
  gama_decay: 0.9
  check_clean: false
  input_split:
    pgd_steps: 100
    pgd_restarts: 30
    pgd_alpha: auto
  input_split_enhanced:
    pgd_steps: 200
    pgd_restarts: 5000000
    pgd_alpha: auto
  input_split_check_adv:
    pgd_steps: 5
    pgd_restarts: 5
    pgd_alpha: auto
debug:
  lp_test: null

Experiments at Tue Mar 28 18:28:21 2023 on zeratul
Sequential(
  (0): ZeroPad2d((1, 2, 1, 2))
  (1): Conv2d(3, 32, kernel_size=(5, 5), stride=(2, 2))
  (2): ReLU()
  (3): Conv2d(32, 128, kernel_size=(4, 4), stride=(2, 2), padding=(1, 1))
  (4): ReLU()
  (5): Flatten()
  (6): Linear(in_features=8192, out_features=250, bias=True)
  (7): ReLU()
  (8): Linear(in_features=250, out_features=10, bias=True)
)
############################
Sampled data loaded. Data already preprocessed!
Shape: torch.Size([200, 3, 32, 32]) torch.Size([200]) torch.Size([200])
X range: tensor(2.12560368) tensor(-1.98888886) tensor(-0.01308714)
############################
Internal results will be saved to Verified_ret_[cnn_4layer_b4]_start=54_end=55_iter=20_b=256_timeout=60_branching=kfsb-min-3_lra-init=0.1_lra=0.01_lrb=0.05_PGD=before_cplex_cuts=False.npy.

 %%%%%%%%%%%%%%%%%%%%%%%%%%%%%%%%%%% idx: 0, vnnlib ID: 54 %%%%%%%%%%%%%%%%%%%%%%%%%%%%%%%%%%%%%%%%
Attack parameters: initialization=uniform, steps=100, restarts=50, alpha=0.008051544427871704, initialization=uniform, GAMA=False
Model output of first 5 examples:
 tensor([[-41.83774185, -41.97327423, -40.80497742, -40.92567825, -41.35543060,
         -41.16408157, -41.62870407, -39.61708832, -38.40651703, -41.40180969]],
       device='cuda:0')
Adv example prediction (first 2 examples and 2 restarts):
 tensor([[[-41.30114365, -41.51184082, -39.97254944, -40.04941940, -40.46465683,
          -40.26785278, -40.78715515, -38.56904602, -38.10657501, -40.89081573],
         [-41.30114365, -41.51184082, -39.97254944, -40.04941940, -40.46465683,
          -40.26785278, -40.78715515, -38.56904602, -38.10657501, -40.89081573]]],
       device='cuda:0')
PGD attack margin (first 2 examles and 10 specs):
 tensor([[[3.19456863, 3.40526581, 1.86597443, 1.94284439, 2.35808182,
          2.16127777, 2.68058014, 0.46247101, 2.78424072]]], device='cuda:0')
number of violation:  0
Attack finished in 2.1738 seconds.
PGD attack failed
Model: BoundedModule(
  (/input.1): BoundInput(name=/input.1, inputs=[])
  (/1): BoundParams(name=/1, inputs=[])
  (/2): BoundParams(name=/2, inputs=[])
  (/3): BoundParams(name=/3, inputs=[])
  (/4): BoundParams(name=/4, inputs=[])
  (/5): BoundParams(name=/5, inputs=[])
  (/6): BoundParams(name=/6, inputs=[])
  (/7): BoundParams(name=/7, inputs=[])
  (/8): BoundParams(name=/8, inputs=[])
  (/9): BoundConstant(name=/9, inputs=[])
  (/10): BoundConcat(name=/10, inputs=[/9])
  (/11): BoundConstant(name=/11, inputs=[])
  (/12): BoundShape(name=/12, inputs=[/10])
  (/13): BoundGather(name=/13, inputs=[/12, /11])
  (/14): BoundConstant(name=/14, inputs=[])
  (/15): BoundConstant(name=/15, inputs=[])
  (/16): BoundMul(name=/16, inputs=[/14, /15])
  (/17): BoundSub(name=/17, inputs=[/16, /13])
  (/18): BoundCast(name=/18, inputs=[/10])
  (/19): BoundConstantOfShape(name=/19, inputs=[/17])
  (/20): BoundConcat(name=/20, inputs=[/18, /19])
  (/21): BoundConstant(name=/21, inputs=[])
  (/22): BoundReshape(name=/22, inputs=[/20, /21])
  (/23): BoundConstant(name=/23, inputs=[])
  (/24): BoundConstant(name=/24, inputs=[])
  (/25): BoundConstant(name=/25, inputs=[])
  (/26): BoundConstant(name=/26, inputs=[])
  (/27): BoundSlice(name=/27, inputs=[/22, /24, /25, /23, /26])
  (/28): BoundTranspose(name=/28, inputs=[/27])
  (/29): BoundConstant(name=/29, inputs=[])
  (/30): BoundReshape(name=/30, inputs=[/28, /29])
  (/31): BoundCast(name=/31, inputs=[/30])
  (/32): BoundConstant(name=/32, inputs=[])
  (/input): BoundPad(name=/input, inputs=[/input.1, /31, /32])
  (/input.4): BoundConv(name=/input.4, inputs=[/input, /1, /2])
  (/input.8): BoundRelu(name=/input.8, inputs=[/input.4])
  (/input.12): BoundConv(name=/input.12, inputs=[/input.8, /3, /4])
  (/37): BoundRelu(name=/37, inputs=[/input.12])
  (/38): BoundShape(name=/38, inputs=[/37])
  (/39): BoundConstant(name=/39, inputs=[])
  (/40): BoundGather(name=/40, inputs=[/38, /39])
  (/41): BoundConstant(name=/41, inputs=[])
  (/42): BoundUnsqueeze(name=/42, inputs=[/40])
  (/43): BoundUnsqueeze(name=/43, inputs=[/41])
  (/44): BoundConcat(name=/44, inputs=[/42, /43])
  (/45): BoundReshape(name=/45, inputs=[/37, /44])
  (/input.16): BoundLinear(name=/input.16, inputs=[/45, /5, /6])
  (/47): BoundRelu(name=/47, inputs=[/input.16])
  (/48): BoundLinear(name=/48, inputs=[/47, /7, /8])
)
Model prediction is: tensor([[-41.83774185, -41.97327423, -40.80497742, -40.92567825, -41.35543060,
         -41.16408157, -41.62870407, -39.61708832, -38.40651703, -41.40180969]],
       device='cuda:0')
layer /input.8 using sparse-features alpha with shape [1450]; unstable size 1450; total size 8192 (torch.Size([1, 32, 16, 16]))
layer /input.8 start_node /input.12 using sparse-spec alpha with unstable size 83 total_size 128 output_shape 128
layer /input.8 start_node /input.16 using sparse-spec alpha with unstable size 19 total_size 250 output_shape torch.Size([250])
layer /input.8 start_node /48 using full alpha with unstable size None total_size 9 output_shape 9
layer /37 using sparse-features alpha with shape [564]; unstable size 564; total size 8192 (torch.Size([1, 128, 8, 8]))
layer /37 start_node /input.16 using sparse-spec alpha with unstable size 19 total_size 250 output_shape torch.Size([250])
layer /37 start_node /48 using full alpha with unstable size None total_size 9 output_shape 9
layer /47 using sparse-features alpha with shape [19]; unstable size 19; total size 250 (torch.Size([1, 250]))
layer /47 start_node /48 using full alpha with unstable size None total_size 9 output_shape 9
Optimizable variables initialized.
initial CROWN bounds: tensor([[ 2.36008692,  2.08133960,  0.72550440,  1.01738596,  1.12667203,
          1.21178186,  1.60106230, -0.38544273,  1.89680219]], device='cuda:0') None
best_l after optimization: 12.69379711151123
alpha/beta optimization time: 7.555603265762329
initial alpha-CROWN bounds: tensor([[ 2.42094994,  2.27827001,  0.83705664,  1.11355925,  1.23095393,
          1.31122708,  1.70320535, -0.28409034,  2.08266521]], device='cuda:0')
Worst class: (+ rhs) -0.2840903401374817
Split layers:
  BoundConv(name=/input.12, inputs=[/input.8, /3, /4]): [(BoundRelu(name=/37, inputs=[/input.12]), 0)]
  BoundLinear(name=/input.16, inputs=[/45, /5, /6]): [(BoundRelu(name=/47, inputs=[/input.16]), 0)]
  BoundConv(name=/input.4, inputs=[/input, /1, /2]): [(BoundRelu(name=/input.8, inputs=[/input.4]), 0)]
Total VNNLIB file length: 9, max property batch size: 1, total number of batches: 9
lA shape: [torch.Size([1, 9, 32, 16, 16]), torch.Size([1, 9, 128, 8, 8]), torch.Size([1, 9, 250])]

Properties batch 0, size 1
Remaining timeout: 44.082024812698364
##### Instance 0 first 10 spec matrices: 
tensor([[[-1.,  0.,  0.,  0.,  0.,  0.,  0.,  0.,  1.,  0.]]])
thresholds: [0] ######
Initial alpha-CROWN verified for spec index [0] with bound 2.420949935913086.

Properties batch 1, size 1
Remaining timeout: 43.959999799728394
##### Instance 0 first 10 spec matrices: 
tensor([[[ 0., -1.,  0.,  0.,  0.,  0.,  0.,  0.,  1.,  0.]]])
thresholds: [0] ######
Initial alpha-CROWN verified for spec index [0] with bound 2.2782700061798096.

Properties batch 2, size 1
Remaining timeout: 43.90153694152832
##### Instance 0 first 10 spec matrices: 
tensor([[[ 0.,  0., -1.,  0.,  0.,  0.,  0.,  0.,  1.,  0.]]])
thresholds: [0] ######
Initial alpha-CROWN verified for spec index [0] with bound 0.8370566368103027.

Properties batch 3, size 1
Remaining timeout: 43.84317636489868
##### Instance 0 first 10 spec matrices: 
tensor([[[ 0.,  0.,  0., -1.,  0.,  0.,  0.,  0.,  1.,  0.]]])
thresholds: [0] ######
Initial alpha-CROWN verified for spec index [0] with bound 1.1135592460632324.

Properties batch 4, size 1
Remaining timeout: 43.78494334220886
##### Instance 0 first 10 spec matrices: 
tensor([[[ 0.,  0.,  0.,  0., -1.,  0.,  0.,  0.,  1.,  0.]]])
thresholds: [0] ######
Initial alpha-CROWN verified for spec index [0] with bound 1.2309539318084717.

Properties batch 5, size 1
Remaining timeout: 43.727171421051025
##### Instance 0 first 10 spec matrices: 
tensor([[[ 0.,  0.,  0.,  0.,  0., -1.,  0.,  0.,  1.,  0.]]])
thresholds: [0] ######
Initial alpha-CROWN verified for spec index [0] with bound 1.3112270832061768.

Properties batch 6, size 1
Remaining timeout: 43.66890335083008
##### Instance 0 first 10 spec matrices: 
tensor([[[ 0.,  0.,  0.,  0.,  0.,  0., -1.,  0.,  1.,  0.]]])
thresholds: [0] ######
Initial alpha-CROWN verified for spec index [0] with bound 1.7032053470611572.

Properties batch 7, size 1
Remaining timeout: 43.61047649383545
##### Instance 0 first 10 spec matrices: 
tensor([[[ 0.,  0.,  0.,  0.,  0.,  0.,  0., -1.,  1.,  0.]]])
thresholds: [0] ######
Remaining spec index [0] with bounds tensor([[-0.28409034]], device='cuda:0') need to verify.
Model: BoundedModule(
  (/input.1): BoundInput(name=/input.1, inputs=[])
  (/1): BoundParams(name=/1, inputs=[])
  (/2): BoundParams(name=/2, inputs=[])
  (/3): BoundParams(name=/3, inputs=[])
  (/4): BoundParams(name=/4, inputs=[])
  (/5): BoundParams(name=/5, inputs=[])
  (/6): BoundParams(name=/6, inputs=[])
  (/7): BoundParams(name=/7, inputs=[])
  (/8): BoundParams(name=/8, inputs=[])
  (/9): BoundConstant(name=/9, inputs=[])
  (/10): BoundConcat(name=/10, inputs=[/9])
  (/11): BoundConstant(name=/11, inputs=[])
  (/12): BoundShape(name=/12, inputs=[/10])
  (/13): BoundGather(name=/13, inputs=[/12, /11])
  (/14): BoundConstant(name=/14, inputs=[])
  (/15): BoundConstant(name=/15, inputs=[])
  (/16): BoundMul(name=/16, inputs=[/14, /15])
  (/17): BoundSub(name=/17, inputs=[/16, /13])
  (/18): BoundCast(name=/18, inputs=[/10])
  (/19): BoundConstantOfShape(name=/19, inputs=[/17])
  (/20): BoundConcat(name=/20, inputs=[/18, /19])
  (/21): BoundConstant(name=/21, inputs=[])
  (/22): BoundReshape(name=/22, inputs=[/20, /21])
  (/23): BoundConstant(name=/23, inputs=[])
  (/24): BoundConstant(name=/24, inputs=[])
  (/25): BoundConstant(name=/25, inputs=[])
  (/26): BoundConstant(name=/26, inputs=[])
  (/27): BoundSlice(name=/27, inputs=[/22, /24, /25, /23, /26])
  (/28): BoundTranspose(name=/28, inputs=[/27])
  (/29): BoundConstant(name=/29, inputs=[])
  (/30): BoundReshape(name=/30, inputs=[/28, /29])
  (/31): BoundCast(name=/31, inputs=[/30])
  (/32): BoundConstant(name=/32, inputs=[])
  (/input): BoundPad(name=/input, inputs=[/input.1, /31, /32])
  (/input.4): BoundConv(name=/input.4, inputs=[/input, /1, /2])
  (/input.8): BoundRelu(name=/input.8, inputs=[/input.4])
  (/input.12): BoundConv(name=/input.12, inputs=[/input.8, /3, /4])
  (/37): BoundRelu(name=/37, inputs=[/input.12])
  (/38): BoundShape(name=/38, inputs=[/37])
  (/39): BoundConstant(name=/39, inputs=[])
  (/40): BoundGather(name=/40, inputs=[/38, /39])
  (/41): BoundConstant(name=/41, inputs=[])
  (/42): BoundUnsqueeze(name=/42, inputs=[/40])
  (/43): BoundUnsqueeze(name=/43, inputs=[/41])
  (/44): BoundConcat(name=/44, inputs=[/42, /43])
  (/45): BoundReshape(name=/45, inputs=[/37, /44])
  (/input.16): BoundLinear(name=/input.16, inputs=[/45, /5, /6])
  (/47): BoundRelu(name=/47, inputs=[/input.16])
  (/48): BoundLinear(name=/48, inputs=[/47, /7, /8])
)
Model prediction is: tensor([-41.83774185, -41.97327423, -40.80497742, -40.92567825, -41.35543060,
        -41.16408157, -41.62870407, -39.61708832, -38.40651703, -41.40180969],
       device='cuda:0')
build_with_refined_bounds batch [0/1]
setting alpha for layer /input.8 start_node /48 with alignment adjustment
setting alpha for layer /37 start_node /48 with alignment adjustment
setting alpha for layer /47 start_node /48 with alignment adjustment
all slope initialized
directly get lb and ub from refined bounds
lA shapes: [torch.Size([1, 1, 32, 16, 16]), torch.Size([1, 1, 128, 8, 8]), torch.Size([1, 1, 250])]
c shape: torch.Size([1, 1, 10])
alpha-CROWN with fixed intermediate bounds: tensor([[-0.28409034]], device='cuda:0') tensor([[inf]], device='cuda:0')
Intermediate layers: /input.12,/input.16,/input.4,/48
Split layers:
  BoundConv(name=/input.4, inputs=[/input, /1, /2]): [(BoundRelu(name=/input.8, inputs=[/input.4]), 0)]
  BoundLinear(name=/input.16, inputs=[/45, /5, /6]): [(BoundRelu(name=/47, inputs=[/input.16]), 0)]
  BoundConv(name=/input.12, inputs=[/input.8, /3, /4]): [(BoundRelu(name=/37, inputs=[/input.12]), 0)]
Keeping slopes for these layers: ['/48']
Keeping slopes for these layers: ['/48']
Node /input.8 input 0: size torch.Size([32, 16, 16]) unstable 1450
Node /37 input 0: size torch.Size([128, 8, 8]) unstable 549
Node /47 input 0: size torch.Size([250]) unstable 19
-----------------
# of unstable neurons: 2018
-----------------

BaB round 1
batch: 1
Average branched neurons at iteration 1:  1.0000
splitting decisions: 
split level 0: [/input.16, 10] 
split level 1: [/input.16, 186] 
split level 2: [/input.16, 115] 
split level 3: [/input.16, 95] 
pruning_in_iteration open status: True
ratio of positive domain = 14 / 16 = 0.875
pruning-in-iteration extra time: 0.012104034423828125
Time: prepare 0.0012    beta_bound 0.8227    bound 0.8228    transfer 0.0007    finalize 0.0016    func 0.8263    
Accumulated time: func 0.8263    prepare 0.0018    bound 0.8228    beta_bound 0.8227    transfer 0.0007    finalize 0.0016    
batch bounding time:  0.826512336730957
Current worst splitting domains lb-rhs (depth):
-0.13125 (4), -0.12302 (4), 
length of domains: 2
Time: pickout 0.0008    decision 0.4793    set_bounds 0.0009    solve 0.8265    add 0.0012    
Accumulated time: pickout 0.0008    decision 0.4793    set_bounds 0.0009    solve 0.8265    add 0.0012    
Current (lb-rhs): -0.13124960660934448
2 domains visited
Cumulative time: 1.4680068492889404

BaB round 2
batch: 2
Average branched neurons at iteration 2:  1.0000
splitting decisions: 
split level 0: [/input.16, 235] [/input.16, 235] 
split level 1: [/input.16, 64] [/input.16, 64] 
split level 2: [/input.16, 103] [/input.16, 103] 
pruning_in_iteration open status: True
ratio of positive domain = 12 / 16 = 0.75
pruning-in-iteration extra time: 0.01171565055847168
Time: prepare 0.0015    beta_bound 0.4252    bound 0.4253    transfer 0.0009    finalize 0.0021    func 0.4298    
Accumulated time: func 1.2561    prepare 0.0039    bound 1.2481    beta_bound 1.2479    transfer 0.0016    finalize 0.0037    
batch bounding time:  0.42995500564575195
Current worst splitting domains lb-rhs (depth):
-0.07696 (7), -0.06858 (7), -0.04063 (7), -0.03459 (7), 
length of domains: 4
Time: pickout 0.0008    decision 0.0332    set_bounds 0.0008    solve 0.4300    add 0.0017    
Accumulated time: pickout 0.0016    decision 0.5125    set_bounds 0.0017    solve 1.2565    add 0.0029    
Current (lb-rhs): -0.07695502042770386
6 domains visited
Cumulative time: 1.9350531101226807

BaB round 3
batch: 4
Average branched neurons at iteration 3:  1.0000
splitting decisions: 
split level 0: [/input.12, 804] [/input.12, 804] [/input.12, 804] [/input.12, 804] 
split level 1: [/input.16, 248] [/input.16, 248] [/input.16, 248] [/input.16, 248] 
pruning_in_iteration open status: True
ratio of positive domain = 8 / 16 = 0.5
pruning-in-iteration extra time: 0.012701272964477539
Time: prepare 0.0031    beta_bound 0.4470    bound 0.4472    transfer 0.0007    finalize 0.0017    func 0.4528    
Accumulated time: func 1.7089    prepare 0.0076    bound 1.6952    beta_bound 1.6949    transfer 0.0023    finalize 0.0054    
batch bounding time:  0.4528975486755371
Current worst splitting domains lb-rhs (depth):
-0.06011 (9), -0.05953 (9), -0.05210 (9), -0.05089 (9), -0.02085 (9), -0.01923 (9), -0.01511 (9), -0.01279 (9), 
length of domains: 8
Time: pickout 0.0011    decision 0.0481    set_bounds 0.0016    solve 0.4529    add 0.0014    
Accumulated time: pickout 0.0027    decision 0.5607    set_bounds 0.0033    solve 1.7094    add 0.0043    
Current (lb-rhs): -0.06010854244232178
14 domains visited
Cumulative time: 2.4405517578125

BaB round 4
batch: 8
Average branched neurons at iteration 4:  1.0000
splitting decisions: 
split level 0: [/input.12, 809] [/input.12, 2924] [/input.12, 2924] [/input.12, 809] [/input.12, 809] [/input.12, 2924] [/input.12, 2924] [/input.12, 809] 
pruning_in_iteration open status: True
ratio of positive domain = 4 / 16 = 0.25
pruning-in-iteration extra time: 0.00010204315185546875
Time: prepare 0.0023    beta_bound 0.4133    bound 0.4133    transfer 0.0005    finalize 0.0017    func 0.4179    
Accumulated time: func 2.1268    prepare 0.0106    bound 2.1086    beta_bound 2.1082    transfer 0.0028    finalize 0.0071    
batch bounding time:  0.41803932189941406
Current worst splitting domains lb-rhs (depth):
-0.05429 (10), -0.05363 (10), -0.04633 (10), -0.04511 (10), -0.04348 (10), -0.04225 (10), -0.01428 (10), -0.01265 (10), -0.01112 (10), -0.00948 (10), -0.00928 (10), -0.00670 (10), 
length of domains: 12
Time: pickout 0.0008    decision 0.0555    set_bounds 0.0011    solve 0.4181    add 0.0031    
Accumulated time: pickout 0.0035    decision 0.6162    set_bounds 0.0044    solve 2.1275    add 0.0073    
Current (lb-rhs): -0.05429428815841675
26 domains visited
Cumulative time: 2.9196763038635254

BaB round 5
batch: 12
Average branched neurons at iteration 5:  1.0000
splitting decisions: 
split level 0: [/input.12, 2924] [/input.12, 809] [/input.12, 809] [/input.12, 2924] [/input.12, 2924] [/input.12, 809] [/input.12, 809] [/input.12, 2924] [/input.12, 2924] [/input.12, 2924] 
pruning_in_iteration open status: True
ratio of positive domain = 9 / 24 = 0.375
pruning-in-iteration extra time: 0.021509170532226562
Time: prepare 0.0040    beta_bound 0.5272    bound 0.5273    transfer 0.0012    finalize 0.0036    func 0.5362    
Accumulated time: func 2.6630    prepare 0.0151    bound 2.6359    beta_bound 2.6354    transfer 0.0040    finalize 0.0107    
batch bounding time:  0.5363409519195557
Current worst splitting domains lb-rhs (depth):
-0.04791 (11), -0.04721 (11), -0.04569 (11), -0.04498 (11), -0.04074 (11), -0.03951 (11), -0.03791 (11), -0.03666 (11), -0.00848 (11), -0.00670 (11), -0.00517 (11), -0.00354 (11), -0.00342 (11), -0.00095 (11), -0.00018 (11), 
length of domains: 15
Time: pickout 0.0014    decision 0.0363    set_bounds 0.0012    solve 0.5364    add 0.0039    
Accumulated time: pickout 0.0049    decision 0.6524    set_bounds 0.0055    solve 2.6639    add 0.0112    
Current (lb-rhs): -0.04790753126144409
41 domains visited
Cumulative time: 3.499375343322754

BaB round 6
batch: 15
Average branched neurons at iteration 6:  1.0000
splitting decisions: 
split level 0: [/input.16, 89] [/input.16, 89] [/input.16, 89] [/input.16, 89] [/input.16, 89] [/input.16, 89] [/input.16, 89] [/input.16, 89] [/input.16, 89] [/input.16, 89] 
pruning_in_iteration open status: True
ratio of positive domain = 20 / 30 = 0.6666666666666667
pruning-in-iteration extra time: 0.0171658992767334
Time: prepare 0.0031    beta_bound 0.5330    bound 0.5331    transfer 0.0012    finalize 0.0039    func 0.5413    
Accumulated time: func 3.2044    prepare 0.0188    bound 3.1690    beta_bound 3.1684    transfer 0.0052    finalize 0.0146    
batch bounding time:  0.5414619445800781
Current worst splitting domains lb-rhs (depth):
-0.04249 (12), -0.04173 (12), -0.04026 (12), -0.03949 (12), -0.03527 (12), -0.03402 (12), -0.03242 (12), -0.03117 (12), -0.00261 (12), -0.00070 (12), 
length of domains: 10
Time: pickout 0.0017    decision 0.0469    set_bounds 0.0008    solve 0.5415    add 0.0024    
Accumulated time: pickout 0.0066    decision 0.6993    set_bounds 0.0063    solve 3.2053    add 0.0136    
Current (lb-rhs): -0.04249286651611328
51 domains visited
Cumulative time: 4.093184471130371

BaB round 7
batch: 10
Average branched neurons at iteration 7:  1.0000
splitting decisions: 
split level 0: [/input.12, 397] [/input.12, 5355] [/input.12, 2468] [/input.12, 2468] [/input.12, 2468] [/input.12, 2468] [/input.12, 397] [/input.12, 2468] [/input.12, 5355] [/input.12, 2468] 
pruning_in_iteration open status: False
ratio of positive domain = 4 / 20 = 0.19999999999999996
pruning-in-iteration extra time: 0.0001895427703857422
Time: prepare 0.0018    beta_bound 0.4736    bound 0.4736    transfer 0.0009    finalize 0.0027    func 0.4791    
Accumulated time: func 3.6834    prepare 0.0211    bound 3.6426    beta_bound 3.6420    transfer 0.0060    finalize 0.0173    
batch bounding time:  0.4791450500488281
Current worst splitting domains lb-rhs (depth):
-0.03645 (13), -0.03623 (13), -0.03592 (13), -0.03424 (13), -0.03398 (13), -0.03358 (13), -0.03015 (13), -0.02861 (13), -0.02729 (13), -0.02607 (13), -0.02575 (13), -0.02321 (13), -0.02298 (13), -0.02075 (13), -0.01827 (13), -0.01544 (13), 
length of domains: 16
Time: pickout 0.0009    decision 0.0332    set_bounds 0.0007    solve 0.4792    add 0.0022    
Accumulated time: pickout 0.0075    decision 0.7326    set_bounds 0.0070    solve 3.6845    add 0.0158    
Current (lb-rhs): -0.03644764423370361
67 domains visited
Cumulative time: 4.609807729721069

BaB round 8
batch: 16
Average branched neurons at iteration 8:  1.0000
splitting decisions: 
split level 0: [/input.12, 2468] [/input.12, 2468] [/input.12, 397] [/input.12, 5355] [/input.12, 2468] [/input.12, 397] [/input.12, 2468] [/input.12, 5355] [/input.12, 2468] [/input.12, 2468] 
pruning_in_iteration open status: False
ratio of positive domain = 0 / 32 = 0.0
pruning-in-iteration extra time: 0.00010752677917480469
Time: prepare 0.0027    beta_bound 0.4338    bound 0.4339    transfer 0.0011    finalize 0.0047    func 0.4424    
Accumulated time: func 4.1258    prepare 0.0243    bound 4.0765    beta_bound 4.0758    transfer 0.0071    finalize 0.0220    
batch bounding time:  0.4424583911895752
Current worst splitting domains lb-rhs (depth):
-0.03165 (14), -0.03111 (14), -0.03007 (14), -0.02961 (14), -0.02945 (14), -0.02876 (14), -0.02786 (14), -0.02724 (14), -0.02551 (14), -0.02348 (14), -0.02266 (14), -0.02133 (14), -0.02061 (14), -0.01939 (14), -0.01848 (14), -0.01668 (14), -0.01653 (14), -0.01601 (14), -0.01449 (14), -0.01367 (14), 
length of domains: 32
Time: pickout 0.0009    decision 0.0356    set_bounds 0.0007    solve 0.4425    add 0.0035    
Accumulated time: pickout 0.0084    decision 0.7682    set_bounds 0.0077    solve 4.1270    add 0.0192    
Current (lb-rhs): -0.031651854515075684
99 domains visited
Cumulative time: 5.093337297439575

BaB round 9
batch: 32
Average branched neurons at iteration 9:  1.0000
splitting decisions: 
split level 0: [/input.16, 166] [/input.12, 397] [/input.16, 166] [/input.12, 397] [/input.16, 166] [/input.12, 398] [/input.12, 397] [/input.12, 397] [/input.16, 166] [/input.12, 397] 
pruning_in_iteration open status: True
ratio of positive domain = 17 / 64 = 0.265625
pruning-in-iteration extra time: 0.013072729110717773
Time: prepare 0.0060    beta_bound 0.4774    bound 0.4775    transfer 0.0025    finalize 0.0079    func 0.4943    
Accumulated time: func 4.6201    prepare 0.0310    bound 4.5540    beta_bound 4.5531    transfer 0.0096    finalize 0.0299    
batch bounding time:  0.4943690299987793
Current worst splitting domains lb-rhs (depth):
-0.02669 (15), -0.02612 (15), -0.02505 (15), -0.02461 (15), -0.02449 (15), -0.02377 (15), -0.02284 (15), -0.02224 (15), -0.02207 (15), -0.02153 (15), -0.02097 (15), -0.02004 (15), -0.01988 (15), -0.01945 (15), -0.01932 (15), -0.01923 (15), -0.01862 (15), -0.01781 (15), -0.01767 (15), -0.01716 (15), 
length of domains: 47
Time: pickout 0.0010    decision 0.0528    set_bounds 0.0012    solve 0.4944    add 0.0049    
Accumulated time: pickout 0.0095    decision 0.8210    set_bounds 0.0089    solve 4.6214    add 0.0242    
Current (lb-rhs): -0.02668517827987671
146 domains visited
Cumulative time: 5.648150444030762

BaB round 10
batch: 47
Average branched neurons at iteration 10:  1.0000
splitting decisions: 
split level 0: [/input.12, 7349] [/input.12, 2459] [/input.12, 7349] [/input.12, 2459] [/input.12, 7349] [/input.12, 7349] [/input.12, 2459] [/input.12, 2459] [/input.12, 7349] [/input.12, 2459] 
pruning_in_iteration open status: True
ratio of positive domain = 35 / 94 = 0.37234042553191493
pruning-in-iteration extra time: 0.013751506805419922
Time: prepare 0.0070    beta_bound 0.4887    bound 0.4888    transfer 0.0019    finalize 0.0119    func 0.5096    
Accumulated time: func 5.1297    prepare 0.0385    bound 5.0428    beta_bound 5.0419    transfer 0.0115    finalize 0.0418    
batch bounding time:  0.5097665786743164
Current worst splitting domains lb-rhs (depth):
-0.02135 (16), -0.02077 (16), -0.01974 (16), -0.01957 (16), -0.01929 (16), -0.01915 (16), -0.01906 (16), -0.01842 (16), -0.01773 (16), -0.01771 (16), -0.01754 (16), -0.01736 (16), -0.01731 (16), -0.01693 (16), -0.01670 (16), -0.01606 (16), -0.01570 (16), -0.01552 (16), -0.01547 (16), -0.01496 (16), 
length of domains: 59
Time: pickout 0.0013    decision 0.0460    set_bounds 0.0012    solve 0.5098    add 0.0061    
Accumulated time: pickout 0.0108    decision 0.8670    set_bounds 0.0101    solve 5.1312    add 0.0303    
Current (lb-rhs): -0.021352648735046387
205 domains visited
Cumulative time: 6.213143587112427

BaB round 11
batch: 59
Average branched neurons at iteration 11:  1.0000
splitting decisions: 
split level 0: [/input.12, 398] [/input.12, 7349] [/input.12, 398] [/input.12, 7349] [/input.12, 398] [/input.16, 166] [/input.12, 7349] [/input.12, 7349] [/input.12, 398] [/input.12, 7349] 
pruning_in_iteration open status: True
ratio of positive domain = 44 / 118 = 0.3728813559322034
pruning-in-iteration extra time: 0.013572454452514648
Time: prepare 0.0086    beta_bound 0.4965    bound 0.4966    transfer 0.0023    finalize 0.0112    func 0.5188    
Accumulated time: func 5.6485    prepare 0.0478    bound 5.5394    beta_bound 5.5384    transfer 0.0138    finalize 0.0531    
batch bounding time:  0.518967866897583
Current worst splitting domains lb-rhs (depth):
-0.01701 (17), -0.01643 (17), -0.01540 (17), -0.01519 (17), -0.01493 (17), -0.01482 (17), -0.01467 (17), -0.01441 (17), -0.01408 (17), -0.01329 (17), -0.01319 (17), -0.01298 (17), -0.01290 (17), -0.01258 (17), -0.01237 (17), -0.01231 (17), -0.01160 (17), -0.01157 (17), -0.01108 (17), -0.01102 (17), 
length of domains: 74
Time: pickout 0.0014    decision 0.0728    set_bounds 0.0015    solve 0.5190    add 0.0089    
Accumulated time: pickout 0.0122    decision 0.9398    set_bounds 0.0116    solve 5.6502    add 0.0391    
Current (lb-rhs): -0.01701289415359497
279 domains visited
Cumulative time: 6.817358732223511

BaB round 12
batch: 74
Average branched neurons at iteration 12:  1.0000
splitting decisions: 
split level 0: [/input.12, 4395] [/input.12, 5546] [/input.12, 4395] [/input.12, 5546] [/input.12, 4395] [/input.12, 4395] [/input.12, 5546] [/input.12, 5546] [/input.12, 4395] [/input.12, 5546] 
pruning_in_iteration open status: True
ratio of positive domain = 59 / 148 = 0.3986486486486487
pruning-in-iteration extra time: 0.013230562210083008
Time: prepare 0.0133    beta_bound 0.4631    bound 0.4632    transfer 0.0027    finalize 0.0212    func 0.5005    
Accumulated time: func 6.1490    prepare 0.0616    bound 6.0026    beta_bound 6.0015    transfer 0.0164    finalize 0.0742    
batch bounding time:  0.5007259845733643
Current worst splitting domains lb-rhs (depth):
-0.01149 (18), -0.01139 (18), -0.01098 (18), -0.01068 (18), -0.00989 (18), -0.00983 (18), -0.00978 (18), -0.00963 (18), -0.00960 (18), -0.00955 (18), -0.00946 (18), -0.00918 (18), -0.00916 (18), -0.00895 (18), -0.00886 (18), -0.00826 (18), -0.00823 (18), -0.00793 (18), -0.00788 (18), -0.00767 (18), 
length of domains: 89
Time: pickout 0.0014    decision 0.0459    set_bounds 0.0015    solve 0.5008    add 0.0090    
Accumulated time: pickout 0.0136    decision 0.9857    set_bounds 0.0132    solve 6.1509    add 0.0481    
Current (lb-rhs): -0.011492609977722168
368 domains visited
Cumulative time: 7.376672029495239

BaB round 13
batch: 89
Average branched neurons at iteration 13:  1.0000
splitting decisions: 
split level 0: [/input.12, 2459] [/input.16, 166] [/input.16, 166] [/input.16, 166] [/input.16, 166] [/input.12, 2459] [/input.16, 166] [/input.12, 2459] [/input.16, 166] [/input.12, 2459] 
pruning_in_iteration open status: True
ratio of positive domain = 127 / 178 = 0.7134831460674158
pruning-in-iteration extra time: 0.01324915885925293
Time: prepare 0.0123    beta_bound 0.5035    bound 0.5036    transfer 0.0031    finalize 0.0181    func 0.5371    
Accumulated time: func 6.6861    prepare 0.0744    bound 6.5062    beta_bound 6.5050    transfer 0.0195    finalize 0.0923    
batch bounding time:  0.5373995304107666
Current worst splitting domains lb-rhs (depth):
-0.00800 (19), -0.00789 (19), -0.00751 (19), -0.00720 (19), -0.00638 (19), -0.00634 (19), -0.00626 (19), -0.00608 (19), -0.00601 (19), -0.00598 (19), -0.00567 (19), -0.00567 (19), -0.00548 (19), -0.00535 (19), -0.00501 (19), -0.00475 (19), -0.00473 (19), -0.00441 (19), -0.00439 (19), -0.00411 (19), 
length of domains: 51
Time: pickout 0.0015    decision 0.0806    set_bounds 0.0034    solve 0.5374    add 0.0079    
Accumulated time: pickout 0.0151    decision 1.0663    set_bounds 0.0165    solve 6.6884    add 0.0560    
Current (lb-rhs): -0.007998943328857422
419 domains visited
Cumulative time: 8.008836030960083

BaB round 14
batch: 51
Average branched neurons at iteration 14:  1.0000
splitting decisions: 
split level 0: [/input.12, 398] [/input.12, 398] [/input.12, 398] [/input.12, 398] [/input.12, 398] [/input.12, 398] [/input.12, 398] [/input.12, 398] [/input.12, 398] [/input.12, 398] 
pruning_in_iteration open status: True
ratio of positive domain = 77 / 102 = 0.7549019607843137
pruning-in-iteration extra time: 0.013232946395874023
Time: prepare 0.0074    beta_bound 0.5161    bound 0.5162    transfer 0.0025    finalize 0.0162    func 0.5424    
Accumulated time: func 7.2285    prepare 0.0823    bound 7.0224    beta_bound 7.0211    transfer 0.0220    finalize 0.1085    
batch bounding time:  0.5425405502319336
Current worst splitting domains lb-rhs (depth):
-0.00475 (20), -0.00464 (20), -0.00426 (20), -0.00395 (20), -0.00310 (20), -0.00309 (20), -0.00299 (20), -0.00277 (20), -0.00273 (20), -0.00269 (20), -0.00241 (20), -0.00237 (20), -0.00223 (20), -0.00203 (20), -0.00193 (20), -0.00150 (20), -0.00144 (20), -0.00115 (20), -0.00109 (20), -0.00078 (20), 
length of domains: 25
Time: pickout 0.0021    decision 0.0436    set_bounds 0.0013    solve 0.5426    add 0.0037    
Accumulated time: pickout 0.0172    decision 1.1099    set_bounds 0.0178    solve 7.2309    add 0.0597    
Current (lb-rhs): -0.004745960235595703
444 domains visited
Cumulative time: 8.602710485458374

BaB round 15
batch: 25
Average branched neurons at iteration 15:  1.0000
splitting decisions: 
split level 0: [/input.12, 2915] [/input.12, 2915] [/input.12, 2915] [/input.12, 2915] [/input.12, 2915] [/input.12, 787] [/input.12, 2915] [/input.12, 2915] [/input.12, 2915] [/input.12, 2915] 
pruning_in_iteration open status: True
ratio of positive domain = 46 / 50 = 0.92
pruning-in-iteration extra time: 0.012567520141601562
Time: prepare 0.0061    beta_bound 0.4714    bound 0.4715    transfer 0.0013    finalize 0.0044    func 0.4833    
Accumulated time: func 7.7119    prepare 0.0890    bound 7.4939    beta_bound 7.4925    transfer 0.0233    finalize 0.1129    
batch bounding time:  0.4834408760070801
Current worst splitting domains lb-rhs (depth):
-0.00154 (21), -0.00140 (21), -0.00131 (21), -0.00096 (21), 
length of domains: 4
Time: pickout 0.0013    decision 0.0411    set_bounds 0.0011    solve 0.4835    add 0.0012    
Accumulated time: pickout 0.0185    decision 1.1510    set_bounds 0.0189    solve 7.7144    add 0.0608    
Current (lb-rhs): -0.0015368461608886719
448 domains visited
Cumulative time: 9.13142466545105

BaB round 16
batch: 4
Average branched neurons at iteration 16:  1.0000
splitting decisions: 
split level 0: [/input.12, 4395] [/input.12, 4395] [/input.12, 4395] [/input.12, 4395] 
split level 1: [/input.12, 787] [/input.12, 787] [/input.12, 787] [/input.12, 787] 

all verified at 0th iter
pruning_in_iteration open status: False
ratio of positive domain = 16 / 16 = 1.0
pruning-in-iteration extra time: 8.320808410644531e-05
Time: prepare 0.0016    beta_bound 0.0108    bound 0.0109    transfer 0.0005    finalize 0.0017    func 0.0147    
Accumulated time: func 7.7265    prepare 0.0911    bound 7.5047    beta_bound 7.5033    transfer 0.0238    finalize 0.1147    
batch bounding time:  0.014723777770996094
length of domains: 0
Time: pickout 0.0011    decision 0.0357    set_bounds 0.0009    solve 0.0147    add 0.0001    
Accumulated time: pickout 0.0197    decision 1.1867    set_bounds 0.0197    solve 7.7291    add 0.0609    
No domains left, verification finished!
Current (lb-rhs): 1.0000000116860974e-07
448 domains visited
Cumulative time: 9.18434190750122


Properties batch 8, size 1
Remaining timeout: 34.25870656967163
##### Instance 0 first 10 spec matrices: 
tensor([[[ 0.,  0.,  0.,  0.,  0.,  0.,  0.,  0.,  1., -1.]]])
thresholds: [0] ######
Initial alpha-CROWN verified for spec index [0] with bound 2.082665205001831.
Result: safe in 25.9124 seconds
############# Summary #############
Final verified acc: 100.0% (total 1 examples)
Problem instances count: 1 , total verified (safe/unsat): 1 , total falsified (unsafe/sat): 0 , timeout: 0
mean time for ALL instances (total 1):25.912124673537807, max time: 25.912383794784546
mean time for verified SAFE instances(total 1): 25.912383794784546, max time: 25.912383794784546
safe (total 1), index: [0]
