Configurations:

general:
  device: cuda
  seed: 100
  conv_mode: patches
  deterministic: false
  double_fp: false
  loss_reduction_func: sum
  sparse_alpha: true
  save_adv_example: false
  precompile_jit: false
  complete_verifier: bab
  enable_incomplete_verification: true
  csv_name: null
  results_file: out.txt
  root_path: ''
model:
  name: mnist_cnn_4layer
  path: mnist_cnn_a_adv.model
  onnx_path: null
  onnx_path_prefix: ''
  cache_onnx_conversion: false
  onnx_quirks: null
  input_shape: null
  onnx_loader: default_onnx_and_vnnlib_loader
  onnx_optimization_flags: none
data:
  start: 91
  end: 92
  select_instance: null
  num_outputs: 10
  mean: 0.0
  std: 1.0
  pkl_path: null
  dataset: MNIST_SDP
  data_filter_path: null
  data_idx_file: null
specification:
  type: lp
  robustness_type: verified-acc
  norm: .inf
  epsilon: 0.3
  vnnlib_path: null
  vnnlib_path_prefix: ''
solver:
  batch_size: 1024
  min_batch_size_ratio: 0.1
  use_float64_in_last_iteration: false
  early_stop_patience: 10
  start_save_best: 0.5
  bound_prop_method: alpha-crown
  init_bound_prop_method: same
  prune_after_crown: false
  crown:
    batch_size: 1000000000
    max_crown_size: 1000000000
  alpha-crown:
    alpha: true
    lr_alpha: 0.1
    iteration: 100
    share_slopes: false
    no_joint_opt: false
    lr_decay: 0.98
    full_conv_alpha: true
  beta-crown:
    lr_alpha: 0.01
    lr_beta: 0.05
    lr_decay: 0.98
    optimizer: adam
    iteration: 20
    beta: true
    beta_warmup: true
    enable_opt_interm_bounds: false
    all_node_split_LP: false
  forward:
    refine: false
    dynamic: false
    max_dim: 10000
  intermediate_refinement:
    enabled: false
    batch_size: 10
    opt_coeffs: false
    opt_bias: false
    lr: 0.05
    layers: [-1]
    max_domains: 1000
  multi_class:
    label_batch_size: 32
    skip_with_refined_bound: true
  mip:
    parallel_solvers: null
    solver_threads: 1
    refine_neuron_timeout: 15
    refine_neuron_time_percentage: 0.8
    early_stop: true
    adv_warmup: true
    mip_solver: gurobi
bab:
  initial_max_domains: 1
  max_domains: .inf
  decision_thresh: 0
  timeout: 180
  timeout_scale: 1
  override_timeout: null
  get_upper_bound: false
  dfs_percent: 0.0
  pruning_in_iteration: true
  pruning_in_iteration_ratio: 0.2
  sort_targets: false
  batched_domain_list: true
  optimized_intermediate_layers: ''
  interm_transfer: true
  cut:
    enabled: false
    bab_cut: false
    lp_cut: false
    method: null
    lr: 0.01
    lr_decay: 1.0
    iteration: 100
    bab_iteration: -1
    early_stop_patience: -1
    lr_beta: 0.02
    number_cuts: 50
    topk_cuts_in_filter: 100
    batch_size_primal: 100
    max_num: 1000000000
    patches_cut: false
    cplex_cuts: false
    cplex_cuts_wait: 0
    cplex_cuts_revpickup: true
    cut_reference_bounds: true
    fix_intermediate_bounds: false
    _tmp_cuts: null
    fixed_cuts: false
    add_implied_cuts: false
    add_input_cuts: false
  branching:
    method: kfsb
    candidates: 3
    reduceop: max
    sb_coeff_thresh: 0.001
    branching_input_and_activation: false
    branching_input_and_activation_order: [input, relu]
    branching_input_iterations: 30
    branching_relu_iterations: 50
    sort_domain_interval: -1
    input_split:
      enable: false
      enhanced_bound_prop_method: alpha-crown
      enhanced_branching_method: naive
      enhanced_bound_patience: 100000000.0
      attack_patience: 100000000.0
      adv_check: 0
  attack:
    enabled: false
    beam_candidates: 8
    beam_depth: 7
    max_dive_fix_ratio: 0.8
    min_local_free_ratio: 0.2
    mip_start_iteration: 5
    mip_timeout: 30.0
    adv_pool_threshold: null
    refined_mip_attacker: false
    refined_batch_size: null
attack:
  pgd_order: before
  pgd_steps: 100
  pgd_restarts: 50
  pgd_early_stop: true
  pgd_lr_decay: 0.99
  pgd_alpha: auto
  pgd_loss_mode: null
  enable_mip_attack: false
  cex_path: ./test_cex.txt
  attack_mode: PGD
  gama_lambda: 10.0
  gama_decay: 0.9
  check_clean: false
  input_split:
    pgd_steps: 100
    pgd_restarts: 30
    pgd_alpha: auto
  input_split_enhanced:
    pgd_steps: 200
    pgd_restarts: 5000000
    pgd_alpha: auto
  input_split_check_adv:
    pgd_steps: 5
    pgd_restarts: 5
    pgd_alpha: auto
debug:
  lp_test: null

Experiments at Mon Jan 16 02:10:16 2023 on diablo.cs.ucla.edu
Sequential(
  (0): Conv2d(1, 16, kernel_size=(4, 4), stride=(2, 2), padding=(1, 1))
  (1): ReLU()
  (2): Conv2d(16, 32, kernel_size=(4, 4), stride=(2, 2), padding=(1, 1))
  (3): ReLU()
  (4): Flatten(start_dim=1, end_dim=-1)
  (5): Linear(in_features=1568, out_features=100, bias=True)
  (6): ReLU()
  (7): Linear(in_features=100, out_features=10, bias=True)
)
############################
Shape: torch.Size([200, 1, 28, 28]) torch.Size([200]) torch.Size([200])
X range: tensor(1.) tensor(0.) tensor(0.13397828)
############################
Internal results will be saved to Verified_ret_[mnist_cnn_4layer]_start=91_end=92_iter=20_b=1024_timeout=180_branching=kfsb-max-3_lra-init=0.1_lra=0.01_lrb=0.05_PGD=before_cplex_cuts=False.npy.

 %%%%%%%%%%%%%%%%%%%%%%%%%%%%%%%%%%% idx: 0, vnnlib ID: 91 %%%%%%%%%%%%%%%%%%%%%%%%%%%%%%%%%%%%%%%%
Attack parameters: initialization=uniform, steps=100, restarts=50, alpha=0.07500000298023224, initialization=uniform, GAMA=False
Model output of first 5 examples:
 tensor([[  4.94096661, -10.92525291,  -2.22543287,  -4.27228165,  -4.38654995,
          -5.90476894,  -2.86689162,  -6.20145702,  -3.24499702,  -3.98918986]],
       device='cuda:0')
Adv example prediction (first 2 examples and 2 restarts):
 tensor([[[  3.79125023, -10.37296867,  -0.56749851,  -3.41123390,  -3.55022955,
           -6.58319330,  -3.53778505,  -5.87230778,  -2.91925526,  -3.47162223],
         [  3.79125023, -10.37296867,  -0.56749851,  -3.41123390,  -3.55022955,
           -6.58319330,  -3.53778505,  -5.87230778,  -2.91925526,  -3.47162223]]],
       device='cuda:0')
PGD attack margin (first 2 examles and 10 specs):
 tensor([[[14.16421890,  4.35874891,  7.20248413,  7.34147978, 10.37444305,
           7.32903528,  9.66355801,  6.71050549,  7.26287270]]],
       device='cuda:0')
number of violation:  0
Attack finished in 1.2715 seconds.
PGD attack failed
Model prediction is: tensor([[  4.94096661, -10.92525291,  -2.22543287,  -4.27228165,  -4.38654995,
          -5.90476894,  -2.86689162,  -6.20145702,  -3.24499702,  -3.98918986]],
       device='cuda:0')
layer /input.4 using sparse-features alpha with shape [1167]; unstable size 1167; total size 3136 (torch.Size([1, 16, 14, 14]))
layer /input.4 start_node /input.8 using sparse-spec alpha with unstable size 195 total_size 1568 output_shape (32, 7, 7)
layer /input.4 start_node /input.12 using sparse-spec alpha with unstable size 22 total_size 100 output_shape torch.Size([100])
layer /input.4 start_node /16 using full alpha with unstable size None total_size 9 output_shape 9
layer /12 using sparse-features alpha with shape [195]; unstable size 195; total size 1568 (torch.Size([1, 32, 7, 7]))
layer /12 start_node /input.12 using sparse-spec alpha with unstable size 22 total_size 100 output_shape torch.Size([100])
layer /12 start_node /16 using full alpha with unstable size None total_size 9 output_shape 9
layer /15 using sparse-features alpha with shape [22]; unstable size 22; total size 100 (torch.Size([1, 100]))
layer /15 start_node /16 using full alpha with unstable size None total_size 9 output_shape 9
Optimizable variables initialized.
initial CROWN bounds: tensor([[ 2.07331467, -3.18360138, -1.13547373, -2.88727379, -0.96380329,
         -1.91669226, -2.99894238, -2.05534267, -1.93917942]], device='cuda:0') None

all verified at 16th iter
best_l after optimization: 13.520681381225586 with beta sum per layer: []
alpha/beta optimization time: 3.346754550933838
initial alpha-CROWN bounds: tensor([[5.63859940, 0.00800371, 1.93471909, 0.32725048, 2.13347960, 0.60334349,
         0.72065639, 0.93898773, 1.21564198]], device='cuda:0')
Worst class: (+ rhs) 0.008003711700439453
verified with init bound!
Result: safe-incomplete in 8.2687 seconds
############# Summary #############
Final verified acc: 100.0% (total 1 examples)
Problem instances count: 1 , total verified (safe/unsat): 1 , total falsified (unsafe/sat): 0 , timeout: 0
mean time for ALL instances (total 1):8.268585250472569, max time: 8.268667936325073
mean time for verified SAFE instances(total 1): 8.268667936325073, max time: 8.268667936325073
safe-incomplete (total 1), index: [0]
