Configurations:

general:
  device: cuda
  seed: 100
  conv_mode: patches
  deterministic: false
  double_fp: false
  loss_reduction_func: sum
  sparse_alpha: true
  save_adv_example: false
  precompile_jit: false
  complete_verifier: bab
  enable_incomplete_verification: false
  csv_name: null
  results_file: out.txt
  root_path: ''
model:
  name: cifar_model_deep
  path: cifar_deep.pth
  onnx_path: null
  onnx_path_prefix: ''
  cache_onnx_conversion: false
  onnx_quirks: null
  input_shape: null
  onnx_loader: default_onnx_and_vnnlib_loader
  onnx_optimization_flags: none
data:
  start: 91
  end: 92
  select_instance: null
  num_outputs: 10
  mean: [0.485, 0.456, 0.406]
  std: [0.225, 0.225, 0.225]
  pkl_path: deep_100.pkl
  dataset: CIFAR
  data_filter_path: null
  data_idx_file: null
specification:
  type: lp
  robustness_type: specify-target
  norm: .inf
  epsilon: null
  vnnlib_path: null
  vnnlib_path_prefix: ''
solver:
  batch_size: 1024
  min_batch_size_ratio: 0.1
  use_float64_in_last_iteration: false
  early_stop_patience: 10
  start_save_best: 0.5
  bound_prop_method: alpha-crown
  init_bound_prop_method: same
  prune_after_crown: false
  crown:
    batch_size: 1000000000
    max_crown_size: 1000000000
  alpha-crown:
    alpha: true
    lr_alpha: 0.1
    iteration: 100
    share_slopes: false
    no_joint_opt: false
    lr_decay: 0.98
    full_conv_alpha: true
  beta-crown:
    lr_alpha: 0.01
    lr_beta: 0.05
    lr_decay: 0.98
    optimizer: adam
    iteration: 20
    beta: true
    beta_warmup: true
    enable_opt_interm_bounds: false
    all_node_split_LP: false
  forward:
    refine: false
    dynamic: false
    max_dim: 10000
  intermediate_refinement:
    enabled: false
    batch_size: 10
    opt_coeffs: false
    opt_bias: false
    lr: 0.05
    layers: [-1]
    max_domains: 1000
  multi_class:
    label_batch_size: 32
    skip_with_refined_bound: true
  mip:
    parallel_solvers: null
    solver_threads: 1
    refine_neuron_timeout: 15
    refine_neuron_time_percentage: 0.8
    early_stop: true
    adv_warmup: true
    mip_solver: gurobi
bab:
  initial_max_domains: 1
  max_domains: .inf
  decision_thresh: 0
  timeout: 36
  timeout_scale: 1
  override_timeout: null
  get_upper_bound: false
  dfs_percent: 0.0
  pruning_in_iteration: true
  pruning_in_iteration_ratio: 0.2
  sort_targets: false
  batched_domain_list: true
  optimized_intermediate_layers: ''
  interm_transfer: true
  cut:
    enabled: false
    bab_cut: false
    lp_cut: false
    method: null
    lr: 0.01
    lr_decay: 1.0
    iteration: 100
    bab_iteration: -1
    early_stop_patience: -1
    lr_beta: 0.02
    number_cuts: 50
    topk_cuts_in_filter: 100
    batch_size_primal: 100
    max_num: 1000000000
    patches_cut: false
    cplex_cuts: false
    cplex_cuts_wait: 0
    cplex_cuts_revpickup: true
    cut_reference_bounds: true
    fix_intermediate_bounds: false
    _tmp_cuts: null
    fixed_cuts: false
    add_implied_cuts: false
    add_input_cuts: false
  branching:
    method: fsb
    candidates: 1
    reduceop: min
    sb_coeff_thresh: 0.001
    branching_input_and_activation: false
    branching_input_and_activation_order: [input, relu]
    branching_input_iterations: 30
    branching_relu_iterations: 50
    sort_domain_interval: -1
    input_split:
      enable: false
      enhanced_bound_prop_method: alpha-crown
      enhanced_branching_method: naive
      enhanced_bound_patience: 100000000.0
      attack_patience: 100000000.0
      adv_check: 0
  attack:
    enabled: false
    beam_candidates: 8
    beam_depth: 7
    max_dive_fix_ratio: 0.8
    min_local_free_ratio: 0.2
    mip_start_iteration: 5
    mip_timeout: 30.0
    adv_pool_threshold: null
    refined_mip_attacker: false
    refined_batch_size: null
attack:
  pgd_order: skip
  pgd_steps: 100
  pgd_restarts: 30
  pgd_early_stop: true
  pgd_lr_decay: 0.99
  pgd_alpha: auto
  pgd_loss_mode: null
  enable_mip_attack: false
  cex_path: ./test_cex.txt
  attack_mode: PGD
  gama_lambda: 10.0
  gama_decay: 0.9
  check_clean: false
  input_split:
    pgd_steps: 100
    pgd_restarts: 30
    pgd_alpha: auto
  input_split_enhanced:
    pgd_steps: 200
    pgd_restarts: 5000000
    pgd_alpha: auto
  input_split_check_adv:
    pgd_steps: 5
    pgd_restarts: 5
    pgd_alpha: auto
debug:
  lp_test: null

Experiments at Mon Jan 16 02:36:16 2023 on diablo.cs.ucla.edu
Sequential(
  (0): Conv2d(3, 8, kernel_size=(4, 4), stride=(2, 2), padding=(1, 1))
  (1): ReLU()
  (2): Conv2d(8, 8, kernel_size=(3, 3), stride=(1, 1), padding=(1, 1))
  (3): ReLU()
  (4): Conv2d(8, 8, kernel_size=(3, 3), stride=(1, 1), padding=(1, 1))
  (5): ReLU()
  (6): Conv2d(8, 8, kernel_size=(4, 4), stride=(2, 2), padding=(1, 1))
  (7): ReLU()
  (8): Flatten()
  (9): Linear(in_features=512, out_features=100, bias=True)
  (10): ReLU()
  (11): Linear(in_features=100, out_features=10, bias=True)
)
No epsilon defined!
Files already downloaded and verified
Overwrite epsilon that saved in .pkl file, they should be after normalized!
Internal results will be saved to Verified_ret_[cifar_model_deep]_start=91_end=92_iter=20_b=1024_timeout=36_branching=fsb-min-1_lra-init=0.1_lra=0.01_lrb=0.05_PGD=skip_cplex_cuts=False.npy.

 %%%%%%%%%%%%%%%%%%%%%%%%%%%%%%%%%%% idx: 0, vnnlib ID: 91 %%%%%%%%%%%%%%%%%%%%%%%%%%%%%%%%%%%%%%%%
Total VNNLIB file length: 1, max property batch size: 1, total number of batches: 1

Properties batch 0, size 1
Remaining timeout: 34.01565909385681
##### Instance 0 first 10 spec matrices: [[[-1.  0.  0.  0.  0.  0.  0.  0.  1.  0.]]]
thresholds: [0] ######
Model prediction is: tensor([ 3.31787443,  1.66825604,  0.17516431, -2.21492982, -0.52868742,
        -2.70783472, -2.71228194, -2.56523800,  4.70507765,  0.86265016],
       device='cuda:0')
layer /input.4 using sparse-features alpha with shape [232]; unstable size 232; total size 2048 (torch.Size([1, 8, 16, 16]))
layer /input.4 start_node /input.8 using sparse-spec alpha with unstable size 338 total_size 2048 output_shape (8, 16, 16)
layer /input.4 start_node /input.16 using sparse-spec alpha with unstable size 360 total_size 2048 output_shape (8, 16, 16)
layer /input.4 start_node /input.24 using sparse-spec alpha with unstable size 110 total_size 512 output_shape (8, 8, 8)
layer /input.4 start_node /input.28 using sparse-spec alpha with unstable size 40 total_size 100 output_shape torch.Size([100])
layer /input.4 start_node /31 using full alpha with unstable size None total_size 1 output_shape 1
layer /input.12 using sparse-features alpha with shape [338]; unstable size 338; total size 2048 (torch.Size([1, 8, 16, 16]))
layer /input.12 start_node /input.16 using sparse-spec alpha with unstable size 360 total_size 2048 output_shape (8, 16, 16)
layer /input.12 start_node /input.24 using sparse-spec alpha with unstable size 110 total_size 512 output_shape (8, 8, 8)
layer /input.12 start_node /input.28 using sparse-spec alpha with unstable size 40 total_size 100 output_shape torch.Size([100])
layer /input.12 start_node /31 using full alpha with unstable size None total_size 1 output_shape 1
layer /input.20 using sparse-features alpha with shape [360]; unstable size 360; total size 2048 (torch.Size([1, 8, 16, 16]))
layer /input.20 start_node /input.24 using sparse-spec alpha with unstable size 110 total_size 512 output_shape (8, 8, 8)
layer /input.20 start_node /input.28 using sparse-spec alpha with unstable size 40 total_size 100 output_shape torch.Size([100])
layer /input.20 start_node /31 using full alpha with unstable size None total_size 1 output_shape 1
layer /20 using sparse-features alpha with shape [110]; unstable size 110; total size 512 (torch.Size([1, 8, 8, 8]))
layer /20 start_node /input.28 using sparse-spec alpha with unstable size 40 total_size 100 output_shape torch.Size([100])
layer /20 start_node /31 using full alpha with unstable size None total_size 1 output_shape 1
layer /30 using sparse-features alpha with shape [40]; unstable size 40; total size 100 (torch.Size([1, 100]))
layer /30 start_node /31 using full alpha with unstable size None total_size 1 output_shape 1
Optimizable variables initialized.
initial CROWN bounds: tensor([[-0.76750517]], device='cuda:0') None
best_l after optimization: -0.5188995599746704 with beta sum per layer: []
alpha/beta optimization time: 9.46892762184143
initial alpha-CROWN bounds: tensor([[-0.51889956]], device='cuda:0')
Worst class: (+ rhs) -0.5188995599746704
Keeping slopes for these layers: ['/31']
layer 0 name BoundConv(name="/input") size torch.Size([2048]) unstable 232
layer 1 name BoundConv(name="/input.8") size torch.Size([2048]) unstable 332
layer 2 name BoundConv(name="/input.16") size torch.Size([2048]) unstable 329
layer 3 name BoundConv(name="/input.24") size torch.Size([512]) unstable 97
layer 4 name BoundLinear(name="/input.28") size torch.Size([100]) unstable 40
-----------------
# of unstable neurons: 1030
-----------------

batch:  torch.Size([1, 8, 16, 16]) pre split depth:  6
post split depth:  6
splitting decisions: 
split level 0: [4, 49] 
split level 1: [4, 36] 
split level 2: [4, 17] 
split level 3: [4, 90] 
split level 4: [4, 68] 
split level 5: [4, 35] 
best_l after optimization: 37.997283935546875 with beta sum per layer: [0.0, 0.0, 0.0, 0.0, 0.392370343208313]
alpha/beta optimization time: 0.528052806854248
pruning_in_iteration open status: True
ratio of positive domain = 62 / 64 = 0.96875
pruning-in-iteration extra time: 0.014203071594238281
Time: prepare 0.0096    beta_bound 0.5285    bound 0.5286    transfer 0.0012    finalize 0.0070    func 0.5464    
Accumulated time: func 0.5464    prepare 0.0285    bound 0.5286    beta_bound 0.5285    transfer 0.0012    finalize 0.0070    
batch bounding time:  0.5465283393859863
Current worst splitting domains lb-rhs (depth):
-0.12723 (6), -0.00166 (6), 
length of domains: 2
Time: pickout 0.0015    decision 0.2013    solve 0.5550    add 0.0045    
Accumulated time: pickout 0.0015    decision 0.2013    solve 0.5550    add 0.0045    
Current (lb-rhs): -0.1272255778312683
2 domains visited
Cumulative time: 12.018515348434448

batch:  torch.Size([2, 8, 16, 16]) pre split depth:  5
post split depth:  5
splitting decisions: 
split level 0: [4, 45] [4, 75] 
split level 1: [4, 75] [4, 45] 
split level 2: [4, 77] [4, 77] 
split level 3: [4, 46] [4, 46] 
split level 4: [4, 69] [4, 69] 

all verified at 0th iter
best_l after optimization: 17.417747497558594 with beta sum per layer: [0.0, 0.0, 0.0, 0.0, 12.555850982666016]
alpha/beta optimization time: 0.009470462799072266
pruning_in_iteration open status: False
ratio of positive domain = 64 / 64 = 1.0
pruning-in-iteration extra time: 0.00011014938354492188
Time: prepare 0.0097    beta_bound 0.0098    bound 0.0099    transfer 0.0005    finalize 0.0061    func 0.0262    
Accumulated time: func 0.5726    prepare 0.0539    bound 0.5384    beta_bound 0.5383    transfer 0.0017    finalize 0.0131    
batch bounding time:  0.026265621185302734
length of domains: 0
Time: pickout 0.0015    decision 0.1721    solve 0.0343    add 0.0017    
Accumulated time: pickout 0.0030    decision 0.3734    solve 0.5893    add 0.0062    
No domains left, verification finished!
Current (lb-rhs): 1.0000000116860974e-07
2 domains visited
Cumulative time: 12.22846794128418

Result: safe in 14.8797 seconds
############# Summary #############
Final verified acc: 100.0% (total 1 examples)
Problem instances count: 1 , total verified (safe/unsat): 1 , total falsified (unsafe/sat): 0 , timeout: 0
mean time for ALL instances (total 1):14.879570700066314, max time: 14.879719495773315
mean time for verified SAFE instances(total 1): 14.879719495773315, max time: 14.879719495773315
safe (total 1), index: [0]
