Configurations:

general:
  device: cuda
  seed: 100
  conv_mode: patches
  deterministic: false
  double_fp: false
  loss_reduction_func: max
  sparse_alpha: true
  save_adv_example: false
  precompile_jit: false
  complete_verifier: bab
  enable_incomplete_verification: false
  csv_name: acasxu_instances.csv
  results_file: out.txt
  root_path: ../../vnncomp2021/benchmarks/acasxu
model:
  name: null
  path: null
  onnx_path: null
  onnx_path_prefix: ''
  cache_onnx_conversion: false
  onnx_quirks: null
  input_shape: null
  onnx_loader: default_onnx_and_vnnlib_loader
  onnx_optimization_flags: none
data:
  start: 118
  end: 119
  select_instance: null
  num_outputs: 5
  mean: 0.0
  std: 1.0
  pkl_path: null
  dataset: null
  data_filter_path: null
  data_idx_file: null
specification:
  type: lp
  robustness_type: verified-acc
  norm: .inf
  epsilon: null
  vnnlib_path: null
  vnnlib_path_prefix: ''
solver:
  batch_size: 1000
  min_batch_size_ratio: 0.1
  use_float64_in_last_iteration: false
  early_stop_patience: 10
  start_save_best: 0.5
  bound_prop_method: crown
  init_bound_prop_method: same
  prune_after_crown: false
  crown:
    batch_size: 1000000000
    max_crown_size: 1000000000
  alpha-crown:
    alpha: true
    lr_alpha: 0.1
    iteration: 10
    share_slopes: true
    no_joint_opt: false
    lr_decay: 0.98
    full_conv_alpha: true
  beta-crown:
    lr_alpha: 0.01
    lr_beta: 0.05
    lr_decay: 0.98
    optimizer: adam
    iteration: 10
    beta: true
    beta_warmup: true
    enable_opt_interm_bounds: false
    all_node_split_LP: false
  forward:
    refine: false
    dynamic: false
    max_dim: 10000
  intermediate_refinement:
    enabled: false
    batch_size: 10
    opt_coeffs: false
    opt_bias: false
    lr: 0.05
    layers: [-1]
    max_domains: 1000
  multi_class:
    label_batch_size: 32
    skip_with_refined_bound: true
  mip:
    parallel_solvers: null
    solver_threads: 1
    refine_neuron_timeout: 15
    refine_neuron_time_percentage: 0.8
    early_stop: true
    adv_warmup: true
    mip_solver: gurobi
bab:
  initial_max_domains: 1
  max_domains: .inf
  decision_thresh: 0
  timeout: 360
  timeout_scale: 1
  override_timeout: null
  get_upper_bound: false
  dfs_percent: 0.0
  pruning_in_iteration: true
  pruning_in_iteration_ratio: 0.2
  sort_targets: false
  batched_domain_list: true
  optimized_intermediate_layers: ''
  interm_transfer: true
  cut:
    enabled: false
    bab_cut: false
    lp_cut: false
    method: null
    lr: 0.01
    lr_decay: 1.0
    iteration: 100
    bab_iteration: -1
    early_stop_patience: -1
    lr_beta: 0.02
    number_cuts: 50
    topk_cuts_in_filter: 100
    batch_size_primal: 100
    max_num: 1000000000
    patches_cut: false
    cplex_cuts: false
    cplex_cuts_wait: 0
    cplex_cuts_revpickup: true
    cut_reference_bounds: true
    fix_intermediate_bounds: false
    _tmp_cuts: null
    fixed_cuts: false
    add_implied_cuts: false
    add_input_cuts: false
  branching:
    method: naive
    candidates: 3
    reduceop: min
    sb_coeff_thresh: 0.01
    branching_input_and_activation: false
    branching_input_and_activation_order: [input, relu]
    branching_input_iterations: 30
    branching_relu_iterations: 50
    sort_domain_interval: -1
    input_split:
      enable: true
      enhanced_bound_prop_method: alpha-crown
      enhanced_branching_method: sb
      enhanced_bound_patience: 20
      attack_patience: 80
      adv_check: 0
  attack:
    enabled: false
    beam_candidates: 8
    beam_depth: 7
    max_dive_fix_ratio: 0.8
    min_local_free_ratio: 0.2
    mip_start_iteration: 5
    mip_timeout: 30.0
    adv_pool_threshold: null
    refined_mip_attacker: false
    refined_batch_size: null
attack:
  pgd_order: after
  pgd_steps: 100
  pgd_restarts: 30
  pgd_early_stop: true
  pgd_lr_decay: 0.99
  pgd_alpha: auto
  pgd_loss_mode: null
  enable_mip_attack: false
  cex_path: ./test_cex.txt
  attack_mode: PGD
  gama_lambda: 10.0
  gama_decay: 0.9
  check_clean: false
  input_split:
    pgd_steps: 100
    pgd_restarts: 30
    pgd_alpha: auto
  input_split_enhanced:
    pgd_steps: 200
    pgd_restarts: 5000000
    pgd_alpha: auto
  input_split_check_adv:
    pgd_steps: 5
    pgd_restarts: 5
    pgd_alpha: auto
debug:
  lp_test: null

Experiments at Sun Jan 15 22:11:17 2023 on diablo.cs.ucla.edu
customized start/end sample from instance 118 to 119 in acasxu_instances.csv
Internal results will be saved to a-b-crown_[acasxu_instances]_start=118_end=119_iter=10_b=1000_timeout=360_branching=naive-min-3_lra-init=0.1_lra=0.01_lrb=0.05_PGD=after_cplex_cuts=False_initial_max_domains=1.npz.

 %%%%%%%%%%%%%%%%%%%%%%%%%%%%%%%%%%% idx: 0, vnnlib ID: 118 %%%%%%%%%%%%%%%%%%%%%%%%%%%%%%%%%%%%%%%%
Using onnx ACASXU_run2a_4_2_batch_2000.onnx
Using vnnlib prop_3.vnnlib
Precompiled vnnlib file found at ../../vnncomp2021/benchmarks/acasxu/prop_3.vnnlib.compiled
Loading onnx ../../vnncomp2021/benchmarks/acasxu/ACASXU_run2a_4_2_batch_2000.onnx wih quirks {}
Attack parameters: initialization=uniform, steps=100, restarts=30, alpha=0.02499999850988388, initialization=uniform, GAMA=False
Model output of first 5 examples:
 tensor([[0.13019529, 0.10016663, 0.14348054, 0.09965732, 0.13336471]],
       device='cuda:0')
Adv example prediction (first 2 examples and 2 restarts):
 tensor([[[0.12228054, 0.09498812, 0.14194025, 0.09846094, 0.13528396]]],
       device='cuda:0')
PGD attack margin (first 2 examles and 10 specs):
 tensor([[[ 0.02729242, -0.01965971,  0.02381960, -0.01300342]]],
       device='cuda:0')
number of violation:  2
Attack finished in 1.1722 seconds.
PGD attack failed
Total VNNLIB file length: 1, max property batch size: 1, total number of batches: 1

Properties batch 0, size 1
Remaining timeout: 112.67416739463806
##### Instance 0 first 10 spec matrices: [[[ 1. -1.  0.  0.  0.]
  [ 1.  0. -1.  0.  0.]
  [ 1.  0.  0. -1.  0.]
  [ 1.  0.  0.  0. -1.]]]
thresholds: [0. 0. 0. 0.] ######
Model prediction is: tensor([0.13019529, 0.10016663, 0.14348054, 0.09965732, 0.13336471],
       device='cuda:0')
initial crown bounds (first 10): tensor([-0.38098985, -0.61515367, -0.93451095, -0.91128623], device='cuda:0')
Adv example prediction (first 2 examples and 2 restarts):
 tensor([[[0.13313703, 0.10324700, 0.14132264, 0.10643163, 0.12473586]]],
       device='cuda:0', grad_fn=<SliceBackward0>)
PGD attack margin (first 2 examles and 10 specs):
 tensor([[[ 0.02989003, -0.00818561,  0.02670540,  0.00840117]]],
       device='cuda:0', grad_fn=<SliceBackward0>)
number of violation:  1
Total time: 0.4728  pickout: 0.0003  decision: 0.0026  bounding: 0.4691  add_domain: 0.0007
length of domains: 32
Current (lb-rhs): -0.11835481226444244
32 branch and bound domains visited

Adv attack time: 0.0216s
Total time: 0.0321  pickout: 0.0002  decision: 0.0006  bounding: 0.0306  add_domain: 0.0007
length of domains: 61
Current (lb-rhs): -0.08079507946968079
96 branch and bound domains visited

Adv attack time: 0.0207s
Total time: 0.0319  pickout: 0.0002  decision: 0.0006  bounding: 0.0304  add_domain: 0.0007
length of domains: 82
Current (lb-rhs): -0.03475935384631157
218 branch and bound domains visited

Adv attack time: 0.0207s
Total time: 0.0353  pickout: 0.0002  decision: 0.0006  bounding: 0.0337  add_domain: 0.0008
length of domains: 76
Current (lb-rhs): -0.023228943347930908
382 branch and bound domains visited

Adv attack time: 0.0224s
Total time: 0.0312  pickout: 0.0002  decision: 0.0006  bounding: 0.0295  add_domain: 0.0008
length of domains: 54
Current (lb-rhs): -0.021052300930023193
534 branch and bound domains visited

Adv attack time: 0.0216s
Total time: 0.0318  pickout: 0.0003  decision: 0.0007  bounding: 0.0302  add_domain: 0.0007
length of domains: 51
Current (lb-rhs): -0.020594120025634766
642 branch and bound domains visited

Adv attack time: 0.0212s
Total time: 0.0310  pickout: 0.0002  decision: 0.0006  bounding: 0.0295  add_domain: 0.0007
length of domains: 43
Current (lb-rhs): -0.01021285355091095
744 branch and bound domains visited

Adv attack time: 0.0209s
Total time: 0.0308  pickout: 0.0002  decision: 0.0006  bounding: 0.0293  add_domain: 0.0007
length of domains: 53
Current (lb-rhs): -0.007616400718688965/home/zhouxingshi/onnx2pytorch/onnx2pytorch/convert/operations.py:154: UserWarning: The given NumPy array is not writable, and PyTorch does not support non-writable tensors. This means writing to this tensor will result in undefined behavior. You may want to copy the array to protect its data or make it writable before converting it to a tensor. This type of warning will be suppressed for the rest of this program. (Triggered internally at  /opt/conda/conda-bld/pytorch_1646755953518/work/torch/csrc/utils/tensor_numpy.cpp:178.)
  weight = torch.from_numpy(numpy_helper.to_array(params[0]))
/home/zhouxingshi/onnx2pytorch/onnx2pytorch/convert/model.py:154: UserWarning: Using experimental implementation that allows 'batch_size > 1'.Batchnorm layers could potentially produce false outputs.
  "Using experimental implementation that allows 'batch_size > 1'."

830 branch and bound domains visited

Adv attack time: 0.0237s
Total time: 0.0308  pickout: 0.0002  decision: 0.0006  bounding: 0.0294  add_domain: 0.0007
length of domains: 59
Current (lb-rhs): -0.007323145866394043
936 branch and bound domains visited

Adv attack time: 0.0208s
Total time: 0.0305  pickout: 0.0002  decision: 0.0006  bounding: 0.0293  add_domain: 0.0003
length of domains: 0
No domains left, verification finished!
The lower bound of last batch is -0.0881885290145874
Result: safe in 5.9243 seconds
############# Summary #############
Final verified acc: 100.0% (total 1 examples)
Problem instances count: 1 , total verified (safe/unsat): 1 , total falsified (unsafe/sat): 0 , timeout: 0
mean time for ALL instances (total 1):5.924283151043611, max time: 5.924342393875122
mean time for verified SAFE instances(total 1): 5.924342393875122, max time: 5.924342393875122
safe (total 1), index: [0]
