/home/zhouxingshi/miniconda3/envs/torch2.2/lib/python3.11/site-packages/onnx2pytorch/convert/layer.py:29: UserWarning: The given NumPy array is not writable, and PyTorch does not support non-writable tensors. This means writing to this tensor will result in undefined behavior. You may want to copy the array to protect its data or make it writable before converting it to a tensor. This type of warning will be suppressed for the rest of this program. (Triggered internally at ../torch/csrc/utils/tensor_numpy.cpp:206.)
  layer.weight.data = torch.from_numpy(numpy_helper.to_array(weight))
/home/zhouxingshi/miniconda3/envs/torch2.2/lib/python3.11/site-packages/onnx2pytorch/convert/model.py:151: UserWarning: Using experimental implementation that allows 'batch_size > 1'.Batchnorm layers could potentially produce false outputs.
  warnings.warn(
/home/zhouxingshi/miniconda3/envs/torch2.2/lib/python3.11/site-packages/onnx2pytorch/utils.py:21: TracerWarning: Converting a tensor to a Python boolean might cause the trace to be incorrect. We can't record the data flow of Python values, so this value will be treated as a constant in the future. This means that the trace might not generalize to other inputs!
  return value.ndim == 0 or value.shape == torch.Size([1])
/home/zhouxingshi/miniconda3/envs/torch2.2/lib/python3.11/site-packages/onnx2pytorch/operations/add.py:34: TracerWarning: Converting a tensor to a Python boolean might cause the trace to be incorrect. We can't record the data flow of Python values, so this value will be treated as a constant in the future. This means that the trace might not generalize to other inputs!
  elif all(x == 1 for x in input[0].shape):
Configurations:

general:
  device: cuda
  seed: 100
  conv_mode: patches
  deterministic: false
  double_fp: false
  loss_reduction_func: sum
  sparse_alpha: true
  sparse_interm: true
  save_adv_example: false
  eval_adv_example: false
  show_adv_example: false
  precompile_jit: false
  complete_verifier: bab
  enable_incomplete_verification: true
  csv_name: cifar10_resnet_instances.csv
  results_file: out.txt
  root_path: ../../vnncomp2021/benchmarks/cifar10_resnet
  deterministic_opt: false
  graph_optimizer: 'Customized("custom_graph_optimizer", "default_optimizer")'
  buffer_has_batchdim: false
  save_output: true
  output_file: /home/zhouxingshi/Verifier_Development/tests/gpu_tests/gcp_crown/cifar10-resnet/master_outputs/6.pkl
  return_optimized_model: false
model:
  name: null
  path: null
  onnx_path: null
  onnx_path_prefix: ''
  cache_onnx_conversion: false
  debug_onnx: false
  onnx_quirks: null
  input_shape: null
  onnx_loader: default_onnx_and_vnnlib_loader
  onnx_optimization_flags: none
  onnx_vnnlib_joint_optimization_flags: none
  check_optmized: false
  flatten_final_output: false
  optimize_graph: null
  with_jacobian: false
data:
  start: 23
  end: 24
  select_instance: null
  num_outputs: 10
  mean: 0.0
  std: 1.0
  pkl_path: null
  dataset: CIFAR
  data_filter_path: null
  data_idx_file: null
specification:
  type: lp
  robustness_type: verified-acc
  norm: .inf
  epsilon: null
  epsilon_min: 0.0
  vnnlib_path: null
  vnnlib_path_prefix: ''
  rhs_offset: null
solver:
  batch_size: 2000
  auto_enlarge_batch_size: false
  min_batch_size_ratio: 0.1
  use_float64_in_last_iteration: false
  early_stop_patience: 10
  start_save_best: 0.5
  bound_prop_method: alpha-crown
  init_bound_prop_method: same
  prune_after_crown: false
  optimize_disjuncts_separately: false
  crown:
    batch_size: 1000000000
    max_crown_size: 1000000000
    relu_option: adaptive
  alpha-crown:
    alpha: true
    lr_alpha: 0.1
    iteration: 100
    share_alphas: false
    lr_decay: 0.98
    full_conv_alpha: true
    max_coeff_mul: .inf
    matmul_share_alphas: false
    disable_optimization: []
  invprop:
    apply_output_constraints_to: []
    tighten_input_bounds: false
    best_of_oc_and_no_oc: false
    directly_optimize: []
    oc_lr: 0.1
    share_gammas: false
  beta-crown:
    lr_alpha: 0.01
    lr_beta: 0.01
    lr_decay: 0.98
    optimizer: adam
    iteration: 50
    beta: true
    beta_warmup: true
    enable_opt_interm_bounds: false
    all_node_split_LP: false
  forward:
    refine: false
    dynamic: false
    max_dim: 10000
    reset_threshold: 1.0
  intermediate_refinement:
    enabled: false
    batch_size: 10
    opt_coeffs: false
    opt_bias: false
    lr: 0.05
    layers: [-1]
    max_domains: 1000
  multi_class:
    label_batch_size: 32
    skip_with_refined_bound: true
  mip:
    parallel_solvers: null
    solver_threads: 1
    refine_neuron_timeout: 15
    refine_neuron_time_percentage: 0.8
    early_stop: true
    adv_warmup: true
    mip_solver: gurobi
    skip_unsafe: false
bab:
  initial_max_domains: 1
  max_domains: .inf
  decision_thresh: 0
  timeout: 360
  timeout_scale: 1
  max_iterations: -1
  override_timeout: null
  get_upper_bound: false
  pruning_in_iteration: true
  pruning_in_iteration_ratio: 0.2
  sort_targets: false
  batched_domain_list: true
  optimized_interm: ''
  interm_transfer: true
  recompute_interm: false
  sort_domain_interval: -1
  vanilla_crown: false
  cut:
    enabled: true
    implication: false
    bab_cut: true
    lp_cut: false
    method: null
    lr: 0.01
    lr_decay: 0.9
    iteration: 100
    bab_iteration: -1
    early_stop_patience: -1
    lr_beta: 0.02
    number_cuts: 50
    topk_cuts_in_filter: 1000
    batch_size_primal: 100
    max_num: 1000000000
    patches_cut: false
    cplex_cuts: true
    cplex_cuts_wait: 0
    cplex_cuts_revpickup: true
    cut_reference_bounds: true
    fix_intermediate_bounds: false
    _tmp_cuts: null
    fixed_cuts: false
    add_implied_cuts: false
    add_input_cuts: false
  branching:
    method: kfsb
    candidates: 3
    reduceop: max
    enable_intermediate_bound_opt: false
    branching_input_and_activation: false
    branching_input_and_activation_order: [input, relu]
    branching_input_iterations: 30
    branching_relu_iterations: 50
    nonlinear_split:
      method: shortcut
      branching_point_method: uniform
      branching_point_node: ''
      branching_point_db: []
      num_branches: 2
      branching_point_refinement: false
      filter: false
      filter_beta: false
      filter_batch_size: 10000
      filter_iterations: 25
      use_min: false
      loose_tanh_threshold: null
      dynamic: false
      dynamic_bbps: false
      dynamic_beta_heuristic: false
      beta_heuristic: false
      dynamic_options: [uniform, three_left, three_right]
    input_split:
      enable: false
      enhanced_bound_prop_method: alpha-crown
      enhanced_branching_method: naive
      enhanced_bound_patience: 100000000.0
      attack_patience: 100000000.0
      adv_check: 0
      split_partitions: 2
      sb_margin_weight: 1.0
      sb_primary_spec: null
      sb_primary_spec_iter: 1
      sb_sum: false
      bf_backup_thresh: -1
      bf_rhs_offset: 0
      bf_zero_crossing_score: false
      ibp_enhancement: false
      catch_assertion: false
      compare_with_old_bounds: false
      update_rhs_with_attack: false
      sb_coeff_thresh: 0.001
      sort_index: null
  attack:
    enabled: false
    beam_candidates: 8
    beam_depth: 7
    max_dive_fix_ratio: 0.8
    min_local_free_ratio: 0.2
    mip_start_iteration: 5
    mip_timeout: 30.0
    adv_pool_threshold: null
    refined_mip_attacker: false
    refined_batch_size: null
attack:
  pgd_order: skip
  pgd_steps: 100
  pgd_restarts: 30
  pgd_batch_size: 100000000
  pgd_early_stop: true
  pgd_lr_decay: 0.99
  pgd_alpha: auto
  pgd_loss_mode: null
  enable_mip_attack: false
  adv_saver: default_adv_saver
  early_stop_condition: default_early_stop_condition
  adv_example_finalizer: default_adv_example_finalizer
  pgd_loss: default_pgd_loss
  cex_path: ./test_cex.txt
  attack_mode: PGD
  attack_tolerance: 0.0
  attack_func: attack_with_general_specs
  gama_lambda: 10.0
  gama_decay: 0.9
  check_clean: false
  input_split:
    pgd_steps: 100
    pgd_restarts: 30
    pgd_alpha: auto
  input_split_enhanced:
    pgd_steps: 200
    pgd_restarts: 500000
    pgd_alpha: auto
  input_split_check_adv:
    pgd_steps: 5
    pgd_restarts: 5
    pgd_alpha: auto
    max_num_domains: 10
debug:
  view_model: false
  lp_test: null
  rescale_vnnlib_ptb: null
  test_optimized_bounds: false
  test_optimized_bounds_after_n_iterations: 0
  print_verbose_decisions: false

Experiments at Tue Mar 26 02:07:04 2024 on valla.cs.ucla.edu
customized start/end sample from instance 23 to 24 in cifar10_resnet_instances.csv
Internal results will be saved to out.txt.

 %%%%%%%%%%%%%%%%%%%%%%%%%%%%%%%%%%% idx: 0, vnnlib ID: 23 %%%%%%%%%%%%%%%%%%%%%%%%%%%%%%%%%%%
Using onnx onnx/resnet_2b.onnx
Using vnnlib vnnlib_properties_pgd_filtered/resnet2b_pgd_filtered/prop_23_eps_0.008.vnnlib
3072 inputs and 10 outputs in vnnlib
Loading onnx ../../vnncomp2021/benchmarks/cifar10_resnet/onnx/resnet_2b.onnx wih quirks {}
Model: BoundedModule(
  (/input.1): BoundInput(name=/input.1, inputs=[], perturbed=True)
  (/17): BoundParams(name=/17, inputs=[], perturbed=False)
  (/18): BoundParams(name=/18, inputs=[], perturbed=False)
  (/19): BoundParams(name=/19, inputs=[], perturbed=False)
  (/20): BoundParams(name=/20, inputs=[], perturbed=False)
  (/21): BoundParams(name=/21, inputs=[], perturbed=False)
  (/22): BoundParams(name=/22, inputs=[], perturbed=False)
  (/23): BoundParams(name=/23, inputs=[], perturbed=False)
  (/24): BoundParams(name=/24, inputs=[], perturbed=False)
  (/25): BoundParams(name=/25, inputs=[], perturbed=False)
  (/26): BoundParams(name=/26, inputs=[], perturbed=False)
  (/27): BoundParams(name=/27, inputs=[], perturbed=False)
  (/28): BoundParams(name=/28, inputs=[], perturbed=False)
  (/29): BoundParams(name=/29, inputs=[], perturbed=False)
  (/30): BoundParams(name=/30, inputs=[], perturbed=False)
  (/31): BoundParams(name=/31, inputs=[], perturbed=False)
  (/32): BoundParams(name=/32, inputs=[], perturbed=False)
  (/input): BoundConv(name=/input, inputs=[/input.1, /17, /18], perturbed=True)
  (/34): BoundRelu(name=/34, inputs=[/input], perturbed=True)
  (/input.4): BoundConv(name=/input.4, inputs=[/34, /19, /20], perturbed=True)
  (/36): BoundRelu(name=/36, inputs=[/input.4], perturbed=True)
  (/37): BoundConv(name=/37, inputs=[/36, /21, /22], perturbed=True)
  (/38): BoundConv(name=/38, inputs=[/34, /23, /24], perturbed=True)
  (/39): BoundAdd(name=/39, inputs=[/37, /38], perturbed=True)
  (/input.8): BoundRelu(name=/input.8, inputs=[/39], perturbed=True)
  (/input.12): BoundConv(name=/input.12, inputs=[/input.8, /25, /26], perturbed=True)
  (/42): BoundRelu(name=/42, inputs=[/input.12], perturbed=True)
  (/43): BoundConv(name=/43, inputs=[/42, /27, /28], perturbed=True)
  (/44): BoundAdd(name=/44, inputs=[/43, /input.8], perturbed=True)
  (/45): BoundRelu(name=/45, inputs=[/44], perturbed=True)
  (/46): BoundFlatten(name=/46, inputs=[/45], perturbed=True)
  (/input.16): BoundLinear(name=/input.16, inputs=[/46, /29, /30], perturbed=True)
  (/48): BoundRelu(name=/48, inputs=[/input.16], perturbed=True)
  (/49): BoundLinear(name=/49, inputs=[/48, /31, /32], perturbed=True)
)
Original output: tensor([[-2.44463444, -4.14593840,  1.84426594,  3.28119445,  1.39600229,
          5.23560715, -0.60133362,  0.53919131, -2.70302129, -2.40139961]],
       device='cuda:0')
Split layers:
  BoundAdd(name=/39, inputs=[/37, /38], perturbed=True): [(BoundRelu(name=/input.8, inputs=[/39], perturbed=True), 0)]
  BoundConv(name=/input.4, inputs=[/34, /19, /20], perturbed=True): [(BoundRelu(name=/36, inputs=[/input.4], perturbed=True), 0)]
  BoundConv(name=/input, inputs=[/input.1, /17, /18], perturbed=True): [(BoundRelu(name=/34, inputs=[/input], perturbed=True), 0)]
  BoundLinear(name=/input.16, inputs=[/46, /29, /30], perturbed=True): [(BoundRelu(name=/48, inputs=[/input.16], perturbed=True), 0)]
  BoundAdd(name=/44, inputs=[/43, /input.8], perturbed=True): [(BoundRelu(name=/45, inputs=[/44], perturbed=True), 0)]
  BoundConv(name=/input.12, inputs=[/input.8, /25, /26], perturbed=True): [(BoundRelu(name=/42, inputs=[/input.12], perturbed=True), 0)]
Nonlinear functions:
   BoundRelu(name=/34, inputs=[/input], perturbed=True)
   BoundRelu(name=/36, inputs=[/input.4], perturbed=True)
   BoundRelu(name=/input.8, inputs=[/39], perturbed=True)
   BoundRelu(name=/42, inputs=[/input.12], perturbed=True)
   BoundRelu(name=/45, inputs=[/44], perturbed=True)
   BoundRelu(name=/48, inputs=[/input.16], perturbed=True)
layer /34 using sparse-features alpha with shape [186]; unstable size 186; total size 2048 ([1, 8, 16, 16])
layer /34 start_node /input.4 using sparse-spec alpha [2, 117, 1, 186] with unstable size 116 total_size 1024 output_shape (16, 8, 8)
layer /34 start_node /39 using sparse-spec alpha [2, 99, 1, 186] with unstable size 98 total_size 1024 output_shape (16, 8, 8)
layer /34 start_node /input.12 using sparse-spec alpha [2, 107, 1, 186] with unstable size 106 total_size 1024 output_shape (16, 8, 8)
layer /34 start_node /44 using sparse-spec alpha [2, 215, 1, 186] with unstable size 214 total_size 1024 output_shape (16, 8, 8)
layer /34 start_node /input.16 using sparse-spec alpha [2, 34, 1, 186] with unstable size 33 total_size 100 output_shape torch.Size([100])
layer /34 start_node /49 using full alpha [2, 9, 1, 186] with unstable size None total_size 9 output_shape 9
layer /36 using sparse-features alpha with shape [116]; unstable size 116; total size 1024 ([1, 16, 8, 8])
layer /36 start_node /39 using sparse-spec alpha [2, 99, 1, 116] with unstable size 98 total_size 1024 output_shape (16, 8, 8)
layer /36 start_node /input.12 using sparse-spec alpha [2, 107, 1, 116] with unstable size 106 total_size 1024 output_shape (16, 8, 8)
layer /36 start_node /44 using sparse-spec alpha [2, 215, 1, 116] with unstable size 214 total_size 1024 output_shape (16, 8, 8)
layer /36 start_node /input.16 using sparse-spec alpha [2, 34, 1, 116] with unstable size 33 total_size 100 output_shape torch.Size([100])
layer /36 start_node /49 using full alpha [2, 9, 1, 116] with unstable size None total_size 9 output_shape 9
layer /input.8 using sparse-features alpha with shape [98]; unstable size 98; total size 1024 ([1, 16, 8, 8])
layer /input.8 start_node /input.12 using sparse-spec alpha [2, 107, 1, 98] with unstable size 106 total_size 1024 output_shape (16, 8, 8)
layer /input.8 start_node /44 using sparse-spec alpha [2, 215, 1, 98] with unstable size 214 total_size 1024 output_shape (16, 8, 8)
layer /input.8 start_node /input.16 using sparse-spec alpha [2, 34, 1, 98] with unstable size 33 total_size 100 output_shape torch.Size([100])
layer /input.8 start_node /49 using full alpha [2, 9, 1, 98] with unstable size None total_size 9 output_shape 9
layer /42 using sparse-features alpha with shape [106]; unstable size 106; total size 1024 ([1, 16, 8, 8])
layer /42 start_node /44 using sparse-spec alpha [2, 215, 1, 106] with unstable size 214 total_size 1024 output_shape (16, 8, 8)
layer /42 start_node /input.16 using sparse-spec alpha [2, 34, 1, 106] with unstable size 33 total_size 100 output_shape torch.Size([100])
layer /42 start_node /49 using full alpha [2, 9, 1, 106] with unstable size None total_size 9 output_shape 9
layer /45 using sparse-features alpha with shape [214]; unstable size 214; total size 1024 ([1, 16, 8, 8])
layer /45 start_node /input.16 using sparse-spec alpha [2, 34, 1, 214] with unstable size 33 total_size 100 output_shape torch.Size([100])
layer /45 start_node /49 using full alpha [2, 9, 1, 214] with unstable size None total_size 9 output_shape 9
layer /48 using sparse-features alpha with shape [33]; unstable size 33; total size 100 ([1, 100])
layer /48 start_node /49 using full alpha [2, 9, 1, 33] with unstable size None total_size 9 output_shape 9
Optimizable variables initialized.
initial CROWN bounds: tensor([[6.17674732, 7.12884951, 2.03074145, 1.24599373, 2.62949944, 4.39892435,
         3.24081063, 5.64794207, 5.53058100]], device='cuda:0') None
Verified with initial CROWN!
verified with init bound!
Result: safe-incomplete in 5.6722 seconds
############# Summary #############
Final verified acc: 100.0% (total 1 examples)
Problem instances count: 1 , total verified (safe/unsat): 1 , total falsified (unsafe/sat): 0 , timeout: 0
mean time for ALL instances (total 1):5.672164700548429, max time: 5.672221422195435
mean time for verified SAFE instances(total 1): 5.672221422195435, max time: 5.672221422195435
safe-incomplete (total 1), index: [0]
Result dict saved to /home/zhouxingshi/Verifier_Development/tests/gpu_tests/gcp_crown/cifar10-resnet/master_outputs/6.pkl.
