Configurations:

general:
  device: cuda
  seed: 100
  conv_mode: patches
  deterministic: false
  double_fp: false
  loss_reduction_func: sum
  sparse_alpha: true
  save_adv_example: false
  precompile_jit: false
  complete_verifier: bab
  enable_incomplete_verification: true
  csv_name: null
  results_file: out.txt
  root_path: ''
model:
  name: cnn_4layer_adv
  path: cifar_cnn_a_adv.model
  onnx_path: null
  onnx_path_prefix: ''
  cache_onnx_conversion: false
  onnx_quirks: null
  input_shape: null
  onnx_loader: default_onnx_and_vnnlib_loader
  onnx_optimization_flags: none
data:
  start: 98
  end: 99
  select_instance: null
  num_outputs: 10
  mean: 0.0
  std: 1.0
  pkl_path: null
  dataset: CIFAR_SDP
  data_filter_path: null
  data_idx_file: null
specification:
  type: lp
  robustness_type: verified-acc
  norm: .inf
  epsilon: 0.00784313725
  epsilon_min: 0.0
  vnnlib_path: null
  vnnlib_path_prefix: ''
solver:
  batch_size: 4096
  min_batch_size_ratio: 0.1
  use_float64_in_last_iteration: false
  early_stop_patience: 10
  start_save_best: 0.5
  bound_prop_method: alpha-crown
  init_bound_prop_method: same
  prune_after_crown: false
  crown:
    batch_size: 1000000000
    max_crown_size: 1000000000
  alpha-crown:
    alpha: true
    lr_alpha: 0.1
    iteration: 100
    share_slopes: false
    no_joint_opt: false
    lr_decay: 0.98
    full_conv_alpha: true
  beta-crown:
    lr_alpha: 0.01
    lr_beta: 0.05
    lr_decay: 0.98
    optimizer: adam
    iteration: 20
    beta: true
    beta_warmup: true
    enable_opt_interm_bounds: false
    all_node_split_LP: false
  forward:
    refine: false
    dynamic: false
    max_dim: 10000
  intermediate_refinement:
    enabled: false
    batch_size: 10
    opt_coeffs: false
    opt_bias: false
    lr: 0.05
    layers: [-1]
    max_domains: 1000
  multi_class:
    label_batch_size: 32
    skip_with_refined_bound: true
  mip:
    parallel_solvers: null
    solver_threads: 1
    refine_neuron_timeout: 15
    refine_neuron_time_percentage: 0.8
    early_stop: true
    adv_warmup: true
    mip_solver: gurobi
bab:
  initial_max_domains: 1
  max_domains: .inf
  decision_thresh: 0
  timeout: 30
  timeout_scale: 1
  override_timeout: null
  get_upper_bound: false
  dfs_percent: 0.0
  pruning_in_iteration: true
  pruning_in_iteration_ratio: 0.2
  sort_targets: false
  batched_domain_list: true
  optimized_intermediate_layers: ''
  interm_transfer: true
  cut:
    enabled: false
    implication: false
    bab_cut: false
    lp_cut: false
    method: null
    lr: 0.01
    lr_decay: 1.0
    iteration: 100
    bab_iteration: -1
    early_stop_patience: -1
    lr_beta: 0.02
    number_cuts: 50
    topk_cuts_in_filter: 1000
    batch_size_primal: 100
    max_num: 1000000000
    patches_cut: false
    cplex_cuts: false
    cplex_cuts_wait: 0
    cplex_cuts_revpickup: true
    cut_reference_bounds: true
    fix_intermediate_bounds: false
    _tmp_cuts: null
    fixed_cuts: false
    add_implied_cuts: false
    add_input_cuts: false
  branching:
    method: kfsb
    candidates: 3
    reduceop: max
    sb_coeff_thresh: 0.001
    enable_intermediate_bound_opt: false
    branching_input_and_activation: false
    branching_input_and_activation_order: [input, relu]
    branching_input_iterations: 30
    branching_relu_iterations: 50
    sort_domain_interval: -1
    nonlinear_split:
      method: babsr_like
      branching_point_method: middle
      num_branches: 2
      branching_point_refinement: false
      naive_branching_score: false
      filter: false
      prioritize_mul: false
    input_split:
      enable: false
      enhanced_bound_prop_method: alpha-crown
      enhanced_branching_method: naive
      enhanced_bound_patience: 100000000.0
      attack_patience: 100000000.0
      adv_check: 0
  attack:
    enabled: false
    beam_candidates: 8
    beam_depth: 7
    max_dive_fix_ratio: 0.8
    min_local_free_ratio: 0.2
    mip_start_iteration: 5
    mip_timeout: 30.0
    adv_pool_threshold: null
    refined_mip_attacker: false
    refined_batch_size: null
attack:
  pgd_order: skip
  pgd_steps: 100
  pgd_restarts: 50
  pgd_early_stop: true
  pgd_lr_decay: 0.99
  pgd_alpha: auto
  pgd_loss_mode: null
  enable_mip_attack: false
  cex_path: ./test_cex.txt
  attack_mode: PGD
  gama_lambda: 10.0
  gama_decay: 0.9
  check_clean: false
  input_split:
    pgd_steps: 100
    pgd_restarts: 30
    pgd_alpha: auto
  input_split_enhanced:
    pgd_steps: 200
    pgd_restarts: 5000000
    pgd_alpha: auto
  input_split_check_adv:
    pgd_steps: 5
    pgd_restarts: 5
    pgd_alpha: auto
debug:
  lp_test: null

Experiments at Tue Mar 28 18:44:00 2023 on zeratul
Sequential(
  (0): Conv2d(3, 16, kernel_size=(4, 4), stride=(2, 2), padding=(1, 1))
  (1): ReLU()
  (2): Conv2d(16, 32, kernel_size=(4, 4), stride=(2, 2), padding=(1, 1))
  (3): ReLU()
  (4): Flatten()
  (5): Linear(in_features=2048, out_features=100, bias=True)
  (6): ReLU()
  (7): Linear(in_features=100, out_features=10, bias=True)
)
############################
Sampled data loaded. Data already preprocessed!
Shape: torch.Size([200, 3, 32, 32]) torch.Size([200]) torch.Size([200])
X range: tensor(2.12560368) tensor(-1.98888886) tensor(-0.01308714)
############################
Internal results will be saved to Verified_ret_[cnn_4layer_adv]_start=98_end=99_iter=20_b=4096_timeout=30_branching=kfsb-max-3_lra-init=0.1_lra=0.01_lrb=0.05_PGD=skip_cplex_cuts=False.npy.

 %%%%%%%%%%%%%%%%%%%%%%%%%%%%%%%%%%% idx: 0, vnnlib ID: 98 %%%%%%%%%%%%%%%%%%%%%%%%%%%%%%%%%%%%%%%%
Model: BoundedModule(
  (/input.1): BoundInput(name=/input.1, inputs=[])
  (/1): BoundParams(name=/1, inputs=[])
  (/2): BoundParams(name=/2, inputs=[])
  (/3): BoundParams(name=/3, inputs=[])
  (/4): BoundParams(name=/4, inputs=[])
  (/5): BoundParams(name=/5, inputs=[])
  (/6): BoundParams(name=/6, inputs=[])
  (/7): BoundParams(name=/7, inputs=[])
  (/8): BoundParams(name=/8, inputs=[])
  (/input): BoundConv(name=/input, inputs=[/input.1, /1, /2])
  (/input.4): BoundRelu(name=/input.4, inputs=[/input])
  (/input.8): BoundConv(name=/input.8, inputs=[/input.4, /3, /4])
  (/12): BoundRelu(name=/12, inputs=[/input.8])
  (/13): BoundShape(name=/13, inputs=[/12])
  (/14): BoundConstant(name=/14, inputs=[])
  (/15): BoundGather(name=/15, inputs=[/13, /14])
  (/16): BoundConstant(name=/16, inputs=[])
  (/17): BoundUnsqueeze(name=/17, inputs=[/15])
  (/18): BoundUnsqueeze(name=/18, inputs=[/16])
  (/19): BoundConcat(name=/19, inputs=[/17, /18])
  (/20): BoundReshape(name=/20, inputs=[/12, /19])
  (/input.12): BoundLinear(name=/input.12, inputs=[/20, /5, /6])
  (/22): BoundRelu(name=/22, inputs=[/input.12])
  (/23): BoundLinear(name=/23, inputs=[/22, /7, /8])
)
Model prediction is: tensor([[-6.97282219, -9.59043694, -6.44806576, -4.78952932, -4.97297335,
         -4.42642069, -6.68016386, -6.68106508, -7.70960331, -9.47742462]],
       device='cuda:0')
layer /input.4 using sparse-features alpha with shape [664]; unstable size 664; total size 4096 (torch.Size([1, 16, 16, 16]))
layer /input.4 start_node /input.8 using sparse-spec alpha with unstable size 239 total_size 2048 output_shape (32, 8, 8)
layer /input.4 start_node /input.12 using sparse-spec alpha with unstable size 22 total_size 100 output_shape torch.Size([100])
layer /input.4 start_node /23 using full alpha with unstable size None total_size 9 output_shape 9
layer /12 using sparse-features alpha with shape [239]; unstable size 239; total size 2048 (torch.Size([1, 32, 8, 8]))
layer /12 start_node /input.12 using sparse-spec alpha with unstable size 22 total_size 100 output_shape torch.Size([100])
layer /12 start_node /23 using full alpha with unstable size None total_size 9 output_shape 9
layer /22 using sparse-features alpha with shape [22]; unstable size 22; total size 100 (torch.Size([1, 100]))
layer /22 start_node /23 using full alpha with unstable size None total_size 9 output_shape 9
Optimizable variables initialized.
initial CROWN bounds: tensor([[ 1.04075289,  2.86903477,  0.75436509,  0.06829160, -0.61994475,
          1.08730936,  0.85343844,  1.25660884,  3.10610747]], device='cuda:0') None
best_l after optimization: 11.08703327178955
alpha/beta optimization time: 6.782918930053711
initial alpha-CROWN bounds: tensor([[ 1.12782204,  2.97440219,  0.81469822,  0.08856282, -0.56693327,
          1.14553452,  0.92185211,  1.38116884,  3.19992518]], device='cuda:0')
Worst class: (+ rhs) -0.566933274269104
Split layers:
  BoundLinear(name=/input.12, inputs=[/20, /5, /6]): [(BoundRelu(name=/22, inputs=[/input.12]), 0)]
  BoundConv(name=/input, inputs=[/input.1, /1, /2]): [(BoundRelu(name=/input.4, inputs=[/input]), 0)]
  BoundConv(name=/input.8, inputs=[/input.4, /3, /4]): [(BoundRelu(name=/12, inputs=[/input.8]), 0)]
Total VNNLIB file length: 9, max property batch size: 1, total number of batches: 9
lA shape: [torch.Size([1, 9, 16, 16, 16]), torch.Size([1, 9, 32, 8, 8]), torch.Size([1, 9, 100])]

Properties batch 0, size 1
Remaining timeout: 15.930892705917358
##### Instance 0 first 10 spec matrices: 
tensor([[[-1.,  0.,  0.,  0.,  0.,  1.,  0.,  0.,  0.,  0.]]])
thresholds: [0] ######
Initial alpha-CROWN verified for spec index [0] with bound 1.1278220415115356.

Properties batch 1, size 1
Remaining timeout: 15.82271957397461
##### Instance 0 first 10 spec matrices: 
tensor([[[ 0., -1.,  0.,  0.,  0.,  1.,  0.,  0.,  0.,  0.]]])
thresholds: [0] ######
Initial alpha-CROWN verified for spec index [0] with bound 2.9744021892547607.

Properties batch 2, size 1
Remaining timeout: 15.766477584838867
##### Instance 0 first 10 spec matrices: 
tensor([[[ 0.,  0., -1.,  0.,  0.,  1.,  0.,  0.,  0.,  0.]]])
thresholds: [0] ######
Initial alpha-CROWN verified for spec index [0] with bound 0.8146982192993164.

Properties batch 3, size 1
Remaining timeout: 15.709584474563599
##### Instance 0 first 10 spec matrices: 
tensor([[[ 0.,  0.,  0., -1.,  0.,  1.,  0.,  0.,  0.,  0.]]])
thresholds: [0] ######
Initial alpha-CROWN verified for spec index [0] with bound 0.08856281638145447.

Properties batch 4, size 1
Remaining timeout: 15.65245008468628
##### Instance 0 first 10 spec matrices: 
tensor([[[ 0.,  0.,  0.,  0., -1.,  1.,  0.,  0.,  0.,  0.]]])
thresholds: [0] ######
Remaining spec index [0] with bounds tensor([[-0.56693327]], device='cuda:0') need to verify.
Model: BoundedModule(
  (/input.1): BoundInput(name=/input.1, inputs=[])
  (/1): BoundParams(name=/1, inputs=[])
  (/2): BoundParams(name=/2, inputs=[])
  (/3): BoundParams(name=/3, inputs=[])
  (/4): BoundParams(name=/4, inputs=[])
  (/5): BoundParams(name=/5, inputs=[])
  (/6): BoundParams(name=/6, inputs=[])
  (/7): BoundParams(name=/7, inputs=[])
  (/8): BoundParams(name=/8, inputs=[])
  (/input): BoundConv(name=/input, inputs=[/input.1, /1, /2])
  (/input.4): BoundRelu(name=/input.4, inputs=[/input])
  (/input.8): BoundConv(name=/input.8, inputs=[/input.4, /3, /4])
  (/12): BoundRelu(name=/12, inputs=[/input.8])
  (/13): BoundShape(name=/13, inputs=[/12])
  (/14): BoundConstant(name=/14, inputs=[])
  (/15): BoundGather(name=/15, inputs=[/13, /14])
  (/16): BoundConstant(name=/16, inputs=[])
  (/17): BoundUnsqueeze(name=/17, inputs=[/15])
  (/18): BoundUnsqueeze(name=/18, inputs=[/16])
  (/19): BoundConcat(name=/19, inputs=[/17, /18])
  (/20): BoundReshape(name=/20, inputs=[/12, /19])
  (/input.12): BoundLinear(name=/input.12, inputs=[/20, /5, /6])
  (/22): BoundRelu(name=/22, inputs=[/input.12])
  (/23): BoundLinear(name=/23, inputs=[/22, /7, /8])
)
Model prediction is: tensor([-6.97282219, -9.59043694, -6.44806576, -4.78952932, -4.97297335,
        -4.42642069, -6.68016386, -6.68106508, -7.70960331, -9.47742462],
       device='cuda:0')
build_with_refined_bounds batch [0/1]
setting alpha for layer /input.4 start_node /23 with alignment adjustment
setting alpha for layer /12 start_node /23 with alignment adjustment
setting alpha for layer /22 start_node /23 with alignment adjustment
all slope initialized
directly get lb and ub from refined bounds
lA shapes: [torch.Size([1, 1, 16, 16, 16]), torch.Size([1, 1, 32, 8, 8]), torch.Size([1, 1, 100])]
c shape: torch.Size([1, 1, 10])
alpha-CROWN with fixed intermediate bounds: tensor([[-0.56693327]], device='cuda:0') tensor([[inf]], device='cuda:0')
Intermediate layers: /input.12,/input,/input.8,/23
Split layers:
  BoundLinear(name=/input.12, inputs=[/20, /5, /6]): [(BoundRelu(name=/22, inputs=[/input.12]), 0)]
  BoundConv(name=/input.8, inputs=[/input.4, /3, /4]): [(BoundRelu(name=/12, inputs=[/input.8]), 0)]
  BoundConv(name=/input, inputs=[/input.1, /1, /2]): [(BoundRelu(name=/input.4, inputs=[/input]), 0)]
Keeping slopes for these layers: ['/23']
Keeping slopes for these layers: ['/23']
Node /input.4 input 0: size torch.Size([16, 16, 16]) unstable 664
Node /12 input 0: size torch.Size([32, 8, 8]) unstable 230
Node /22 input 0: size torch.Size([100]) unstable 22
-----------------
# of unstable neurons: 916
-----------------

BaB round 1
batch: 1
Average branched neurons at iteration 1:  1.0000
splitting decisions: 
split level 0: [/input.12, 65] 
split level 1: [/input.12, 51] 
split level 2: [/input.12, 41] 
split level 3: [/input.12, 92] 
split level 4: [/input.12, 17] 
split level 5: [/input.12, 53] 
split level 6: [/input.12, 9] 
split level 7: [/input.12, 68] 
pruning_in_iteration open status: True
ratio of positive domain = 179 / 256 = 0.69921875
pruning-in-iteration extra time: 0.022998809814453125
Time: prepare 0.0128    beta_bound 0.9462    bound 0.9463    transfer 0.0030    finalize 0.0251    func 0.9874    
Accumulated time: func 0.9874    prepare 0.0140    bound 0.9463    beta_bound 0.9462    transfer 0.0030    finalize 0.0251    
batch bounding time:  0.9877681732177734
Current worst splitting domains lb-rhs (depth):
-0.33480 (8), -0.32915 (8), -0.31020 (8), -0.29998 (8), -0.28937 (8), -0.28278 (8), -0.27117 (8), -0.25705 (8), -0.24863 (8), -0.24711 (8), -0.24284 (8), -0.24179 (8), -0.23994 (8), -0.21777 (8), -0.21610 (8), -0.21522 (8), -0.21442 (8), -0.21190 (8), -0.21121 (8), -0.20705 (8), 
length of domains: 77
Time: pickout 0.0010    decision 0.4703    set_bounds 0.0045    solve 0.9878    add 0.0054    
Accumulated time: pickout 0.0010    decision 0.4703    set_bounds 0.0045    solve 0.9878    add 0.0054    
Current (lb-rhs): -0.33479803800582886
77 domains visited
Cumulative time: 1.537768840789795

BaB round 2
batch: 77
Average branched neurons at iteration 2:  1.0000
splitting decisions: 
split level 0: [/input.12, 10] [/input.12, 10] [/input.12, 10] [/input.12, 10] [/input.12, 10] [/input.12, 10] [/input.12, 10] [/input.12, 10] [/input.12, 10] [/input.12, 10] 
split level 1: [/input.12, 32] [/input.12, 32] [/input.12, 32] [/input.12, 32] [/input.12, 32] [/input.12, 32] [/input.12, 32] [/input.12, 32] [/input.12, 32] [/input.12, 32] 
pruning_in_iteration open status: True
ratio of positive domain = 169 / 308 = 0.5487012987012987
pruning-in-iteration extra time: 0.013326644897460938
Time: prepare 0.0323    beta_bound 0.3892    bound 0.3893    transfer 0.0022    finalize 0.0170    func 0.4410    
Accumulated time: func 1.4283    prepare 0.0468    bound 1.3356    beta_bound 1.3355    transfer 0.0052    finalize 0.0421    
batch bounding time:  0.4412505626678467
Current worst splitting domains lb-rhs (depth):
-0.31791 (10), -0.31122 (10), -0.29260 (10), -0.28211 (10), -0.27067 (10), -0.26424 (10), -0.25234 (10), -0.25033 (10), -0.24964 (10), -0.23832 (10), -0.22902 (10), -0.22738 (10), -0.22262 (10), -0.22185 (10), -0.22103 (10), -0.21837 (10), -0.21071 (10), -0.19894 (10), -0.19761 (10), -0.19728 (10), 
length of domains: 139
Time: pickout 0.0021    decision 0.0518    set_bounds 0.0054    solve 0.4413    add 0.0062    
Accumulated time: pickout 0.0031    decision 0.5221    set_bounds 0.0099    solve 1.4291    add 0.0116    
Current (lb-rhs): -0.3179066777229309
216 domains visited
Cumulative time: 2.0454249382019043

BaB round 3
batch: 139
Average branched neurons at iteration 3:  1.0000
splitting decisions: 
split level 0: [/input.12, 4] [/input.12, 4] [/input.12, 4] [/input.12, 4] [/input.12, 4] [/input.12, 4] [/input.12, 4] [/input.12, 4] [/input.12, 4] [/input.12, 4] 
pruning_in_iteration open status: True
ratio of positive domain = 121 / 278 = 0.43525179856115104
pruning-in-iteration extra time: 0.01459050178527832
Time: prepare 0.0362    beta_bound 0.4085    bound 0.4087    transfer 0.0026    finalize 0.0202    func 0.4679    
Accumulated time: func 1.8962    prepare 0.0838    bound 1.7443    beta_bound 1.7440    transfer 0.0078    finalize 0.0623    
batch bounding time:  0.46831512451171875
Current worst splitting domains lb-rhs (depth):
-0.30867 (11), -0.30170 (11), -0.28291 (11), -0.27191 (11), -0.26129 (11), -0.25485 (11), -0.24652 (11), -0.24256 (11), -0.23992 (11), -0.22759 (11), -0.21909 (11), -0.21762 (11), -0.21150 (11), -0.21129 (11), -0.21108 (11), -0.20700 (11), -0.19919 (11), -0.19239 (11), -0.18798 (11), -0.18734 (11), 
length of domains: 157
Time: pickout 0.0014    decision 0.0708    set_bounds 0.0035    solve 0.4683    add 0.0079    
Accumulated time: pickout 0.0045    decision 0.5929    set_bounds 0.0134    solve 1.8974    add 0.0195    
Current (lb-rhs): -0.30866557359695435
373 domains visited
Cumulative time: 2.598691463470459

BaB round 4
batch: 157
Average branched neurons at iteration 4:  1.0000
splitting decisions: 
split level 0: [/input.12, 54] [/input.8, 780] [/input.12, 54] [/input.8, 915] [/input.12, 11] [/input.12, 54] [/input.12, 11] [/input.12, 45] [/input.12, 11] [/input.12, 54] 
pruning_in_iteration open status: True
ratio of positive domain = 138 / 314 = 0.4394904458598726
pruning-in-iteration extra time: 0.011383295059204102
Time: prepare 0.0214    beta_bound 0.3817    bound 0.3818    transfer 0.0023    finalize 0.0174    func 0.4230    
Accumulated time: func 2.3192    prepare 0.1060    bound 2.1261    beta_bound 2.1258    transfer 0.0102    finalize 0.0798    
batch bounding time:  0.42333078384399414
Current worst splitting domains lb-rhs (depth):
-0.30042 (12), -0.29571 (12), -0.27447 (12), -0.26578 (12), -0.25525 (12), -0.24888 (12), -0.23676 (12), -0.23445 (12), -0.23139 (12), -0.22181 (12), -0.21270 (12), -0.21007 (12), -0.20779 (12), -0.20434 (12), -0.20260 (12), -0.20246 (12), -0.19804 (12), -0.19296 (12), -0.18199 (12), -0.18158 (12), 
length of domains: 176
Time: pickout 0.0014    decision 0.0554    set_bounds 0.0023    solve 0.4234    add 0.0070    
Accumulated time: pickout 0.0060    decision 0.6482    set_bounds 0.0157    solve 2.3208    add 0.0265    
Current (lb-rhs): -0.30042099952697754
549 domains visited
Cumulative time: 3.089414596557617

BaB round 5
batch: 176
Average branched neurons at iteration 5:  1.0000
splitting decisions: 
split level 0: [/input.12, 11] [/input.12, 11] [/input.12, 45] [/input.12, 11] [/input.12, 54] [/input.12, 11] [/input.12, 54] [/input.12, 32] [/input.12, 11] [/input.12, 11] 
pruning_in_iteration open status: True
ratio of positive domain = 136 / 352 = 0.38636363636363635
pruning-in-iteration extra time: 0.013216733932495117
Time: prepare 0.0291    beta_bound 0.4430    bound 0.4431    transfer 0.0032    finalize 0.0253    func 0.5010    
Accumulated time: func 2.8203    prepare 0.1356    bound 2.5692    beta_bound 2.5688    transfer 0.0134    finalize 0.1051    
batch bounding time:  0.5014040470123291
Current worst splitting domains lb-rhs (depth):
-0.29472 (13), -0.28755 (13), -0.26329 (13), -0.25720 (13), -0.24738 (13), -0.24062 (13), -0.22838 (13), -0.22362 (13), -0.22217 (13), -0.21348 (13), -0.20431 (13), -0.20311 (13), -0.20233 (13), -0.19955 (13), -0.19574 (13), -0.19155 (13), -0.19052 (13), -0.18999 (13), -0.18753 (13), -0.18443 (13), 
length of domains: 216
Time: pickout 0.0016    decision 0.0552    set_bounds 0.0031    solve 0.5014    add 0.0116    
Accumulated time: pickout 0.0075    decision 0.7034    set_bounds 0.0188    solve 2.8222    add 0.0381    
Current (lb-rhs): -0.29472166299819946
765 domains visited
Cumulative time: 3.663451910018921

BaB round 6
batch: 216
Average branched neurons at iteration 6:  1.0000
splitting decisions: 
split level 0: [/input.12, 45] [/input.8, 780] [/input.8, 922] [/input.8, 780] [/input.12, 45] [/input.8, 922] [/input.8, 922] [/input.8, 780] [/input.12, 11] [/input.8, 922] 
pruning_in_iteration open status: True
ratio of positive domain = 155 / 432 = 0.3587962962962963
pruning-in-iteration extra time: 0.013544797897338867
Time: prepare 0.0307    beta_bound 0.3975    bound 0.3976    transfer 0.0035    finalize 0.0315    func 0.4635    
Accumulated time: func 3.2838    prepare 0.1670    bound 2.9668    beta_bound 2.9663    transfer 0.0168    finalize 0.1365    
batch bounding time:  0.46382999420166016
Current worst splitting domains lb-rhs (depth):
-0.28422 (14), -0.27840 (14), -0.25741 (14), -0.25116 (14), -0.24100 (14), -0.23561 (14), -0.23120 (14), -0.22216 (14), -0.21748 (14), -0.21646 (14), -0.20707 (14), -0.19774 (14), -0.19639 (14), -0.19578 (14), -0.19206 (14), -0.18765 (14), -0.18611 (14), -0.18590 (14), -0.18435 (14), -0.18285 (14), 
length of domains: 277
Time: pickout 0.0017    decision 0.0634    set_bounds 0.0038    solve 0.4639    add 0.0124    
Accumulated time: pickout 0.0092    decision 0.7669    set_bounds 0.0227    solve 3.2861    add 0.0505    
Current (lb-rhs): -0.2842239737510681
1042 domains visited
Cumulative time: 4.210005283355713

BaB round 7
batch: 277
Average branched neurons at iteration 7:  1.0000
splitting decisions: 
split level 0: [/input.8, 1507] [/input.12, 45] [/input.12, 45] [/input.12, 45] [/input.8, 780] [/input.8, 915] [/input.8, 780] [/input.8, 780] [/input.8, 1507] [/input.8, 780] 
pruning_in_iteration open status: True
ratio of positive domain = 196 / 554 = 0.3537906137184116
pruning-in-iteration extra time: 0.011027812957763672
Time: prepare 0.0391    beta_bound 0.3506    bound 0.3507    transfer 0.0036    finalize 0.0304    func 0.4240    
Accumulated time: func 3.7078    prepare 0.2067    bound 3.3175    beta_bound 3.3169    transfer 0.0205    finalize 0.1669    
batch bounding time:  0.42438292503356934
Current worst splitting domains lb-rhs (depth):
-0.27835 (15), -0.27257 (15), -0.25154 (15), -0.24043 (15), -0.23841 (15), -0.23091 (15), -0.22810 (15), -0.22511 (15), -0.21210 (15), -0.21134 (15), -0.21052 (15), -0.19712 (15), -0.18905 (15), -0.18783 (15), -0.18727 (15), -0.18617 (15), -0.18130 (15), -0.18016 (15), -0.17992 (15), -0.17781 (15), 
length of domains: 358
Time: pickout 0.0018    decision 0.0714    set_bounds 0.0045    solve 0.4244    add 0.0141    
Accumulated time: pickout 0.0111    decision 0.8382    set_bounds 0.0272    solve 3.7105    add 0.0646    
Current (lb-rhs): -0.27835047245025635
1400 domains visited
Cumulative time: 4.727819442749023

BaB round 8
batch: 358
Average branched neurons at iteration 8:  1.0000
splitting decisions: 
split level 0: [/input.8, 915] [/input.8, 922] [/input.8, 915] [/input.8, 459] [/input.8, 922] [/input.8, 780] [/input.8, 1507] [/input.8, 1131] [/input.12, 45] [/input.12, 45] 
pruning_in_iteration open status: True
ratio of positive domain = 211 / 716 = 0.29469273743016755
pruning-in-iteration extra time: 0.010768890380859375
Time: prepare 0.0743    beta_bound 0.4024    bound 0.4025    transfer 0.0053    finalize 0.0615    func 0.5439    
Accumulated time: func 4.2516    prepare 0.2819    bound 3.7200    beta_bound 3.7193    transfer 0.0258    finalize 0.2284    
batch bounding time:  0.5443665981292725
Current worst splitting domains lb-rhs (depth):
-0.27128 (16), -0.26654 (16), -0.26221 (16), -0.25692 (16), -0.24579 (16), -0.23544 (16), -0.23223 (16), -0.22575 (16), -0.22116 (16), -0.22105 (16), -0.22088 (16), -0.21916 (16), -0.21321 (16), -0.21069 (16), -0.20941 (16), -0.20638 (16), -0.20482 (16), -0.19328 (16), -0.19204 (16), -0.18480 (16), 
length of domains: 505
Time: pickout 0.0022    decision 0.1132    set_bounds 0.0087    solve 0.5444    add 0.0201    
Accumulated time: pickout 0.0133    decision 0.9514    set_bounds 0.0359    solve 4.2549    add 0.0847    
Current (lb-rhs): -0.2712849974632263
1905 domains visited
Cumulative time: 5.418254375457764

BaB round 9
batch: 505
Average branched neurons at iteration 9:  1.0000
splitting decisions: 
split level 0: [/input.8, 922] [/input.8, 459] [/input.8, 459] [/input.12, 45] [/input.12, 45] [/input.8, 915] [/input.8, 1507] [/input.8, 922] [/input.8, 780] [/input.8, 1507] 
pruning_in_iteration open status: True
ratio of positive domain = 237 / 1010 = 0.23465346534653464
pruning-in-iteration extra time: 0.005725860595703125
Time: prepare 0.0878    beta_bound 0.3795    bound 0.3796    transfer 0.0078    finalize 0.0808    func 0.5564    
Accumulated time: func 4.8081    prepare 0.3703    bound 4.0997    beta_bound 4.0989    transfer 0.0336    finalize 0.3092    
batch bounding time:  0.557110071182251
Current worst splitting domains lb-rhs (depth):
-0.27023 (17), -0.26542 (17), -0.26104 (17), -0.25573 (17), -0.24147 (17), -0.24017 (17), -0.23730 (17), -0.23267 (17), -0.23004 (17), -0.22934 (17), -0.22821 (17), -0.22764 (17), -0.22295 (17), -0.21960 (17), -0.21935 (17), -0.21790 (17), -0.21624 (17), -0.21620 (17), -0.21609 (17), -0.21133 (17), 
length of domains: 773
Time: pickout 0.0028    decision 0.2188    set_bounds 0.0142    solve 0.5571    add 0.0344    
Accumulated time: pickout 0.0160    decision 1.1703    set_bounds 0.0501    solve 4.8120    add 0.1191    
Current (lb-rhs): -0.270233690738678
2678 domains visited
Cumulative time: 6.248009920120239

BaB round 10
batch: 773
Average branched neurons at iteration 10:  1.0000
splitting decisions: 
split level 0: [/input.12, 45] [/input.8, 915] [/input.8, 915] [/input.8, 459] [/input.12, 45] [/input.8, 922] [/input.8, 780] [/input.8, 1805] [/input.8, 780] [/input.8, 922] 
pruning_in_iteration open status: True
ratio of positive domain = 359 / 1546 = 0.23221216041397152
pruning-in-iteration extra time: 0.006139516830444336
Time: prepare 0.1223    beta_bound 0.3750    bound 0.3751    transfer 0.0183    finalize 0.1356    func 0.6532    
Accumulated time: func 5.4612    prepare 0.4932    bound 4.4748    beta_bound 4.4739    transfer 0.0519    finalize 0.4448    
batch bounding time:  0.6540586948394775
Current worst splitting domains lb-rhs (depth):
-0.26881 (18), -0.26080 (18), -0.25959 (18), -0.25097 (18), -0.23865 (18), -0.23571 (18), -0.23142 (18), -0.22988 (18), -0.22544 (18), -0.22539 (18), -0.22375 (18), -0.22226 (18), -0.21986 (18), -0.21821 (18), -0.21569 (18), -0.21473 (18), -0.21452 (18), -0.21418 (18), -0.21413 (18), -0.21338 (18), 
length of domains: 1187
Time: pickout 0.0038    decision 0.2492    set_bounds 0.0133    solve 0.6541    add 0.1622    
Accumulated time: pickout 0.0199    decision 1.4195    set_bounds 0.0634    solve 5.4661    add 0.2813    
Current (lb-rhs): -0.26881271600723267
3865 domains visited
Cumulative time: 7.335172414779663

BaB round 11
batch: 1187
Average branched neurons at iteration 11:  1.0000
splitting decisions: 
split level 0: [/input.8, 459] [/input.8, 459] [/input.8, 1131] [/input.12, 64] [/input.12, 64] [/input.8, 875] [/input.8, 988] [/input.8, 780] [/input.8, 920] [/input.8, 915] 
pruning_in_iteration open status: True
ratio of positive domain = 542 / 2374 = 0.22830665543386686
pruning-in-iteration extra time: 0.00531005859375
Time: prepare 0.3123    beta_bound 0.4475    bound 0.4476    transfer 0.0144    finalize 0.1833    func 0.9583    
Accumulated time: func 6.4195    prepare 0.8063    bound 4.9224    beta_bound 4.9214    transfer 0.0663    finalize 0.6282    
batch bounding time:  1.0387630462646484
Current worst splitting domains lb-rhs (depth):
-0.26421 (19), -0.25741 (19), -0.25499 (19), -0.24764 (19), -0.24673 (19), -0.24103 (19), -0.23323 (19), -0.23240 (19), -0.22627 (19), -0.22440 (19), -0.22424 (19), -0.22151 (19), -0.22114 (19), -0.22034 (19), -0.21729 (19), -0.21715 (19), -0.21674 (19), -0.21642 (19), -0.21273 (19), -0.21268 (19), 
length of domains: 1832
Time: pickout 0.0060    decision 0.2775    set_bounds 0.0194    solve 1.0388    add 0.0710    
Accumulated time: pickout 0.0259    decision 1.6970    set_bounds 0.0829    solve 6.5049    add 0.3522    
Current (lb-rhs): -0.2642078995704651
5697 domains visited
Cumulative time: 8.758041143417358

BaB round 12
batch: 1832
Average branched neurons at iteration 12:  1.0000
splitting decisions: 
split level 0: [/input.12, 15] [/input.8, 286] [/input.8, 1805] [/input.8, 1628] [/input.12, 15] [/input.8, 921] [/input.8, 780] [/input.8, 464] [/input.8, 464] [/input.8, 464] 
pruning_in_iteration open status: False
ratio of positive domain = 698 / 3664 = 0.19050218340611358
pruning-in-iteration extra time: 0.0002155303955078125
Time: prepare 0.2807    beta_bound 0.5312    bound 0.5313    transfer 0.0225    finalize 0.3444    func 1.1799    
Accumulated time: func 7.5994    prepare 1.0877    bound 5.4537    beta_bound 5.4526    transfer 0.0888    finalize 0.9726    
batch bounding time:  1.270923137664795
Current worst splitting domains lb-rhs (depth):
-0.26170 (20), -0.25432 (20), -0.25256 (20), -0.24744 (20), -0.24409 (20), -0.24360 (20), -0.24115 (20), -0.23802 (20), -0.23750 (20), -0.23132 (20), -0.23097 (20), -0.23034 (20), -0.23007 (20), -0.22414 (20), -0.22243 (20), -0.22134 (20), -0.22036 (20), -0.21970 (20), -0.21676 (20), -0.21602 (20), 
length of domains: 2921
Time: pickout 0.0084    decision 0.2912    set_bounds 0.0296    solve 1.2710    add 0.3230    
Accumulated time: pickout 0.0343    decision 1.9881    set_bounds 0.1124    solve 7.7759    add 0.6753    
Current (lb-rhs): -0.2616955637931824
8618 domains visited
Cumulative time: 10.69773817062378

BaB round 13
batch: 2921
Average branched neurons at iteration 13:  1.0000
splitting decisions: 
split level 0: [/input.8, 286] [/input.12, 15] [/input.12, 64] [/input.8, 459] [/input.8, 936] [/input.8, 988] [/input.8, 1805] [/input.8, 459] [/input.8, 920] [/input.8, 921] 
pruning_in_iteration open status: False
ratio of positive domain = 1060 / 5842 = 0.18144471071550838
pruning-in-iteration extra time: 0.00011396408081054688
Time: prepare 0.4652    beta_bound 0.7643    bound 0.7644    transfer 0.0838    finalize 0.4858    func 1.8014    
Accumulated time: func 9.4008    prepare 1.5535    bound 6.2182    beta_bound 6.2169    transfer 0.1726    finalize 1.4584    
batch bounding time:  1.8044157028198242
Current worst splitting domains lb-rhs (depth):
-0.25858 (21), -0.25135 (21), -0.24942 (21), -0.24421 (21), -0.24421 (21), -0.24153 (21), -0.24114 (21), -0.24004 (21), -0.23759 (21), -0.23511 (21), -0.23474 (21), -0.23459 (21), -0.23013 (21), -0.22988 (21), -0.22875 (21), -0.22787 (21), -0.22727 (21), -0.22688 (21), -0.22669 (21), -0.22113 (21), 
length of domains: 4723
Time: pickout 0.0130    decision 0.4066    set_bounds 0.1408    solve 1.8045    add 0.5880    
Accumulated time: pickout 0.0473    decision 2.3947    set_bounds 0.2532    solve 9.5803    add 1.2633    
Current (lb-rhs): -0.2585833668708801
13341 domains visited
Cumulative time: 13.679820537567139

BaB round 14
batch: 4096
Average branched neurons at iteration 14:  1.0000
splitting decisions: 
split level 0: [/input.8, 1628] [/input.8, 1004] [/input.8, 1131] [/input.8, 459] [/input.8, 1628] [/input.8, 609] [/input.8, 459] [/input.8, 936] [/input.8, 920] [/input.8, 1803] 
pruning_in_iteration open status: False
ratio of positive domain = 1315 / 8192 = 0.1605224609375
pruning-in-iteration extra time: 0.0002391338348388672
Time: prepare 0.7064    beta_bound 1.0473    bound 1.0474    transfer 0.1602    finalize 0.7375    func 2.6535    
Accumulated time: func 12.0543    prepare 2.2605    bound 7.2655    beta_bound 7.2642    transfer 0.3328    finalize 2.1959    
batch bounding time:  2.657707691192627
Current worst splitting domains lb-rhs (depth):
-0.25477 (22), -0.24706 (22), -0.24538 (22), -0.24473 (22), -0.24150 (22), -0.24036 (22), -0.24034 (22), -0.23945 (22), -0.23909 (22), -0.23759 (21), -0.23744 (22), -0.23674 (22), -0.23264 (22), -0.23086 (22), -0.23058 (22), -0.23046 (22), -0.23032 (22), -0.23028 (22), -0.22988 (21), -0.22787 (21), 
length of domains: 7406
Time: pickout 0.0180    decision 0.7549    set_bounds 0.1801    solve 2.6578    add 0.3586    
Accumulated time: pickout 0.0653    decision 3.1496    set_bounds 0.4333    solve 12.2381    add 1.6219    
Current (lb-rhs): -0.2547653913497925
20120 domains visited
Time out!!!!!!!!
Result: unknown in 32.2327 seconds
############# Summary #############
Final verified acc: 0.0% (total 1 examples)
Problem instances count: 1 , total verified (safe/unsat): 0 , total falsified (unsafe/sat): 0 , timeout: 1
mean time for ALL instances (total 1):32.23239495166999, max time: 32.23271727561951
unknown (total 1), index: [0]
