Configurations:

general:
  device: cuda
  seed: 100
  conv_mode: patches
  deterministic: false
  double_fp: false
  loss_reduction_func: sum
  sparse_alpha: true
  save_adv_example: false
  precompile_jit: false
  complete_verifier: bab
  enable_incomplete_verification: true
  csv_name: null
  results_file: out.txt
  root_path: ''
model:
  name: cnn_4layer_adv
  path: cifar_cnn_a_adv.model
  onnx_path: null
  onnx_path_prefix: ''
  cache_onnx_conversion: false
  onnx_quirks: null
  input_shape: null
  onnx_loader: default_onnx_and_vnnlib_loader
  onnx_optimization_flags: none
data:
  start: 18
  end: 19
  select_instance: null
  num_outputs: 10
  mean: 0.0
  std: 1.0
  pkl_path: null
  dataset: CIFAR_SDP
  data_filter_path: null
  data_idx_file: null
specification:
  type: lp
  robustness_type: verified-acc
  norm: .inf
  epsilon: 0.00784313725
  epsilon_min: 0.0
  vnnlib_path: null
  vnnlib_path_prefix: ''
solver:
  batch_size: 4096
  min_batch_size_ratio: 0.1
  use_float64_in_last_iteration: false
  early_stop_patience: 10
  start_save_best: 0.5
  bound_prop_method: alpha-crown
  init_bound_prop_method: same
  prune_after_crown: false
  crown:
    batch_size: 1000000000
    max_crown_size: 1000000000
  alpha-crown:
    alpha: true
    lr_alpha: 0.1
    iteration: 100
    share_slopes: false
    no_joint_opt: false
    lr_decay: 0.98
    full_conv_alpha: true
  beta-crown:
    lr_alpha: 0.01
    lr_beta: 0.05
    lr_decay: 0.98
    optimizer: adam
    iteration: 20
    beta: true
    beta_warmup: true
    enable_opt_interm_bounds: false
    all_node_split_LP: false
  forward:
    refine: false
    dynamic: false
    max_dim: 10000
  intermediate_refinement:
    enabled: false
    batch_size: 10
    opt_coeffs: false
    opt_bias: false
    lr: 0.05
    layers: [-1]
    max_domains: 1000
  multi_class:
    label_batch_size: 32
    skip_with_refined_bound: true
  mip:
    parallel_solvers: null
    solver_threads: 1
    refine_neuron_timeout: 15
    refine_neuron_time_percentage: 0.8
    early_stop: true
    adv_warmup: true
    mip_solver: gurobi
bab:
  initial_max_domains: 1
  max_domains: .inf
  decision_thresh: 0
  timeout: 30
  timeout_scale: 1
  override_timeout: null
  get_upper_bound: false
  dfs_percent: 0.0
  pruning_in_iteration: true
  pruning_in_iteration_ratio: 0.2
  sort_targets: false
  batched_domain_list: true
  optimized_intermediate_layers: ''
  interm_transfer: true
  cut:
    enabled: false
    implication: false
    bab_cut: false
    lp_cut: false
    method: null
    lr: 0.01
    lr_decay: 1.0
    iteration: 100
    bab_iteration: -1
    early_stop_patience: -1
    lr_beta: 0.02
    number_cuts: 50
    topk_cuts_in_filter: 1000
    batch_size_primal: 100
    max_num: 1000000000
    patches_cut: false
    cplex_cuts: false
    cplex_cuts_wait: 0
    cplex_cuts_revpickup: true
    cut_reference_bounds: true
    fix_intermediate_bounds: false
    _tmp_cuts: null
    fixed_cuts: false
    add_implied_cuts: false
    add_input_cuts: false
  branching:
    method: kfsb
    candidates: 3
    reduceop: max
    sb_coeff_thresh: 0.001
    enable_intermediate_bound_opt: false
    branching_input_and_activation: false
    branching_input_and_activation_order: [input, relu]
    branching_input_iterations: 30
    branching_relu_iterations: 50
    sort_domain_interval: -1
    nonlinear_split:
      method: babsr_like
      branching_point_method: middle
      num_branches: 2
      branching_point_refinement: false
      naive_branching_score: false
      filter: false
      prioritize_mul: false
    input_split:
      enable: false
      enhanced_bound_prop_method: alpha-crown
      enhanced_branching_method: naive
      enhanced_bound_patience: 100000000.0
      attack_patience: 100000000.0
      adv_check: 0
  attack:
    enabled: false
    beam_candidates: 8
    beam_depth: 7
    max_dive_fix_ratio: 0.8
    min_local_free_ratio: 0.2
    mip_start_iteration: 5
    mip_timeout: 30.0
    adv_pool_threshold: null
    refined_mip_attacker: false
    refined_batch_size: null
attack:
  pgd_order: skip
  pgd_steps: 100
  pgd_restarts: 50
  pgd_early_stop: true
  pgd_lr_decay: 0.99
  pgd_alpha: auto
  pgd_loss_mode: null
  enable_mip_attack: false
  cex_path: ./test_cex.txt
  attack_mode: PGD
  gama_lambda: 10.0
  gama_decay: 0.9
  check_clean: false
  input_split:
    pgd_steps: 100
    pgd_restarts: 30
    pgd_alpha: auto
  input_split_enhanced:
    pgd_steps: 200
    pgd_restarts: 5000000
    pgd_alpha: auto
  input_split_check_adv:
    pgd_steps: 5
    pgd_restarts: 5
    pgd_alpha: auto
debug:
  lp_test: null

Experiments at Tue Mar 28 18:44:36 2023 on zeratul
Sequential(
  (0): Conv2d(3, 16, kernel_size=(4, 4), stride=(2, 2), padding=(1, 1))
  (1): ReLU()
  (2): Conv2d(16, 32, kernel_size=(4, 4), stride=(2, 2), padding=(1, 1))
  (3): ReLU()
  (4): Flatten()
  (5): Linear(in_features=2048, out_features=100, bias=True)
  (6): ReLU()
  (7): Linear(in_features=100, out_features=10, bias=True)
)
############################
Sampled data loaded. Data already preprocessed!
Shape: torch.Size([200, 3, 32, 32]) torch.Size([200]) torch.Size([200])
X range: tensor(2.12560368) tensor(-1.98888886) tensor(-0.01308714)
############################
Internal results will be saved to Verified_ret_[cnn_4layer_adv]_start=18_end=19_iter=20_b=4096_timeout=30_branching=kfsb-max-3_lra-init=0.1_lra=0.01_lrb=0.05_PGD=skip_cplex_cuts=False.npy.

 %%%%%%%%%%%%%%%%%%%%%%%%%%%%%%%%%%% idx: 0, vnnlib ID: 18 %%%%%%%%%%%%%%%%%%%%%%%%%%%%%%%%%%%%%%%%
Model: BoundedModule(
  (/input.1): BoundInput(name=/input.1, inputs=[])
  (/1): BoundParams(name=/1, inputs=[])
  (/2): BoundParams(name=/2, inputs=[])
  (/3): BoundParams(name=/3, inputs=[])
  (/4): BoundParams(name=/4, inputs=[])
  (/5): BoundParams(name=/5, inputs=[])
  (/6): BoundParams(name=/6, inputs=[])
  (/7): BoundParams(name=/7, inputs=[])
  (/8): BoundParams(name=/8, inputs=[])
  (/input): BoundConv(name=/input, inputs=[/input.1, /1, /2])
  (/input.4): BoundRelu(name=/input.4, inputs=[/input])
  (/input.8): BoundConv(name=/input.8, inputs=[/input.4, /3, /4])
  (/12): BoundRelu(name=/12, inputs=[/input.8])
  (/13): BoundShape(name=/13, inputs=[/12])
  (/14): BoundConstant(name=/14, inputs=[])
  (/15): BoundGather(name=/15, inputs=[/13, /14])
  (/16): BoundConstant(name=/16, inputs=[])
  (/17): BoundUnsqueeze(name=/17, inputs=[/15])
  (/18): BoundUnsqueeze(name=/18, inputs=[/16])
  (/19): BoundConcat(name=/19, inputs=[/17, /18])
  (/20): BoundReshape(name=/20, inputs=[/12, /19])
  (/input.12): BoundLinear(name=/input.12, inputs=[/20, /5, /6])
  (/22): BoundRelu(name=/22, inputs=[/input.12])
  (/23): BoundLinear(name=/23, inputs=[/22, /7, /8])
)
Model prediction is: tensor([[-13.97675323, -17.08073616,  -8.92278004, -11.53713417,  -9.34353161,
         -11.19538212,  -8.12182331, -11.58376408, -17.60232735, -15.83768368]],
       device='cuda:0')
layer /input.4 using sparse-features alpha with shape [512]; unstable size 512; total size 4096 (torch.Size([1, 16, 16, 16]))
layer /input.4 start_node /input.8 using sparse-spec alpha with unstable size 259 total_size 2048 output_shape (32, 8, 8)
layer /input.4 start_node /input.12 using sparse-spec alpha with unstable size 20 total_size 100 output_shape torch.Size([100])
layer /input.4 start_node /23 using full alpha with unstable size None total_size 9 output_shape 9
layer /12 using sparse-features alpha with shape [259]; unstable size 259; total size 2048 (torch.Size([1, 32, 8, 8]))
layer /12 start_node /input.12 using sparse-spec alpha with unstable size 20 total_size 100 output_shape torch.Size([100])
layer /12 start_node /23 using full alpha with unstable size None total_size 9 output_shape 9
layer /22 using sparse-features alpha with shape [20]; unstable size 20; total size 100 (torch.Size([1, 100]))
layer /22 start_node /23 using full alpha with unstable size None total_size 9 output_shape 9
Optimizable variables initialized.
initial CROWN bounds: tensor([[ 3.63812423,  6.80160332, -0.75694132,  2.17035389, -0.29967880,
          1.59824848,  1.65513265,  7.41604853,  5.91091442]], device='cuda:0') None
best_l after optimization: 28.809123992919922
alpha/beta optimization time: 6.776816368103027
initial alpha-CROWN bounds: tensor([[ 3.74167204,  6.90823650, -0.68386269,  2.21111631, -0.23956347,
          1.64462662,  1.71731424,  7.51103354,  5.99854994]], device='cuda:0')
Worst class: (+ rhs) -0.6838626861572266
Split layers:
  BoundConv(name=/input, inputs=[/input.1, /1, /2]): [(BoundRelu(name=/input.4, inputs=[/input]), 0)]
  BoundLinear(name=/input.12, inputs=[/20, /5, /6]): [(BoundRelu(name=/22, inputs=[/input.12]), 0)]
  BoundConv(name=/input.8, inputs=[/input.4, /3, /4]): [(BoundRelu(name=/12, inputs=[/input.8]), 0)]
Total VNNLIB file length: 9, max property batch size: 1, total number of batches: 9
lA shape: [torch.Size([1, 9, 16, 16, 16]), torch.Size([1, 9, 32, 8, 8]), torch.Size([1, 9, 100])]

Properties batch 0, size 1
Remaining timeout: 15.908523559570312
##### Instance 0 first 10 spec matrices: 
tensor([[[-1.,  0.,  0.,  0.,  0.,  0.,  1.,  0.,  0.,  0.]]])
thresholds: [0] ######
Initial alpha-CROWN verified for spec index [0] with bound 3.7416720390319824.

Properties batch 1, size 1
Remaining timeout: 15.817358255386353
##### Instance 0 first 10 spec matrices: 
tensor([[[ 0., -1.,  0.,  0.,  0.,  0.,  1.,  0.,  0.,  0.]]])
thresholds: [0] ######
Initial alpha-CROWN verified for spec index [0] with bound 6.908236503601074.

Properties batch 2, size 1
Remaining timeout: 15.759689092636108
##### Instance 0 first 10 spec matrices: 
tensor([[[ 0.,  0., -1.,  0.,  0.,  0.,  1.,  0.,  0.,  0.]]])
thresholds: [0] ######
Remaining spec index [0] with bounds tensor([[-0.68386269]], device='cuda:0') need to verify.
Model: BoundedModule(
  (/input.1): BoundInput(name=/input.1, inputs=[])
  (/1): BoundParams(name=/1, inputs=[])
  (/2): BoundParams(name=/2, inputs=[])
  (/3): BoundParams(name=/3, inputs=[])
  (/4): BoundParams(name=/4, inputs=[])
  (/5): BoundParams(name=/5, inputs=[])
  (/6): BoundParams(name=/6, inputs=[])
  (/7): BoundParams(name=/7, inputs=[])
  (/8): BoundParams(name=/8, inputs=[])
  (/input): BoundConv(name=/input, inputs=[/input.1, /1, /2])
  (/input.4): BoundRelu(name=/input.4, inputs=[/input])
  (/input.8): BoundConv(name=/input.8, inputs=[/input.4, /3, /4])
  (/12): BoundRelu(name=/12, inputs=[/input.8])
  (/13): BoundShape(name=/13, inputs=[/12])
  (/14): BoundConstant(name=/14, inputs=[])
  (/15): BoundGather(name=/15, inputs=[/13, /14])
  (/16): BoundConstant(name=/16, inputs=[])
  (/17): BoundUnsqueeze(name=/17, inputs=[/15])
  (/18): BoundUnsqueeze(name=/18, inputs=[/16])
  (/19): BoundConcat(name=/19, inputs=[/17, /18])
  (/20): BoundReshape(name=/20, inputs=[/12, /19])
  (/input.12): BoundLinear(name=/input.12, inputs=[/20, /5, /6])
  (/22): BoundRelu(name=/22, inputs=[/input.12])
  (/23): BoundLinear(name=/23, inputs=[/22, /7, /8])
)
Model prediction is: tensor([-13.97675323, -17.08073616,  -8.92278004, -11.53713417,  -9.34353161,
        -11.19538212,  -8.12182331, -11.58376408, -17.60232735, -15.83768368],
       device='cuda:0')
build_with_refined_bounds batch [0/1]
setting alpha for layer /input.4 start_node /23 with alignment adjustment
setting alpha for layer /12 start_node /23 with alignment adjustment
setting alpha for layer /22 start_node /23 with alignment adjustment
all slope initialized
directly get lb and ub from refined bounds
lA shapes: [torch.Size([1, 1, 16, 16, 16]), torch.Size([1, 1, 32, 8, 8]), torch.Size([1, 1, 100])]
c shape: torch.Size([1, 1, 10])
alpha-CROWN with fixed intermediate bounds: tensor([[-0.68386269]], device='cuda:0') tensor([[inf]], device='cuda:0')
Intermediate layers: /input,/input.12,/input.8,/23
Split layers:
  BoundConv(name=/input.8, inputs=[/input.4, /3, /4]): [(BoundRelu(name=/12, inputs=[/input.8]), 0)]
  BoundLinear(name=/input.12, inputs=[/20, /5, /6]): [(BoundRelu(name=/22, inputs=[/input.12]), 0)]
  BoundConv(name=/input, inputs=[/input.1, /1, /2]): [(BoundRelu(name=/input.4, inputs=[/input]), 0)]
Keeping slopes for these layers: ['/23']
Keeping slopes for these layers: ['/23']
Node /input.4 input 0: size torch.Size([16, 16, 16]) unstable 512
Node /12 input 0: size torch.Size([32, 8, 8]) unstable 255
Node /22 input 0: size torch.Size([100]) unstable 20
-----------------
# of unstable neurons: 787
-----------------

BaB round 1
batch: 1
Average branched neurons at iteration 1:  1.0000
splitting decisions: 
split level 0: [/input.12, 1] 
split level 1: [/input.12, 38] 
split level 2: [/input.12, 11] 
split level 3: [/input.12, 51] 
split level 4: [/input.12, 6] 
split level 5: [/input.12, 17] 
split level 6: [/input.12, 29] 
split level 7: [/input.12, 92] 
pruning_in_iteration open status: True
ratio of positive domain = 247 / 256 = 0.96484375
pruning-in-iteration extra time: 0.013367414474487305
Time: prepare 0.0127    beta_bound 0.7918    bound 0.7918    transfer 0.0036    finalize 0.0218    func 0.8302    
Accumulated time: func 0.8302    prepare 0.0139    bound 0.7918    beta_bound 0.7918    transfer 0.0036    finalize 0.0218    
batch bounding time:  0.8304283618927002
Current worst splitting domains lb-rhs (depth):
-0.32360 (8), -0.26653 (8), -0.25150 (8), -0.19755 (8), -0.16371 (8), -0.10837 (8), -0.09740 (8), -0.05671 (8), -0.01039 (8), 
length of domains: 9
Time: pickout 0.0008    decision 0.4559    set_bounds 0.0046    solve 0.8305    add 0.0026    
Accumulated time: pickout 0.0008    decision 0.4559    set_bounds 0.0046    solve 0.8305    add 0.0026    
Current (lb-rhs): -0.32359838485717773
9 domains visited
Cumulative time: 1.3505141735076904

BaB round 2
batch: 9
Average branched neurons at iteration 2:  1.0000
splitting decisions: 
split level 0: [/input.12, 68] [/input.12, 68] [/input.12, 68] [/input.12, 68] [/input.12, 68] [/input.12, 68] [/input.12, 68] [/input.12, 68] [/input.12, 68] 
split level 1: [/input.8, 1363] [/input.8, 1363] [/input.8, 484] [/input.8, 98] [/input.8, 484] [/input.8, 1363] [/input.8, 1363] [/input.12, 33] [/input.8, 98] 
split level 2: [/input.8, 476] [/input.8, 476] [/input.8, 476] [/input.12, 33] [/input.8, 476] [/input.8, 1298] [/input.8, 476] [/input.8, 484] [/input.12, 33] 
split level 3: [/input.8, 1298] [/input.8, 525] [/input.8, 689] [/input.8, 484] [/input.8, 1067] [/input.8, 1865] [/input.8, 1373] [/input.8, 612] [/input.8, 484] 
split level 4: [/input.8, 1373] [/input.8, 1373] [/input.8, 612] [/input.8, 476] [/input.8, 1076] [/input.8, 1373] [/input.8, 1114] [/input.8, 476] [/input.8, 476] 
pruning_in_iteration open status: True
ratio of positive domain = 180 / 288 = 0.625
pruning-in-iteration extra time: 0.024946212768554688
Time: prepare 0.0227    beta_bound 0.4300    bound 0.4301    transfer 0.0023    finalize 0.0208    func 0.4762    
Accumulated time: func 1.3064    prepare 0.0373    bound 1.2220    beta_bound 1.2218    transfer 0.0060    finalize 0.0427    
batch bounding time:  0.4763984680175781
Current worst splitting domains lb-rhs (depth):
-0.28291 (13), -0.27737 (13), -0.27385 (13), -0.25686 (13), -0.21915 (13), -0.21381 (13), -0.21356 (13), -0.21210 (13), -0.21173 (13), -0.21008 (13), -0.20936 (13), -0.20814 (13), -0.20641 (13), -0.20640 (13), -0.20635 (13), -0.20615 (13), -0.20311 (13), -0.20197 (13), -0.20119 (13), -0.19888 (13), 
length of domains: 108
Time: pickout 0.0011    decision 0.0432    set_bounds 0.0040    solve 0.4764    add 0.0069    
Accumulated time: pickout 0.0019    decision 0.4991    set_bounds 0.0085    solve 1.3069    add 0.0095    
Current (lb-rhs): -0.28290557861328125
117 domains visited
Cumulative time: 1.8831303119659424

BaB round 3
batch: 108
Average branched neurons at iteration 3:  1.0000
splitting decisions: 
split level 0: [/input.8, 93] [/input.8, 98] [/input.12, 33] [/input.8, 548] [/input.8, 98] [/input.8, 98] [/input.12, 33] [/input.8, 548] [/input.8, 98] [/input.8, 103] 
pruning_in_iteration open status: True
ratio of positive domain = 48 / 216 = 0.2222222222222222
pruning-in-iteration extra time: 0.005227327346801758
Time: prepare 0.0155    beta_bound 0.3484    bound 0.3485    transfer 0.0018    finalize 0.0156    func 0.3815    
Accumulated time: func 1.6879    prepare 0.0533    bound 1.5705    beta_bound 1.5702    transfer 0.0078    finalize 0.0583    
batch bounding time:  0.38170480728149414
Current worst splitting domains lb-rhs (depth):
-0.27691 (14), -0.27159 (14), -0.26776 (14), -0.26704 (14), -0.25957 (14), -0.25778 (14), -0.25039 (14), -0.23699 (14), -0.21253 (14), -0.20715 (14), -0.20679 (14), -0.20489 (14), -0.20484 (14), -0.20413 (14), -0.20259 (14), -0.20251 (14), -0.19963 (14), -0.19951 (14), -0.19940 (14), -0.19922 (14), 
length of domains: 168
Time: pickout 0.0012    decision 0.0409    set_bounds 0.0019    solve 0.3817    add 0.0064    
Accumulated time: pickout 0.0032    decision 0.5400    set_bounds 0.0104    solve 1.6886    add 0.0159    
Current (lb-rhs): -0.2769126892089844
285 domains visited
Cumulative time: 2.315976619720459

BaB round 4
batch: 168
Average branched neurons at iteration 4:  1.0000
splitting decisions: 
split level 0: [/input.8, 484] [/input.8, 1363] [/input.8, 525] [/input.8, 484] [/input.8, 484] [/input.8, 1363] [/input.8, 525] [/input.8, 689] [/input.8, 1363] [/input.8, 484] 
pruning_in_iteration open status: False
ratio of positive domain = 41 / 336 = 0.12202380952380953
pruning-in-iteration extra time: 0.0001571178436279297
Time: prepare 0.0381    beta_bound 0.3394    bound 0.3395    transfer 0.0022    finalize 0.0267    func 0.4067    
Accumulated time: func 2.0946    prepare 0.0922    bound 1.9100    beta_bound 1.9096    transfer 0.0100    finalize 0.0850    
batch bounding time:  0.4069709777832031
Current worst splitting domains lb-rhs (depth):
-0.26987 (15), -0.26485 (15), -0.26448 (15), -0.26129 (15), -0.25972 (15), -0.25961 (15), -0.25474 (15), -0.25310 (15), -0.25211 (15), -0.25117 (15), -0.24755 (15), -0.24351 (15), -0.24266 (15), -0.23691 (15), -0.22972 (15), -0.22301 (15), -0.20887 (15), -0.20355 (15), -0.20169 (15), -0.20113 (15), 
length of domains: 295
Time: pickout 0.0014    decision 0.0968    set_bounds 0.0034    solve 0.4070    add 0.0096    
Accumulated time: pickout 0.0046    decision 0.6368    set_bounds 0.0138    solve 2.0956    add 0.0255    
Current (lb-rhs): -0.26987266540527344
580 domains visited
Cumulative time: 2.8351571559906006

BaB round 5
batch: 295
Average branched neurons at iteration 5:  1.0000
splitting decisions: 
split level 0: [/input.8, 475] [/input.8, 103] [/input.8, 1114] [/input.12, 33] [/input.8, 475] [/input.8, 103] [/input.8, 1114] [/input.8, 1363] [/input.8, 475] [/input.8, 1363] 
pruning_in_iteration open status: False
ratio of positive domain = 106 / 590 = 0.1796610169491526
pruning-in-iteration extra time: 0.000194549560546875
Time: prepare 0.0449    beta_bound 0.3441    bound 0.3442    transfer 0.0040    finalize 0.0523    func 0.4458    
Accumulated time: func 2.5405    prepare 0.1376    bound 2.2542    beta_bound 2.2538    transfer 0.0140    finalize 0.1372    
batch bounding time:  0.4464719295501709
Current worst splitting domains lb-rhs (depth):
-0.26695 (16), -0.26187 (16), -0.26152 (16), -0.25837 (16), -0.25667 (16), -0.25658 (16), -0.25541 (16), -0.25168 (16), -0.25033 (16), -0.25011 (16), -0.24998 (16), -0.24907 (16), -0.24811 (16), -0.24663 (16), -0.24512 (16), -0.24504 (16), -0.24441 (16), -0.24059 (16), -0.24014 (16), -0.23948 (16), 
length of domains: 484
Time: pickout 0.0027    decision 0.0689    set_bounds 0.0061    solve 0.4465    add 0.0199    
Accumulated time: pickout 0.0072    decision 0.7057    set_bounds 0.0199    solve 2.5421    add 0.0454    
Current (lb-rhs): -0.2669506072998047
1064 domains visited
Cumulative time: 3.3804917335510254

BaB round 6
batch: 484
Average branched neurons at iteration 6:  1.0000
splitting decisions: 
split level 0: [/input.12, 33] [/input.8, 93] [/input.8, 1009] [/input.8, 103] [/input.8, 1298] [/input.8, 93] [/input.8, 790] [/input.8, 1114] [/input.8, 1379] [/input.8, 1114] 
pruning_in_iteration open status: False
ratio of positive domain = 186 / 968 = 0.19214876033057848
pruning-in-iteration extra time: 0.00012063980102539062
Time: prepare 0.0683    beta_bound 0.3294    bound 0.3295    transfer 0.0056    finalize 0.0769    func 0.4808    
Accumulated time: func 3.0213    prepare 0.2067    bound 2.5837    beta_bound 2.5832    transfer 0.0196    finalize 0.2142    
batch bounding time:  0.481717586517334
Current worst splitting domains lb-rhs (depth):
-0.25928 (17), -0.25807 (17), -0.25391 (17), -0.25358 (17), -0.25352 (17), -0.25247 (17), -0.25023 (17), -0.24993 (17), -0.24902 (17), -0.24898 (17), -0.24775 (17), -0.24765 (17), -0.24761 (17), -0.24644 (17), -0.24334 (17), -0.24332 (17), -0.24292 (17), -0.24229 (17), -0.24196 (17), -0.24189 (17), 
length of domains: 779
Time: pickout 0.0023    decision 0.1416    set_bounds 0.0107    solve 0.4817    add 0.0322    
Accumulated time: pickout 0.0095    decision 0.8473    set_bounds 0.0306    solve 3.0238    add 0.0776    
Current (lb-rhs): -0.25927734375
1843 domains visited
Cumulative time: 4.057874441146851

BaB round 7
batch: 779
Average branched neurons at iteration 7:  1.0000
splitting decisions: 
split level 0: [/input.8, 1379] [/input.8, 1307] [/input.8, 475] [/input.12, 33] [/input.8, 1307] [/input.8, 980] [/input.8, 93] [/input.8, 1865] [/input.8, 93] [/input.8, 475] 
pruning_in_iteration open status: False
ratio of positive domain = 188 / 1558 = 0.12066752246469836
pruning-in-iteration extra time: 0.00017881393432617188
Time: prepare 0.1391    beta_bound 0.3830    bound 0.3832    transfer 0.0314    finalize 0.1282    func 0.6835    
Accumulated time: func 3.7047    prepare 0.3464    bound 2.9669    beta_bound 2.9662    transfer 0.0510    finalize 0.3424    
batch bounding time:  0.749427318572998
Current worst splitting domains lb-rhs (depth):
-0.25306 (18), -0.25184 (18), -0.24916 (18), -0.24832 (18), -0.24827 (18), -0.24748 (18), -0.24743 (18), -0.24707 (18), -0.24352 (18), -0.24332 (18), -0.24320 (18), -0.24293 (18), -0.24271 (18), -0.24241 (18), -0.24206 (18), -0.24175 (18), -0.24168 (18), -0.24157 (18), -0.24143 (18), -0.24021 (18), 
length of domains: 1368
Time: pickout 0.0037    decision 0.1391    set_bounds 0.0110    solve 0.7495    add 0.1365    
Accumulated time: pickout 0.0132    decision 0.9864    set_bounds 0.0416    solve 3.7733    add 0.2141    
Current (lb-rhs): -0.25306129455566406
3211 domains visited
Cumulative time: 5.100308656692505

BaB round 8
batch: 1368
Average branched neurons at iteration 8:  1.0000
splitting decisions: 
split level 0: [/input.8, 1865] [/input.8, 1114] [/input.8, 1379] [/input.8, 1114] [/input.8, 1009] [/input.8, 493] [/input.12, 33] [/input.8, 493] [/input.8, 525] [/input.8, 1009] 
pruning_in_iteration open status: False
ratio of positive domain = 241 / 2736 = 0.08808479532163738
pruning-in-iteration extra time: 0.00011587142944335938
Time: prepare 0.2001    beta_bound 0.4396    bound 0.4397    transfer 0.0170    finalize 0.2504    func 0.9078    
Accumulated time: func 4.6126    prepare 0.5473    bound 3.4065    beta_bound 3.4058    transfer 0.0681    finalize 0.5928    
batch bounding time:  0.909815788269043
Current worst splitting domains lb-rhs (depth):
-0.24830 (19), -0.24703 (19), -0.24425 (19), -0.24357 (19), -0.24333 (19), -0.24272 (19), -0.24267 (19), -0.24266 (19), -0.24231 (19), -0.24140 (19), -0.23876 (19), -0.23861 (19), -0.23852 (19), -0.23842 (19), -0.23834 (19), -0.23795 (19), -0.23789 (19), -0.23770 (19), -0.23758 (19), -0.23727 (19), 
length of domains: 2495
Time: pickout 0.0061    decision 0.3253    set_bounds 0.0301    solve 0.9099    add 0.2712    
Accumulated time: pickout 0.0193    decision 1.3117    set_bounds 0.0717    solve 4.6832    add 0.4853    
Current (lb-rhs): -0.24829864501953125
5706 domains visited
Cumulative time: 6.6551642417907715

BaB round 9
batch: 2495
Average branched neurons at iteration 9:  1.0000
splitting decisions: 
split level 0: [/input.8, 103] [/input.8, 493] [/input.8, 103] [/input.8, 493] [/input.8, 668] [/input.8, 681] [/input.8, 103] [/input.8, 1307] [/input.8, 103] [/input.8, 1373] 
pruning_in_iteration open status: False
ratio of positive domain = 328 / 4990 = 0.06573146292585175
pruning-in-iteration extra time: 0.00012826919555664062
Time: prepare 0.3778    beta_bound 0.6617    bound 0.6618    transfer 0.0731    finalize 0.5096    func 1.6243    
Accumulated time: func 6.2369    prepare 0.9257    bound 4.0683    beta_bound 4.0674    transfer 0.1412    finalize 1.1024    
batch bounding time:  1.6284101009368896
Current worst splitting domains lb-rhs (depth):
-0.24635 (20), -0.24509 (20), -0.24231 (20), -0.24161 (20), -0.24137 (20), -0.24077 (20), -0.24073 (20), -0.24069 (20), -0.24036 (20), -0.23943 (20), -0.23682 (20), -0.23666 (20), -0.23659 (20), -0.23647 (20), -0.23639 (20), -0.23596 (20), -0.23594 (20), -0.23570 (20), -0.23565 (20), -0.23534 (20), 
length of domains: 4657
Time: pickout 0.0107    decision 0.5399    set_bounds 0.0364    solve 1.6286    add 0.5986    
Accumulated time: pickout 0.0300    decision 1.8516    set_bounds 0.1081    solve 6.3117    add 1.0839    
Current (lb-rhs): -0.2463526725769043
10363 domains visited
Cumulative time: 9.501936197280884

BaB round 10
batch: 4096
Average branched neurons at iteration 10:  1.0000
splitting decisions: 
split level 0: [/input.8, 681] [/input.8, 681] [/input.8, 1419] [/input.8, 681] [/input.8, 1307] [/input.8, 1419] [/input.8, 681] [/input.8, 1307] [/input.8, 95] [/input.8, 1009] 
pruning_in_iteration open status: False
ratio of positive domain = 739 / 8192 = 0.0902099609375
pruning-in-iteration extra time: 0.00019288063049316406
Time: prepare 0.6166    beta_bound 1.0481    bound 1.0482    transfer 0.1335    finalize 0.7847    func 2.5853    
Accumulated time: func 8.8222    prepare 1.5430    bound 5.1165    beta_bound 5.1155    transfer 0.2747    finalize 1.8871    
batch bounding time:  2.589118480682373
Current worst splitting domains lb-rhs (depth):
-0.24231 (20), -0.24170 (21), -0.24137 (20), -0.24045 (21), -0.23697 (21), -0.23605 (21), -0.23602 (21), -0.23602 (21), -0.23594 (20), -0.23565 (20), -0.23563 (21), -0.23498 (20), -0.23491 (20), -0.23478 (21), -0.23248 (21), -0.23230 (21), -0.23205 (21), -0.23187 (21), -0.23182 (21), -0.23138 (21), 
length of domains: 8008
Time: pickout 0.0174    decision 0.5525    set_bounds 0.2068    solve 2.5892    add 0.5147    
Accumulated time: pickout 0.0475    decision 2.4041    set_bounds 0.3149    solve 8.9009    add 1.5986    
Current (lb-rhs): -0.24230623245239258
17810 domains visited
Cumulative time: 13.426090478897095

BaB round 11
batch: 4096
Average branched neurons at iteration 11:  1.0000
splitting decisions: 
split level 0: [/input.8, 95] [/input.8, 525] [/input.8, 525] [/input.8, 972] [/input.8, 980] [/input.8, 525] [/input.8, 1379] [/input.8, 1081] [/input.8, 525] [/input.8, 1114] 
pruning_in_iteration open status: False
ratio of positive domain = 1127 / 8192 = 0.1375732421875
pruning-in-iteration extra time: 0.0001289844512939453
Time: prepare 0.5799    beta_bound 1.0490    bound 1.0491    transfer 0.1224    finalize 0.7826    func 2.5364    
Accumulated time: func 11.3586    prepare 2.1237    bound 6.1655    beta_bound 6.1645    transfer 0.3970    finalize 2.6697    
batch bounding time:  2.5401453971862793
Current worst splitting domains lb-rhs (depth):
-0.24231 (20), -0.24137 (20), -0.23594 (20), -0.23565 (20), -0.23498 (20), -0.23491 (20), -0.23483 (22), -0.23369 (22), -0.23333 (22), -0.23214 (22), -0.23117 (20), -0.23026 (20), -0.23012 (22), -0.22966 (20), -0.22954 (20), -0.22924 (22), -0.22915 (22), -0.22915 (22), -0.22891 (22), -0.22848 (22), 
length of domains: 10967
Time: pickout 0.0182    decision 0.6420    set_bounds 0.3257    solve 2.5402    add 1.0277    
Accumulated time: pickout 0.0656    decision 3.0461    set_bounds 0.6406    solve 11.4411    add 2.6264    
Current (lb-rhs): -0.24230623245239258
24865 domains visited
Time out!!!!!!!!
Result: unknown in 32.4285 seconds
############# Summary #############
Final verified acc: 0.0% (total 1 examples)
Problem instances count: 1 , total verified (safe/unsat): 0 , total falsified (unsafe/sat): 0 , timeout: 1
mean time for ALL instances (total 1):32.42820855673584, max time: 32.42853283882141
unknown (total 1), index: [0]
