/home/hongjixu/miniconda3/envs/alpha-beta-crown/lib/python3.11/site-packages/onnx2pytorch/convert/layer.py:29: UserWarning: The given NumPy array is not writable, and PyTorch does not support non-writable tensors. This means writing to this tensor will result in undefined behavior. You may want to copy the array to protect its data or make it writable before converting it to a tensor. This type of warning will be suppressed for the rest of this program. (Triggered internally at /opt/conda/conda-bld/pytorch_1708025845868/work/torch/csrc/utils/tensor_numpy.cpp:206.)
  layer.weight.data = torch.from_numpy(numpy_helper.to_array(weight))
/home/hongjixu/miniconda3/envs/alpha-beta-crown/lib/python3.11/site-packages/onnx2pytorch/convert/model.py:151: UserWarning: Using experimental implementation that allows 'batch_size > 1'.Batchnorm layers could potentially produce false outputs.
  warnings.warn(
/home/hongjixu/miniconda3/envs/alpha-beta-crown/lib/python3.11/site-packages/onnx2pytorch/operations/reshape.py:36: TracerWarning: Converting a tensor to a Python boolean might cause the trace to be incorrect. We can't record the data flow of Python values, so this value will be treated as a constant in the future. This means that the trace might not generalize to other inputs!
  if shape[0] == 1 and len(shape) in [2, 3, 4, 5] and self.quirks.get("fix_batch_size") is True:
/home/hongjixu/miniconda3/envs/alpha-beta-crown/lib/python3.11/site-packages/onnx2pytorch/operations/reshape.py:54: TracerWarning: torch.tensor results are registered as constants in the trace. You can safely ignore this warning if you use this function to create tensors out of constant variables that would be the same every time you call this function. In any other case, this might cause the trace to be incorrect.
  if (torch.prod(torch.tensor(input.shape)) != torch.prod(shape) and len(input.size()) == len(shape) + 1
/home/hongjixu/miniconda3/envs/alpha-beta-crown/lib/python3.11/site-packages/onnx2pytorch/operations/reshape.py:54: TracerWarning: Using len to get tensor shape might cause the trace to be incorrect. Recommended usage would be tensor.shape[0]. Passing a tensor of different shape might lead to errors or silently give incorrect results.
  if (torch.prod(torch.tensor(input.shape)) != torch.prod(shape) and len(input.size()) == len(shape) + 1
/home/hongjixu/miniconda3/envs/alpha-beta-crown/lib/python3.11/site-packages/onnx2pytorch/operations/reshape.py:58: TracerWarning: Iterating over a tensor might cause the trace to be incorrect. Passing a tensor of different shape won't change the number of iterations executed (and might lead to errors or silently give incorrect results).
  shape = [x if x != 0 else input.size(i) for i, x in enumerate(shape)]
/home/hongjixu/Verifier_Development/complete_verifier/auto_LiRPA/operators/leaf.py:176: UserWarning: The "has_batchdim" option for BoundBuffers is deprecated. It may be removed from the next release.
  warnings.warn('The "has_batchdim" option for BoundBuffers is deprecated.'
Configurations:

general:
  device: cuda
  seed: 100
  conv_mode: patches
  deterministic: false
  double_fp: false
  loss_reduction_func: sum
  sparse_alpha: true
  sparse_interm: true
  save_adv_example: false
  eval_adv_example: false
  show_adv_example: false
  precompile_jit: false
  complete_verifier: bab
  enable_incomplete_verification: true
  csv_name: instances.csv
  results_file: out.txt
  root_path: ../../vnncomp2023_benchmarks/benchmarks/metaroom
  deterministic_opt: false
  graph_optimizer: 'Customized("custom_graph_optimizer", "default_optimizer")'
  buffer_has_batchdim: false
  save_output: true
  output_file: /home/hongjixu/Verifier_Development/tests/gpu_tests/vnncomp23/metaroom/master_outputs/2.pkl
  return_optimized_model: false
model:
  name: null
  path: null
  onnx_path: null
  onnx_path_prefix: ''
  cache_onnx_conversion: false
  debug_onnx: false
  onnx_quirks: '''Reshape'': ''fix_batch_size'': True'
  input_shape: null
  onnx_loader: default_onnx_and_vnnlib_loader
  onnx_optimization_flags: none
  onnx_vnnlib_joint_optimization_flags: none
  check_optmized: false
  flatten_final_output: false
  optimize_graph: null
  with_jacobian: false
data:
  start: 50
  end: 51
  select_instance: null
  num_outputs: 10
  mean: 0.0
  std: 1.0
  pkl_path: null
  dataset: null
  data_filter_path: null
  data_idx_file: null
specification:
  type: lp
  robustness_type: verified-acc
  norm: .inf
  epsilon: null
  epsilon_min: 0.0
  vnnlib_path: null
  vnnlib_path_prefix: ''
  rhs_offset: null
solver:
  batch_size: 256
  auto_enlarge_batch_size: false
  min_batch_size_ratio: 0.1
  use_float64_in_last_iteration: false
  early_stop_patience: 10
  start_save_best: 0.5
  bound_prop_method: alpha-crown
  init_bound_prop_method: same
  prune_after_crown: true
  optimize_disjuncts_separately: false
  crown:
    batch_size: 1000000000
    max_crown_size: 1000000000
    relu_option: adaptive
  alpha-crown:
    alpha: true
    lr_alpha: 0.1
    iteration: 100
    share_alphas: false
    lr_decay: 0.98
    full_conv_alpha: true
    max_coeff_mul: .inf
    matmul_share_alphas: false
    disable_optimization: []
  invprop:
    apply_output_constraints_to: []
    tighten_input_bounds: false
    best_of_oc_and_no_oc: false
    directly_optimize: []
    oc_lr: 0.1
    share_gammas: false
  beta-crown:
    lr_alpha: 0.01
    lr_beta: 0.05
    lr_decay: 0.98
    optimizer: adam
    iteration: 10
    beta: true
    beta_warmup: true
    enable_opt_interm_bounds: false
    all_node_split_LP: false
  forward:
    refine: false
    dynamic: false
    max_dim: 10000
    reset_threshold: 1.0
  intermediate_refinement:
    enabled: false
    batch_size: 10
    opt_coeffs: false
    opt_bias: false
    lr: 0.05
    layers: [-1]
    max_domains: 1000
  multi_class:
    label_batch_size: 32
    skip_with_refined_bound: true
  mip:
    parallel_solvers: null
    solver_threads: 1
    refine_neuron_timeout: 15
    refine_neuron_time_percentage: 0.8
    early_stop: true
    adv_warmup: true
    mip_solver: gurobi
    skip_unsafe: false
bab:
  initial_max_domains: 100
  max_domains: .inf
  decision_thresh: 0
  timeout: 360
  timeout_scale: 1
  max_iterations: -1
  override_timeout: null
  get_upper_bound: false
  pruning_in_iteration: true
  pruning_in_iteration_ratio: 0.2
  sort_targets: false
  batched_domain_list: true
  optimized_interm: ''
  interm_transfer: false
  recompute_interm: false
  sort_domain_interval: -1
  vanilla_crown: false
  cut:
    enabled: false
    implication: false
    bab_cut: false
    lp_cut: false
    method: null
    lr: 0.01
    lr_decay: 1.0
    iteration: 100
    bab_iteration: -1
    early_stop_patience: -1
    lr_beta: 0.02
    number_cuts: 50
    topk_cuts_in_filter: 1000
    batch_size_primal: 100
    max_num: 1000000000
    patches_cut: false
    cplex_cuts: false
    cplex_cuts_wait: 0
    cplex_cuts_revpickup: true
    cut_reference_bounds: true
    fix_intermediate_bounds: false
    _tmp_cuts: null
    fixed_cuts: false
    add_implied_cuts: false
    add_input_cuts: false
  branching:
    method: kfsb
    candidates: 10
    reduceop: max
    enable_intermediate_bound_opt: false
    branching_input_and_activation: false
    branching_input_and_activation_order: [input, relu]
    branching_input_iterations: 30
    branching_relu_iterations: 50
    nonlinear_split:
      method: shortcut
      branching_point_method: uniform
      branching_point_node: ''
      branching_point_db: []
      num_branches: 2
      branching_point_refinement: false
      filter: false
      filter_beta: false
      filter_batch_size: 10000
      filter_iterations: 25
      use_min: false
      loose_tanh_threshold: null
      dynamic: false
      dynamic_bbps: false
      dynamic_beta_heuristic: false
      beta_heuristic: false
      dynamic_options: [uniform, three_left, three_right]
    input_split:
      enable: false
      enhanced_bound_prop_method: alpha-crown
      enhanced_branching_method: naive
      enhanced_bound_patience: 100000000.0
      attack_patience: 100000000.0
      adv_check: 0
      split_partitions: 2
      sb_margin_weight: 1.0
      sb_primary_spec: null
      sb_primary_spec_iter: 1
      sb_sum: false
      bf_backup_thresh: -1
      bf_rhs_offset: 0
      bf_zero_crossing_score: false
      ibp_enhancement: false
      catch_assertion: false
      compare_with_old_bounds: false
      update_rhs_with_attack: false
      sb_coeff_thresh: 0.001
      sort_index: null
  attack:
    enabled: false
    beam_candidates: 8
    beam_depth: 7
    max_dive_fix_ratio: 0.8
    min_local_free_ratio: 0.2
    mip_start_iteration: 5
    mip_timeout: 30.0
    adv_pool_threshold: null
    refined_mip_attacker: false
    refined_batch_size: null
attack:
  pgd_order: middle
  pgd_steps: 100
  pgd_restarts: 30
  pgd_batch_size: 100000000
  pgd_early_stop: true
  pgd_lr_decay: 0.99
  pgd_alpha: auto
  pgd_loss_mode: null
  enable_mip_attack: false
  adv_saver: default_adv_saver
  early_stop_condition: default_early_stop_condition
  adv_example_finalizer: default_adv_example_finalizer
  pgd_loss: default_pgd_loss
  cex_path: ./test_cex.txt
  attack_mode: PGD
  attack_tolerance: 0.0
  attack_func: attack_with_general_specs
  gama_lambda: 10.0
  gama_decay: 0.9
  check_clean: false
  input_split:
    pgd_steps: 100
    pgd_restarts: 30
    pgd_alpha: auto
  input_split_enhanced:
    pgd_steps: 200
    pgd_restarts: 500000
    pgd_alpha: auto
  input_split_check_adv:
    pgd_steps: 5
    pgd_restarts: 5
    pgd_alpha: auto
    max_num_domains: 10
debug:
  view_model: false
  lp_test: null
  rescale_vnnlib_ptb: null
  test_optimized_bounds: false
  test_optimized_bounds_after_n_iterations: 0
  print_verbose_decisions: false

Experiments at Wed Mar 27 05:11:42 2024 on huan-c4140-server
customized start/end sample from instance 50 to 51 in instances.csv
Internal results will be saved to out.txt.

 %%%%%%%%%%%%%%%%%%%%%%%%%%%%%%%%%%% idx: 0, vnnlib ID: 50 %%%%%%%%%%%%%%%%%%%%%%%%%%%%%%%%%%%
Using onnx onnx/4cnn_ry_33_5_no_custom_OP.onnx
Using vnnlib vnnlib/spec_idx_11_eps_0.00000436.vnnlib
Precompiled vnnlib file found at ../../vnncomp2023_benchmarks/benchmarks/metaroom/vnnlib/spec_idx_11_eps_0.00000436.vnnlib.compiled
Loading onnx ../../vnncomp2023_benchmarks/benchmarks/metaroom/onnx/4cnn_ry_33_5_no_custom_OP.onnx wih quirks {'Reshape': {'fix_batch_size': True}}
Enabling quirks for Reshape operation: fix the first dimension shape to be -1 to support batchsize != 1.
input shape torch.Size([1, 16, 8, 14]), new shape is tensor([  -1, 1792]).
Model: BoundedModule(
  (/input.1): BoundInput(name=/input.1, inputs=[], perturbed=True)
  (/9): BoundParams(name=/9, inputs=[], perturbed=False)
  (/10): BoundParams(name=/10, inputs=[], perturbed=False)
  (/11): BoundParams(name=/11, inputs=[], perturbed=False)
  (/12): BoundParams(name=/12, inputs=[], perturbed=False)
  (/shape): BoundBuffers(name=/shape, inputs=[], perturbed=False)
  (/14): BoundParams(name=/14, inputs=[], perturbed=False)
  (/15): BoundParams(name=/15, inputs=[], perturbed=False)
  (/16): BoundParams(name=/16, inputs=[], perturbed=False)
  (/17): BoundParams(name=/17, inputs=[], perturbed=False)
  (/input): BoundConv(name=/input, inputs=[/input.1, /9, /10], perturbed=True)
  (/19): BoundRelu(name=/19, inputs=[/input], perturbed=True)
  (/input.4): BoundConv(name=/input.4, inputs=[/19, /11, /12], perturbed=True)
  (/21): BoundRelu(name=/21, inputs=[/input.4], perturbed=True)
  (/22): BoundConstant(name=/22, inputs=[], perturbed=False)
  (/23): BoundSplit(name=/23, inputs=[/shape, /22], perturbed=False)
  (/24): BoundSplit(name=/24, inputs=[/shape, /22], perturbed=False)
  (/25): BoundConstant(name=/25, value=tensor([0], device='cuda:0'))
  (/26): BoundSqueeze(name=/26, inputs=[/23, /25], perturbed=False)
  (/27): BoundConstant(name=/27, value=tensor([0], device='cuda:0'))
  (/28): BoundSqueeze(name=/28, inputs=[/24, /27], perturbed=False)
  (/29): BoundConstant(name=/29, value=tensor([0], device='cuda:0'))
  (/30): BoundUnsqueeze(name=/30, inputs=[/26, /29], perturbed=False)
  (/31): BoundConstant(name=/31, value=tensor([0], device='cuda:0'))
  (/32): BoundUnsqueeze(name=/32, inputs=[/28, /31], perturbed=False)
  (/33): BoundConcat(name=/33, inputs=[/30, /32], perturbed=False)
  (/34): BoundReshape(name=/34, inputs=[/21, /33], perturbed=True)
  (/input.8): BoundLinear(name=/input.8, inputs=[/34, /14, /15], perturbed=True)
  (/36): BoundRelu(name=/36, inputs=[/input.8], perturbed=True)
  (/37): BoundLinear(name=/37, inputs=[/36, /16, /17], perturbed=True)
)
Original output: tensor([[ -1.46902657,  -1.36804891,   0.20857954,  -5.61037302,  -0.51322758,
           5.18448734,  -7.81207657,   4.82731676,   2.25081706,  -1.39662719,
          -8.23280239, -11.47794533,  -6.64262199,   4.07381916,   1.81256771,
           2.53649116,   0.24002838,  -6.03293419,   4.22525692,   3.54438305]],
       device='cuda:0')
Split layers:
  BoundConv(name=/input, inputs=[/input.1, /9, /10], perturbed=True): [(BoundRelu(name=/19, inputs=[/input], perturbed=True), 0)]
  BoundLinear(name=/input.8, inputs=[/34, /14, /15], perturbed=True): [(BoundRelu(name=/36, inputs=[/input.8], perturbed=True), 0)]
  BoundConv(name=/input.4, inputs=[/19, /11, /12], perturbed=True): [(BoundRelu(name=/21, inputs=[/input.4], perturbed=True), 0)]
Nonlinear functions:
   BoundRelu(name=/19, inputs=[/input], perturbed=True)
   BoundRelu(name=/21, inputs=[/input.4], perturbed=True)
   BoundRelu(name=/36, inputs=[/input.8], perturbed=True)
layer /19 using sparse-features alpha with shape [19]; unstable size 19; total size 3584 ([1, 8, 16, 28])
layer /19 start_node /input.4 using sparse-spec alpha [2, 30, 1, 19] with unstable size 29 total_size 1792 output_shape (16, 8, 14)
layer /19 start_node /input.8 using sparse-spec alpha [2, 4, 1, 19] with unstable size 3 total_size 256 output_shape torch.Size([256])
layer /19 start_node /37 using full alpha [2, 19, 1, 19] with unstable size None total_size 19 output_shape 19
layer /21 using sparse-features alpha with shape [29]; unstable size 29; total size 1792 ([1, 16, 8, 14])
layer /21 start_node /input.8 using sparse-spec alpha [2, 4, 1, 29] with unstable size 3 total_size 256 output_shape torch.Size([256])
layer /21 start_node /37 using full alpha [2, 19, 1, 29] with unstable size None total_size 19 output_shape 19
layer /36 using sparse-features alpha with shape [3]; unstable size 3; total size 256 ([1, 256])
layer /36 start_node /37 using full alpha [2, 19, 1, 3] with unstable size None total_size 19 output_shape 19
Optimizable variables initialized.
initial CROWN bounds: tensor([[ 3.30997467,  3.44885254,  2.99299622,  7.59837341,  3.60473633,
          9.95550537, -0.27462959,  1.47886038,  4.31396484,  8.92904663,
         11.94013977,  8.25886536,  0.22364807,  1.97856903,  0.48746014,
          2.88491821,  7.92033386,  0.01926422,  0.35730743]], device='cuda:0') None
Remain 1 labels need to be attacked.
Attack parameters: initialization=uniform, steps=100, restarts=30, alpha=0.0650634765625, initialization=uniform, GAMA=False
Model output of first 5 examples:
 tensor([[ -1.46902466,  -1.36804700,   0.20857906,  -5.61037159,  -0.51322854,
           5.18448448,  -7.81207848,   4.82731581,   2.25081635,  -1.39662719,
          -8.23279667, -11.47793961,  -6.64261961,   4.07381773,   1.81256652,
           2.53649116,   0.24002802,  -6.03293228,   4.22525597,   3.54438162]],
       device='cuda:0')
  0%|          | 0/1 [00:00<?, ?it/s]  0%|          | 0/1 [00:00<?, ?it/s]
pgd early stop
Adv example prediction (first 2 examples and 2 restarts):
 tensor([[[ -0.02816910,  -0.54689407,  -0.15341735,  -5.27793503,  -1.27546847,
            4.82105064,  -9.33225822,   4.85236120,   2.66848302,  -2.18158031,
           -7.01759148, -10.41210842,  -6.00317049,   4.02486515,   1.40155971,
            3.38073492,  -0.04573239,  -5.80589008,   4.14779615,   3.45636129]]],
       device='cuda:0')
PGD attack margin (first 2 examles and 10 specs):
 tensor([[[-0.03131056]]], device='cuda:0')
number of violation:  1
Attack finished in 0.6107 seconds.
PGD attack succeeded!
PGD attack succeeded.
Result: unsafe-pgd in 3.2479 seconds
############# Summary #############
Final verified acc: 0.0% (total 1 examples)
Problem instances count: 1 , total verified (safe/unsat): 0 , total falsified (unsafe/sat): 1 , timeout: 0
mean time for ALL instances (total 1):3.2478277149754136, max time: 3.2478601932525635
mean time for verified UNSAFE instances (total 1): 3.2478601932525635, max time: 3.2478601932525635
unsafe-pgd (total 1), index: [0]
Result dict saved to /home/hongjixu/Verifier_Development/tests/gpu_tests/vnncomp23/metaroom/master_outputs/2.pkl.
