Configurations:

general:
  device: cuda
  seed: 100
  conv_mode: patches
  deterministic: false
  double_fp: false
  loss_reduction_func: sum
  sparse_alpha: true
  save_adv_example: false
  precompile_jit: false
  complete_verifier: bab
  enable_incomplete_verification: true
  csv_name: oval21_instances.csv
  results_file: out.txt
  root_path: ../../vnncomp2021/benchmarks/oval21
model:
  name: null
  path: null
  onnx_path: null
  onnx_path_prefix: ''
  cache_onnx_conversion: false
  onnx_quirks: null
  input_shape: null
  onnx_loader: default_onnx_and_vnnlib_loader
  onnx_optimization_flags: none
data:
  start: 16
  end: 17
  select_instance: null
  num_outputs: 10
  mean: 0.0
  std: 1.0
  pkl_path: null
  dataset: null
  data_filter_path: null
  data_idx_file: null
specification:
  type: lp
  robustness_type: verified-acc
  norm: .inf
  epsilon: null
  epsilon_min: 0.0
  vnnlib_path: null
  vnnlib_path_prefix: ''
solver:
  batch_size: 200
  min_batch_size_ratio: 0.1
  use_float64_in_last_iteration: false
  early_stop_patience: 10
  start_save_best: 0.5
  bound_prop_method: alpha-crown
  init_bound_prop_method: same
  prune_after_crown: false
  crown:
    batch_size: 1000000000
    max_crown_size: 1000000000
  alpha-crown:
    alpha: true
    lr_alpha: 0.1
    iteration: 100
    share_slopes: false
    no_joint_opt: false
    lr_decay: 0.98
    full_conv_alpha: true
  beta-crown:
    lr_alpha: 0.01
    lr_beta: 0.01
    lr_decay: 0.98
    optimizer: adam
    iteration: 50
    beta: true
    beta_warmup: true
    enable_opt_interm_bounds: false
    all_node_split_LP: false
  forward:
    refine: false
    dynamic: false
    max_dim: 10000
  intermediate_refinement:
    enabled: false
    batch_size: 10
    opt_coeffs: false
    opt_bias: false
    lr: 0.05
    layers: [-1]
    max_domains: 1000
  multi_class:
    label_batch_size: 32
    skip_with_refined_bound: true
  mip:
    parallel_solvers: null
    solver_threads: 1
    refine_neuron_timeout: 15
    refine_neuron_time_percentage: 0.8
    early_stop: true
    adv_warmup: true
    mip_solver: gurobi
bab:
  initial_max_domains: 1
  max_domains: .inf
  decision_thresh: 0
  timeout: 360
  timeout_scale: 0.25
  override_timeout: null
  get_upper_bound: false
  dfs_percent: 0.0
  pruning_in_iteration: true
  pruning_in_iteration_ratio: 0.2
  sort_targets: false
  batched_domain_list: true
  optimized_intermediate_layers: ''
  interm_transfer: true
  cut:
    enabled: false
    implication: false
    bab_cut: false
    lp_cut: false
    method: null
    lr: 0.01
    lr_decay: 1.0
    iteration: 100
    bab_iteration: -1
    early_stop_patience: -1
    lr_beta: 0.02
    number_cuts: 50
    topk_cuts_in_filter: 1000
    batch_size_primal: 100
    max_num: 1000000000
    patches_cut: false
    cplex_cuts: false
    cplex_cuts_wait: 0
    cplex_cuts_revpickup: true
    cut_reference_bounds: true
    fix_intermediate_bounds: false
    _tmp_cuts: null
    fixed_cuts: false
    add_implied_cuts: false
    add_input_cuts: false
  branching:
    method: kfsb
    candidates: 10
    reduceop: max
    sb_coeff_thresh: 0.001
    enable_intermediate_bound_opt: false
    branching_input_and_activation: false
    branching_input_and_activation_order: [input, relu]
    branching_input_iterations: 30
    branching_relu_iterations: 50
    sort_domain_interval: -1
    nonlinear_split:
      method: babsr_like
      branching_point_method: middle
      num_branches: 2
      branching_point_refinement: false
      naive_branching_score: false
      filter: false
      prioritize_mul: false
    input_split:
      enable: false
      enhanced_bound_prop_method: alpha-crown
      enhanced_branching_method: naive
      enhanced_bound_patience: 100000000.0
      attack_patience: 100000000.0
      adv_check: 0
  attack:
    enabled: false
    beam_candidates: 8
    beam_depth: 7
    max_dive_fix_ratio: 0.8
    min_local_free_ratio: 0.2
    mip_start_iteration: 5
    mip_timeout: 30.0
    adv_pool_threshold: null
    refined_mip_attacker: false
    refined_batch_size: null
attack:
  pgd_order: skip
  pgd_steps: 100
  pgd_restarts: 30
  pgd_early_stop: true
  pgd_lr_decay: 0.99
  pgd_alpha: auto
  pgd_loss_mode: null
  enable_mip_attack: false
  cex_path: ./test_cex.txt
  attack_mode: PGD
  gama_lambda: 10.0
  gama_decay: 0.9
  check_clean: false
  input_split:
    pgd_steps: 100
    pgd_restarts: 30
    pgd_alpha: auto
  input_split_enhanced:
    pgd_steps: 200
    pgd_restarts: 5000000
    pgd_alpha: auto
  input_split_check_adv:
    pgd_steps: 5
    pgd_restarts: 5
    pgd_alpha: auto
debug:
  lp_test: null

Experiments at Tue Mar 28 14:35:12 2023 on zeratul
customized start/end sample from instance 16 to 17 in oval21_instances.csv
Internal results will be saved to a-b-crown_[oval21_instances]_start=16_end=17_iter=50_b=200_timeout=360_branching=kfsb-max-10_lra-init=0.1_lra=0.01_lrb=0.01_PGD=skip_cplex_cuts=False_initial_max_domains=1.npz.

 %%%%%%%%%%%%%%%%%%%%%%%%%%%%%%%%%%% idx: 0, vnnlib ID: 16 %%%%%%%%%%%%%%%%%%%%%%%%%%%%%%%%%%%%%%%%
Using onnx nets/cifar_wide_kw.onnx
Using vnnlib vnnlib/cifar_wide_kw-img4386-eps0.00026143790849673205.vnnlib
Precompiled vnnlib file found at ../../vnncomp2021/benchmarks/oval21/vnnlib/cifar_wide_kw-img4386-eps0.00026143790849673205.vnnlib.compiled
Loading onnx ../../vnncomp2021/benchmarks/oval21/nets/cifar_wide_kw.onnx wih quirks {}
Scaling timeout: 720.0 -> 180.0
Model: BoundedModule(
  (/input.1): BoundInput(name=/input.1, inputs=[])
  (/9): BoundParams(name=/9, inputs=[])
  (/10): BoundParams(name=/10, inputs=[])
  (/11): BoundParams(name=/11, inputs=[])
  (/12): BoundParams(name=/12, inputs=[])
  (/13): BoundParams(name=/13, inputs=[])
  (/14): BoundParams(name=/14, inputs=[])
  (/15): BoundParams(name=/15, inputs=[])
  (/16): BoundParams(name=/16, inputs=[])
  (/input): BoundConv(name=/input, inputs=[/input.1, /9, /10])
  (/18): BoundRelu(name=/18, inputs=[/input])
  (/input.4): BoundConv(name=/input.4, inputs=[/18, /11, /12])
  (/20): BoundRelu(name=/20, inputs=[/input.4])
  (/21): BoundFlatten(name=/21, inputs=[/20])
  (/input.8): BoundLinear(name=/input.8, inputs=[/21, /13, /14])
  (/23): BoundRelu(name=/23, inputs=[/input.8])
  (/24): BoundLinear(name=/24, inputs=[/23, /15, /16])
)
Model prediction is: tensor([[ 0.72363442, -1.38981473,  1.05893338,  0.04494125,  0.84828848,
          0.33909723,  1.63898802,  1.63785398, -2.57657599, -2.32528305]],
       device='cuda:0')
layer /18 using sparse-features alpha with shape [14]; unstable size 14; total size 4096 (torch.Size([1, 16, 16, 16]))
layer /18 start_node /input.4 using sparse-spec alpha with unstable size 6 total_size 2048 output_shape (32, 8, 8)
layer /18 start_node /input.8 using sparse-spec alpha with unstable size 0 total_size 100 output_shape torch.Size([100])
layer /18 start_node /24 using full alpha with unstable size None total_size 9 output_shape 9
layer /20 using sparse-features alpha with shape [6]; unstable size 6; total size 2048 (torch.Size([1, 32, 8, 8]))
layer /20 start_node /input.8 using sparse-spec alpha with unstable size 0 total_size 100 output_shape torch.Size([100])
layer /20 start_node /24 using full alpha with unstable size None total_size 9 output_shape 9
layer /23 using sparse-features alpha with shape [0]; unstable size 0; total size 100 (torch.Size([1, 100]))
layer /23 start_node /24 using full alpha with unstable size None total_size 9 output_shape 9
Optimizable variables initialized.
initial CROWN bounds: tensor([[ 0.89216185,  3.00383520,  0.56782746,  1.58107507,  0.77746344,
          1.28756690, -0.01887536,  4.19072056,  3.94272041]], device='cuda:0') None
best_l after optimization: 16.224655151367188
alpha/beta optimization time: 2.981766700744629
initial alpha-CROWN bounds: tensor([[ 0.89219999,  3.00385237,  0.56784034,  1.58107615,  0.77748013,
          1.28757620, -0.01886880,  4.19075966,  3.94273806]], device='cuda:0')
Worst class: (+ rhs) -0.01886880397796631
Split layers:
  BoundLinear(name=/input.8, inputs=[/21, /13, /14]): [(BoundRelu(name=/23, inputs=[/input.8]), 0)]
  BoundConv(name=/input, inputs=[/input.1, /9, /10]): [(BoundRelu(name=/18, inputs=[/input]), 0)]
  BoundConv(name=/input.4, inputs=[/18, /11, /12]): [(BoundRelu(name=/20, inputs=[/input.4]), 0)]
Total VNNLIB file length: 9, max property batch size: 1, total number of batches: 9
lA shape: [torch.Size([1, 9, 16, 16, 16]), torch.Size([1, 9, 32, 8, 8]), torch.Size([1, 9, 100])]

Properties batch 0, size 1
Remaining timeout: 169.44820046424866
##### Instance 0 first 10 spec matrices: 
tensor([[[-1.,  0.,  0.,  0.,  0.,  0.,  1.,  0.,  0.,  0.]]],
       dtype=torch.float64)
thresholds: [0.] ######
Initial alpha-CROWN verified for spec index [0] with bound 0.8921999931335449.

Properties batch 1, size 1
Remaining timeout: 169.37451457977295
##### Instance 0 first 10 spec matrices: 
tensor([[[ 0., -1.,  0.,  0.,  0.,  0.,  1.,  0.,  0.,  0.]]],
       dtype=torch.float64)
thresholds: [0.] ######
Initial alpha-CROWN verified for spec index [0] with bound 3.003852367401123.

Properties batch 2, size 1
Remaining timeout: 169.31141924858093
##### Instance 0 first 10 spec matrices: 
tensor([[[ 0.,  0., -1.,  0.,  0.,  0.,  1.,  0.,  0.,  0.]]],
       dtype=torch.float64)
thresholds: [0.] ######
Initial alpha-CROWN verified for spec index [0] with bound 0.5678403377532959.

Properties batch 3, size 1
Remaining timeout: 169.24792790412903
##### Instance 0 first 10 spec matrices: 
tensor([[[ 0.,  0.,  0., -1.,  0.,  0.,  1.,  0.,  0.,  0.]]],
       dtype=torch.float64)
thresholds: [0.] ######
Initial alpha-CROWN verified for spec index [0] with bound 1.5810761451721191.

Properties batch 4, size 1
Remaining timeout: 169.1845109462738
##### Instance 0 first 10 spec matrices: 
tensor([[[ 0.,  0.,  0.,  0., -1.,  0.,  1.,  0.,  0.,  0.]]],
       dtype=torch.float64)
thresholds: [0.] ######
Initial alpha-CROWN verified for spec index [0] with bound 0.7774801254272461.

Properties batch 5, size 1
Remaining timeout: 169.12143325805664
##### Instance 0 first 10 spec matrices: 
tensor([[[ 0.,  0.,  0.,  0.,  0., -1.,  1.,  0.,  0.,  0.]]],
       dtype=torch.float64)
thresholds: [0.] ######
Initial alpha-CROWN verified for spec index [0] with bound 1.2875761985778809.

Properties batch 6, size 1
Remaining timeout: 169.05823707580566
##### Instance 0 first 10 spec matrices: 
tensor([[[ 0.,  0.,  0.,  0.,  0.,  0.,  1., -1.,  0.,  0.]]],
       dtype=torch.float64)
thresholds: [0.] ######
Remaining spec index [0] with bounds tensor([[-0.01886880]], device='cuda:0') need to verify.
Model: BoundedModule(
  (/input.1): BoundInput(name=/input.1, inputs=[])
  (/9): BoundParams(name=/9, inputs=[])
  (/10): BoundParams(name=/10, inputs=[])
  (/11): BoundParams(name=/11, inputs=[])
  (/12): BoundParams(name=/12, inputs=[])
  (/13): BoundParams(name=/13, inputs=[])
  (/14): BoundParams(name=/14, inputs=[])
  (/15): BoundParams(name=/15, inputs=[])
  (/16): BoundParams(name=/16, inputs=[])
  (/input): BoundConv(name=/input, inputs=[/input.1, /9, /10])
  (/18): BoundRelu(name=/18, inputs=[/input])
  (/input.4): BoundConv(name=/input.4, inputs=[/18, /11, /12])
  (/20): BoundRelu(name=/20, inputs=[/input.4])
  (/21): BoundFlatten(name=/21, inputs=[/20])
  (/input.8): BoundLinear(name=/input.8, inputs=[/21, /13, /14])
  (/23): BoundRelu(name=/23, inputs=[/input.8])
  (/24): BoundLinear(name=/24, inputs=[/23, /15, /16])
)
Model prediction is: tensor([ 0.72363442, -1.38981473,  1.05893338,  0.04494125,  0.84828848,
         0.33909723,  1.63898802,  1.63785398, -2.57657599, -2.32528305],
       device='cuda:0')
build_with_refined_bounds batch [0/1]
setting alpha for layer /18 start_node /24 with alignment adjustment
setting alpha for layer /20 start_node /24 with alignment adjustment
setting alpha for layer /23 start_node /24 with alignment adjustment
all slope initialized
directly get lb and ub from refined bounds
lA shapes: [torch.Size([1, 1, 16, 16, 16]), torch.Size([1, 1, 32, 8, 8]), torch.Size([1, 1, 100])]
c shape: torch.Size([1, 1, 10])
alpha-CROWN with fixed intermediate bounds: tensor([[-0.01886880]], device='cuda:0') tensor([[inf]], device='cuda:0')
Intermediate layers: /input.8,/input,/input.4,/24
Split layers:
  BoundConv(name=/input, inputs=[/input.1, /9, /10]): [(BoundRelu(name=/18, inputs=[/input]), 0)]
  BoundLinear(name=/input.8, inputs=[/21, /13, /14]): [(BoundRelu(name=/23, inputs=[/input.8]), 0)]
  BoundConv(name=/input.4, inputs=[/18, /11, /12]): [(BoundRelu(name=/20, inputs=[/input.4]), 0)]
Keeping slopes for these layers: ['/24']
Keeping slopes for these layers: ['/24']
Node /18 input 0: size torch.Size([16, 16, 16]) unstable 14
Node /20 input 0: size torch.Size([32, 8, 8]) unstable 6
Node /23 input 0: size torch.Size([100]) unstable 0
-----------------
# of unstable neurons: 20
-----------------

BaB round 1
batch: 1
Average branched neurons at iteration 1:  1.0000
splitting decisions: 
split level 0: [/input.4, 1204] 
split level 1: [/input.4, 531] 
split level 2: [/input.4, 62] 
split level 3: [/input, 710] 
pruning_in_iteration open status: False
ratio of positive domain = 0 / 16 = 0.0
pruning-in-iteration extra time: 0.00016617774963378906
Time: prepare 0.0013    beta_bound 1.1379    bound 1.1379    transfer 0.0003    finalize 0.0014    func 1.1410    
Accumulated time: func 1.1410    prepare 0.0030    bound 1.1379    beta_bound 1.1379    transfer 0.0003    finalize 0.0014    
batch bounding time:  1.1410419940948486
Current worst splitting domains lb-rhs (depth):
-0.01878 (4), -0.01877 (4), -0.01872 (4), -0.01871 (4), -0.01861 (4), -0.01860 (4), -0.01856 (4), -0.01855 (4), -0.01833 (4), -0.01832 (4), -0.01828 (4), -0.01826 (4), -0.01815 (4), -0.01814 (4), -0.01809 (4), -0.01808 (4), 
length of domains: 16
Time: pickout 0.0009    decision 0.2788    set_bounds 0.0010    solve 1.1411    add 0.0020    
Accumulated time: pickout 0.0009    decision 0.2788    set_bounds 0.0010    solve 1.1411    add 0.0020    
Current (lb-rhs): -0.01877903938293457
16 domains visited
Cumulative time: 1.4789206981658936

BaB round 2
batch: 16
Average branched neurons at iteration 2:  1.0000
splitting decisions: 
split level 0: [/input, 2150] [/input, 2150] [/input, 2150] [/input, 2150] [/input, 2150] [/input, 2150] [/input, 2150] [/input, 2150] [/input, 2150] [/input, 2150] 
pruning_in_iteration open status: False
ratio of positive domain = 0 / 32 = 0.0
pruning-in-iteration extra time: 0.00022530555725097656
Time: prepare 0.0026    beta_bound 0.7164    bound 0.7165    transfer 0.0007    finalize 0.0025    func 0.7224    
Accumulated time: func 1.8633    prepare 0.0079    bound 1.8544    beta_bound 1.8542    transfer 0.0009    finalize 0.0040    
batch bounding time:  0.7224545478820801
Current worst splitting domains lb-rhs (depth):
-0.01877 (5), -0.01876 (5), -0.01872 (5), -0.01871 (5), -0.01869 (5), -0.01868 (5), -0.01864 (5), -0.01862 (5), -0.01861 (5), -0.01860 (5), -0.01855 (5), -0.01854 (5), -0.01853 (5), -0.01851 (5), -0.01848 (5), -0.01846 (5), -0.01827 (5), -0.01826 (5), -0.01822 (5), -0.01821 (5), 
length of domains: 32
Time: pickout 0.0009    decision 0.1154    set_bounds 0.0007    solve 0.7225    add 0.0019    
Accumulated time: pickout 0.0018    decision 0.3942    set_bounds 0.0017    solve 1.8635    add 0.0039    
Current (lb-rhs): -0.018772602081298828
48 domains visited
Cumulative time: 2.320681571960449

BaB round 3
batch: 32
Average branched neurons at iteration 3:  1.0000
splitting decisions: 
split level 0: [/input, 2626] [/input, 2626] [/input, 2626] [/input, 2626] [/input, 2626] [/input, 2626] [/input, 2626] [/input, 2626] [/input, 2626] [/input, 2626] 
pruning_in_iteration open status: False
ratio of positive domain = 0 / 64 = 0.0
pruning-in-iteration extra time: 0.000110626220703125
Time: prepare 0.0056    beta_bound 0.7479    bound 0.7480    transfer 0.0007    finalize 0.0049    func 0.7592    
Accumulated time: func 2.6225    prepare 0.0158    bound 2.6024    beta_bound 2.6021    transfer 0.0016    finalize 0.0088    
batch bounding time:  0.75931715965271
Current worst splitting domains lb-rhs (depth):
-0.01877 (6), -0.01876 (6), -0.01872 (6), -0.01871 (6), -0.01869 (6), -0.01868 (6), -0.01867 (6), -0.01866 (6), -0.01864 (6), -0.01862 (6), -0.01862 (6), -0.01861 (6), -0.01861 (6), -0.01860 (6), -0.01859 (6), -0.01857 (6), -0.01855 (6), -0.01854 (6), -0.01854 (6), -0.01853 (6), 
length of domains: 64
Time: pickout 0.0011    decision 0.1043    set_bounds 0.0009    solve 0.7593    add 0.0048    
Accumulated time: pickout 0.0029    decision 0.4985    set_bounds 0.0025    solve 2.6229    add 0.0087    
Current (lb-rhs): -0.018772363662719727
112 domains visited
Cumulative time: 3.1918675899505615

BaB round 4
batch: 64
Average branched neurons at iteration 4:  1.0000
splitting decisions: 
split level 0: [/input.4, 1054] [/input.4, 1054] [/input.4, 306] [/input.4, 306] [/input.4, 1054] [/input.4, 1054] [/input.4, 306] [/input.4, 306] [/input.4, 1054] [/input.4, 1054] 
pruning_in_iteration open status: False
ratio of positive domain = 0 / 128 = 0.0
pruning-in-iteration extra time: 0.0002002716064453125
Time: prepare 0.0089    beta_bound 0.7392    bound 0.7393    transfer 0.0014    finalize 0.0121    func 0.7618    
Accumulated time: func 3.3844    prepare 0.0265    bound 3.3417    beta_bound 3.3413    transfer 0.0030    finalize 0.0210    
batch bounding time:  0.7620410919189453
Current worst splitting domains lb-rhs (depth):
-0.01875 (7), -0.01875 (7), -0.01873 (7), -0.01873 (7), -0.01869 (7), -0.01869 (7), -0.01868 (7), -0.01868 (7), -0.01867 (7), -0.01867 (7), -0.01867 (7), -0.01865 (7), -0.01865 (7), -0.01863 (7), -0.01863 (7), -0.01862 (7), -0.01861 (7), -0.01861 (7), -0.01859 (7), -0.01859 (7), 
length of domains: 128
Time: pickout 0.0016    decision 0.0910    set_bounds 0.0013    solve 0.7621    add 0.0078    
Accumulated time: pickout 0.0045    decision 0.5895    set_bounds 0.0038    solve 3.3849    add 0.0165    
Current (lb-rhs): -0.018746614456176758
240 domains visited
Cumulative time: 4.056452989578247

BaB round 5
batch: 128
Average branched neurons at iteration 5:  1.0000
splitting decisions: 
split level 0: [/input, 2133] [/input, 2133] [/input.4, 1054] [/input.4, 1054] [/input, 2133] [/input, 2133] [/input.4, 1054] [/input.4, 1054] [/input, 2133] [/input, 2133] 
pruning_in_iteration open status: False
ratio of positive domain = 0 / 256 = 0.0
pruning-in-iteration extra time: 0.00016069412231445312
Time: prepare 0.0329    beta_bound 0.7118    bound 0.7119    transfer 0.0020    finalize 0.0267    func 0.7736    
Accumulated time: func 4.1580    prepare 0.0618    bound 4.0536    beta_bound 4.0530    transfer 0.0050    finalize 0.0477    
batch bounding time:  0.7739691734313965
Current worst splitting domains lb-rhs (depth):
-0.01874 (8), -0.01874 (8), -0.01873 (8), -0.01873 (8), -0.01869 (8), -0.01869 (8), -0.01868 (8), -0.01867 (8), -0.01867 (8), -0.01867 (8), -0.01866 (8), -0.01866 (8), -0.01865 (8), -0.01865 (8), -0.01864 (8), -0.01864 (8), -0.01864 (8), -0.01863 (8), -0.01863 (8), -0.01861 (8), 
length of domains: 256
Time: pickout 0.0016    decision 0.1323    set_bounds 0.0025    solve 0.7740    add 0.0107    
Accumulated time: pickout 0.0062    decision 0.7218    set_bounds 0.0064    solve 4.1589    add 0.0272    
Current (lb-rhs): -0.018743515014648438
496 domains visited
Cumulative time: 4.978417873382568

BaB round 6
batch: 200
Average branched neurons at iteration 6:  1.0000
splitting decisions: 
split level 0: [/input.4, 306] [/input.4, 306] [/input.4, 1018] [/input.4, 1018] [/input.4, 306] [/input.4, 306] [/input.4, 1018] [/input.4, 1018] [/input.4, 1018] [/input.4, 1018] 
pruning_in_iteration open status: False
ratio of positive domain = 0 / 400 = 0.0
pruning-in-iteration extra time: 0.00025963783264160156
Time: prepare 0.0281    beta_bound 0.7690    bound 0.7691    transfer 0.0032    finalize 0.0360    func 0.8366    
Accumulated time: func 4.9946    prepare 0.0918    bound 4.8227    beta_bound 4.8221    transfer 0.0082    finalize 0.0837    
batch bounding time:  0.836881160736084
Current worst splitting domains lb-rhs (depth):
-0.01874 (8), -0.01874 (9), -0.01872 (9), -0.01872 (9), -0.01869 (8), -0.01868 (9), -0.01867 (9), -0.01867 (9), -0.01867 (8), -0.01866 (9), -0.01865 (9), -0.01865 (9), -0.01865 (9), -0.01864 (9), -0.01864 (9), -0.01864 (9), -0.01864 (9), -0.01864 (9), -0.01864 (9), -0.01862 (9), 
length of domains: 456
Time: pickout 0.0013    decision 0.1245    set_bounds 0.0026    solve 0.8369    add 0.0195    
Accumulated time: pickout 0.0074    decision 0.8463    set_bounds 0.0090    solve 4.9958    add 0.0467    
Current (lb-rhs): -0.018743515014648438
896 domains visited
Cumulative time: 5.964448690414429

BaB round 7
batch: 200
Average branched neurons at iteration 7:  1.0000
splitting decisions: 
split level 0: [/input.4, 1018] [/input.4, 1018] [/input, 1576] [/input, 1576] [/input.4, 1018] [/input.4, 1018] [/input, 1576] [/input, 1576] [/input.4, 306] [/input.4, 306] 
pruning_in_iteration open status: False
ratio of positive domain = 0 / 400 = 0.0
pruning-in-iteration extra time: 0.00010967254638671875
Time: prepare 0.0402    beta_bound 0.7664    bound 0.7665    transfer 0.0025    finalize 0.0302    func 0.8397    
Accumulated time: func 5.8343    prepare 0.1339    bound 5.5892    beta_bound 5.5885    transfer 0.0107    finalize 0.1139    
batch bounding time:  0.8401384353637695
Current worst splitting domains lb-rhs (depth):
-0.01874 (8), -0.01873 (10), -0.01872 (10), -0.01872 (10), -0.01869 (8), -0.01868 (10), -0.01868 (10), -0.01868 (10), -0.01867 (10), -0.01867 (10), -0.01867 (8), -0.01866 (10), -0.01865 (9), -0.01865 (10), -0.01865 (10), -0.01864 (10), -0.01864 (10), -0.01864 (9), -0.01864 (10), -0.01863 (10), 
length of domains: 656
Time: pickout 0.0017    decision 0.1143    set_bounds 0.0051    solve 0.8402    add 0.0144    
Accumulated time: pickout 0.0091    decision 0.9606    set_bounds 0.0141    solve 5.8360    add 0.0611    
Current (lb-rhs): -0.018743515014648438
1296 domains visited
Cumulative time: 6.940863847732544

BaB round 8
batch: 200
Average branched neurons at iteration 8:  1.0000
splitting decisions: 
split level 0: [/input, 1576] [/input, 1576] [/input, 2434] [/input, 2434] [/input, 1576] [/input, 1576] [/input, 2434] [/input, 2434] [/input, 1576] [/input, 1576] 
pruning_in_iteration open status: False
ratio of positive domain = 0 / 400 = 0.0
pruning-in-iteration extra time: 0.00018024444580078125
Time: prepare 0.0268    beta_bound 0.7177    bound 0.7178    transfer 0.0032    finalize 0.0253    func 0.7734    
Accumulated time: func 6.6077    prepare 0.1625    bound 6.3070    beta_bound 6.3062    transfer 0.0139    finalize 0.1392    
batch bounding time:  0.7737739086151123
Current worst splitting domains lb-rhs (depth):
-0.01874 (8), -0.01873 (11), -0.01872 (10), -0.01872 (10), -0.01869 (11), -0.01869 (8), -0.01868 (11), -0.01868 (11), -0.01868 (11), -0.01867 (10), -0.01867 (10), -0.01867 (8), -0.01865 (11), -0.01865 (9), -0.01865 (11), -0.01865 (11), -0.01864 (10), -0.01864 (10), -0.01864 (9), -0.01864 (11), 
length of domains: 856
Time: pickout 0.0010    decision 0.1059    set_bounds 0.0026    solve 0.7738    add 0.0157    
Accumulated time: pickout 0.0101    decision 1.0666    set_bounds 0.0167    solve 6.6098    add 0.0769    
Current (lb-rhs): -0.018743515014648438
1696 domains visited
Cumulative time: 7.841095447540283

BaB round 9
batch: 200
Average branched neurons at iteration 9:  1.0000
splitting decisions: 
split level 0: [/input, 2345] [/input, 2434] [/input, 3442] [/input, 3442] [/input, 2434] [/input, 2434] [/input, 69] [/input, 2893] [/input, 3708] [/input, 3708] 
pruning_in_iteration open status: False
ratio of positive domain = 0 / 400 = 0.0
pruning-in-iteration extra time: 0.0002181529998779297
Time: prepare 0.0273    beta_bound 0.6486    bound 0.6487    transfer 0.0033    finalize 0.0248    func 0.7043    
Accumulated time: func 7.3120    prepare 0.1916    bound 6.9557    beta_bound 6.9548    transfer 0.0172    finalize 0.1639    
batch bounding time:  0.7045719623565674
Current worst splitting domains lb-rhs (depth):
-0.01874 (8), -0.01873 (11), -0.01872 (10), -0.01872 (10), -0.01869 (12), -0.01869 (8), -0.01868 (11), -0.01868 (12), -0.01868 (11), -0.01867 (10), -0.01867 (10), -0.01867 (8), -0.01865 (11), -0.01865 (9), -0.01865 (11), -0.01865 (11), -0.01864 (10), -0.01864 (10), -0.01864 (9), -0.01864 (12), 
length of domains: 1056
Time: pickout 0.0017    decision 0.1097    set_bounds 0.0028    solve 0.7046    add 0.1195    
Accumulated time: pickout 0.0118    decision 1.1763    set_bounds 0.0194    solve 7.3144    add 0.1964    
Current (lb-rhs): -0.018743515014648438
2096 domains visited
Cumulative time: 8.780740022659302

BaB round 10
batch: 200
Average branched neurons at iteration 10:  1.0000
splitting decisions: 
split level 0: [/input, 2434] [/input, 3442] [/input, 2345] [/input, 2345] [/input, 3442] [/input, 3406] [/input, 3442] [/input, 3406] [/input, 2434] [/input, 2434] 
pruning_in_iteration open status: False
ratio of positive domain = 0 / 400 = 0.0
pruning-in-iteration extra time: 0.00013017654418945312
Time: prepare 0.0320    beta_bound 0.7586    bound 0.7587    transfer 0.0026    finalize 0.0259    func 0.8194    
Accumulated time: func 8.1314    prepare 0.2258    bound 7.7144    beta_bound 7.7134    transfer 0.0198    finalize 0.1898    
batch bounding time:  0.8196685314178467
Current worst splitting domains lb-rhs (depth):
-0.01874 (8), -0.01873 (11), -0.01872 (10), -0.01872 (10), -0.01869 (12), -0.01869 (8), -0.01868 (11), -0.01868 (13), -0.01868 (11), -0.01867 (10), -0.01867 (10), -0.01867 (8), -0.01865 (11), -0.01865 (9), -0.01865 (11), -0.01865 (11), -0.01864 (10), -0.01864 (10), -0.01864 (9), -0.01864 (12), 
length of domains: 1256
Time: pickout 0.0018    decision 0.1212    set_bounds 0.0039    solve 0.8197    add 0.0129    
Accumulated time: pickout 0.0136    decision 1.2974    set_bounds 0.0233    solve 8.1341    add 0.2093    
Current (lb-rhs): -0.018743515014648438
2496 domains visited
Cumulative time: 9.741551637649536

BaB round 11
batch: 200
Average branched neurons at iteration 11:  1.0000
splitting decisions: 
split level 0: [/input, 3442] [/input, 69] [/input, 69] [/input, 3406] [/input, 2893] [/input, 2893] [/input, 2345] [/input, 3442] [/input, 3442] [/input, 3442] 
pruning_in_iteration open status: False
ratio of positive domain = 0 / 400 = 0.0
pruning-in-iteration extra time: 0.00010347366333007812
Time: prepare 0.0429    beta_bound 0.7669    bound 0.7670    transfer 0.0028    finalize 0.0323    func 0.8452    
Accumulated time: func 8.9767    prepare 0.2705    bound 8.4814    beta_bound 8.4803    transfer 0.0226    finalize 0.2221    
batch bounding time:  0.8456733226776123
Current worst splitting domains lb-rhs (depth):
-0.01874 (8), -0.01873 (11), -0.01872 (10), -0.01872 (10), -0.01869 (12), -0.01869 (8), -0.01868 (11), -0.01868 (14), -0.01868 (11), -0.01867 (10), -0.01867 (10), -0.01867 (14), -0.01867 (8), -0.01865 (11), -0.01865 (9), -0.01865 (11), -0.01865 (11), -0.01864 (10), -0.01864 (10), -0.01864 (9), 
length of domains: 1456
Time: pickout 0.0017    decision 0.1135    set_bounds 0.0046    solve 0.8457    add 0.0143    
Accumulated time: pickout 0.0153    decision 1.4109    set_bounds 0.0279    solve 8.9798    add 0.2236    
Current (lb-rhs): -0.018743515014648438
2896 domains visited
Cumulative time: 10.722723007202148

BaB round 12
batch: 200
Average branched neurons at iteration 12:  1.0000
splitting decisions: 
split level 0: [/input, 596] [/input, 2345] [/input, 3406] [/input, 596] [/input, 3406] [/input, 3442] [/input, 2893] [/input, 69] [/input, 2893] [/input, 69] 
pruning_in_iteration open status: False
ratio of positive domain = 0 / 400 = 0.0
pruning-in-iteration extra time: 0.00012612342834472656
Time: prepare 0.0355    beta_bound 0.8048    bound 0.8048    transfer 0.0027    finalize 0.0964    func 0.9396    
Accumulated time: func 9.9163    prepare 0.3083    bound 9.2862    beta_bound 9.2850    transfer 0.0253    finalize 0.3185    
batch bounding time:  0.9398975372314453
Current worst splitting domains lb-rhs (depth):
-0.01874 (8), -0.01873 (11), -0.01872 (10), -0.01872 (10), -0.01869 (12), -0.01869 (8), -0.01868 (11), -0.01868 (15), -0.01868 (11), -0.01867 (10), -0.01867 (10), -0.01867 (14), -0.01867 (8), -0.01866 (15), -0.01865 (11), -0.01865 (9), -0.01865 (11), -0.01865 (11), -0.01864 (10), -0.01864 (10), 
length of domains: 1656
Time: pickout 0.0018    decision 0.1514    set_bounds 0.0028    solve 0.9399    add 0.0122    
Accumulated time: pickout 0.0171    decision 1.5623    set_bounds 0.0307    solve 9.9197    add 0.2357    
Current (lb-rhs): -0.018743515014648438
3296 domains visited
Cumulative time: 11.83159065246582

BaB round 13
batch: 200
Average branched neurons at iteration 13:  1.0000
splitting decisions: 
split level 0: [/input, 2893] [/input, 596] [/input, 2893] [/input, 69] [/input, 69] [/input, 69] [/input, 3406] [/input, 2345] [/input, 69] [/input, 2345] 
pruning_in_iteration open status: False
ratio of positive domain = 0 / 400 = 0.0
pruning-in-iteration extra time: 0.00015735626220703125
Time: prepare 0.0274    beta_bound 0.7185    bound 0.7186    transfer 0.0029    finalize 0.0325    func 0.7816    
Accumulated time: func 10.6979    prepare 0.3374    bound 10.0048    beta_bound 10.0035    transfer 0.0282    finalize 0.3510    
batch bounding time:  0.7820873260498047
Current worst splitting domains lb-rhs (depth):
-0.01874 (8), -0.01873 (11), -0.01872 (10), -0.01872 (10), -0.01869 (12), -0.01869 (8), -0.01868 (11), -0.01868 (15), -0.01868 (11), -0.01867 (10), -0.01867 (10), -0.01867 (14), -0.01867 (8), -0.01866 (16), -0.01866 (16), -0.01865 (11), -0.01865 (9), -0.01865 (11), -0.01865 (11), -0.01864 (10), 
length of domains: 1856
Time: pickout 0.0010    decision 0.0992    set_bounds 0.0037    solve 0.7821    add 0.0140    
Accumulated time: pickout 0.0181    decision 1.6615    set_bounds 0.0344    solve 10.7018    add 0.2497    
Current (lb-rhs): -0.018743515014648438
3696 domains visited
Cumulative time: 12.732889175415039

BaB round 14
batch: 200
Average branched neurons at iteration 14:  1.0000
splitting decisions: 
split level 0: [/input, 3406] [/input, 2893] [/input, 596] [/input, 2893] [/input, 2345] [/input, 2345] [/input, 596] [/input, 596] [/input, 2345] [/input, 596] 
pruning_in_iteration open status: False
ratio of positive domain = 0 / 400 = 0.0
pruning-in-iteration extra time: 0.00012421607971191406
Time: prepare 0.0416    beta_bound 0.7560    bound 0.7561    transfer 0.0025    finalize 0.0246    func 0.8250    
Accumulated time: func 11.5229    prepare 0.3810    bound 10.7610    beta_bound 10.7595    transfer 0.0307    finalize 0.3756    
batch bounding time:  0.82529616355896
Current worst splitting domains lb-rhs (depth):
-0.01874 (8), -0.01873 (11), -0.01872 (10), -0.01872 (10), -0.01869 (12), -0.01869 (8), -0.01868 (11), -0.01868 (15), -0.01868 (11), -0.01867 (10), -0.01867 (10), -0.01867 (14), -0.01867 (8), -0.01866 (16), -0.01866 (17), -0.01866 (17), -0.01865 (11), -0.01865 (9), -0.01865 (11), -0.01865 (11), 
length of domains: 2056
Time: pickout 0.0018    decision 0.1539    set_bounds 0.0042    solve 0.8253    add 0.1604    
Accumulated time: pickout 0.0199    decision 1.8154    set_bounds 0.0386    solve 11.5271    add 0.4101    
Current (lb-rhs): -0.018743515014648438
4096 domains visited
Cumulative time: 13.879353046417236

BaB round 15
batch: 200
Average branched neurons at iteration 15:  1.0000
splitting decisions: 
split level 0: [/input, 69] [/input, 3406] [/input, 1601] [/input, 1601] [/input, 596] [/input, 596] [/input, 1601] [/input, 1601] [/input, 596] [/input, 3406] 
pruning_in_iteration open status: False
ratio of positive domain = 0 / 400 = 0.0
pruning-in-iteration extra time: 0.00017786026000976562
Time: prepare 0.0281    beta_bound 0.7270    bound 0.7271    transfer 0.0064    finalize 0.0370    func 0.7988    
Accumulated time: func 12.3217    prepare 0.4108    bound 11.4881    beta_bound 11.4865    transfer 0.0370    finalize 0.4127    
batch bounding time:  0.7990734577178955
Current worst splitting domains lb-rhs (depth):
-0.01874 (8), -0.01873 (11), -0.01872 (10), -0.01872 (10), -0.01869 (12), -0.01869 (8), -0.01868 (11), -0.01868 (15), -0.01868 (11), -0.01867 (10), -0.01867 (10), -0.01867 (14), -0.01867 (8), -0.01866 (16), -0.01866 (17), -0.01866 (18), -0.01866 (18), -0.01865 (11), -0.01865 (9), -0.01865 (11), 
length of domains: 2256
Time: pickout 0.0010    decision 0.1026    set_bounds 0.0028    solve 0.7991    add 0.0205    
Accumulated time: pickout 0.0210    decision 1.9180    set_bounds 0.0414    solve 12.3262    add 0.4306    
Current (lb-rhs): -0.018743515014648438
4496 domains visited
Cumulative time: 14.806447267532349
/home/zhouxingshi/miniconda3/envs/alpha-beta-crown/lib/python3.7/site-packages/onnx2pytorch/convert/layer.py:30: UserWarning: The given NumPy array is not writable, and PyTorch does not support non-writable tensors. This means writing to this tensor will result in undefined behavior. You may want to copy the array to protect its data or make it writable before converting it to a tensor. This type of warning will be suppressed for the rest of this program. (Triggered internally at  /opt/conda/conda-bld/pytorch_1646755953518/work/torch/csrc/utils/tensor_numpy.cpp:178.)
  layer.weight.data = torch.from_numpy(numpy_helper.to_array(weight))
/home/zhouxingshi/miniconda3/envs/alpha-beta-crown/lib/python3.7/site-packages/onnx2pytorch/convert/model.py:154: UserWarning: Using experimental implementation that allows 'batch_size > 1'.Batchnorm layers could potentially produce false outputs.
  "Using experimental implementation that allows 'batch_size > 1'."

BaB round 16
batch: 200
Average branched neurons at iteration 16:  1.0000
splitting decisions: 
split level 0: [/input, 1601] [/input, 1601] [/input, 2133] [/input, 2133] [/input, 1601] [/input, 1601] [/input, 2133] [/input, 2133] [/input, 3406] [/input, 2893] 
pruning_in_iteration open status: False
ratio of positive domain = 0 / 400 = 0.0
pruning-in-iteration extra time: 0.0001220703125
Time: prepare 0.0274    beta_bound 0.7770    bound 0.7771    transfer 0.0026    finalize 0.0253    func 0.8327    
Accumulated time: func 13.1544    prepare 0.4403    bound 12.2652    beta_bound 12.2636    transfer 0.0396    finalize 0.4380    
batch bounding time:  0.8331348896026611
Current worst splitting domains lb-rhs (depth):
-0.01874 (8), -0.01873 (11), -0.01872 (10), -0.01872 (10), -0.01869 (12), -0.01869 (8), -0.01868 (11), -0.01868 (15), -0.01868 (11), -0.01867 (10), -0.01867 (10), -0.01867 (14), -0.01867 (8), -0.01866 (16), -0.01866 (17), -0.01866 (18), -0.01866 (19), -0.01865 (11), -0.01865 (9), -0.01865 (11), 
length of domains: 2456
Time: pickout 0.0016    decision 0.1254    set_bounds 0.0039    solve 0.8332    add 0.0136    
Accumulated time: pickout 0.0225    decision 2.0434    set_bounds 0.0453    solve 13.1594    add 0.4442    
Current (lb-rhs): -0.018743515014648438
4896 domains visited
Cumulative time: 15.785123825073242

BaB round 17
batch: 200
Average branched neurons at iteration 17:  1.0000
splitting decisions: 
split level 0: [/input, 3708] [/input, 3708] [/input, 3708] [/input, 3708] [/input, 3708] [/input, 3708] [/input, 3708] [/input, 3708] [/input, 1601] [/input, 1601] 
pruning_in_iteration open status: False
ratio of positive domain = 0 / 400 = 0.0
pruning-in-iteration extra time: 0.00014591217041015625
Time: prepare 0.0304    beta_bound 0.7466    bound 0.7468    transfer 0.0029    finalize 0.0331    func 0.8150    
Accumulated time: func 13.9694    prepare 0.4726    bound 13.0119    beta_bound 13.0102    transfer 0.0425    finalize 0.4710    
batch bounding time:  0.8153121471405029
Current worst splitting domains lb-rhs (depth):
-0.01874 (8), -0.01873 (11), -0.01872 (10), -0.01872 (10), -0.01869 (12), -0.01869 (8), -0.01868 (11), -0.01868 (15), -0.01868 (11), -0.01867 (10), -0.01867 (10), -0.01867 (14), -0.01867 (8), -0.01866 (16), -0.01866 (17), -0.01866 (18), -0.01866 (19), -0.01865 (11), -0.01865 (9), -0.01865 (11), 
length of domains: 2656
Time: pickout 0.0011    decision 0.1314    set_bounds 0.0028    solve 0.8153    add 0.0165    
Accumulated time: pickout 0.0236    decision 2.1748    set_bounds 0.0482    solve 13.9748    add 0.4608    
Current (lb-rhs): -0.018743515014648438
5296 domains visited
Cumulative time: 16.753774166107178

BaB round 18
batch: 200
Average branched neurons at iteration 18:  1.0000
all nodes are split!!
5296 domains visited
length of domains: 2456
Time: pickout 0.0012    decision 0.1314    set_bounds 0.0028    solve 0.8153    add 0.0165    
Accumulated time: pickout 0.0248    decision 2.1748    set_bounds 0.0482    solve 13.9748    add 0.4608    
Current (lb-rhs): -0.018743515014648438
5296 domains visited
Result: unknown in 27.8583 seconds
############# Summary #############
Final verified acc: 0.0% (total 1 examples)
Problem instances count: 1 , total verified (safe/unsat): 0 , total falsified (unsafe/sat): 0 , timeout: 1
mean time for ALL instances (total 1):27.858036410633208, max time: 27.858314990997314
unknown (total 1), index: [0]
