Configurations:

general:
  device: cuda
  seed: 100
  conv_mode: patches
  deterministic: false
  double_fp: false
  loss_reduction_func: sum
  sparse_alpha: true
  save_adv_example: false
  precompile_jit: false
  complete_verifier: bab
  enable_incomplete_verification: true
  csv_name: null
  results_file: out.txt
  root_path: ''
model:
  name: cnn_4layer_adv4
  path: cifar_cnn_a_adv4.model
  onnx_path: null
  onnx_path_prefix: ''
  cache_onnx_conversion: false
  onnx_quirks: null
  input_shape: null
  onnx_loader: default_onnx_and_vnnlib_loader
  onnx_optimization_flags: none
data:
  start: 128
  end: 129
  select_instance: null
  num_outputs: 10
  mean: 0.0
  std: 1.0
  pkl_path: null
  dataset: CIFAR_SDP
  data_filter_path: null
  data_idx_file: null
specification:
  type: lp
  robustness_type: verified-acc
  norm: .inf
  epsilon: 0.00784313725
  vnnlib_path: null
  vnnlib_path_prefix: ''
solver:
  batch_size: 4096
  min_batch_size_ratio: 0.1
  use_float64_in_last_iteration: false
  early_stop_patience: 10
  start_save_best: 0.5
  bound_prop_method: alpha-crown
  init_bound_prop_method: same
  prune_after_crown: false
  crown:
    batch_size: 1000000000
    max_crown_size: 1000000000
  alpha-crown:
    alpha: true
    lr_alpha: 0.1
    iteration: 100
    share_slopes: false
    no_joint_opt: false
    lr_decay: 0.98
    full_conv_alpha: true
  beta-crown:
    lr_alpha: 0.01
    lr_beta: 0.05
    lr_decay: 0.98
    optimizer: adam
    iteration: 20
    beta: true
    beta_warmup: true
    enable_opt_interm_bounds: false
    all_node_split_LP: false
  forward:
    refine: false
    dynamic: false
    max_dim: 10000
  intermediate_refinement:
    enabled: false
    batch_size: 10
    opt_coeffs: false
    opt_bias: false
    lr: 0.05
    layers: [-1]
    max_domains: 1000
  multi_class:
    label_batch_size: 32
    skip_with_refined_bound: true
  mip:
    parallel_solvers: null
    solver_threads: 1
    refine_neuron_timeout: 15
    refine_neuron_time_percentage: 0.8
    early_stop: true
    adv_warmup: true
    mip_solver: gurobi
bab:
  initial_max_domains: 1
  max_domains: .inf
  decision_thresh: 0
  timeout: 30
  timeout_scale: 1
  override_timeout: null
  get_upper_bound: false
  dfs_percent: 0.0
  pruning_in_iteration: true
  pruning_in_iteration_ratio: 0.2
  sort_targets: false
  batched_domain_list: true
  optimized_intermediate_layers: ''
  interm_transfer: true
  cut:
    enabled: false
    bab_cut: false
    lp_cut: false
    method: null
    lr: 0.01
    lr_decay: 1.0
    iteration: 100
    bab_iteration: -1
    early_stop_patience: -1
    lr_beta: 0.02
    number_cuts: 50
    topk_cuts_in_filter: 100
    batch_size_primal: 100
    max_num: 1000000000
    patches_cut: false
    cplex_cuts: false
    cplex_cuts_wait: 0
    cplex_cuts_revpickup: true
    cut_reference_bounds: true
    fix_intermediate_bounds: false
    _tmp_cuts: null
    fixed_cuts: false
    add_implied_cuts: false
    add_input_cuts: false
  branching:
    method: kfsb
    candidates: 3
    reduceop: min
    sb_coeff_thresh: 0.001
    branching_input_and_activation: false
    branching_input_and_activation_order: [input, relu]
    branching_input_iterations: 30
    branching_relu_iterations: 50
    sort_domain_interval: -1
    input_split:
      enable: false
      enhanced_bound_prop_method: alpha-crown
      enhanced_branching_method: naive
      enhanced_bound_patience: 100000000.0
      attack_patience: 100000000.0
      adv_check: 0
  attack:
    enabled: false
    beam_candidates: 8
    beam_depth: 7
    max_dive_fix_ratio: 0.8
    min_local_free_ratio: 0.2
    mip_start_iteration: 5
    mip_timeout: 30.0
    adv_pool_threshold: null
    refined_mip_attacker: false
    refined_batch_size: null
attack:
  pgd_order: before
  pgd_steps: 100
  pgd_restarts: 50
  pgd_early_stop: true
  pgd_lr_decay: 0.99
  pgd_alpha: auto
  pgd_loss_mode: null
  enable_mip_attack: false
  cex_path: ./test_cex.txt
  attack_mode: PGD
  gama_lambda: 10.0
  gama_decay: 0.9
  check_clean: false
  input_split:
    pgd_steps: 100
    pgd_restarts: 30
    pgd_alpha: auto
  input_split_enhanced:
    pgd_steps: 200
    pgd_restarts: 5000000
    pgd_alpha: auto
  input_split_check_adv:
    pgd_steps: 5
    pgd_restarts: 5
    pgd_alpha: auto
debug:
  lp_test: null

Experiments at Sun Jan 15 22:08:19 2023 on diablo.cs.ucla.edu
Sequential(
  (0): Conv2d(3, 16, kernel_size=(4, 4), stride=(2, 2), padding=(1, 1))
  (1): ReLU()
  (2): Conv2d(16, 32, kernel_size=(4, 4), stride=(2, 2), padding=(1, 1))
  (3): ReLU()
  (4): Flatten()
  (5): Linear(in_features=2048, out_features=100, bias=True)
  (6): ReLU()
  (7): Linear(in_features=100, out_features=10, bias=True)
)
############################
Sampled data loaded. Data already preprocessed!
Shape: torch.Size([200, 3, 32, 32]) torch.Size([200]) torch.Size([200])
X range: tensor(2.12560368) tensor(-1.98888886) tensor(-0.01308715)
############################
Internal results will be saved to Verified_ret_[cnn_4layer_adv4]_start=128_end=129_iter=20_b=4096_timeout=30_branching=kfsb-min-3_lra-init=0.1_lra=0.01_lrb=0.05_PGD=before_cplex_cuts=False.npy.

 %%%%%%%%%%%%%%%%%%%%%%%%%%%%%%%%%%% idx: 0, vnnlib ID: 128 %%%%%%%%%%%%%%%%%%%%%%%%%%%%%%%%%%%%%%%%
Attack parameters: initialization=uniform, steps=100, restarts=50, alpha=0.008051544427871704, initialization=uniform, GAMA=False
Model output of first 5 examples:
 tensor([[ -8.41261101, -10.11622620,  -6.97528696,  -7.70427608,  -6.80372047,
          -7.77790880,  -6.57193947,  -8.02606392,  -9.93407059,  -9.15845585]],
       device='cuda:0')
Adv example prediction (first 2 examples and 2 restarts):
 tensor([[[-8.12862492, -9.92217731, -6.61148596, -7.37896538, -6.43187428,
          -7.44624281, -6.38647747, -7.65900421, -9.62678909, -8.93065739],
         [-8.12862492, -9.92217731, -6.61148596, -7.37896538, -6.43187428,
          -7.44624281, -6.38647747, -7.65900421, -9.62678909, -8.93065739]]],
       device='cuda:0')
PGD attack margin (first 2 examles and 10 specs):
 tensor([[[1.74214745, 3.53569984, 0.22500849, 0.99248791, 0.04539680,
          1.05976534, 1.27252674, 3.24031162, 2.54417992]]], device='cuda:0')
number of violation:  0
Attack finished in 1.3093 seconds.
PGD attack failed
Model prediction is: tensor([[ -8.41261101, -10.11622620,  -6.97528696,  -7.70427608,  -6.80372047,
          -7.77790880,  -6.57193947,  -8.02606392,  -9.93407059,  -9.15845585]],
       device='cuda:0')
layer /input.4 using sparse-features alpha with shape [471]; unstable size 471; total size 4096 (torch.Size([1, 16, 16, 16]))
layer /input.4 start_node /input.8 using sparse-spec alpha with unstable size 209 total_size 2048 output_shape (32, 8, 8)
layer /input.4 start_node /input.12 using sparse-spec alpha with unstable size 5 total_size 100 output_shape torch.Size([100])
layer /input.4 start_node /23 using full alpha with unstable size None total_size 9 output_shape 9
layer /12 using sparse-features alpha with shape [209]; unstable size 209; total size 2048 (torch.Size([1, 32, 8, 8]))
layer /12 start_node /input.12 using sparse-spec alpha with unstable size 5 total_size 100 output_shape torch.Size([100])
layer /12 start_node /23 using full alpha with unstable size None total_size 9 output_shape 9
layer /22 using sparse-features alpha with shape [5]; unstable size 5; total size 100 (torch.Size([1, 100]))
layer /22 start_node /23 using full alpha with unstable size None total_size 9 output_shape 9
Optimizable variables initialized.
initial CROWN bounds: tensor([[ 1.17617631,  2.53004384,  0.03650141,  0.78286988, -0.09084594,
          0.84507585,  0.92964911,  2.50925708,  1.68634772]], device='cuda:0') None
best_l after optimization: 10.553861618041992 with beta sum per layer: []
alpha/beta optimization time: 5.449038028717041
initial alpha-CROWN bounds: tensor([[ 1.19834602,  2.55369830,  0.05347359,  0.79098064, -0.08158398,
          0.85337096,  0.94275850,  2.53685832,  1.70595956]], device='cuda:0')
Worst class: (+ rhs) -0.08158397674560547
Total VNNLIB file length: 9, max property batch size: 1, total number of batches: 9
lA shape: [torch.Size([1, 9, 16, 16, 16]), torch.Size([1, 9, 32, 8, 8]), torch.Size([1, 9, 100])]

Properties batch 0, size 1
Remaining timeout: 19.57757592201233
##### Instance 0 first 10 spec matrices: [[[-1.  0.  0.  0.  0.  0.  1.  0.  0.  0.]]]
thresholds: [0] ######
Initial alpha-CROWN verified for spec index [0] with bound 1.1983460187911987.

Properties batch 1, size 1
Remaining timeout: 19.47076106071472
##### Instance 0 first 10 spec matrices: [[[ 0. -1.  0.  0.  0.  0.  1.  0.  0.  0.]]]
thresholds: [0] ######
Initial alpha-CROWN verified for spec index [0] with bound 2.5536983013153076.

Properties batch 2, size 1
Remaining timeout: 19.43047571182251
##### Instance 0 first 10 spec matrices: [[[ 0.  0. -1.  0.  0.  0.  1.  0.  0.  0.]]]
thresholds: [0] ######
Initial alpha-CROWN verified for spec index [0] with bound 0.053473591804504395.

Properties batch 3, size 1
Remaining timeout: 19.38980221748352
##### Instance 0 first 10 spec matrices: [[[ 0.  0.  0. -1.  0.  0.  1.  0.  0.  0.]]]
thresholds: [0] ######
Initial alpha-CROWN verified for spec index [0] with bound 0.7909806370735168.

Properties batch 4, size 1
Remaining timeout: 19.349699020385742
##### Instance 0 first 10 spec matrices: [[[ 0.  0.  0.  0. -1.  0.  1.  0.  0.  0.]]]
thresholds: [0] ######
Remaining spec index [0] with bounds tensor([[-0.08158398]], device='cuda:0') need to verify.
Model prediction is: tensor([ -8.41261101, -10.11622620,  -6.97528696,  -7.70427608,  -6.80372047,
         -7.77790880,  -6.57193947,  -8.02606392,  -9.93407059,  -9.15845585],
       device='cuda:0')
build_the_model_with_refined_bounds batch [0/1]
setting alpha for layer /input.4 start_node /23 with alignment adjustment
setting alpha for layer /12 start_node /23 with alignment adjustment
setting alpha for layer /22 start_node /23 with alignment adjustment
all slope initialized
directly get lb and ub from refined bounds
lA shapes: [torch.Size([1, 1, 16, 16, 16]), torch.Size([1, 1, 32, 8, 8]), torch.Size([1, 1, 100])]
c shape: torch.Size([1, 1, 10])
alpha-CROWN with fixed intermediate bounds: tensor([[-0.08158398]], device='cuda:0') tensor([[inf]], device='cuda:0')
Keeping slopes for these layers: ['/23']
Keeping slopes for these layers: ['/23']
layer 0 name BoundConv(name="/input") size torch.Size([4096]) unstable 471
layer 1 name BoundConv(name="/input.8") size torch.Size([2048]) unstable 206
layer 2 name BoundLinear(name="/input.12") size torch.Size([100]) unstable 4
-----------------
# of unstable neurons: 681
-----------------

batch:  torch.Size([1, 16, 16, 16]) pre split depth:  8
post split depth:  8
splitting decisions: 
split level 0: [2, 50] 
split level 1: [2, 5] 
split level 2: [1, 1437] 
split level 3: [1, 28] 
split level 4: [1, 555] 
split level 5: [1, 1451] 
split level 6: [1, 313] 
split level 7: [1, 1457] 
pruning_in_iteration open status: True
ratio of positive domain = 160 / 256 = 0.625
pruning-in-iteration extra time: 0.015472412109375
Time: prepare 0.0306    beta_bound 0.6671    bound 0.6672    transfer 0.0014    finalize 0.0348    func 0.7343    
Accumulated time: func 0.7343    prepare 0.0380    bound 0.6672    beta_bound 0.6671    transfer 0.0014    finalize 0.0348    
batch bounding time:  0.7344927787780762
Current worst splitting domains lb-rhs (depth):
-0.00925 (8), -0.00843 (8), -0.00823 (8), -0.00798 (8), -0.00783 (8), -0.00759 (8), -0.00756 (8), -0.00744 (8), -0.00742 (8), -0.00716 (8), -0.00697 (8), -0.00691 (8), -0.00671 (8), -0.00665 (8), -0.00653 (8), -0.00617 (8), -0.00596 (8), -0.00576 (8), -0.00562 (8), -0.00557 (8), 
length of domains: 96
Time: pickout 0.0013    decision 0.4777    solve 0.7708    add 0.0050    
Accumulated time: pickout 0.0013    decision 0.4777    solve 0.7708    add 0.0050    
Current (lb-rhs): -0.009246110916137695
96 domains visited
Cumulative time: 1.3016853332519531

batch:  torch.Size([96, 16, 16, 16]) pre split depth:  2
post split depth:  2
splitting decisions: 
split level 0: [1, 1458] [1, 1458] [1, 19] [1, 1458] [1, 1458] [1, 19] [1, 1458] [1, 1134] [1, 1458] [1, 19] 
split level 1: [1, 19] [1, 1195] [1, 1134] [1, 19] [1, 1195] [1, 1628] [1, 19] [1, 19] [1, 1195] [1, 1134] 
pruning_in_iteration open status: True
ratio of positive domain = 268 / 384 = 0.6979166666666667
pruning-in-iteration extra time: 0.014967679977416992
Time: prepare 0.0505    beta_bound 0.2651    bound 0.2652    transfer 0.0019    finalize 0.0479    func 0.3657    
Accumulated time: func 1.1000    prepare 0.0920    bound 0.9324    beta_bound 0.9322    transfer 0.0033    finalize 0.0827    
batch bounding time:  0.3659324645996094
Current worst splitting domains lb-rhs (depth):
-0.00607 (10), -0.00527 (10), -0.00526 (10), -0.00495 (10), -0.00487 (10), -0.00448 (10), -0.00436 (10), -0.00407 (10), -0.00407 (10), -0.00406 (10), -0.00375 (10), -0.00373 (10), -0.00371 (10), -0.00359 (10), -0.00355 (10), -0.00354 (10), -0.00351 (10), -0.00331 (10), -0.00330 (10), -0.00327 (10), 
length of domains: 116
Time: pickout 0.0013    decision 0.0495    solve 0.3941    add 0.0049    
Accumulated time: pickout 0.0026    decision 0.5272    solve 1.1649    add 0.0099    
Current (lb-rhs): -0.0060672760009765625
212 domains visited
Cumulative time: 1.7524919509887695

batch:  torch.Size([116, 16, 16, 16]) pre split depth:  1
post split depth:  1
splitting decisions: 
split level 0: [1, 52] [1, 52] [1, 52] [1, 52] [1, 52] [1, 52] [1, 52] [1, 52] [1, 52] [1, 1628] 
pruning_in_iteration open status: True
ratio of positive domain = 153 / 232 = 0.6594827586206897
pruning-in-iteration extra time: 0.015945911407470703
Time: prepare 0.0312    beta_bound 0.2837    bound 0.2838    transfer 0.0014    finalize 0.0271    func 0.3436    
Accumulated time: func 1.4436    prepare 0.1269    bound 1.2162    beta_bound 1.2159    transfer 0.0047    finalize 0.1098    
batch bounding time:  0.3438413143157959
Current worst splitting domains lb-rhs (depth):
-0.00426 (11), -0.00393 (11), -0.00349 (11), -0.00344 (11), -0.00315 (11), -0.00314 (11), -0.00311 (11), -0.00309 (11), -0.00282 (11), -0.00277 (11), -0.00271 (11), -0.00250 (11), -0.00236 (11), -0.00233 (11), -0.00228 (11), -0.00218 (11), -0.00216 (11), -0.00199 (11), -0.00198 (11), -0.00195 (11), 
length of domains: 79
Time: pickout 0.0013    decision 0.0436    solve 0.3439    add 0.0048    
Accumulated time: pickout 0.0039    decision 0.5708    solve 1.5089    add 0.0147    
Current (lb-rhs): -0.0042563676834106445
291 domains visited
Cumulative time: 2.147235631942749

batch:  torch.Size([79, 16, 16, 16]) pre split depth:  2
post split depth:  2
splitting decisions: 
split level 0: [1, 1674] [1, 1674] [1, 1628] [1, 1674] [1, 1458] [1, 1628] [1, 1674] [1, 1458] [1, 1458] [1, 1458] 
split level 1: [1, 1458] [1, 1458] [1, 19] [1, 1458] [1, 1674] [1, 19] [1, 1458] [1, 1674] [1, 1674] [1, 1674] 
pruning_in_iteration open status: True
ratio of positive domain = 299 / 316 = 0.9462025316455697
pruning-in-iteration extra time: 0.015353202819824219
Time: prepare 0.0545    beta_bound 0.2903    bound 0.2904    transfer 0.0017    finalize 0.0363    func 0.3831    
Accumulated time: func 1.8267    prepare 0.1849    bound 1.5065    beta_bound 1.5062    transfer 0.0064    finalize 0.1461    
batch bounding time:  0.3832392692565918
Current worst splitting domains lb-rhs (depth):
-0.00107 (13), -0.00099 (13), -0.00094 (13), -0.00086 (13), -0.00077 (13), -0.00070 (13), -0.00058 (13), -0.00049 (13), -0.00033 (13), -0.00024 (13), -0.00024 (13), -0.00021 (13), -0.00016 (13), -0.00012 (13), -0.00011 (13), -0.00003 (13), -0.00003 (13), 
length of domains: 17
Time: pickout 0.0013    decision 0.0458    solve 0.4071    add 0.0035    
Accumulated time: pickout 0.0053    decision 0.6166    solve 1.9159    add 0.0182    
Current (lb-rhs): -0.0010693073272705078
308 domains visited
Cumulative time: 2.605741024017334

batch:  torch.Size([17, 16, 16, 16]) pre split depth:  4
post split depth:  4
splitting decisions: 
split level 0: [1, 148] [1, 148] [1, 148] [1, 148] [1, 148] [1, 148] [1, 148] [1, 148] [1, 148] [1, 148] 
split level 1: [1, 1628] [1, 1195] [1, 1195] [1, 1195] [1, 1628] [1, 1628] [1, 1195] [1, 1195] [1, 1195] [1, 1628] 
split level 2: [1, 1195] [1, 1628] [1, 1628] [1, 1628] [1, 1195] [1, 1195] [1, 1628] [1, 1628] [1, 1628] [1, 1195] 
split level 3: [1, 1443] [1, 1443] [1, 1443] [1, 1443] [1, 1443] [1, 1443] [1, 1443] [1, 1443] [1, 1443] [1, 1443] 

all verified at 0th iter
pruning_in_iteration open status: False
ratio of positive domain = 272 / 272 = 1.0
pruning-in-iteration extra time: 0.00013017654418945312
Time: prepare 0.0364    beta_bound 0.0081    bound 0.0081    transfer 0.0013    finalize 0.0306    func 0.0766    
Accumulated time: func 1.9033    prepare 0.2254    bound 1.5147    beta_bound 1.5143    transfer 0.0077    finalize 0.1767    
batch bounding time:  0.07678461074829102
length of domains: 0
Time: pickout 0.0011    decision 0.0385    solve 0.1109    add 0.0018    
Accumulated time: pickout 0.0064    decision 0.6551    solve 2.0268    add 0.0200    
No domains left, verification finished!
Current (lb-rhs): 1.0000000116860974e-07
308 domains visited
Cumulative time: 2.758606195449829


Properties batch 5, size 1
Remaining timeout: 16.46305513381958
##### Instance 0 first 10 spec matrices: [[[ 0.  0.  0.  0.  0. -1.  1.  0.  0.  0.]]]
thresholds: [0] ######
Initial alpha-CROWN verified for spec index [0] with bound 0.8533709645271301.

Properties batch 6, size 1
Remaining timeout: 16.384753942489624
##### Instance 0 first 10 spec matrices: [[[ 0.  0.  0.  0.  0.  0.  1. -1.  0.  0.]]]
thresholds: [0] ######
Initial alpha-CROWN verified for spec index [0] with bound 0.9427585005760193.

Properties batch 7, size 1
Remaining timeout: 16.32669448852539
##### Instance 0 first 10 spec matrices: [[[ 0.  0.  0.  0.  0.  0.  1.  0. -1.  0.]]]
thresholds: [0] ######
Initial alpha-CROWN verified for spec index [0] with bound 2.536858320236206.

Properties batch 8, size 1
Remaining timeout: 16.26970076560974
##### Instance 0 first 10 spec matrices: [[[ 0.  0.  0.  0.  0.  0.  1.  0.  0. -1.]]]
thresholds: [0] ######
Initial alpha-CROWN verified for spec index [0] with bound 1.7059595584869385.
Result: safe in 13.7739 seconds
############# Summary #############
Final verified acc: 100.0% (total 1 examples)
Problem instances count: 1 , total verified (safe/unsat): 1 , total falsified (unsafe/sat): 0 , timeout: 0
mean time for ALL instances (total 1):13.773714611181523, max time: 13.773852348327637
mean time for verified SAFE instances(total 1): 13.773852348327637, max time: 13.773852348327637
safe (total 1), index: [0]
