Configurations:

general:
  device: cuda
  seed: 100
  conv_mode: patches
  deterministic: false
  double_fp: false
  loss_reduction_func: sum
  sparse_alpha: true
  save_adv_example: false
  precompile_jit: false
  complete_verifier: bab
  enable_incomplete_verification: true
  csv_name: null
  results_file: out.txt
  root_path: ''
model:
  name: cnn_4layer
  path: cifar_cnn_a_mix.model
  onnx_path: null
  onnx_path_prefix: ''
  cache_onnx_conversion: false
  onnx_quirks: null
  input_shape: null
  onnx_loader: default_onnx_and_vnnlib_loader
  onnx_optimization_flags: none
data:
  start: 7
  end: 8
  select_instance: null
  num_outputs: 10
  mean: 0.0
  std: 1.0
  pkl_path: null
  dataset: CIFAR_SDP
  data_filter_path: null
  data_idx_file: null
specification:
  type: lp
  robustness_type: verified-acc
  norm: .inf
  epsilon: 0.00784313725
  epsilon_min: 0.0
  vnnlib_path: null
  vnnlib_path_prefix: ''
solver:
  batch_size: 4096
  min_batch_size_ratio: 0.1
  use_float64_in_last_iteration: false
  early_stop_patience: 10
  start_save_best: 0.5
  bound_prop_method: alpha-crown
  init_bound_prop_method: same
  prune_after_crown: false
  crown:
    batch_size: 1000000000
    max_crown_size: 1000000000
  alpha-crown:
    alpha: true
    lr_alpha: 0.1
    iteration: 100
    share_slopes: false
    no_joint_opt: false
    lr_decay: 0.98
    full_conv_alpha: true
  beta-crown:
    lr_alpha: 0.01
    lr_beta: 0.05
    lr_decay: 0.98
    optimizer: adam
    iteration: 20
    beta: true
    beta_warmup: true
    enable_opt_interm_bounds: false
    all_node_split_LP: false
  forward:
    refine: false
    dynamic: false
    max_dim: 10000
  intermediate_refinement:
    enabled: false
    batch_size: 10
    opt_coeffs: false
    opt_bias: false
    lr: 0.05
    layers: [-1]
    max_domains: 1000
  multi_class:
    label_batch_size: 32
    skip_with_refined_bound: true
  mip:
    parallel_solvers: null
    solver_threads: 1
    refine_neuron_timeout: 15
    refine_neuron_time_percentage: 0.8
    early_stop: true
    adv_warmup: true
    mip_solver: gurobi
bab:
  initial_max_domains: 1
  max_domains: .inf
  decision_thresh: 0
  timeout: 200
  timeout_scale: 1
  override_timeout: null
  get_upper_bound: false
  dfs_percent: 0.0
  pruning_in_iteration: true
  pruning_in_iteration_ratio: 0.2
  sort_targets: false
  batched_domain_list: true
  optimized_intermediate_layers: ''
  interm_transfer: true
  cut:
    enabled: false
    implication: false
    bab_cut: false
    lp_cut: false
    method: null
    lr: 0.01
    lr_decay: 1.0
    iteration: 100
    bab_iteration: -1
    early_stop_patience: -1
    lr_beta: 0.02
    number_cuts: 50
    topk_cuts_in_filter: 1000
    batch_size_primal: 100
    max_num: 1000000000
    patches_cut: false
    cplex_cuts: false
    cplex_cuts_wait: 0
    cplex_cuts_revpickup: true
    cut_reference_bounds: true
    fix_intermediate_bounds: false
    _tmp_cuts: null
    fixed_cuts: false
    add_implied_cuts: false
    add_input_cuts: false
  branching:
    method: kfsb
    candidates: 3
    reduceop: min
    sb_coeff_thresh: 0.001
    enable_intermediate_bound_opt: false
    branching_input_and_activation: false
    branching_input_and_activation_order: [input, relu]
    branching_input_iterations: 30
    branching_relu_iterations: 50
    sort_domain_interval: -1
    nonlinear_split:
      method: babsr_like
      branching_point_method: middle
      num_branches: 2
      branching_point_refinement: false
      naive_branching_score: false
      filter: false
      prioritize_mul: false
    input_split:
      enable: false
      enhanced_bound_prop_method: alpha-crown
      enhanced_branching_method: naive
      enhanced_bound_patience: 100000000.0
      attack_patience: 100000000.0
      adv_check: 0
  attack:
    enabled: false
    beam_candidates: 8
    beam_depth: 7
    max_dive_fix_ratio: 0.8
    min_local_free_ratio: 0.2
    mip_start_iteration: 5
    mip_timeout: 30.0
    adv_pool_threshold: null
    refined_mip_attacker: false
    refined_batch_size: null
attack:
  pgd_order: before
  pgd_steps: 100
  pgd_restarts: 50
  pgd_early_stop: true
  pgd_lr_decay: 0.99
  pgd_alpha: auto
  pgd_loss_mode: null
  enable_mip_attack: false
  cex_path: ./test_cex.txt
  attack_mode: PGD
  gama_lambda: 10.0
  gama_decay: 0.9
  check_clean: false
  input_split:
    pgd_steps: 100
    pgd_restarts: 30
    pgd_alpha: auto
  input_split_enhanced:
    pgd_steps: 200
    pgd_restarts: 5000000
    pgd_alpha: auto
  input_split_check_adv:
    pgd_steps: 5
    pgd_restarts: 5
    pgd_alpha: auto
debug:
  lp_test: null

Experiments at Tue Mar 28 16:30:27 2023 on zeratul
Sequential(
  (0): Conv2d(3, 16, kernel_size=(4, 4), stride=(2, 2), padding=(1, 1))
  (1): ReLU()
  (2): Conv2d(16, 32, kernel_size=(4, 4), stride=(2, 2), padding=(1, 1))
  (3): ReLU()
  (4): Flatten()
  (5): Linear(in_features=2048, out_features=100, bias=True)
  (6): ReLU()
  (7): Linear(in_features=100, out_features=10, bias=True)
)
############################
Sampled data loaded. Data already preprocessed!
Shape: torch.Size([200, 3, 32, 32]) torch.Size([200]) torch.Size([200])
X range: tensor(2.12560368) tensor(-1.98888886) tensor(-0.01308714)
############################
Internal results will be saved to Verified_ret_[cnn_4layer]_start=7_end=8_iter=20_b=4096_timeout=200_branching=kfsb-min-3_lra-init=0.1_lra=0.01_lrb=0.05_PGD=before_cplex_cuts=False.npy.

 %%%%%%%%%%%%%%%%%%%%%%%%%%%%%%%%%%% idx: 0, vnnlib ID: 7 %%%%%%%%%%%%%%%%%%%%%%%%%%%%%%%%%%%%%%%%
Attack parameters: initialization=uniform, steps=100, restarts=50, alpha=0.008051544427871704, initialization=uniform, GAMA=False
Model output of first 5 examples:
 tensor([[-36.28493118, -37.40874481, -32.68411255, -32.73721313, -30.50329590,
         -33.81354523, -28.70816422, -34.64643860, -36.72904205, -37.17165756]],
       device='cuda:0')
Adv example prediction (first 2 examples and 2 restarts):
 tensor([[[-35.80742264, -37.31266785, -32.48220444, -32.55156708, -29.87239075,
          -33.49222565, -29.23075676, -33.80558395, -36.40383530, -36.90386581],
         [-35.80742264, -37.31266785, -32.48220444, -32.55156708, -29.87239075,
          -33.49222565, -29.23075676, -33.80558395, -36.40383530, -36.90386581]]],
       device='cuda:0')
PGD attack margin (first 2 examles and 10 specs):
 tensor([[[6.57666588, 8.08191109, 3.25144768, 3.32081032, 0.64163399,
          4.26146889, 4.57482719, 7.17307854, 7.67310905]]], device='cuda:0')
number of violation:  0
Attack finished in 2.3236 seconds.
PGD attack failed
Model: BoundedModule(
  (/input.1): BoundInput(name=/input.1, inputs=[])
  (/1): BoundParams(name=/1, inputs=[])
  (/2): BoundParams(name=/2, inputs=[])
  (/3): BoundParams(name=/3, inputs=[])
  (/4): BoundParams(name=/4, inputs=[])
  (/5): BoundParams(name=/5, inputs=[])
  (/6): BoundParams(name=/6, inputs=[])
  (/7): BoundParams(name=/7, inputs=[])
  (/8): BoundParams(name=/8, inputs=[])
  (/input): BoundConv(name=/input, inputs=[/input.1, /1, /2])
  (/input.4): BoundRelu(name=/input.4, inputs=[/input])
  (/input.8): BoundConv(name=/input.8, inputs=[/input.4, /3, /4])
  (/12): BoundRelu(name=/12, inputs=[/input.8])
  (/13): BoundShape(name=/13, inputs=[/12])
  (/14): BoundConstant(name=/14, inputs=[])
  (/15): BoundGather(name=/15, inputs=[/13, /14])
  (/16): BoundConstant(name=/16, inputs=[])
  (/17): BoundUnsqueeze(name=/17, inputs=[/15])
  (/18): BoundUnsqueeze(name=/18, inputs=[/16])
  (/19): BoundConcat(name=/19, inputs=[/17, /18])
  (/20): BoundReshape(name=/20, inputs=[/12, /19])
  (/input.12): BoundLinear(name=/input.12, inputs=[/20, /5, /6])
  (/22): BoundRelu(name=/22, inputs=[/input.12])
  (/23): BoundLinear(name=/23, inputs=[/22, /7, /8])
)
Model prediction is: tensor([[-36.28493118, -37.40874481, -32.68411255, -32.73721313, -30.50329590,
         -33.81354523, -28.70816422, -34.64643860, -36.72904205, -37.17165756]],
       device='cuda:0')
layer /input.4 using sparse-features alpha with shape [685]; unstable size 685; total size 4096 (torch.Size([1, 16, 16, 16]))
layer /input.4 start_node /input.8 using sparse-spec alpha with unstable size 371 total_size 2048 output_shape (32, 8, 8)
layer /input.4 start_node /input.12 using sparse-spec alpha with unstable size 50 total_size 100 output_shape torch.Size([100])
layer /input.4 start_node /23 using full alpha with unstable size None total_size 9 output_shape 9
layer /12 using sparse-features alpha with shape [371]; unstable size 371; total size 2048 (torch.Size([1, 32, 8, 8]))
layer /12 start_node /input.12 using sparse-spec alpha with unstable size 50 total_size 100 output_shape torch.Size([100])
layer /12 start_node /23 using full alpha with unstable size None total_size 9 output_shape 9
layer /22 using sparse-features alpha with shape [50]; unstable size 50; total size 100 (torch.Size([1, 100]))
layer /22 start_node /23 using full alpha with unstable size None total_size 9 output_shape 9
Optimizable variables initialized.
initial CROWN bounds: tensor([[ 2.85859060,  3.40286970, -0.23343086,  0.88925123, -1.56433105,
          1.30171204,  1.02152014,  3.18243742,  2.59064794]], device='cuda:0') None
best_l after optimization: 15.755724906921387
alpha/beta optimization time: 6.845595359802246
initial alpha-CROWN bounds: tensor([[ 3.11515856,  3.71506071,  0.02376938,  1.07765198, -1.35716343,
          1.56053281,  1.30445290,  3.45267415,  2.86358786]], device='cuda:0')
Worst class: (+ rhs) -1.357163429260254
Split layers:
  BoundLinear(name=/input.12, inputs=[/20, /5, /6]): [(BoundRelu(name=/22, inputs=[/input.12]), 0)]
  BoundConv(name=/input, inputs=[/input.1, /1, /2]): [(BoundRelu(name=/input.4, inputs=[/input]), 0)]
  BoundConv(name=/input.8, inputs=[/input.4, /3, /4]): [(BoundRelu(name=/12, inputs=[/input.8]), 0)]
Total VNNLIB file length: 9, max property batch size: 1, total number of batches: 9
lA shape: [torch.Size([1, 9, 16, 16, 16]), torch.Size([1, 9, 32, 8, 8]), torch.Size([1, 9, 100])]

Properties batch 0, size 1
Remaining timeout: 184.60294461250305
##### Instance 0 first 10 spec matrices: 
tensor([[[-1.,  0.,  0.,  0.,  0.,  0.,  1.,  0.,  0.,  0.]]])
thresholds: [0] ######
Initial alpha-CROWN verified for spec index [0] with bound 3.1151585578918457.

Properties batch 1, size 1
Remaining timeout: 184.4912075996399
##### Instance 0 first 10 spec matrices: 
tensor([[[ 0., -1.,  0.,  0.,  0.,  0.,  1.,  0.,  0.,  0.]]])
thresholds: [0] ######
Initial alpha-CROWN verified for spec index [0] with bound 3.7150607109069824.

Properties batch 2, size 1
Remaining timeout: 184.4067268371582
##### Instance 0 first 10 spec matrices: 
tensor([[[ 0.,  0., -1.,  0.,  0.,  0.,  1.,  0.,  0.,  0.]]])
thresholds: [0] ######
Initial alpha-CROWN verified for spec index [0] with bound 0.023769378662109375.

Properties batch 3, size 1
Remaining timeout: 184.34427499771118
##### Instance 0 first 10 spec matrices: 
tensor([[[ 0.,  0.,  0., -1.,  0.,  0.,  1.,  0.,  0.,  0.]]])
thresholds: [0] ######
Initial alpha-CROWN verified for spec index [0] with bound 1.0776519775390625.

Properties batch 4, size 1
Remaining timeout: 184.2823510169983
##### Instance 0 first 10 spec matrices: 
tensor([[[ 0.,  0.,  0.,  0., -1.,  0.,  1.,  0.,  0.,  0.]]])
thresholds: [0] ######
Remaining spec index [0] with bounds tensor([[-1.35716343]], device='cuda:0') need to verify.
Model: BoundedModule(
  (/input.1): BoundInput(name=/input.1, inputs=[])
  (/1): BoundParams(name=/1, inputs=[])
  (/2): BoundParams(name=/2, inputs=[])
  (/3): BoundParams(name=/3, inputs=[])
  (/4): BoundParams(name=/4, inputs=[])
  (/5): BoundParams(name=/5, inputs=[])
  (/6): BoundParams(name=/6, inputs=[])
  (/7): BoundParams(name=/7, inputs=[])
  (/8): BoundParams(name=/8, inputs=[])
  (/input): BoundConv(name=/input, inputs=[/input.1, /1, /2])
  (/input.4): BoundRelu(name=/input.4, inputs=[/input])
  (/input.8): BoundConv(name=/input.8, inputs=[/input.4, /3, /4])
  (/12): BoundRelu(name=/12, inputs=[/input.8])
  (/13): BoundShape(name=/13, inputs=[/12])
  (/14): BoundConstant(name=/14, inputs=[])
  (/15): BoundGather(name=/15, inputs=[/13, /14])
  (/16): BoundConstant(name=/16, inputs=[])
  (/17): BoundUnsqueeze(name=/17, inputs=[/15])
  (/18): BoundUnsqueeze(name=/18, inputs=[/16])
  (/19): BoundConcat(name=/19, inputs=[/17, /18])
  (/20): BoundReshape(name=/20, inputs=[/12, /19])
  (/input.12): BoundLinear(name=/input.12, inputs=[/20, /5, /6])
  (/22): BoundRelu(name=/22, inputs=[/input.12])
  (/23): BoundLinear(name=/23, inputs=[/22, /7, /8])
)
Model prediction is: tensor([-36.28493118, -37.40874481, -32.68411255, -32.73721313, -30.50329590,
        -33.81354523, -28.70816422, -34.64643860, -36.72904205, -37.17165756],
       device='cuda:0')
build_with_refined_bounds batch [0/1]
setting alpha for layer /input.4 start_node /23 with alignment adjustment
setting alpha for layer /12 start_node /23 with alignment adjustment
setting alpha for layer /22 start_node /23 with alignment adjustment
all slope initialized
directly get lb and ub from refined bounds
lA shapes: [torch.Size([1, 1, 16, 16, 16]), torch.Size([1, 1, 32, 8, 8]), torch.Size([1, 1, 100])]
c shape: torch.Size([1, 1, 10])
alpha-CROWN with fixed intermediate bounds: tensor([[-1.35716343]], device='cuda:0') tensor([[inf]], device='cuda:0')
Intermediate layers: /input.12,/input,/input.8,/23
Split layers:
  BoundConv(name=/input, inputs=[/input.1, /1, /2]): [(BoundRelu(name=/input.4, inputs=[/input]), 0)]
  BoundLinear(name=/input.12, inputs=[/20, /5, /6]): [(BoundRelu(name=/22, inputs=[/input.12]), 0)]
  BoundConv(name=/input.8, inputs=[/input.4, /3, /4]): [(BoundRelu(name=/12, inputs=[/input.8]), 0)]
Keeping slopes for these layers: ['/23']
Keeping slopes for these layers: ['/23']
Node /input.4 input 0: size torch.Size([16, 16, 16]) unstable 685
Node /12 input 0: size torch.Size([32, 8, 8]) unstable 367
Node /22 input 0: size torch.Size([100]) unstable 49
-----------------
# of unstable neurons: 1101
-----------------

BaB round 1
batch: 1
Average branched neurons at iteration 1:  1.0000
splitting decisions: 
split level 0: [/input.12, 88] 
split level 1: [/input.12, 38] 
split level 2: [/input.12, 58] 
split level 3: [/input.12, 8] 
split level 4: [/input.12, 49] 
split level 5: [/input.12, 40] 
split level 6: [/input.12, 95] 
split level 7: [/input.12, 62] 
pruning_in_iteration open status: True
ratio of positive domain = 230 / 256 = 0.8984375
pruning-in-iteration extra time: 0.016274690628051758
Time: prepare 0.0206    beta_bound 0.8812    bound 0.8813    transfer 0.0041    finalize 0.0242    func 0.9304    
Accumulated time: func 0.9304    prepare 0.0224    bound 0.8813    beta_bound 0.8812    transfer 0.0041    finalize 0.0242    
batch bounding time:  0.9308013916015625
Current worst splitting domains lb-rhs (depth):
-0.32082 (8), -0.32062 (8), -0.31189 (8), -0.30741 (8), -0.30504 (8), -0.30271 (8), -0.29806 (8), -0.28971 (8), -0.22165 (8), -0.21976 (8), -0.21092 (8), -0.20766 (8), -0.20668 (8), -0.20537 (8), -0.19878 (8), -0.19815 (8), -0.14919 (8), -0.14285 (8), -0.13368 (8), -0.13174 (8), 
length of domains: 26
Time: pickout 0.0016    decision 0.5313    set_bounds 0.0088    solve 0.9308    add 0.0031    
Accumulated time: pickout 0.0016    decision 0.5313    set_bounds 0.0088    solve 0.9308    add 0.0031    
Current (lb-rhs): -0.3208165168762207
26 domains visited
Cumulative time: 1.5709879398345947

BaB round 2
batch: 26
Average branched neurons at iteration 2:  1.0000
splitting decisions: 
split level 0: [/input.12, 67] [/input.12, 67] [/input.12, 67] [/input.12, 67] [/input.12, 67] [/input.12, 67] [/input.12, 67] [/input.12, 67] [/input.12, 67] [/input.12, 67] 
split level 1: [/input.12, 29] [/input.12, 29] [/input.12, 29] [/input.12, 29] [/input.12, 29] [/input.12, 29] [/input.12, 29] [/input.12, 29] [/input.12, 29] [/input.12, 29] 
split level 2: [/input.12, 16] [/input.12, 16] [/input.12, 16] [/input.12, 16] [/input.12, 16] [/input.12, 16] [/input.12, 16] [/input.12, 16] [/input.12, 16] [/input.12, 16] 
pruning_in_iteration open status: True
ratio of positive domain = 144 / 208 = 0.6923076923076923
pruning-in-iteration extra time: 0.02566671371459961
Time: prepare 0.0189    beta_bound 0.4163    bound 0.4164    transfer 0.0022    finalize 0.0127    func 0.4505    
Accumulated time: func 1.3808    prepare 0.0419    bound 1.2977    beta_bound 1.2975    transfer 0.0063    finalize 0.0368    
batch bounding time:  0.4507615566253662
Current worst splitting domains lb-rhs (depth):
-0.21119 (11), -0.20671 (11), -0.20099 (11), -0.19630 (11), -0.19228 (11), -0.19217 (11), -0.18380 (11), -0.17514 (11), -0.16235 (11), -0.15366 (11), -0.15167 (11), -0.15030 (11), -0.14606 (11), -0.14464 (11), -0.14208 (11), -0.13993 (11), -0.11994 (11), -0.10713 (11), -0.10676 (11), -0.10601 (11), 
length of domains: 64
Time: pickout 0.0017    decision 0.0428    set_bounds 0.0051    solve 0.4508    add 0.0051    
Accumulated time: pickout 0.0033    decision 0.5741    set_bounds 0.0139    solve 1.3816    add 0.0082    
Current (lb-rhs): -0.21119093894958496
90 domains visited
Cumulative time: 2.077698230743408

BaB round 3
batch: 64
Average branched neurons at iteration 3:  1.0000
splitting decisions: 
split level 0: [/input.12, 82] [/input.12, 82] [/input.12, 82] [/input.12, 82] [/input.12, 82] [/input.12, 82] [/input.12, 82] [/input.12, 82] [/input.12, 82] [/input.12, 82] 
split level 1: [/input.12, 19] [/input.12, 19] [/input.12, 19] [/input.12, 19] [/input.12, 19] [/input.12, 19] [/input.12, 19] [/input.12, 19] [/input.12, 19] [/input.12, 19] 
pruning_in_iteration open status: True
ratio of positive domain = 183 / 256 = 0.71484375
pruning-in-iteration extra time: 0.012448787689208984
Time: prepare 0.0274    beta_bound 0.3627    bound 0.3628    transfer 0.0021    finalize 0.0149    func 0.4074    
Accumulated time: func 1.7882    prepare 0.0701    bound 1.6605    beta_bound 1.6602    transfer 0.0084    finalize 0.0518    
batch bounding time:  0.40756916999816895
Current worst splitting domains lb-rhs (depth):
-0.14946 (13), -0.14369 (13), -0.14287 (13), -0.14157 (13), -0.13880 (13), -0.13594 (13), -0.13372 (13), -0.13142 (13), -0.12867 (13), -0.12763 (13), -0.12705 (13), -0.12330 (13), -0.12143 (13), -0.11735 (13), -0.11204 (13), -0.10975 (13), -0.09984 (13), -0.09360 (13), -0.09163 (13), -0.09028 (13), 
length of domains: 73
Time: pickout 0.0021    decision 0.0494    set_bounds 0.0047    solve 0.4076    add 0.0033    
Accumulated time: pickout 0.0054    decision 0.6235    set_bounds 0.0185    solve 1.7892    add 0.0115    
Current (lb-rhs): -0.14946484565734863
163 domains visited
Cumulative time: 2.5457763671875

BaB round 4
batch: 73
Average branched neurons at iteration 4:  1.0000
splitting decisions: 
split level 0: [/input.12, 19] [/input.12, 19] [/input.12, 19] [/input.12, 19] [/input.12, 94] [/input.12, 94] [/input.12, 94] [/input.12, 94] [/input.12, 94] [/input.12, 94] 
split level 1: [/input.12, 94] [/input.12, 94] [/input.12, 94] [/input.12, 94] [/input.12, 60] [/input.8, 1491] [/input.12, 60] [/input.8, 1491] [/input.12, 60] [/input.8, 1491] 
pruning_in_iteration open status: True
ratio of positive domain = 236 / 292 = 0.8082191780821918
pruning-in-iteration extra time: 0.013000965118408203
Time: prepare 0.0285    beta_bound 0.3789    bound 0.3789    transfer 0.0021    finalize 0.0197    func 0.4295    
Accumulated time: func 2.2176    prepare 0.0993    bound 2.0395    beta_bound 2.0391    transfer 0.0105    finalize 0.0715    
batch bounding time:  0.42993903160095215
Current worst splitting domains lb-rhs (depth):
-0.10353 (15), -0.10315 (15), -0.10259 (15), -0.10051 (15), -0.09762 (15), -0.09587 (15), -0.09301 (15), -0.09169 (15), -0.08957 (15), -0.08932 (15), -0.08699 (15), -0.08680 (15), -0.08640 (15), -0.08575 (15), -0.08483 (15), -0.08418 (15), -0.08116 (15), -0.08074 (15), -0.07993 (15), -0.07912 (15), 
length of domains: 56
Time: pickout 0.0012    decision 0.0394    set_bounds 0.0030    solve 0.4300    add 0.0045    
Accumulated time: pickout 0.0065    decision 0.6629    set_bounds 0.0216    solve 2.2192    add 0.0160    
Current (lb-rhs): -0.10353326797485352
219 domains visited
Cumulative time: 3.025038480758667

BaB round 5
batch: 56
Average branched neurons at iteration 5:  1.0000
splitting decisions: 
split level 0: [/input.12, 60] [/input.12, 60] [/input.12, 60] [/input.12, 60] [/input.12, 60] [/input.12, 60] [/input.12, 60] [/input.12, 60] [/input.12, 60] [/input.12, 60] 
split level 1: [/input.12, 15] [/input.12, 15] [/input.12, 15] [/input.12, 15] [/input.12, 22] [/input.12, 15] [/input.12, 22] [/input.12, 15] [/input.12, 15] [/input.12, 15] 
pruning_in_iteration open status: True
ratio of positive domain = 182 / 224 = 0.8125
pruning-in-iteration extra time: 0.014822244644165039
Time: prepare 0.0248    beta_bound 0.3708    bound 0.3709    transfer 0.0023    finalize 0.0189    func 0.4171    
Accumulated time: func 2.6348    prepare 0.1245    bound 2.4103    beta_bound 2.4098    transfer 0.0128    finalize 0.0904    
batch bounding time:  0.4173905849456787
Current worst splitting domains lb-rhs (depth):
-0.07223 (17), -0.07186 (17), -0.07130 (17), -0.06909 (17), -0.06085 (17), -0.05929 (17), -0.05821 (17), -0.05761 (17), -0.05583 (17), -0.05416 (17), -0.05411 (17), -0.05240 (17), -0.05125 (17), -0.05063 (17), -0.05057 (17), -0.05021 (17), -0.04949 (17), -0.04792 (17), -0.04630 (17), -0.04562 (17), 
length of domains: 42
Time: pickout 0.0011    decision 0.0347    set_bounds 0.0032    solve 0.4174    add 0.0032    
Accumulated time: pickout 0.0077    decision 0.6976    set_bounds 0.0248    solve 2.6366    add 0.0193    
Current (lb-rhs): -0.07223296165466309
261 domains visited
Cumulative time: 3.485917091369629

BaB round 6
batch: 42
Average branched neurons at iteration 6:  1.0000
splitting decisions: 
split level 0: [/input.8, 1491] [/input.8, 1491] [/input.12, 46] [/input.8, 1491] [/input.8, 1491] [/input.8, 1701] [/input.8, 1491] [/input.12, 46] [/input.8, 1491] [/input.8, 1491] 
split level 1: [/input.12, 46] [/input.12, 46] [/input.12, 22] [/input.12, 46] [/input.12, 46] [/input.12, 15] [/input.12, 46] [/input.12, 22] [/input.12, 46] [/input.12, 46] 
split level 2: [/input.8, 979] [/input.8, 979] [/input.8, 979] [/input.8, 979] [/input.8, 979] [/input.8, 979] [/input.8, 979] [/input.8, 979] [/input.8, 979] [/input.8, 979] 
pruning_in_iteration open status: True
ratio of positive domain = 304 / 336 = 0.9047619047619048
pruning-in-iteration extra time: 0.01438593864440918
Time: prepare 0.0386    beta_bound 0.3856    bound 0.3858    transfer 0.0049    finalize 0.0357    func 0.4652    
Accumulated time: func 3.1000    prepare 0.1639    bound 2.7961    beta_bound 2.7955    transfer 0.0178    finalize 0.1261    
batch bounding time:  0.4657101631164551
Current worst splitting domains lb-rhs (depth):
-0.03050 (20), -0.03044 (20), -0.02872 (20), -0.02856 (20), -0.02555 (20), -0.02516 (20), -0.02415 (20), -0.02310 (20), -0.02151 (20), -0.01980 (20), -0.01829 (20), -0.01789 (20), -0.01513 (20), -0.01402 (20), -0.01313 (20), -0.01162 (20), -0.01026 (20), -0.00867 (20), -0.00811 (20), -0.00759 (20), 
length of domains: 32
Time: pickout 0.0015    decision 0.0555    set_bounds 0.0063    solve 0.4658    add 0.0033    
Accumulated time: pickout 0.0092    decision 0.7531    set_bounds 0.0311    solve 3.1024    add 0.0225    
Current (lb-rhs): -0.030504226684570312
293 domains visited
Cumulative time: 4.0203680992126465

BaB round 7
batch: 32
Average branched neurons at iteration 7:  1.0000
splitting decisions: 
split level 0: [/input.12, 46] [/input.12, 46] [/input.12, 46] [/input.12, 46] [/input.12, 46] [/input.8, 1130] [/input.8, 1701] [/input.8, 1498] [/input.8, 1701] [/input.8, 1701] 
split level 1: [/input.12, 35] [/input.12, 35] [/input.12, 35] [/input.12, 35] [/input.12, 35] [/input.12, 35] [/input.8, 1492] [/input.8, 1130] [/input.12, 35] [/input.8, 1492] 
split level 2: [/input.12, 31] [/input.12, 31] [/input.12, 31] [/input.12, 31] [/input.12, 31] [/input.8, 1123] [/input.12, 35] [/input.12, 35] [/input.8, 1492] [/input.12, 35] 

all verified at 0th iter
pruning_in_iteration open status: False
ratio of positive domain = 256 / 256 = 1.0
pruning-in-iteration extra time: 8.559226989746094e-05
Time: prepare 0.0222    beta_bound 0.0085    bound 0.0085    transfer 0.0018    finalize 0.0157    func 0.0483    
Accumulated time: func 3.1482    prepare 0.1868    bound 2.8046    beta_bound 2.8039    transfer 0.0195    finalize 0.1418    
batch bounding time:  0.048456668853759766
length of domains: 0
Time: pickout 0.0021    decision 0.0475    set_bounds 0.0043    solve 0.0485    add 0.0002    
Accumulated time: pickout 0.0113    decision 0.8006    set_bounds 0.0354    solve 3.1509    add 0.0227    
No domains left, verification finished!
Current (lb-rhs): 1.0000000116860974e-07
293 domains visited
Cumulative time: 4.124200105667114


Properties batch 5, size 1
Remaining timeout: 179.97733736038208
##### Instance 0 first 10 spec matrices: 
tensor([[[ 0.,  0.,  0.,  0.,  0., -1.,  1.,  0.,  0.,  0.]]])
thresholds: [0] ######
Initial alpha-CROWN verified for spec index [0] with bound 1.560532808303833.

Properties batch 6, size 1
Remaining timeout: 179.82477068901062
##### Instance 0 first 10 spec matrices: 
tensor([[[ 0.,  0.,  0.,  0.,  0.,  0.,  1., -1.,  0.,  0.]]])
thresholds: [0] ######
Initial alpha-CROWN verified for spec index [0] with bound 1.304452896118164.

Properties batch 7, size 1
Remaining timeout: 179.76673913002014
##### Instance 0 first 10 spec matrices: 
tensor([[[ 0.,  0.,  0.,  0.,  0.,  0.,  1.,  0., -1.,  0.]]])
thresholds: [0] ######
Initial alpha-CROWN verified for spec index [0] with bound 3.452674150466919.

Properties batch 8, size 1
Remaining timeout: 179.69406938552856
##### Instance 0 first 10 spec matrices: 
tensor([[[ 0.,  0.,  0.,  0.,  0.,  0.,  1.,  0.,  0., -1.]]])
thresholds: [0] ######
Initial alpha-CROWN verified for spec index [0] with bound 2.8635878562927246.
Result: safe in 20.3863 seconds
############# Summary #############
Final verified acc: 100.0% (total 1 examples)
Problem instances count: 1 , total verified (safe/unsat): 1 , total falsified (unsafe/sat): 0 , timeout: 0
mean time for ALL instances (total 1):20.386075006971488, max time: 20.386278867721558
mean time for verified SAFE instances(total 1): 20.386278867721558, max time: 20.386278867721558
safe (total 1), index: [0]
