Configurations:

general:
  device: cuda
  seed: 100
  conv_mode: patches
  deterministic: false
  double_fp: false
  loss_reduction_func: sum
  sparse_alpha: true
  save_adv_example: false
  precompile_jit: false
  complete_verifier: mip
  enable_incomplete_verification: true
  csv_name: mnistfc_instances.csv
  results_file: out.txt
  root_path: ../../vnncomp2021/benchmarks/mnistfc
model:
  name: null
  path: null
  onnx_path: null
  onnx_path_prefix: ''
  cache_onnx_conversion: false
  onnx_quirks: null
  input_shape: [-1, 1, 28, 28]
  onnx_loader: default_onnx_and_vnnlib_loader
  onnx_optimization_flags: none
data:
  start: 5
  end: 6
  select_instance: null
  num_outputs: 10
  mean: 0.0
  std: 1.0
  pkl_path: null
  dataset: null
  data_filter_path: null
  data_idx_file: null
specification:
  type: lp
  robustness_type: verified-acc
  norm: .inf
  epsilon: null
  epsilon_min: 0.0
  vnnlib_path: null
  vnnlib_path_prefix: ''
solver:
  batch_size: 500
  min_batch_size_ratio: 0.1
  use_float64_in_last_iteration: false
  early_stop_patience: 10
  start_save_best: 0.5
  bound_prop_method: alpha-crown
  init_bound_prop_method: same
  prune_after_crown: false
  crown:
    batch_size: 1000000000
    max_crown_size: 1000000000
  alpha-crown:
    alpha: true
    lr_alpha: 0.1
    iteration: 100
    share_slopes: false
    no_joint_opt: false
    lr_decay: 0.98
    full_conv_alpha: true
  beta-crown:
    lr_alpha: 0.01
    lr_beta: 0.03
    lr_decay: 0.98
    optimizer: adam
    iteration: 20
    beta: true
    beta_warmup: true
    enable_opt_interm_bounds: false
    all_node_split_LP: false
  forward:
    refine: false
    dynamic: false
    max_dim: 10000
  intermediate_refinement:
    enabled: false
    batch_size: 10
    opt_coeffs: false
    opt_bias: false
    lr: 0.05
    layers: [-1]
    max_domains: 1000
  multi_class:
    label_batch_size: 32
    skip_with_refined_bound: true
  mip:
    parallel_solvers: 16
    solver_threads: 1
    refine_neuron_timeout: 15
    refine_neuron_time_percentage: 0.8
    early_stop: true
    adv_warmup: true
    mip_solver: gurobi
bab:
  initial_max_domains: 1
  max_domains: .inf
  decision_thresh: 0
  timeout: 360
  timeout_scale: 1
  override_timeout: null
  get_upper_bound: false
  dfs_percent: 0.0
  pruning_in_iteration: true
  pruning_in_iteration_ratio: 0.2
  sort_targets: false
  batched_domain_list: true
  optimized_intermediate_layers: ''
  interm_transfer: true
  cut:
    enabled: false
    implication: false
    bab_cut: false
    lp_cut: false
    method: null
    lr: 0.01
    lr_decay: 1.0
    iteration: 100
    bab_iteration: -1
    early_stop_patience: -1
    lr_beta: 0.02
    number_cuts: 50
    topk_cuts_in_filter: 1000
    batch_size_primal: 100
    max_num: 1000000000
    patches_cut: false
    cplex_cuts: false
    cplex_cuts_wait: 0
    cplex_cuts_revpickup: true
    cut_reference_bounds: true
    fix_intermediate_bounds: false
    _tmp_cuts: null
    fixed_cuts: false
    add_implied_cuts: false
    add_input_cuts: false
  branching:
    method: kfsb
    candidates: 5
    reduceop: max
    sb_coeff_thresh: 0.001
    enable_intermediate_bound_opt: false
    branching_input_and_activation: false
    branching_input_and_activation_order: [input, relu]
    branching_input_iterations: 30
    branching_relu_iterations: 50
    sort_domain_interval: -1
    nonlinear_split:
      method: babsr_like
      branching_point_method: middle
      num_branches: 2
      branching_point_refinement: false
      naive_branching_score: false
      filter: false
      prioritize_mul: false
    input_split:
      enable: false
      enhanced_bound_prop_method: alpha-crown
      enhanced_branching_method: naive
      enhanced_bound_patience: 100000000.0
      attack_patience: 100000000.0
      adv_check: 0
  attack:
    enabled: false
    beam_candidates: 8
    beam_depth: 7
    max_dive_fix_ratio: 0.8
    min_local_free_ratio: 0.2
    mip_start_iteration: 5
    mip_timeout: 30.0
    adv_pool_threshold: null
    refined_mip_attacker: false
    refined_batch_size: null
attack:
  pgd_order: before
  pgd_steps: 100
  pgd_restarts: 30
  pgd_early_stop: true
  pgd_lr_decay: 0.99
  pgd_alpha: auto
  pgd_loss_mode: null
  enable_mip_attack: false
  cex_path: ./test_cex.txt
  attack_mode: PGD
  gama_lambda: 10.0
  gama_decay: 0.9
  check_clean: false
  input_split:
    pgd_steps: 100
    pgd_restarts: 30
    pgd_alpha: auto
  input_split_enhanced:
    pgd_steps: 200
    pgd_restarts: 5000000
    pgd_alpha: auto
  input_split_check_adv:
    pgd_steps: 5
    pgd_restarts: 5
    pgd_alpha: auto
debug:
  lp_test: null

Experiments at Tue Mar 28 14:10:52 2023 on zeratul
customized start/end sample from instance 5 to 6 in mnistfc_instances.csv
Internal results will be saved to a-b-crown_[mnistfc_instances]_start=5_end=6_iter=20_b=500_timeout=360_branching=kfsb-max-5_lra-init=0.1_lra=0.01_lrb=0.03_PGD=before_cplex_cuts=False_initial_max_domains=1.npz.

 %%%%%%%%%%%%%%%%%%%%%%%%%%%%%%%%%%% idx: 0, vnnlib ID: 5 %%%%%%%%%%%%%%%%%%%%%%%%%%%%%%%%%%%%%%%%
Using onnx mnist-net_256x2.onnx
Using vnnlib prop_5_0.03.vnnlib
Precompiled vnnlib file found at ../../vnncomp2021/benchmarks/mnistfc/prop_5_0.03.vnnlib.compiled
Loading onnx ../../vnncomp2021/benchmarks/mnistfc/mnist-net_256x2.onnx wih quirks {}

*************Error traceback*************
Traceback (most recent call last):
  File "/home/zhouxingshi/gputest/Verifier_Development/complete_verifier/load_model.py", line 134, in load_model_onnx
    output_onnx = inference_onnx(path, dummy.numpy())[0]
  File "/home/zhouxingshi/gputest/Verifier_Development/complete_verifier/load_model.py", line 76, in inference_onnx
    res = sess.run(None, inp)
  File "/home/zhouxingshi/miniconda3/envs/alpha-beta-crown/lib/python3.7/site-packages/onnxruntime/capi/onnxruntime_inference_collection.py", line 200, in run
    return self._sess.run(output_names, input_feed, run_options)
onnxruntime.capi.onnxruntime_pybind11_state.InvalidArgument: [ONNXRuntimeError] : 2 : INVALID_ARGUMENT : Invalid rank for input: 0 Got: 4 Expected: 3 Please fix either the inputs or the model.

*****************************************

Attack parameters: initialization=uniform, steps=100, restarts=30, alpha=0.007500000298023224, initialization=uniform, GAMA=False
Model output of first 5 examples:
 tensor([[-1.87407434e-03,  1.75086409e-03,  3.97220254e-04,  9.53896344e-03,
         -5.20344451e-03,  3.88952345e-03,  2.64720246e-03, -3.12046707e-03,
          2.16355175e-03,  9.98186588e-01]], device='cuda:0')
Adv example prediction (first 2 examples and 2 restarts):
 tensor([[[-0.02361684, -0.03725408,  0.01360038, -0.08698453,  0.00441934,
           0.06979388,  0.00667239, -0.02140065,  0.46196252,  0.62348855],
         [-0.02361684, -0.03725408,  0.01360038, -0.08698453,  0.00441934,
           0.06979388,  0.00667239, -0.02140065,  0.46196252,  0.62348855]]],
       device='cuda:0')
PGD attack margin (first 2 examles and 10 specs):
 tensor([[[0.64710540, 0.66074264, 0.60988820, 0.71047306, 0.61906922,
          0.55369467, 0.61681616, 0.64488918, 0.16152602]]], device='cuda:0')
number of violation:  0
Attack finished in 2.3140 seconds.
PGD attack failed
Model: BoundedModule(
  (/0): BoundInput(name=/0, inputs=[])
  (/7): BoundParams(name=/7, inputs=[])
  (/8): BoundParams(name=/8, inputs=[])
  (/9): BoundParams(name=/9, inputs=[])
  (/10): BoundParams(name=/10, inputs=[])
  (/11): BoundParams(name=/11, inputs=[])
  (/12): BoundParams(name=/12, inputs=[])
  (/13): BoundFlatten(name=/13, inputs=[/0])
  (/input): BoundLinear(name=/input, inputs=[/13, /7, /8])
  (/15): BoundRelu(name=/15, inputs=[/input])
  (/input.3): BoundLinear(name=/input.3, inputs=[/15, /9, /10])
  (/17): BoundRelu(name=/17, inputs=[/input.3])
  (/18): BoundLinear(name=/18, inputs=[/17, /11, /12])
)
Model prediction is: tensor([[-1.87407434e-03,  1.75086409e-03,  3.97220254e-04,  9.53896344e-03,
         -5.20344451e-03,  3.88952345e-03,  2.64720246e-03, -3.12046707e-03,
          2.16355175e-03,  9.98186588e-01]], device='cuda:0')
layer /15 using sparse-features alpha with shape [17]; unstable size 17; total size 256 (torch.Size([1, 256]))
layer /15 start_node /input.3 using sparse-spec alpha with unstable size 59 total_size 256 output_shape torch.Size([256])
layer /15 start_node /18 using full alpha with unstable size None total_size 9 output_shape 9
layer /17 using sparse-features alpha with shape [59]; unstable size 59; total size 256 (torch.Size([1, 256]))
layer /17 start_node /18 using full alpha with unstable size None total_size 9 output_shape 9
Optimizable variables initialized.
initial CROWN bounds: tensor([[-0.35547203, -0.31888068, -0.42547223, -0.85061693, -0.78699940,
         -0.98808861, -0.50238883, -0.54648626, -0.89000803]], device='cuda:0') None
best_l after optimization: -2.6466097831726074
alpha/beta optimization time: 4.144742250442505
initial alpha-CROWN bounds: tensor([[-0.09440517, -0.05390655, -0.12141527, -0.41476417, -0.42748505,
         -0.61710393, -0.14373121, -0.19584797, -0.57795060]], device='cuda:0')
Worst class: (+ rhs) -0.6171039342880249
Split layers:
  BoundLinear(name=/input, inputs=[/13, /7, /8]): [(BoundRelu(name=/15, inputs=[/input]), 0)]
  BoundLinear(name=/input.3, inputs=[/15, /9, /10]): [(BoundRelu(name=/17, inputs=[/input.3]), 0)]
Set parameter Username
Academic license - for non-commercial use only - expires 2024-02-29
mip_multi_proc: 16, mip_threads: 1, total threads used: 16
mip solver model built in 0.4762 seconds.
lower bounds for all target labels: [-0.0944051742553711, -0.05390654504299164, -0.12142026424407959, -0.4147641658782959, -0.42748504877090454, -0.617110013961792, -0.14373503625392914, -0.19584797322750092, -0.5779505968093872]
Starting MIP solver for these labels: [0, 1, 2, 3, 4, 5, 6, 7, 8]
PGD done for relu layer final
/home/zhouxingshi/miniconda3/envs/alpha-beta-crown/lib/python3.7/site-packages/onnx2pytorch/convert/layer.py:30: UserWarning: The given NumPy array is not writable, and PyTorch does not support non-writable tensors. This means writing to this tensor will result in undefined behavior. You may want to copy the array to protect its data or make it writable before converting it to a tensor. This type of warning will be suppressed for the rest of this program. (Triggered internally at  /opt/conda/conda-bld/pytorch_1646755953518/work/torch/csrc/utils/tensor_numpy.cpp:178.)
  layer.weight.data = torch.from_numpy(numpy_helper.to_array(weight))
/home/zhouxingshi/miniconda3/envs/alpha-beta-crown/lib/python3.7/site-packages/onnx2pytorch/convert/model.py:154: UserWarning: Using experimental implementation that allows 'batch_size > 1'.Batchnorm layers could potentially produce false outputs.
  "Using experimental implementation that allows 'batch_size > 1'."
/home/zhouxingshi/gputest/Verifier_Development/complete_verifier/load_model.py:140: UserWarning: Not able to check model's conversion correctness
  warnings.warn('Not able to check model\'s conversion correctness')
solving MIP for lay/18_0, status:15, [-0.0944051742553711, inf]=>[0.04707137485786224, 0.688475489821428], time: 0.5148932933807373s
solving MIP for lay/18_1, status:15, [-0.05390654504299164, inf]=>[0.010971421716676404, 0.9710052172427478], time: 0.519355297088623s
solving MIP for lay/18_2, status:15, [-0.12142026424407959, inf]=>[0.030299643615094782, 0.6723753325734649], time: 0.6044244766235352s
solving MIP for lay/18_6, status:15, [-0.14373503625392914, inf]=>[0.017507581531419784, 0.9735415399520915], time: 0.6367542743682861s
solving MIP for lay/18_7, status:15, [-0.19584797322750092, inf]=>[0.029859257333258876, 0.9854955505891618], time: 0.7779552936553955s
solving MIP for lay/18_3, status:15, [-0.4147641658782959, inf]=>[0.027135639815815585, 0.964983772346369], time: 3.7007803916931152s
solving MIP for lay/18_5, status:15, [-0.617110013961792, inf]=>[0.04675096869564738, 0.37384082829184384], time: 4.056462526321411s
solving MIP for lay/18_8, status:15, [-0.5779505968093872, inf]=>[0.05260607205863095, 0.16146901704857666], time: 4.856913328170776s
solving MIP for lay/18_4, status:15, [-0.42748504877090454, inf]=>[0.005060920368186186, 0.69398173095762], time: 5.351233005523682s
MIP solved lower bound: tensor([[0.04707137],
        [0.01097142],
        [0.03029964],
        [0.02713564],
        [0.00506092],
        [0.04675097],
        [0.01750758],
        [0.02985926],
        [0.05260607]])
MIP solved upper bound: tensor([[0.68847549],
        [0.97100520],
        [0.67237532],
        [0.96498376],
        [0.69398171],
        [0.37384084],
        [0.97354156],
        [0.98549557],
        [0.16146901]])
verified safe-mip with init mip!
Result: safe-mip in 20.5535 seconds
############# Summary #############
Final verified acc: 100.0% (total 1 examples)
Problem instances count: 1 , total verified (safe/unsat): 1 , total falsified (unsafe/sat): 0 , timeout: 0
mean time for ALL instances (total 1):20.553255065441288, max time: 20.553460597991943
mean time for verified SAFE instances(total 1): 20.553460597991943, max time: 20.553460597991943
safe-mip (total 1), index: [0]
