Configurations:

general:
  device: cuda
  seed: 100
  conv_mode: patches
  deterministic: false
  double_fp: false
  loss_reduction_func: sum
  sparse_alpha: true
  save_adv_example: false
  precompile_jit: false
  complete_verifier: mip
  enable_incomplete_verification: true
  csv_name: mnistfc_instances.csv
  results_file: out.txt
  root_path: ../../vnncomp2021/benchmarks/mnistfc
model:
  name: null
  path: null
  onnx_path: null
  onnx_path_prefix: ''
  cache_onnx_conversion: false
  onnx_quirks: null
  input_shape: [-1, 1, 28, 28]
  onnx_loader: default_onnx_and_vnnlib_loader
  onnx_optimization_flags: none
data:
  start: 7
  end: 8
  select_instance: null
  num_outputs: 10
  mean: 0.0
  std: 1.0
  pkl_path: null
  dataset: null
  data_filter_path: null
  data_idx_file: null
specification:
  type: lp
  robustness_type: verified-acc
  norm: .inf
  epsilon: null
  vnnlib_path: null
  vnnlib_path_prefix: ''
solver:
  batch_size: 500
  min_batch_size_ratio: 0.1
  use_float64_in_last_iteration: false
  early_stop_patience: 10
  start_save_best: 0.5
  bound_prop_method: alpha-crown
  init_bound_prop_method: same
  prune_after_crown: false
  crown:
    batch_size: 1000000000
    max_crown_size: 1000000000
  alpha-crown:
    alpha: true
    lr_alpha: 0.1
    iteration: 100
    share_slopes: false
    no_joint_opt: false
    lr_decay: 0.98
    full_conv_alpha: true
  beta-crown:
    lr_alpha: 0.01
    lr_beta: 0.03
    lr_decay: 0.98
    optimizer: adam
    iteration: 20
    beta: true
    beta_warmup: true
    enable_opt_interm_bounds: false
    all_node_split_LP: false
  forward:
    refine: false
    dynamic: false
    max_dim: 10000
  intermediate_refinement:
    enabled: false
    batch_size: 10
    opt_coeffs: false
    opt_bias: false
    lr: 0.05
    layers: [-1]
    max_domains: 1000
  multi_class:
    label_batch_size: 32
    skip_with_refined_bound: true
  mip:
    parallel_solvers: 16
    solver_threads: 1
    refine_neuron_timeout: 15
    refine_neuron_time_percentage: 0.8
    early_stop: true
    adv_warmup: true
    mip_solver: gurobi
bab:
  initial_max_domains: 1
  max_domains: .inf
  decision_thresh: 0
  timeout: 360
  timeout_scale: 0.25
  override_timeout: null
  get_upper_bound: false
  dfs_percent: 0.0
  pruning_in_iteration: true
  pruning_in_iteration_ratio: 0.2
  sort_targets: false
  batched_domain_list: true
  optimized_intermediate_layers: ''
  interm_transfer: true
  cut:
    enabled: false
    bab_cut: false
    lp_cut: false
    method: null
    lr: 0.01
    lr_decay: 1.0
    iteration: 100
    bab_iteration: -1
    early_stop_patience: -1
    lr_beta: 0.02
    number_cuts: 50
    topk_cuts_in_filter: 100
    batch_size_primal: 100
    max_num: 1000000000
    patches_cut: false
    cplex_cuts: false
    cplex_cuts_wait: 0
    cplex_cuts_revpickup: true
    cut_reference_bounds: true
    fix_intermediate_bounds: false
    _tmp_cuts: null
    fixed_cuts: false
    add_implied_cuts: false
    add_input_cuts: false
  branching:
    method: kfsb
    candidates: 5
    reduceop: max
    sb_coeff_thresh: 0.001
    branching_input_and_activation: false
    branching_input_and_activation_order: [input, relu]
    branching_input_iterations: 30
    branching_relu_iterations: 50
    sort_domain_interval: -1
    input_split:
      enable: false
      enhanced_bound_prop_method: alpha-crown
      enhanced_branching_method: naive
      enhanced_bound_patience: 100000000.0
      attack_patience: 100000000.0
      adv_check: 0
  attack:
    enabled: false
    beam_candidates: 8
    beam_depth: 7
    max_dive_fix_ratio: 0.8
    min_local_free_ratio: 0.2
    mip_start_iteration: 5
    mip_timeout: 30.0
    adv_pool_threshold: null
    refined_mip_attacker: false
    refined_batch_size: null
attack:
  pgd_order: skip
  pgd_steps: 100
  pgd_restarts: 30
  pgd_early_stop: true
  pgd_lr_decay: 0.99
  pgd_alpha: auto
  pgd_loss_mode: null
  enable_mip_attack: false
  cex_path: ./test_cex.txt
  attack_mode: PGD
  gama_lambda: 10.0
  gama_decay: 0.9
  check_clean: false
  input_split:
    pgd_steps: 100
    pgd_restarts: 30
    pgd_alpha: auto
  input_split_enhanced:
    pgd_steps: 200
    pgd_restarts: 5000000
    pgd_alpha: auto
  input_split_check_adv:
    pgd_steps: 5
    pgd_restarts: 5
    pgd_alpha: auto
debug:
  lp_test: null

Experiments at Sun Jan 15 23:02:31 2023 on diablo.cs.ucla.edu
customized start/end sample from instance 7 to 8 in mnistfc_instances.csv
Internal results will be saved to a-b-crown_[mnistfc_instances]_start=7_end=8_iter=20_b=500_timeout=360_branching=kfsb-max-5_lra-init=0.1_lra=0.01_lrb=0.03_PGD=skip_cplex_cuts=False_initial_max_domains=1.npz.

 %%%%%%%%%%%%%%%%%%%%%%%%%%%%%%%%%%% idx: 0, vnnlib ID: 7 %%%%%%%%%%%%%%%%%%%%%%%%%%%%%%%%%%%%%%%%
Using onnx mnist-net_256x2.onnx
Using vnnlib prop_7_0.03.vnnlib
Precompiled vnnlib file found at ../../vnncomp2021/benchmarks/mnistfc/prop_7_0.03.vnnlib.compiled
Loading onnx ../../vnncomp2021/benchmarks/mnistfc/mnist-net_256x2.onnx wih quirks {}

*************Error traceback*************
Traceback (most recent call last):
  File "/home/zhouxingshi/gputest/CROWN-GENERAL/complete_verifier/load_model.py", line 109, in load_model_onnx
    output_onnx = inference_onnx(path, dummy.numpy())[0]
  File "/home/zhouxingshi/gputest/CROWN-GENERAL/complete_verifier/load_model.py", line 55, in inference_onnx
    res = sess.run(None, inp)
  File "/home/zhouxingshi/miniconda3/envs/alpha-beta-crown/lib/python3.7/site-packages/onnxruntime/capi/onnxruntime_inference_collection.py", line 192, in run
    return self._sess.run(output_names, input_feed, run_options)
onnxruntime.capi.onnxruntime_pybind11_state.InvalidArgument: [ONNXRuntimeError] : 2 : INVALID_ARGUMENT : Invalid rank for input: 0 Got: 4 Expected: 3 Please fix either the inputs or the model.

*****************************************

Scaling timeout: 120.0 -> 30.0
Model prediction is: tensor([[-2.73164362e-03,  3.22498381e-04, -2.74136662e-04, -2.00007111e-03,
         -2.29144469e-03,  7.26631284e-03,  1.88477337e-04,  2.01931596e-03,
          3.61978263e-03,  1.00183344e+00]], device='cuda:0')
layer /15 using sparse-features alpha with shape [11]; unstable size 11; total size 256 (torch.Size([1, 256]))
layer /15 start_node /input.3 using sparse-spec alpha with unstable size 72 total_size 256 output_shape torch.Size([256])
layer /15 start_node /18 using full alpha with unstable size None total_size 9 output_shape 9
layer /17 using sparse-features alpha with shape [72]; unstable size 72; total size 256 (torch.Size([1, 256]))
layer /17 start_node /18 using full alpha with unstable size None total_size 9 output_shape 9
Optimizable variables initialized.
initial CROWN bounds: tensor([[-0.69734776, -0.71706796, -0.76175392, -0.75871116, -0.62428796,
         -0.87521189, -0.67344970, -0.78092384, -1.64727831]], device='cuda:0') None
best_l after optimization: -5.679322719573975 with beta sum per layer: []
alpha/beta optimization time: 2.955705404281616
initial alpha-CROWN bounds: tensor([[-0.46777871, -0.54680127, -0.52739203, -0.49965051, -0.52449918,
         -0.55088967, -0.46096942, -0.60632861, -1.49501348]], device='cuda:0')
Worst class: (+ rhs) -1.4950134754180908
Set parameter Username
Academic license - for non-commercial use only - expires 2023-08-09
mip_multi_proc: 16, mip_threads: 1, total threads used: 16
mip solver model built in 0.3439 seconds.
lower bounds for all target labels: [-0.4677814543247223, -0.5468015670776367, -0.5273920893669128, -0.4996506869792938, -0.524499237537384, -0.550889790058136, -0.460969477891922, -0.6063286066055298, -1.4950191974639893]
Starting MIP solver for these labels: [0, 1, 2, 3, 4, 5, 6, 7, 8]
PGD done for relu layer final
/home/zhouxingshi/onnx2pytorch/onnx2pytorch/convert/layer.py:30: UserWarning: The given NumPy array is not writable, and PyTorch does not support non-writable tensors. This means writing to this tensor will result in undefined behavior. You may want to copy the array to protect its data or make it writable before converting it to a tensor. This type of warning will be suppressed for the rest of this program. (Triggered internally at  /opt/conda/conda-bld/pytorch_1646755953518/work/torch/csrc/utils/tensor_numpy.cpp:178.)
  layer.weight.data = torch.from_numpy(numpy_helper.to_array(weight))
/home/zhouxingshi/onnx2pytorch/onnx2pytorch/convert/model.py:154: UserWarning: Using experimental implementation that allows 'batch_size > 1'.Batchnorm layers could potentially produce false outputs.
  "Using experimental implementation that allows 'batch_size > 1'."
/home/zhouxingshi/gputest/CROWN-GENERAL/complete_verifier/load_model.py:115: UserWarning: Not able to check model's conversion correctness
  warnings.warn('Not able to check model\'s conversion correctness')
solving MIP for lay/18_8, status:15, [-1.4950191974639893, inf]=>[-1.4950191974639893, -0.30891843063812585], time: 0.17896127700805664s
solving MIP for lay/18_0, status:15, [-0.4677814543247223, inf]=>[0.030999020129274957, 0.39090701356866947], time: 2.1701743602752686s
solving MIP for lay/18_1, status:15, [-0.5468015670776367, inf]=>[0.041184316072854485, 0.5595238371568595], time: 2.25251841545105s
solving MIP for lay/18_6, status:15, [-0.460969477891922, inf]=>[0.00383799159992268, 0.4084456268061102], time: 2.269474983215332s
solving MIP for lay/18_3, status:15, [-0.4996506869792938, inf]=>[0.02971538948947269, 0.40192709826553874], time: 2.4855241775512695s
solving MIP for lay/18_4, status:15, [-0.524499237537384, inf]=>[0.036833461511765135, 0.4050826814309223], time: 2.563041925430298s
solving MIP for lay/18_7, status:15, [-0.6063286066055298, inf]=>[0.029877631724963657, 0.5783414880828885], time: 2.556519031524658s
solving MIP for lay/18_5, status:15, [-0.550889790058136, inf]=>[0.006564800511688917, 0.41261123491922247], time: 2.5819449424743652s
solving MIP for lay/18_2, status:15, [-0.5273920893669128, inf]=>[0.007075561777510034, 0.4124623143454351], time: 2.9461567401885986s
MIP solved lower bound: tensor([[ 0.03099902],
        [ 0.04118432],
        [ 0.00707556],
        [ 0.02971539],
        [ 0.03683346],
        [ 0.00656480],
        [ 0.00383799],
        [ 0.02987763],
        [-1.49501920]])
MIP solved upper bound: tensor([[ 0.39090702],
        [ 0.55952382],
        [ 0.41246232],
        [ 0.40192708],
        [ 0.40508267],
        [ 0.41261125],
        [ 0.40844563],
        [ 0.57834148],
        [-0.30891842]])
verified unsafe-mip with init mip!
Result: unsafe-mip in 10.8318 seconds
############# Summary #############
Final verified acc: 0.0% (total 1 examples)
Problem instances count: 1 , total verified (safe/unsat): 0 , total falsified (unsafe/sat): 1 , timeout: 0
mean time for ALL instances (total 1):10.83167330901459, max time: 10.83178162574768
mean time for verified UNSAFE instances (total 1): 10.83178162574768, max time: 10.83178162574768
unsafe-mip (total 1), index: [0]
