Configurations:

general:
  device: cuda
  seed: 100
  conv_mode: patches
  deterministic: false
  double_fp: false
  loss_reduction_func: sum
  sparse_alpha: true
  save_adv_example: false
  precompile_jit: false
  complete_verifier: bab
  enable_incomplete_verification: true
  csv_name: null
  results_file: out.txt
  root_path: ''
model:
  name: cnn_4layer_mix4
  path: cifar_cnn_a_mix4.model
  onnx_path: null
  onnx_path_prefix: ''
  cache_onnx_conversion: false
  onnx_quirks: null
  input_shape: null
  onnx_loader: default_onnx_and_vnnlib_loader
  onnx_optimization_flags: none
data:
  start: 194
  end: 195
  select_instance: null
  num_outputs: 10
  mean: 0.0
  std: 1.0
  pkl_path: null
  dataset: CIFAR_SDP
  data_filter_path: null
  data_idx_file: null
specification:
  type: lp
  robustness_type: verified-acc
  norm: .inf
  epsilon: 0.00784313725
  vnnlib_path: null
  vnnlib_path_prefix: ''
solver:
  batch_size: 4096
  min_batch_size_ratio: 0.1
  use_float64_in_last_iteration: false
  early_stop_patience: 10
  start_save_best: 0.5
  bound_prop_method: alpha-crown
  init_bound_prop_method: same
  prune_after_crown: false
  crown:
    batch_size: 1000000000
    max_crown_size: 1000000000
  alpha-crown:
    alpha: true
    lr_alpha: 0.1
    iteration: 100
    share_slopes: false
    no_joint_opt: false
    lr_decay: 0.98
    full_conv_alpha: true
  beta-crown:
    lr_alpha: 0.01
    lr_beta: 0.05
    lr_decay: 0.98
    optimizer: adam
    iteration: 20
    beta: true
    beta_warmup: true
    enable_opt_interm_bounds: false
    all_node_split_LP: false
  forward:
    refine: false
    dynamic: false
    max_dim: 10000
  intermediate_refinement:
    enabled: false
    batch_size: 10
    opt_coeffs: false
    opt_bias: false
    lr: 0.05
    layers: [-1]
    max_domains: 1000
  multi_class:
    label_batch_size: 32
    skip_with_refined_bound: true
  mip:
    parallel_solvers: null
    solver_threads: 1
    refine_neuron_timeout: 15
    refine_neuron_time_percentage: 0.8
    early_stop: true
    adv_warmup: true
    mip_solver: gurobi
bab:
  initial_max_domains: 1
  max_domains: .inf
  decision_thresh: 0
  timeout: 30
  timeout_scale: 1
  override_timeout: null
  get_upper_bound: false
  dfs_percent: 0.0
  pruning_in_iteration: true
  pruning_in_iteration_ratio: 0.2
  sort_targets: false
  batched_domain_list: true
  optimized_intermediate_layers: ''
  interm_transfer: true
  cut:
    enabled: false
    bab_cut: false
    lp_cut: false
    method: null
    lr: 0.01
    lr_decay: 1.0
    iteration: 100
    bab_iteration: -1
    early_stop_patience: -1
    lr_beta: 0.02
    number_cuts: 50
    topk_cuts_in_filter: 100
    batch_size_primal: 100
    max_num: 1000000000
    patches_cut: false
    cplex_cuts: false
    cplex_cuts_wait: 0
    cplex_cuts_revpickup: true
    cut_reference_bounds: true
    fix_intermediate_bounds: false
    _tmp_cuts: null
    fixed_cuts: false
    add_implied_cuts: false
    add_input_cuts: false
  branching:
    method: kfsb
    candidates: 3
    reduceop: min
    sb_coeff_thresh: 0.001
    branching_input_and_activation: false
    branching_input_and_activation_order: [input, relu]
    branching_input_iterations: 30
    branching_relu_iterations: 50
    sort_domain_interval: -1
    input_split:
      enable: false
      enhanced_bound_prop_method: alpha-crown
      enhanced_branching_method: naive
      enhanced_bound_patience: 100000000.0
      attack_patience: 100000000.0
      adv_check: 0
  attack:
    enabled: false
    beam_candidates: 8
    beam_depth: 7
    max_dive_fix_ratio: 0.8
    min_local_free_ratio: 0.2
    mip_start_iteration: 5
    mip_timeout: 30.0
    adv_pool_threshold: null
    refined_mip_attacker: false
    refined_batch_size: null
attack:
  pgd_order: skip
  pgd_steps: 100
  pgd_restarts: 50
  pgd_early_stop: true
  pgd_lr_decay: 0.99
  pgd_alpha: auto
  pgd_loss_mode: null
  enable_mip_attack: false
  cex_path: ./test_cex.txt
  attack_mode: PGD
  gama_lambda: 10.0
  gama_decay: 0.9
  check_clean: false
  input_split:
    pgd_steps: 100
    pgd_restarts: 30
    pgd_alpha: auto
  input_split_enhanced:
    pgd_steps: 200
    pgd_restarts: 5000000
    pgd_alpha: auto
  input_split_check_adv:
    pgd_steps: 5
    pgd_restarts: 5
    pgd_alpha: auto
debug:
  lp_test: null

Experiments at Sun Jan 15 22:19:34 2023 on diablo.cs.ucla.edu
Sequential(
  (0): Conv2d(3, 16, kernel_size=(4, 4), stride=(2, 2), padding=(1, 1))
  (1): ReLU()
  (2): Conv2d(16, 32, kernel_size=(4, 4), stride=(2, 2), padding=(1, 1))
  (3): ReLU()
  (4): Flatten()
  (5): Linear(in_features=2048, out_features=100, bias=True)
  (6): ReLU()
  (7): Linear(in_features=100, out_features=10, bias=True)
)
############################
Sampled data loaded. Data already preprocessed!
Shape: torch.Size([200, 3, 32, 32]) torch.Size([200]) torch.Size([200])
X range: tensor(2.12560368) tensor(-1.98888886) tensor(-0.01308715)
############################
Internal results will be saved to Verified_ret_[cnn_4layer_mix4]_start=194_end=195_iter=20_b=4096_timeout=30_branching=kfsb-min-3_lra-init=0.1_lra=0.01_lrb=0.05_PGD=skip_cplex_cuts=False.npy.

 %%%%%%%%%%%%%%%%%%%%%%%%%%%%%%%%%%% idx: 0, vnnlib ID: 194 %%%%%%%%%%%%%%%%%%%%%%%%%%%%%%%%%%%%%%%%
Model prediction is: tensor([[-20.57879448, -25.87275696, -18.40335274, -22.53392982, -18.78348923,
         -22.35590363, -20.82909012, -22.13958740, -23.90252686, -25.55131531]],
       device='cuda:0')
layer /input.4 using sparse-features alpha with shape [942]; unstable size 942; total size 4096 (torch.Size([1, 16, 16, 16]))
layer /input.4 start_node /input.8 using sparse-spec alpha with unstable size 298 total_size 2048 output_shape (32, 8, 8)
layer /input.4 start_node /input.12 using sparse-spec alpha with unstable size 22 total_size 100 output_shape torch.Size([100])
layer /input.4 start_node /23 using full alpha with unstable size None total_size 9 output_shape 9
layer /12 using sparse-features alpha with shape [298]; unstable size 298; total size 2048 (torch.Size([1, 32, 8, 8]))
layer /12 start_node /input.12 using sparse-spec alpha with unstable size 22 total_size 100 output_shape torch.Size([100])
layer /12 start_node /23 using full alpha with unstable size None total_size 9 output_shape 9
layer /22 using sparse-features alpha with shape [22]; unstable size 22; total size 100 (torch.Size([1, 100]))
layer /22 start_node /23 using full alpha with unstable size None total_size 9 output_shape 9
Optimizable variables initialized.
initial CROWN bounds: tensor([[ 0.78787923,  5.47186184,  3.06105709, -0.50585920,  2.82687831,
          1.17288136,  2.26738691,  3.64541578,  5.32217312]], device='cuda:0') None
best_l after optimization: 24.719667434692383 with beta sum per layer: []
alpha/beta optimization time: 5.766972303390503
initial alpha-CROWN bounds: tensor([[ 0.86355126,  5.58445072,  3.10567069, -0.45334357,  2.87721586,
          1.22832298,  2.34380937,  3.75303149,  5.41696024]], device='cuda:0')
Worst class: (+ rhs) -0.45334357023239136
Total VNNLIB file length: 9, max property batch size: 1, total number of batches: 9
lA shape: [torch.Size([1, 9, 16, 16, 16]), torch.Size([1, 9, 32, 8, 8]), torch.Size([1, 9, 100])]

Properties batch 0, size 1
Remaining timeout: 20.168644666671753
##### Instance 0 first 10 spec matrices: [[[-1.  0.  1.  0.  0.  0.  0.  0.  0.  0.]]]
thresholds: [0] ######
Initial alpha-CROWN verified for spec index [0] with bound 0.8635512590408325.

Properties batch 1, size 1
Remaining timeout: 20.019917011260986
##### Instance 0 first 10 spec matrices: [[[ 0. -1.  1.  0.  0.  0.  0.  0.  0.  0.]]]
thresholds: [0] ######
Initial alpha-CROWN verified for spec index [0] with bound 5.584450721740723.

Properties batch 2, size 1
Remaining timeout: 19.980260848999023
##### Instance 0 first 10 spec matrices: [[[ 0.  0.  1. -1.  0.  0.  0.  0.  0.  0.]]]
thresholds: [0] ######
Initial alpha-CROWN verified for spec index [0] with bound 3.105670690536499.

Properties batch 3, size 1
Remaining timeout: 19.9414005279541
##### Instance 0 first 10 spec matrices: [[[ 0.  0.  1.  0. -1.  0.  0.  0.  0.  0.]]]
thresholds: [0] ######
Remaining spec index [0] with bounds tensor([[-0.45334357]], device='cuda:0') need to verify.
Model prediction is: tensor([-20.57879448, -25.87275696, -18.40335274, -22.53392982, -18.78348923,
        -22.35590363, -20.82909012, -22.13958740, -23.90252686, -25.55131531],
       device='cuda:0')
build_the_model_with_refined_bounds batch [0/1]
setting alpha for layer /input.4 start_node /23 with alignment adjustment
setting alpha for layer /12 start_node /23 with alignment adjustment
setting alpha for layer /22 start_node /23 with alignment adjustment
all slope initialized
directly get lb and ub from refined bounds
lA shapes: [torch.Size([1, 1, 16, 16, 16]), torch.Size([1, 1, 32, 8, 8]), torch.Size([1, 1, 100])]
c shape: torch.Size([1, 1, 10])
alpha-CROWN with fixed intermediate bounds: tensor([[-0.45334357]], device='cuda:0') tensor([[inf]], device='cuda:0')
Keeping slopes for these layers: ['/23']
Keeping slopes for these layers: ['/23']
layer 0 name BoundConv(name="/input") size torch.Size([4096]) unstable 942
layer 1 name BoundConv(name="/input.8") size torch.Size([2048]) unstable 292
layer 2 name BoundLinear(name="/input.12") size torch.Size([100]) unstable 22
-----------------
# of unstable neurons: 1256
-----------------

batch:  torch.Size([1, 16, 16, 16]) pre split depth:  8
post split depth:  8
splitting decisions: 
split level 0: [2, 58] 
split level 1: [2, 97] 
split level 2: [2, 90] 
split level 3: [2, 67] 
split level 4: [2, 2] 
split level 5: [2, 79] 
split level 6: [2, 86] 
split level 7: [2, 56] 
pruning_in_iteration open status: True
ratio of positive domain = 227 / 256 = 0.88671875
pruning-in-iteration extra time: 0.01239156723022461
Time: prepare 0.0208    beta_bound 0.6517    bound 0.6518    transfer 0.0011    finalize 0.0284    func 0.7024    
Accumulated time: func 0.7024    prepare 0.0263    bound 0.6518    beta_bound 0.6517    transfer 0.0011    finalize 0.0284    
batch bounding time:  0.7026276588439941
Current worst splitting domains lb-rhs (depth):
-0.22263 (8), -0.19840 (8), -0.19636 (8), -0.17825 (8), -0.17363 (8), -0.15425 (8), -0.14625 (8), -0.12844 (8), -0.12529 (8), -0.12447 (8), -0.10528 (8), -0.10504 (8), -0.10228 (8), -0.07824 (8), -0.06121 (8), -0.06039 (8), -0.05229 (8), -0.04668 (8), -0.04667 (8), -0.03108 (8), 
length of domains: 29
Time: pickout 0.0010    decision 0.4606    solve 0.7268    add 0.0032    
Accumulated time: pickout 0.0010    decision 0.4606    solve 0.7268    add 0.0032    
Current (lb-rhs): -0.2226330190896988
29 domains visited
Cumulative time: 1.2394468784332275

batch:  torch.Size([29, 16, 16, 16]) pre split depth:  3
post split depth:  3
splitting decisions: 
split level 0: [1, 170] [1, 170] [2, 83] [2, 83] [2, 83] [1, 170] [1, 170] [2, 83] [2, 83] [1, 170] 
split level 1: [1, 1364] [1, 1364] [1, 170] [2, 14] [2, 14] [2, 83] [2, 83] [1, 170] [2, 14] [2, 83] 
split level 2: [1, 1573] [1, 1573] [2, 14] [1, 170] [1, 170] [2, 14] [2, 14] [2, 14] [1, 170] [2, 14] 
pruning_in_iteration open status: True
ratio of positive domain = 178 / 232 = 0.7672413793103449
pruning-in-iteration extra time: 0.01628255844116211
Time: prepare 0.0218    beta_bound 0.2692    bound 0.2693    transfer 0.0016    finalize 0.0279    func 0.3207    
Accumulated time: func 1.0231    prepare 0.0510    bound 0.9211    beta_bound 0.9209    transfer 0.0026    finalize 0.0563    
batch bounding time:  0.3208041191101074
Current worst splitting domains lb-rhs (depth):
-0.20682 (11), -0.20154 (11), -0.18127 (11), -0.18085 (11), -0.17716 (11), -0.17490 (11), -0.16137 (11), -0.15689 (11), -0.15607 (11), -0.15196 (11), -0.13374 (11), -0.13129 (11), -0.12850 (11), -0.12484 (11), -0.11124 (11), -0.10665 (11), -0.10622 (11), -0.10382 (11), -0.10269 (11), -0.10189 (11), 
length of domains: 54
Time: pickout 0.0010    decision 0.0294    solve 0.3374    add 0.0054    
Accumulated time: pickout 0.0020    decision 0.4901    solve 1.0642    add 0.0086    
Current (lb-rhs): -0.2068234235048294
83 domains visited
Cumulative time: 1.6136677265167236

batch:  torch.Size([54, 16, 16, 16]) pre split depth:  2
post split depth:  2
splitting decisions: 
split level 0: [1, 1113] [1, 1113] [1, 1382] [1, 1355] [1, 1995] [1, 1113] [1, 1113] [1, 1113] [1, 1113] [1, 1113] 
split level 1: [1, 615] [0, 2919] [1, 1073] [1, 1113] [1, 1355] [1, 30] [1, 31] [1, 1363] [0, 2950] [0, 2950] 
pruning_in_iteration open status: True
ratio of positive domain = 44 / 216 = 0.20370370370370372
pruning-in-iteration extra time: 0.00013327598571777344
Time: prepare 0.0318    beta_bound 0.2281    bound 0.2282    transfer 0.0013    finalize 0.0268    func 0.2882    
Accumulated time: func 1.3113    prepare 0.0868    bound 1.1493    beta_bound 1.1490    transfer 0.0039    finalize 0.0831    
batch bounding time:  0.2883288860321045
Current worst splitting domains lb-rhs (depth):
-0.19918 (13), -0.19654 (13), -0.19559 (13), -0.19391 (13), -0.19294 (13), -0.19127 (13), -0.19060 (13), -0.18795 (13), -0.17447 (13), -0.17377 (13), -0.17151 (13), -0.17110 (13), -0.17102 (13), -0.16919 (13), -0.16815 (13), -0.16751 (13), -0.16744 (13), -0.16600 (13), -0.16558 (13), -0.16516 (13), 
length of domains: 172
Time: pickout 0.0016    decision 0.0391    solve 0.3048    add 0.0072    
Accumulated time: pickout 0.0036    decision 0.5292    solve 1.3690    add 0.0158    
Current (lb-rhs): -0.1991811841726303
255 domains visited
Cumulative time: 1.96724534034729

batch:  torch.Size([172, 16, 16, 16]) pre split depth:  1
post split depth:  1
splitting decisions: 
split level 0: [0, 2950] [1, 1997] [1, 1354] [1, 1113] [1, 17] [1, 1355] [1, 30] [1, 1995] [1, 1354] [1, 1995] 
pruning_in_iteration open status: False
ratio of positive domain = 23 / 344 = 0.06686046511627908
pruning-in-iteration extra time: 0.00013494491577148438
Time: prepare 0.0318    beta_bound 0.2197    bound 0.2198    transfer 0.0010    finalize 0.0324    func 0.2853    
Accumulated time: func 1.5966    prepare 0.1230    bound 1.3691    beta_bound 1.3688    transfer 0.0050    finalize 0.1155    
batch bounding time:  0.2855701446533203
Current worst splitting domains lb-rhs (depth):
-0.19627 (14), -0.19270 (14), -0.19268 (14), -0.19107 (14), -0.19034 (14), -0.18988 (14), -0.18913 (14), -0.18772 (14), -0.18747 (14), -0.18674 (14), -0.18632 (14), -0.18514 (14), -0.18467 (14), -0.18416 (14), -0.18179 (14), -0.18137 (14), -0.17106 (14), -0.17048 (14), -0.16887 (14), -0.16828 (14), 
length of domains: 321
Time: pickout 0.0021    decision 0.0501    solve 0.2857    add 0.0101    
Accumulated time: pickout 0.0057    decision 0.5793    solve 1.6547    add 0.0259    
Current (lb-rhs): -0.196273073554039
576 domains visited
Cumulative time: 2.3164901733398438

batch:  torch.Size([321, 16, 16, 16]) pre split depth:  1
post split depth:  1
splitting decisions: 
split level 0: [1, 1363] [1, 1364] [1, 1354] [1, 1354] [1, 2000] [1, 2000] [1, 1364] [1, 1363] [1, 1356] [1, 166] 
pruning_in_iteration open status: False
ratio of positive domain = 34 / 642 = 0.052959501557632405
pruning-in-iteration extra time: 0.00013899803161621094
Time: prepare 0.0921    beta_bound 0.2627    bound 0.2627    transfer 0.0030    finalize 0.0896    func 0.4480    
Accumulated time: func 2.0446    prepare 0.2214    bound 1.6318    beta_bound 1.6315    transfer 0.0080    finalize 0.2051    
batch bounding time:  0.4483354091644287
Current worst splitting domains lb-rhs (depth):
-0.19348 (15), -0.19183 (15), -0.19004 (15), -0.18995 (15), -0.18830 (15), -0.18829 (15), -0.18804 (15), -0.18749 (15), -0.18716 (15), -0.18665 (15), -0.18653 (15), -0.18580 (15), -0.18520 (15), -0.18499 (15), -0.18486 (15), -0.18452 (15), -0.18392 (15), -0.18362 (15), -0.18333 (15), -0.18286 (15), 
length of domains: 608
Time: pickout 0.0033    decision 0.0857    solve 0.4484    add 0.0220    
Accumulated time: pickout 0.0091    decision 0.6650    solve 2.1031    add 0.0479    
Current (lb-rhs): -0.1934814155101776
1184 domains visited
Cumulative time: 2.878178596496582

batch:  torch.Size([608, 16, 16, 16]) pre split depth:  1
post split depth:  1
splitting decisions: 
split level 0: [0, 2919] [1, 1995] [1, 31] [1, 2000] [1, 1363] [1, 1981] [1, 1356] [1, 1356] [1, 1997] [1, 17] 
pruning_in_iteration open status: False
ratio of positive domain = 51 / 1216 = 0.04194078947368418
pruning-in-iteration extra time: 0.00031375885009765625
Time: prepare 0.1111    beta_bound 0.3296    bound 0.3297    transfer 0.0035    finalize 0.1151    func 0.5601    
Accumulated time: func 2.6047    prepare 0.3410    bound 1.9615    beta_bound 1.9610    transfer 0.0115    finalize 0.3202    
batch bounding time:  0.5606768131256104
Current worst splitting domains lb-rhs (depth):
-0.19061 (16), -0.18987 (16), -0.18911 (16), -0.18828 (16), -0.18708 (16), -0.18673 (16), -0.18641 (16), -0.18634 (16), -0.18558 (16), -0.18543 (16), -0.18474 (16), -0.18469 (16), -0.18468 (16), -0.18458 (16), -0.18443 (16), -0.18409 (16), -0.18395 (16), -0.18394 (16), -0.18344 (16), -0.18320 (16), 
length of domains: 1162
Time: pickout 0.0057    decision 0.1437    solve 0.5610    add 0.0821    
Accumulated time: pickout 0.0148    decision 0.8087    solve 2.6641    add 0.1300    
Current (lb-rhs): -0.1906091272830963
2346 domains visited
Cumulative time: 3.673107862472534

batch:  torch.Size([1162, 16, 16, 16]) pre split depth:  1
post split depth:  1
splitting decisions: 
split level 0: [1, 623] [1, 1356] [1, 1364] [1, 1363] [1, 27] [1, 17] [1, 1113] [0, 921] [1, 31] [0, 921] 
pruning_in_iteration open status: False
ratio of positive domain = 138 / 2324 = 0.05938037865748713
pruning-in-iteration extra time: 0.00015425682067871094
Time: prepare 0.2066    beta_bound 0.5447    bound 0.5448    transfer 0.0210    finalize 0.2261    func 1.0004    
Accumulated time: func 3.6050    prepare 0.5593    bound 2.5063    beta_bound 2.5057    transfer 0.0325    finalize 0.5463    
batch bounding time:  1.0013461112976074
Current worst splitting domains lb-rhs (depth):
-0.18759 (17), -0.18691 (17), -0.18675 (17), -0.18632 (17), -0.18591 (17), -0.18563 (17), -0.18497 (17), -0.18478 (17), -0.18407 (17), -0.18375 (17), -0.18351 (17), -0.18339 (17), -0.18322 (17), -0.18290 (17), -0.18279 (17), -0.18248 (17), -0.18241 (17), -0.18239 (17), -0.18224 (17), -0.18211 (17), 
length of domains: 2177
Time: pickout 0.0098    decision 0.2270    solve 1.0015    add 0.2194    
Accumulated time: pickout 0.0246    decision 1.0357    solve 3.6656    add 0.3494    
Current (lb-rhs): -0.1875901073217392
4523 domains visited
Cumulative time: 5.135276556015015

batch:  torch.Size([2177, 16, 16, 16]) pre split depth:  1
post split depth:  1
splitting decisions: 
split level 0: [0, 2917] [0, 921] [0, 921] [1, 1992] [1, 1354] [1, 1363] [1, 27] [1, 1996] [1, 2000] [1, 2000] 
pruning_in_iteration open status: False
ratio of positive domain = 271 / 4354 = 0.06224161690399632
pruning-in-iteration extra time: 0.00013637542724609375
Time: prepare 0.3874    beta_bound 1.0418    bound 1.0419    transfer 0.0240    finalize 0.4448    func 1.9006    
Accumulated time: func 5.5056    prepare 0.9663    bound 3.5482    beta_bound 3.5475    transfer 0.0565    finalize 0.9912    
batch bounding time:  1.9027454853057861
Current worst splitting domains lb-rhs (depth):
-0.18521 (18), -0.18453 (18), -0.18439 (18), -0.18395 (18), -0.18355 (18), -0.18324 (18), -0.18309 (18), -0.18260 (18), -0.18242 (18), -0.18241 (18), -0.18227 (18), -0.18183 (18), -0.18168 (18), -0.18143 (18), -0.18138 (18), -0.18114 (18), -0.18113 (18), -0.18101 (18), -0.18084 (18), -0.18052 (18), 
length of domains: 4071
Time: pickout 0.0177    decision 0.4255    solve 1.9030    add 0.1488    
Accumulated time: pickout 0.0424    decision 1.4612    solve 5.5686    add 0.4981    
Current (lb-rhs): -0.18520508706569672
8594 domains visited
Cumulative time: 7.638362407684326

batch:  torch.Size([4071, 16, 16, 16]) pre split depth:  1
post split depth:  1
splitting decisions: 
split level 0: [0, 921] [1, 31] [1, 2000] [1, 16] [1, 1992] [1, 2000] [1, 2000] [1, 1364] [0, 2950] [1, 186] 
pruning_in_iteration open status: False
ratio of positive domain = 389 / 8142 = 0.04777695897813805
pruning-in-iteration extra time: 0.0003330707550048828
Time: prepare 0.7370    beta_bound 1.9500    bound 1.9500    transfer 0.0516    finalize 0.8310    func 3.6553    
Accumulated time: func 9.1609    prepare 1.7374    bound 5.4982    beta_bound 5.4974    transfer 0.1081    finalize 1.8221    
batch bounding time:  3.658618211746216
Current worst splitting domains lb-rhs (depth):
-0.18260 (19), -0.18207 (19), -0.18194 (19), -0.18180 (19), -0.18141 (19), -0.18136 (19), -0.18127 (19), -0.18096 (19), -0.18083 (19), -0.18064 (19), -0.18047 (19), -0.18043 (19), -0.18011 (19), -0.18002 (19), -0.17993 (19), -0.17981 (19), -0.17980 (19), -0.17966 (19), -0.17949 (19), -0.17928 (19), 
length of domains: 7711
Time: pickout 0.0331    decision 0.8734    solve 3.6590    add 0.3676    
Accumulated time: pickout 0.0755    decision 2.3346    solve 9.2276    add 0.8657    
Current (lb-rhs): -0.18260328471660614
16305 domains visited
Cumulative time: 12.58746075630188

batch:  torch.Size([4096, 16, 16, 16]) pre split depth:  1
post split depth:  1
splitting decisions: 
split level 0: [1, 27] [1, 30] [1, 2000] [1, 1981] [0, 921] [1, 2000] [1, 1386] [1, 1996] [1, 166] [1, 27] 
pruning_in_iteration open status: False
ratio of positive domain = 461 / 8192 = 0.0562744140625
pruning-in-iteration extra time: 0.0003409385681152344
Time: prepare 0.7607    beta_bound 1.9528    bound 1.9529    transfer 0.0557    finalize 0.8486    func 3.6230    
Accumulated time: func 12.7839    prepare 2.5324    bound 7.4512    beta_bound 7.4503    transfer 0.1638    finalize 2.6707    
batch bounding time:  3.741582155227661
Current worst splitting domains lb-rhs (depth):
-0.18260 (19), -0.18194 (19), -0.18180 (19), -0.18136 (19), -0.18096 (19), -0.18064 (19), -0.18047 (19), -0.18002 (19), -0.17993 (20), -0.17981 (19), -0.17980 (19), -0.17966 (19), -0.17927 (20), -0.17923 (19), -0.17914 (20), -0.17908 (19), -0.17882 (19), -0.17879 (19), -0.17871 (20), -0.17854 (19), 
length of domains: 11292
Time: pickout 0.0341    decision 0.9550    solve 3.7420    add 0.5910    
Accumulated time: pickout 0.1096    decision 3.2896    solve 12.9696    add 1.4567    
Current (lb-rhs): -0.18260328471660614
23982 domains visited
Cumulative time: 17.926181077957153

batch:  torch.Size([4096, 16, 16, 16]) pre split depth:  1
post split depth:  1
splitting decisions: 
split level 0: [1, 1981] [1, 1981] [1, 1992] [0, 2919] [1, 166] [1, 27] [1, 1386] [0, 2919] [1, 166] [1, 17] 
pruning_in_iteration open status: False
ratio of positive domain = 500 / 8192 = 0.06103515625
pruning-in-iteration extra time: 0.0003364086151123047
Time: prepare 0.7498    beta_bound 1.9545    bound 1.9547    transfer 0.0537    finalize 0.8782    func 3.6412    
Accumulated time: func 16.4251    prepare 3.3244    bound 9.4058    beta_bound 9.4048    transfer 0.2174    finalize 3.5489    
batch bounding time:  3.644700765609741
Current worst splitting domains lb-rhs (depth):
-0.18260 (19), -0.18194 (19), -0.18180 (19), -0.18136 (19), -0.18096 (19), -0.18064 (19), -0.18047 (19), -0.18002 (19), -0.17993 (20), -0.17981 (19), -0.17980 (19), -0.17966 (19), -0.17927 (20), -0.17923 (19), -0.17914 (20), -0.17908 (19), -0.17882 (19), -0.17879 (19), -0.17871 (20), -0.17854 (19), 
length of domains: 14826
Time: pickout 0.0351    decision 0.9812    solve 3.6452    add 0.2440    
Accumulated time: pickout 0.1447    decision 4.2707    solve 16.6148    add 1.7008    
Current (lb-rhs): -0.18260328471660614
31612 domains visited
Time out!!!!!!!!
Result: unknown in 33.0661 seconds
############# Summary #############
Final verified acc: 0.0% (total 1 examples)
Problem instances count: 1 , total verified (safe/unsat): 0 , total falsified (unsafe/sat): 0 , timeout: 1
mean time for ALL instances (total 1):33.06575587312669, max time: 33.066086530685425
unknown (total 1), index: [0]
