Configurations:

general:
  device: cuda
  seed: 100
  conv_mode: patches
  deterministic: false
  double_fp: false
  loss_reduction_func: sum
  sparse_alpha: true
  save_adv_example: false
  precompile_jit: false
  complete_verifier: bab
  enable_incomplete_verification: true
  csv_name: cifar2020_instances.csv
  results_file: out.txt
  root_path: ../../vnncomp2021/benchmarks/cifar2020
model:
  name: null
  path: null
  onnx_path: null
  onnx_path_prefix: ''
  cache_onnx_conversion: false
  onnx_quirks: null
  input_shape: null
  onnx_loader: default_onnx_and_vnnlib_loader
  onnx_optimization_flags: none
data:
  start: 88
  end: 89
  select_instance: null
  num_outputs: 10
  mean: 0.0
  std: 1.0
  pkl_path: null
  dataset: null
  data_filter_path: null
  data_idx_file: null
specification:
  type: lp
  robustness_type: verified-acc
  norm: .inf
  epsilon: null
  vnnlib_path: null
  vnnlib_path_prefix: ''
solver:
  batch_size: 200
  min_batch_size_ratio: 0.1
  use_float64_in_last_iteration: false
  early_stop_patience: 10
  start_save_best: 0.5
  bound_prop_method: alpha-crown
  init_bound_prop_method: same
  prune_after_crown: false
  crown:
    batch_size: 1000000000
    max_crown_size: 1000000000
  alpha-crown:
    alpha: true
    lr_alpha: 0.1
    iteration: 100
    share_slopes: false
    no_joint_opt: false
    lr_decay: 0.98
    full_conv_alpha: true
  beta-crown:
    lr_alpha: 0.01
    lr_beta: 0.01
    lr_decay: 0.98
    optimizer: adam
    iteration: 50
    beta: true
    beta_warmup: true
    enable_opt_interm_bounds: false
    all_node_split_LP: false
  forward:
    refine: false
    dynamic: false
    max_dim: 10000
  intermediate_refinement:
    enabled: false
    batch_size: 10
    opt_coeffs: false
    opt_bias: false
    lr: 0.05
    layers: [-1]
    max_domains: 1000
  multi_class:
    label_batch_size: 32
    skip_with_refined_bound: true
  mip:
    parallel_solvers: null
    solver_threads: 1
    refine_neuron_timeout: 15
    refine_neuron_time_percentage: 0.8
    early_stop: true
    adv_warmup: true
    mip_solver: gurobi
bab:
  initial_max_domains: 1
  max_domains: .inf
  decision_thresh: 0
  timeout: 360
  timeout_scale: 1
  override_timeout: null
  get_upper_bound: false
  dfs_percent: 0.0
  pruning_in_iteration: true
  pruning_in_iteration_ratio: 0.2
  sort_targets: false
  batched_domain_list: true
  optimized_intermediate_layers: ''
  interm_transfer: true
  cut:
    enabled: false
    bab_cut: false
    lp_cut: false
    method: null
    lr: 0.01
    lr_decay: 1.0
    iteration: 100
    bab_iteration: -1
    early_stop_patience: -1
    lr_beta: 0.02
    number_cuts: 50
    topk_cuts_in_filter: 100
    batch_size_primal: 100
    max_num: 1000000000
    patches_cut: false
    cplex_cuts: false
    cplex_cuts_wait: 0
    cplex_cuts_revpickup: true
    cut_reference_bounds: true
    fix_intermediate_bounds: false
    _tmp_cuts: null
    fixed_cuts: false
    add_implied_cuts: false
    add_input_cuts: false
  branching:
    method: kfsb
    candidates: 10
    reduceop: max
    sb_coeff_thresh: 0.001
    branching_input_and_activation: false
    branching_input_and_activation_order: [input, relu]
    branching_input_iterations: 30
    branching_relu_iterations: 50
    sort_domain_interval: -1
    input_split:
      enable: false
      enhanced_bound_prop_method: alpha-crown
      enhanced_branching_method: naive
      enhanced_bound_patience: 100000000.0
      attack_patience: 100000000.0
      adv_check: 0
  attack:
    enabled: false
    beam_candidates: 8
    beam_depth: 7
    max_dive_fix_ratio: 0.8
    min_local_free_ratio: 0.2
    mip_start_iteration: 5
    mip_timeout: 30.0
    adv_pool_threshold: null
    refined_mip_attacker: false
    refined_batch_size: null
attack:
  pgd_order: before
  pgd_steps: 100
  pgd_restarts: 30
  pgd_early_stop: true
  pgd_lr_decay: 0.99
  pgd_alpha: auto
  pgd_loss_mode: null
  enable_mip_attack: false
  cex_path: ./test_cex.txt
  attack_mode: PGD
  gama_lambda: 10.0
  gama_decay: 0.9
  check_clean: false
  input_split:
    pgd_steps: 100
    pgd_restarts: 30
    pgd_alpha: auto
  input_split_enhanced:
    pgd_steps: 200
    pgd_restarts: 5000000
    pgd_alpha: auto
  input_split_check_adv:
    pgd_steps: 5
    pgd_restarts: 5
    pgd_alpha: auto
debug:
  lp_test: null

Experiments at Sun Jan 15 22:26:25 2023 on diablo.cs.ucla.edu
customized start/end sample from instance 88 to 89 in cifar2020_instances.csv
Internal results will be saved to a-b-crown_[cifar2020_instances]_start=88_end=89_iter=50_b=200_timeout=360_branching=kfsb-max-10_lra-init=0.1_lra=0.01_lrb=0.01_PGD=before_cplex_cuts=False_initial_max_domains=1.npz.

 %%%%%%%%%%%%%%%%%%%%%%%%%%%%%%%%%%% idx: 0, vnnlib ID: 88 %%%%%%%%%%%%%%%%%%%%%%%%%%%%%%%%%%%%%%%%
Using onnx nets/cifar10_8_255_simplified.onnx
Using vnnlib specs/cifar10/cifar10_spec_idx_11_eps_0.03137_n1.vnnlib
Precompiled vnnlib file found at ../../vnncomp2021/benchmarks/cifar2020/specs/cifar10/cifar10_spec_idx_11_eps_0.03137_n1.vnnlib.compiled
Loading onnx ../../vnncomp2021/benchmarks/cifar2020/nets/cifar10_8_255_simplified.onnx wih quirks {}
Attack parameters: initialization=uniform, steps=100, restarts=30, alpha=0.039333730936050415, initialization=uniform, GAMA=False
Model output of first 5 examples:
 tensor([[ 0.21427953,  1.82282424, -0.95329785, -0.56605452, -0.84413540,
         -1.23256946, -1.73097754, -0.13519284,  1.34799802,  2.77015758]],
       device='cuda:0')
Adv example prediction (first 2 examples and 2 restarts):
 tensor([[[ 0.29393888,  2.18500781, -1.05016458, -0.64198595, -0.92611939,
          -1.32894671, -1.73887897, -0.29559705,  1.57617640,  2.66852450],
         [ 0.29393888,  2.18500781, -1.05016458, -0.64198595, -0.92611939,
          -1.32894671, -1.73887897, -0.29559705,  1.57617640,  2.66852450]]],
       device='cuda:0')
PGD attack margin (first 2 examles and 10 specs):
 tensor([[[2.37458563, 0.48351669, 3.71868896, 3.31051040, 3.59464383,
          3.99747133, 4.40740347, 2.96412158, 1.09234810]]], device='cuda:0')
number of violation:  0
Attack finished in 1.6021 seconds.
PGD attack failed
Model prediction is: tensor([[ 0.21427953,  1.82282424, -0.95329785, -0.56605452, -0.84413540,
         -1.23256946, -1.73097754, -0.13519284,  1.34799802,  2.77015758]],
       device='cuda:0')
layer /18 using sparse-features alpha with shape [271]; unstable size 271; total size 8192 (torch.Size([1, 32, 16, 16]))
layer /18 start_node /input.4 using sparse-spec alpha with unstable size 72 total_size 128 output_shape 128
layer /18 start_node /input.8 using sparse-spec alpha with unstable size 104 total_size 250 output_shape torch.Size([250])
layer /18 start_node /24 using full alpha with unstable size None total_size 9 output_shape 9
layer /20 using sparse-features alpha with shape [764]; unstable size 764; total size 8192 (torch.Size([1, 128, 8, 8]))
layer /20 start_node /input.8 using sparse-spec alpha with unstable size 104 total_size 250 output_shape torch.Size([250])
layer /20 start_node /24 using full alpha with unstable size None total_size 9 output_shape 9
layer /23 using sparse-features alpha with shape [104]; unstable size 104; total size 250 (torch.Size([1, 250]))
layer /23 start_node /24 using full alpha with unstable size None total_size 9 output_shape 9
Optimizable variables initialized.
initial CROWN bounds: tensor([[ 1.12246072, -0.09214247,  2.15115261,  1.82449389,  2.04218745,
          2.28744054,  2.44691038,  0.59095818, -0.05210561]], device='cuda:0') None

all verified at 15th iter
best_l after optimization: 13.648920059204102 with beta sum per layer: []
alpha/beta optimization time: 3.2973227500915527
initial alpha-CROWN bounds: tensor([[1.25593829e+00, 6.02900982e-05, 2.30788565e+00, 1.95581341e+00,
         2.18180156e+00, 2.43680453e+00, 2.61702132e+00, 8.00340414e-01,
         9.32548940e-02]], device='cuda:0')
Worst class: (+ rhs) 6.029009819030762e-05
verified with init bound!
Result: safe-incomplete in 8.6294 seconds
############# Summary #############
Final verified acc: 100.0% (total 1 examples)
Problem instances count: 1 , total verified (safe/unsat): 1 , total falsified (unsafe/sat): 0 , timeout: 0
mean time for ALL instances (total 1):8.629269853160233, max time: 8.629356145858765/home/zhouxingshi/onnx2pytorch/onnx2pytorch/convert/layer.py:30: UserWarning: The given NumPy array is not writable, and PyTorch does not support non-writable tensors. This means writing to this tensor will result in undefined behavior. You may want to copy the array to protect its data or make it writable before converting it to a tensor. This type of warning will be suppressed for the rest of this program. (Triggered internally at  /opt/conda/conda-bld/pytorch_1646755953518/work/torch/csrc/utils/tensor_numpy.cpp:178.)
  layer.weight.data = torch.from_numpy(numpy_helper.to_array(weight))
/home/zhouxingshi/onnx2pytorch/onnx2pytorch/convert/model.py:154: UserWarning: Using experimental implementation that allows 'batch_size > 1'.Batchnorm layers could potentially produce false outputs.
  "Using experimental implementation that allows 'batch_size > 1'."

mean time for verified SAFE instances(total 1): 8.629356145858765, max time: 8.629356145858765
safe-incomplete (total 1), index: [0]
